Archive member included to satisfy reference by file (symbol)

C:/ST/STM32CubeIDE_1.13.2/STM32CubeIDE/plugins/com.st.stm32cube.ide.mcu.externaltools.gnu-tools-for-stm32.11.3.rel1.win32_1.1.1.202309131626/tools/bin/../lib/gcc/arm-none-eabi/11.3.1/../../../../arm-none-eabi/lib/thumb/v6-m/nofp\libc_nano.a(libc_a-exit.o)
                              C:/ST/STM32CubeIDE_1.13.2/STM32CubeIDE/plugins/com.st.stm32cube.ide.mcu.externaltools.gnu-tools-for-stm32.11.3.rel1.win32_1.1.1.202309131626/tools/bin/../lib/gcc/arm-none-eabi/11.3.1/../../../../arm-none-eabi/lib/thumb/v6-m/nofp/crt0.o (exit)
C:/ST/STM32CubeIDE_1.13.2/STM32CubeIDE/plugins/com.st.stm32cube.ide.mcu.externaltools.gnu-tools-for-stm32.11.3.rel1.win32_1.1.1.202309131626/tools/bin/../lib/gcc/arm-none-eabi/11.3.1/../../../../arm-none-eabi/lib/thumb/v6-m/nofp\libc_nano.a(libc_a-findfp.o)
                              C:/ST/STM32CubeIDE_1.13.2/STM32CubeIDE/plugins/com.st.stm32cube.ide.mcu.externaltools.gnu-tools-for-stm32.11.3.rel1.win32_1.1.1.202309131626/tools/bin/../lib/gcc/arm-none-eabi/11.3.1/../../../../arm-none-eabi/lib/thumb/v6-m/nofp\libc_nano.a(libc_a-exit.o) (__stdio_exit_handler)
C:/ST/STM32CubeIDE_1.13.2/STM32CubeIDE/plugins/com.st.stm32cube.ide.mcu.externaltools.gnu-tools-for-stm32.11.3.rel1.win32_1.1.1.202309131626/tools/bin/../lib/gcc/arm-none-eabi/11.3.1/../../../../arm-none-eabi/lib/thumb/v6-m/nofp\libc_nano.a(libc_a-fwalk.o)
                              C:/ST/STM32CubeIDE_1.13.2/STM32CubeIDE/plugins/com.st.stm32cube.ide.mcu.externaltools.gnu-tools-for-stm32.11.3.rel1.win32_1.1.1.202309131626/tools/bin/../lib/gcc/arm-none-eabi/11.3.1/../../../../arm-none-eabi/lib/thumb/v6-m/nofp\libc_nano.a(libc_a-findfp.o) (_fwalk_sglue)
C:/ST/STM32CubeIDE_1.13.2/STM32CubeIDE/plugins/com.st.stm32cube.ide.mcu.externaltools.gnu-tools-for-stm32.11.3.rel1.win32_1.1.1.202309131626/tools/bin/../lib/gcc/arm-none-eabi/11.3.1/../../../../arm-none-eabi/lib/thumb/v6-m/nofp\libc_nano.a(libc_a-stdio.o)
                              C:/ST/STM32CubeIDE_1.13.2/STM32CubeIDE/plugins/com.st.stm32cube.ide.mcu.externaltools.gnu-tools-for-stm32.11.3.rel1.win32_1.1.1.202309131626/tools/bin/../lib/gcc/arm-none-eabi/11.3.1/../../../../arm-none-eabi/lib/thumb/v6-m/nofp\libc_nano.a(libc_a-findfp.o) (__sread)
C:/ST/STM32CubeIDE_1.13.2/STM32CubeIDE/plugins/com.st.stm32cube.ide.mcu.externaltools.gnu-tools-for-stm32.11.3.rel1.win32_1.1.1.202309131626/tools/bin/../lib/gcc/arm-none-eabi/11.3.1/../../../../arm-none-eabi/lib/thumb/v6-m/nofp\libc_nano.a(libc_a-memset.o)
                              C:/ST/STM32CubeIDE_1.13.2/STM32CubeIDE/plugins/com.st.stm32cube.ide.mcu.externaltools.gnu-tools-for-stm32.11.3.rel1.win32_1.1.1.202309131626/tools/bin/../lib/gcc/arm-none-eabi/11.3.1/../../../../arm-none-eabi/lib/thumb/v6-m/nofp/crt0.o (memset)
C:/ST/STM32CubeIDE_1.13.2/STM32CubeIDE/plugins/com.st.stm32cube.ide.mcu.externaltools.gnu-tools-for-stm32.11.3.rel1.win32_1.1.1.202309131626/tools/bin/../lib/gcc/arm-none-eabi/11.3.1/../../../../arm-none-eabi/lib/thumb/v6-m/nofp\libc_nano.a(libc_a-closer.o)
                              C:/ST/STM32CubeIDE_1.13.2/STM32CubeIDE/plugins/com.st.stm32cube.ide.mcu.externaltools.gnu-tools-for-stm32.11.3.rel1.win32_1.1.1.202309131626/tools/bin/../lib/gcc/arm-none-eabi/11.3.1/../../../../arm-none-eabi/lib/thumb/v6-m/nofp\libc_nano.a(libc_a-stdio.o) (_close_r)
C:/ST/STM32CubeIDE_1.13.2/STM32CubeIDE/plugins/com.st.stm32cube.ide.mcu.externaltools.gnu-tools-for-stm32.11.3.rel1.win32_1.1.1.202309131626/tools/bin/../lib/gcc/arm-none-eabi/11.3.1/../../../../arm-none-eabi/lib/thumb/v6-m/nofp\libc_nano.a(libc_a-reent.o)
                              C:/ST/STM32CubeIDE_1.13.2/STM32CubeIDE/plugins/com.st.stm32cube.ide.mcu.externaltools.gnu-tools-for-stm32.11.3.rel1.win32_1.1.1.202309131626/tools/bin/../lib/gcc/arm-none-eabi/11.3.1/../../../../arm-none-eabi/lib/thumb/v6-m/nofp\libc_nano.a(libc_a-closer.o) (errno)
C:/ST/STM32CubeIDE_1.13.2/STM32CubeIDE/plugins/com.st.stm32cube.ide.mcu.externaltools.gnu-tools-for-stm32.11.3.rel1.win32_1.1.1.202309131626/tools/bin/../lib/gcc/arm-none-eabi/11.3.1/../../../../arm-none-eabi/lib/thumb/v6-m/nofp\libc_nano.a(libc_a-impure.o)
                              C:/ST/STM32CubeIDE_1.13.2/STM32CubeIDE/plugins/com.st.stm32cube.ide.mcu.externaltools.gnu-tools-for-stm32.11.3.rel1.win32_1.1.1.202309131626/tools/bin/../lib/gcc/arm-none-eabi/11.3.1/../../../../arm-none-eabi/lib/thumb/v6-m/nofp\libc_nano.a(libc_a-reent.o) (_impure_ptr)
C:/ST/STM32CubeIDE_1.13.2/STM32CubeIDE/plugins/com.st.stm32cube.ide.mcu.externaltools.gnu-tools-for-stm32.11.3.rel1.win32_1.1.1.202309131626/tools/bin/../lib/gcc/arm-none-eabi/11.3.1/../../../../arm-none-eabi/lib/thumb/v6-m/nofp\libc_nano.a(libc_a-lseekr.o)
[...]
Memory Configuration

Name             Origin             Length             Attributes
RAM              0x0000000020000000 0x0000000000001000 xrw
FLASH            0x0000000008000000 0x0000000000008000 xr
*default*        0x0000000000000000 0xffffffffffffffff

Linker script and memory map

LOAD C:/ST/STM32CubeIDE_1.13.2/STM32CubeIDE/plugins/com.st.stm32cube.ide.mcu.externaltools.gnu-tools-for-stm32.11.3.rel1.win32_1.1.1.202309131626/tools/bin/../lib/gcc/arm-none-eabi/11.3.1/thumb/v6-m/nofp/crti.o
LOAD C:/ST/STM32CubeIDE_1.13.2/STM32CubeIDE/plugins/com.st.stm32cube.ide.mcu.externaltools.gnu-tools-for-stm32.11.3.rel1.win32_1.1.1.202309131626/tools/bin/../lib/gcc/arm-none-eabi/11.3.1/thumb/v6-m/nofp/crtbegin.o
LOAD C:/ST/STM32CubeIDE_1.13.2/STM32CubeIDE/plugins/com.st.stm32cube.ide.mcu.externaltools.gnu-tools-for-stm32.11.3.rel1.win32_1.1.1.202309131626/tools/bin/../lib/gcc/arm-none-eabi/11.3.1/../../../../arm-none-eabi/lib/thumb/v6-m/nofp/crt0.o
LOAD ./Application/Startup/startup_stm32f031c6tx.o
LOAD ./Application/User/aspep.o
LOAD ./Application/User/hall_speed_pos_fdbk.o
LOAD ./Application/User/main.o
LOAD ./Application/User/mc_api.o
LOAD ./Application/User/mc_app_hooks.o
LOAD ./Application/User/mc_config.o
LOAD ./Application/User/mc_configuration_registers.o
LOAD ./Application/User/mc_interface.o
LOAD ./Application/User/mc_math.o
LOAD ./Application/User/mc_parameters.o
LOAD ./Application/User/mc_tasks.o
LOAD ./Application/User/mcp.o
LOAD ./Application/User/mcp_config.o
LOAD ./Application/User/motorcontrol.o
LOAD ./Application/User/pwm_curr_fdbk.o
LOAD ./Application/User/r1_ps_pwm_curr_fdbk.o
LOAD ./Application/User/register_interface.o
LOAD ./Application/User/regular_conversion_manager.o
LOAD ./Application/User/stm32f0xx_hal_msp.o
LOAD ./Application/User/stm32f0xx_it.o
LOAD ./Application/User/stm32f0xx_mc_it.o
LOAD ./Application/User/syscalls.o
LOAD ./Application/User/sysmem.o
LOAD ./Application/User/usart_aspep_driver.o
LOAD ./Drivers/CMSIS/system_stm32f0xx.o
LOAD ./Drivers/STM32F0xx_HAL_Driver/stm32f0xx_hal.o
LOAD ./Drivers/STM32F0xx_HAL_Driver/stm32f0xx_hal_adc.o
LOAD ./Drivers/STM32F0xx_HAL_Driver/stm32f0xx_hal_adc_ex.o
LOAD ./Drivers/STM32F0xx_HAL_Driver/stm32f0xx_hal_cortex.o
LOAD ./Drivers/STM32F0xx_HAL_Driver/stm32f0xx_hal_dma.o
LOAD ./Drivers/STM32F0xx_HAL_Driver/stm32f0xx_hal_exti.o
LOAD ./Drivers/STM32F0xx_HAL_Driver/stm32f0xx_hal_flash.o
LOAD ./Drivers/STM32F0xx_HAL_Driver/stm32f0xx_hal_flash_ex.o
LOAD ./Drivers/STM32F0xx_HAL_Driver/stm32f0xx_hal_gpio.o
LOAD ./Drivers/STM32F0xx_HAL_Driver/stm32f0xx_hal_i2c.o
LOAD ./Drivers/STM32F0xx_HAL_Driver/stm32f0xx_hal_i2c_ex.o
LOAD ./Drivers/STM32F0xx_HAL_Driver/stm32f0xx_hal_pwr.o
LOAD ./Drivers/STM32F0xx_HAL_Driver/stm32f0xx_hal_pwr_ex.o
LOAD ./Drivers/STM32F0xx_HAL_Driver/stm32f0xx_hal_rcc.o
LOAD ./Drivers/STM32F0xx_HAL_Driver/stm32f0xx_hal_rcc_ex.o
LOAD ./Drivers/STM32F0xx_HAL_Driver/stm32f0xx_hal_tim.o
LOAD ./Drivers/STM32F0xx_HAL_Driver/stm32f0xx_hal_tim_ex.o
LOAD ./Drivers/STM32F0xx_HAL_Driver/stm32f0xx_hal_uart.o
LOAD ./Drivers/STM32F0xx_HAL_Driver/stm32f0xx_hal_uart_ex.o
LOAD ./Middlewares/MotorControl/bus_voltage_sensor.o
LOAD ./Middlewares/MotorControl/circle_limitation.o
LOAD ./Middlewares/MotorControl/digital_output.o
LOAD ./Middlewares/MotorControl/ntc_temperature_sensor.o
LOAD ./Middlewares/MotorControl/open_loop.o
LOAD ./Middlewares/MotorControl/pid_regulator.o
LOAD ./Middlewares/MotorControl/pqd_motor_power_measurement.o
LOAD ./Middlewares/MotorControl/pwm_common.o
LOAD ./Middlewares/MotorControl/r_divider_bus_voltage_sensor.o
LOAD ./Middlewares/MotorControl/ramp_ext_mngr.o
LOAD ./Middlewares/MotorControl/revup_ctrl.o
LOAD ./Middlewares/MotorControl/speed_pos_fdbk.o
LOAD ./Middlewares/MotorControl/speed_torq_ctrl.o
LOAD ./Middlewares/MotorControl/virtual_speed_sensor.o
START GROUP
LOAD C:/ST/STM32CubeIDE_1.13.2/STM32CubeIDE/plugins/com.st.stm32cube.ide.mcu.externaltools.gnu-tools-for-stm32.11.3.rel1.win32_1.1.1.202309131626/tools/bin/../lib/gcc/arm-none-eabi/11.3.1/../../../../arm-none-eabi/lib/thumb/v6-m/nofp\libc_nano.a
LOAD C:/ST/STM32CubeIDE_1.13.2/STM32CubeIDE/plugins/com.st.stm32cube.ide.mcu.externaltools.gnu-tools-for-stm32.11.3.rel1.win32_1.1.1.202309131626/tools/bin/../lib/gcc/arm-none-eabi/11.3.1/../../../../arm-none-eabi/lib/thumb/v6-m/nofp\libm.a
END GROUP
START GROUP
LOAD C:/ST/STM32CubeIDE_1.13.2/STM32CubeIDE/plugins/com.st.stm32cube.ide.mcu.externaltools.gnu-tools-for-stm32.11.3.rel1.win32_1.1.1.202309131626/tools/bin/../lib/gcc/arm-none-eabi/11.3.1/thumb/v6-m/nofp\libgcc.a
LOAD C:/ST/STM32CubeIDE_1.13.2/STM32CubeIDE/plugins/com.st.stm32cube.ide.mcu.externaltools.gnu-tools-for-stm32.11.3.rel1.win32_1.1.1.202309131626/tools/bin/../lib/gcc/arm-none-eabi/11.3.1/../../../../arm-none-eabi/lib/thumb/v6-m/nofp\libc_nano.a
END GROUP
START GROUP
LOAD C:/ST/STM32CubeIDE_1.13.2/STM32CubeIDE/plugins/com.st.stm32cube.ide.mcu.externaltools.gnu-tools-for-stm32.11.3.rel1.win32_1.1.1.202309131626/tools/bin/../lib/gcc/arm-none-eabi/11.3.1/thumb/v6-m/nofp\libgcc.a
LOAD C:/ST/STM32CubeIDE_1.13.2/STM32CubeIDE/plugins/com.st.stm32cube.ide.mcu.externaltools.gnu-tools-for-stm32.11.3.rel1.win32_1.1.1.202309131626/tools/bin/../lib/gcc/arm-none-eabi/11.3.1/../../../../arm-none-eabi/lib/thumb/v6-m/nofp\libc_nano.a
LOAD C:/ST/STM32CubeIDE_1.13.2/STM32CubeIDE/plugins/com.st.stm32cube.ide.mcu.externaltools.gnu-tools-for-stm32.11.3.rel1.win32_1.1.1.202309131626/tools/bin/../lib/gcc/arm-none-eabi/11.3.1/../../../../arm-none-eabi/lib/thumb/v6-m/nofp\libnosys.a
END GROUP
START GROUP
LOAD C:/ST/STM32CubeIDE_1.13.2/STM32CubeIDE/plugins/com.st.stm32cube.ide.mcu.externaltools.gnu-tools-for-stm32.11.3.rel1.win32_1.1.1.202309131626/tools/bin/../lib/gcc/arm-none-eabi/11.3.1/thumb/v6-m/nofp\libgcc.a
LOAD C:/ST/STM32CubeIDE_1.13.2/STM32CubeIDE/plugins/com.st.stm32cube.ide.mcu.externaltools.gnu-tools-for-stm32.11.3.rel1.win32_1.1.1.202309131626/tools/bin/../lib/gcc/arm-none-eabi/11.3.1/../../../../arm-none-eabi/lib/thumb/v6-m/nofp\libc_nano.a
LOAD C:/ST/STM32CubeIDE_1.13.2/STM32CubeIDE/plugins/com.st.stm32cube.ide.mcu.externaltools.gnu-tools-for-stm32.11.3.rel1.win32_1.1.1.202309131626/tools/bin/../lib/gcc/arm-none-eabi/11.3.1/../../../../arm-none-eabi/lib/thumb/v6-m/nofp\libnosys.a
END GROUP
LOAD C:/ST/STM32CubeIDE_1.13.2/STM32CubeIDE/plugins/com.st.stm32cube.ide.mcu.externaltools.gnu-tools-for-stm32.11.3.rel1.win32_1.1.1.202309131626/tools/bin/../lib/gcc/arm-none-eabi/11.3.1/thumb/v6-m/nofp/crtend.o
LOAD C:/ST/STM32CubeIDE_1.13.2/STM32CubeIDE/plugins/com.st.stm32cube.ide.mcu.externaltools.gnu-tools-for-stm32.11.3.rel1.win32_1.1.1.202309131626/tools/bin/../lib/gcc/arm-none-eabi/11.3.1/thumb/v6-m/nofp/crtn.o
                0x0000000020001000                _estack = (ORIGIN (RAM) + LENGTH (RAM))
                0x0000000000000080                _Min_Heap_Size = 0x80
                0x0000000000000400                _Min_Stack_Size = 0x400

.isr_vector     0x0000000008000000       0xc0
                0x0000000008000000                . = ALIGN (0x4)
 *(.isr_vector)
 .isr_vector    0x0000000008000000       0xc0 ./Application/Startup/startup_stm32f031c6tx.o
                0x0000000008000000                g_pfnVectors
                0x00000000080000c0                . = ALIGN (0x4)

.text           0x00000000080000c0     0x6054
                0x00000000080000c0                . = ALIGN (0x4)
 *(.text)
 .text          0x00000000080000c0       0x48 C:/ST/STM32CubeIDE_1.13.2/STM32CubeIDE/plugins/com.st.stm32cube.ide.mcu.externaltools.gnu-tools-for-stm32.11.3.rel1.win32_1.1.1.202309131626/tools/bin/../lib/gcc/arm-none-eabi/11.3.1/thumb/v6-m/nofp/crtbegin.o
 .text          0x0000000008000108       0x14 C:/ST/STM32CubeIDE_1.13.2/STM32CubeIDE/plugins/com.st.stm32cube.ide.mcu.externaltools.gnu-tools-for-stm32.11.3.rel1.win32_1.1.1.202309131626/tools/bin/../lib/gcc/arm-none-eabi/11.3.1/thumb/v6-m/nofp\libgcc.a(_thumb1_case_sqi.o)
                0x0000000008000108                __gnu_thumb1_case_sqi
 .text          0x000000000800011c       0x14 C:/ST/STM32CubeIDE_1.13.2/STM32CubeIDE/plugins/com.st.stm32cube.ide.mcu.externaltools.gnu-tools-for-stm32.11.3.rel1.win32_1.1.1.202309131626/tools/bin/../lib/gcc/arm-none-eabi/11.3.1/thumb/v6-m/nofp\libgcc.a(_thumb1_case_uqi.o)
                0x000000000800011c                __gnu_thumb1_case_uqi
 .text          0x0000000008000130      0x114 C:/ST/STM32CubeIDE_1.13.2/STM32CubeIDE/plugins/com.st.stm32cube.ide.mcu.externaltools.gnu-tools-for-stm32.11.3.rel1.win32_1.1.1.202309131626/tools/bin/../lib/gcc/arm-none-eabi/11.3.1/thumb/v6-m/nofp\libgcc.a(_udivsi3.o)
                0x0000000008000130                __aeabi_uidiv
                0x0000000008000130                __udivsi3
                0x000000000800023c                __aeabi_uidivmod
 .text          0x0000000008000244      0x1d4 C:/ST/STM32CubeIDE_1.13.2/STM32CubeIDE/plugins/com.st.stm32cube.ide.mcu.externaltools.gnu-tools-for-stm32.11.3.rel1.win32_1.1.1.202309131626/tools/bin/../lib/gcc/arm-none-eabi/11.3.1/thumb/v6-m/nofp\libgcc.a(_divsi3.o)
                0x0000000008000244                __divsi3
                0x0000000008000244                __aeabi_idiv
                0x0000000008000410                __aeabi_idivmod
 .text          0x0000000008000418        0x4 C:/ST/STM32CubeIDE_1.13.2/STM32CubeIDE/plugins/com.st.stm32cube.ide.mcu.externaltools.gnu-tools-for-stm32.11.3.rel1.win32_1.1.1.202309131626/tools/bin/../lib/gcc/arm-none-eabi/11.3.1/thumb/v6-m/nofp\libgcc.a(_dvmd_tls.o)
                0x0000000008000418                __aeabi_idiv0
                0x0000000008000418                __aeabi_ldiv0
 .text          0x000000000800041c      0x29c C:/ST/STM32CubeIDE_1.13.2/STM32CubeIDE/plugins/com.st.stm32cube.ide.mcu.externaltools.gnu-tools-for-stm32.11.3.rel1.win32_1.1.1.202309131626/tools/bin/../lib/gcc/arm-none-eabi/11.3.1/thumb/v6-m/nofp\libgcc.a(mulsf3.o)
                0x000000000800041c                __aeabi_fmul
 .text          0x00000000080006b8       0xa4 C:/ST/STM32CubeIDE_1.13.2/STM32CubeIDE/plugins/com.st.stm32cube.ide.mcu.externaltools.gnu-tools-for-stm32.11.3.rel1.win32_1.1.1.202309131626/tools/bin/../lib/gcc/arm-none-eabi/11.3.1/thumb/v6-m/nofp\libgcc.a(floatsisf.o)
                0x00000000080006b8                __aeabi_i2f
 .text          0x000000000800075c       0x90 C:/ST/STM32CubeIDE_1.13.2/STM32CubeIDE/plugins/com.st.stm32cube.ide.mcu.externaltools.gnu-tools-for-stm32.11.3.rel1.win32_1.1.1.202309131626/tools/bin/../lib/gcc/arm-none-eabi/11.3.1/thumb/v6-m/nofp\libgcc.a(floatunsisf.o)
                0x000000000800075c                __aeabi_ui2f
 .text          0x00000000080007ec       0x3c C:/ST/STM32CubeIDE_1.13.2/STM32CubeIDE/plugins/com.st.stm32cube.ide.mcu.externaltools.gnu-tools-for-stm32.11.3.rel1.win32_1.1.1.202309131626/tools/bin/../lib/gcc/arm-none-eabi/11.3.1/thumb/v6-m/nofp\libgcc.a(_clzsi2.o)
                0x00000000080007ec                __clzsi2
 *(.text*)
 .text.Reset_Handler
                0x0000000008000828       0x50 ./Application/Startup/startup_stm32f031c6tx.o
                0x0000000008000828                Reset_Handler
 .text.Default_Handler
                0x0000000008000878        0x2 ./Application/Startup/startup_stm32f031c6tx.o
                0x0000000008000878                TIM1_CC_IRQHandler
                0x0000000008000878                PVD_IRQHandler
                0x0000000008000878                I2C1_IRQHandler
                0x0000000008000878                SPI1_IRQHandler
                0x0000000008000878                EXTI2_3_IRQHandler
                0x0000000008000878                ADC1_IRQHandler
                0x0000000008000878                TIM17_IRQHandler
                0x0000000008000878                RTC_IRQHandler
                0x0000000008000878                TIM16_IRQHandler
                0x0000000008000878                TIM3_IRQHandler
                0x0000000008000878                RCC_IRQHandler
                0x0000000008000878                Default_Handler
                0x0000000008000878                TIM14_IRQHandler
                0x0000000008000878                EXTI0_1_IRQHandler
                0x0000000008000878                SVC_Handler
                0x0000000008000878                WWDG_IRQHandler
                0x0000000008000878                FLASH_IRQHandler
 *fill*         0x000000000800087a        0x2 
 .text.ASPEP_TXframeProcess
                0x000000000800087c       0xa4 ./Application/User/aspep.o
 .text.ASPEP_CheckBeacon.constprop.0
                0x0000000008000920       0xa8 ./Application/User/aspep.o
 .text.ASPEP_start
                0x00000000080009c8       0x24 ./Application/User/aspep.o
                0x00000000080009c8                ASPEP_start
 .text.ASPEP_sendBeacon
                0x00000000080009ec       0x32 ./Application/User/aspep.o
                0x00000000080009ec                ASPEP_sendBeacon
 .text.ASPEP_sendPing
                0x0000000008000a1e       0x40 ./Application/User/aspep.o
                0x0000000008000a1e                ASPEP_sendPing
 .text.ASPEP_getBuffer
                0x0000000008000a5e       0x20 ./Application/User/aspep.o
                0x0000000008000a5e                ASPEP_getBuffer
 .text.ASPEP_sendPacket
                0x0000000008000a7e       0x52 ./Application/User/aspep.o
                0x0000000008000a7e                ASPEP_sendPacket
 .text.ASPEP_HWDataTransmittedIT
                0x0000000008000ad0       0x54 ./Application/User/aspep.o
                0x0000000008000ad0                ASPEP_HWDataTransmittedIT
 .text.ASPEP_RXframeProcess
                0x0000000008000b24      0x122 ./Application/User/aspep.o
                0x0000000008000b24                ASPEP_RXframeProcess
 *fill*         0x0000000008000c46        0x2 
 .text.ASPEP_HWDataReceivedIT
                0x0000000008000c48       0x98 ./Application/User/aspep.o
                0x0000000008000c48                ASPEP_HWDataReceivedIT
 .text.ASPEP_HWDMAReset
                0x0000000008000ce0       0x18 ./Application/User/aspep.o
                0x0000000008000ce0                ASPEP_HWDMAReset
 .text.HALL_Init_Electrical_Angle
                0x0000000008000cf8       0xd0 ./Application/User/hall_speed_pos_fdbk.o
 .text.HALL_Init
                0x0000000008000dc8      0x118 ./Application/User/hall_speed_pos_fdbk.o
                0x0000000008000dc8                HALL_Init
 .text.HALL_Clear
                0x0000000008000ee0       0x4e ./Application/User/hall_speed_pos_fdbk.o
                0x0000000008000ee0                HALL_Clear
 *fill*         0x0000000008000f2e        0x2 
 .text.HALL_CalcElAngle
                0x0000000008000f30       0x8c ./Application/User/hall_speed_pos_fdbk.o
                0x0000000008000f30                HALL_CalcElAngle
 .text.HALL_CalcAvrgMecSpeedUnit
                0x0000000008000fbc       0xa0 ./Application/User/hall_speed_pos_fdbk.o
                0x0000000008000fbc                HALL_CalcAvrgMecSpeedUnit
 .text.HALL_TIMx_CC_IRQHandler
                0x000000000800105c      0x2c4 ./Application/User/hall_speed_pos_fdbk.o
                0x000000000800105c                HALL_TIMx_CC_IRQHandler
 .text.HALL_TIMx_UP_IRQHandler
                0x0000000008001320       0x86 ./Application/User/hall_speed_pos_fdbk.o
                0x0000000008001320                HALL_TIMx_UP_IRQHandler
 .text.SystemClock_Config
                0x00000000080013a6       0x82 ./Application/User/main.o
                0x00000000080013a6                SystemClock_Config
 .text.startup.main
                0x0000000008001428      0x374 ./Application/User/main.o
                0x0000000008001428                main
 .text.Error_Handler
                0x000000000800179c        0x4 ./Application/User/main.o
                0x000000000800179c                Error_Handler
 .text.MC_StartMotor1
                0x00000000080017a0       0x10 ./Application/User/mc_api.o
                0x00000000080017a0                MC_StartMotor1
 .text.MC_StopMotor1
                0x00000000080017b0       0x10 ./Application/User/mc_api.o
                0x00000000080017b0                MC_StopMotor1
 .text.MC_GetSTMStateMotor1
                0x00000000080017c0       0x10 ./Application/User/mc_api.o
                0x00000000080017c0                MC_GetSTMStateMotor1
 .text.MC_ProfilerCommand
                0x00000000080017d0        0x4 ./Application/User/mc_api.o
                0x00000000080017d0                MC_ProfilerCommand
 .text.MC_APP_BootHook
                0x00000000080017d4        0x2 ./Application/User/mc_app_hooks.o
                0x00000000080017d4                MC_APP_BootHook
 .text.MC_APP_PostMediumFrequencyHook_M1
                0x00000000080017d6        0x2 ./Application/User/mc_app_hooks.o
                0x00000000080017d6                MC_APP_PostMediumFrequencyHook_M1
 .text.MCI_Init
                0x00000000080017d8       0x18 ./Application/User/mc_interface.o
                0x00000000080017d8                MCI_Init
 .text.MCI_ExecSpeedRamp
                0x00000000080017f0       0x14 ./Application/User/mc_interface.o
                0x00000000080017f0                MCI_ExecSpeedRamp
 .text.MCI_ExecTorqueRamp
                0x0000000008001804       0x14 ./Application/User/mc_interface.o
                0x0000000008001804                MCI_ExecTorqueRamp
 .text.MCI_FaultProcessing
                0x0000000008001818       0x10 ./Application/User/mc_interface.o
                0x0000000008001818                MCI_FaultProcessing
 .text.MCI_ExecBufferedCommands
                0x0000000008001828       0x70 ./Application/User/mc_interface.o
                0x0000000008001828                MCI_ExecBufferedCommands
 .text.MCI_GetSTMState
                0x0000000008001898        0x4 ./Application/User/mc_interface.o
                0x0000000008001898                MCI_GetSTMState
 .text.MCI_GetOccurredFaults
                0x000000000800189c        0x4 ./Application/User/mc_interface.o
                0x000000000800189c                MCI_GetOccurredFaults
 .text.MCI_GetCurrentFaults
                0x00000000080018a0        0x4 ./Application/User/mc_interface.o
                0x00000000080018a0                MCI_GetCurrentFaults
 .text.MCI_StartMotor
                0x00000000080018a4       0x2e ./Application/User/mc_interface.o
                0x00000000080018a4                MCI_StartMotor
 .text.MCI_StartWithPolarizationMotor
                0x00000000080018d2       0x34 ./Application/User/mc_interface.o
                0x00000000080018d2                MCI_StartWithPolarizationMotor
 .text.MCI_StopMotor
                0x0000000008001906       0x3a ./Application/User/mc_interface.o
                0x0000000008001906                MCI_StopMotor
 .text.MCI_FaultAcknowledged
                0x0000000008001940       0x24 ./Application/User/mc_interface.o
                0x0000000008001940                MCI_FaultAcknowledged
 .text.MCI_GetFaultState
                0x0000000008001964        0xa ./Application/User/mc_interface.o
                0x0000000008001964                MCI_GetFaultState
 .text.MCI_GetControlMode
                0x000000000800196e        0x6 ./Application/User/mc_interface.o
                0x000000000800196e                MCI_GetControlMode
 .text.MCI_GetLastRampFinalSpeed
                0x0000000008001974        0x6 ./Application/User/mc_interface.o
                0x0000000008001974                MCI_GetLastRampFinalSpeed
 .text.MCI_GetLastRampFinalDuration
                0x000000000800197a        0x4 ./Application/User/mc_interface.o
                0x000000000800197a                MCI_GetLastRampFinalDuration
 .text.MCI_StopRamp
                0x000000000800197e        0xa ./Application/User/mc_interface.o
                0x000000000800197e                MCI_StopRamp
 .text.MCI_GetAvrgMecSpeedUnit
                0x0000000008001988        0xe ./Application/User/mc_interface.o
                0x0000000008001988                MCI_GetAvrgMecSpeedUnit
 .text.MCI_GetMecSpeedRefUnit
                0x0000000008001996        0xa ./Application/User/mc_interface.o
                0x0000000008001996                MCI_GetMecSpeedRefUnit
 .text.MCI_GetVqd
                0x00000000080019a0       0x1c ./Application/User/mc_interface.o
                0x00000000080019a0                MCI_GetVqd
 .text.MCI_GetValphabeta
                0x00000000080019bc       0x1c ./Application/User/mc_interface.o
                0x00000000080019bc                MCI_GetValphabeta
 .text.MCI_GetTeref
                0x00000000080019d8        0x8 ./Application/User/mc_interface.o
                0x00000000080019d8                MCI_GetTeref
 .text.MCI_Clear_Iqdref
                0x00000000080019e0       0x10 ./Application/User/mc_interface.o
                0x00000000080019e0                MCI_Clear_Iqdref
 .text.MCM_Clarke
                0x00000000080019f0       0x54 ./Application/User/mc_math.o
                0x00000000080019f0                MCM_Clarke
 .text.MCM_Trig_Functions
                0x0000000008001a44       0x8c ./Application/User/mc_math.o
                0x0000000008001a44                MCM_Trig_Functions
 .text.MCM_Park
                0x0000000008001ad0       0x88 ./Application/User/mc_math.o
                0x0000000008001ad0                MCM_Park
 .text.MCM_Rev_Park
                0x0000000008001b58       0x32 ./Application/User/mc_math.o
                0x0000000008001b58                MCM_Rev_Park
 .text.LL_GPIO_LockPin
                0x0000000008001b8a       0x18 ./Application/User/mc_tasks.o
 *fill*         0x0000000008001ba2        0x2 
 .text.FOC_Clear
                0x0000000008001ba4       0x64 ./Application/User/mc_tasks.o
                0x0000000008001ba4                FOC_Clear
 .text.MCboot   0x0000000008001c08      0x10c ./Application/User/mc_tasks.o
                0x0000000008001c08                MCboot
 .text.FOC_InitAdditionalMethods
                0x0000000008001d14        0x2 ./Application/User/mc_tasks.o
                0x0000000008001d14                FOC_InitAdditionalMethods
 *fill*         0x0000000008001d16        0x2 
 .text.FOC_CalcCurrRef
                0x0000000008001d18       0x2c ./Application/User/mc_tasks.o
                0x0000000008001d18                FOC_CalcCurrRef
 .text.TSK_SetChargeBootCapDelayM1
                0x0000000008001d44        0xc ./Application/User/mc_tasks.o
                0x0000000008001d44                TSK_SetChargeBootCapDelayM1
 .text.TSK_ChargeBootCapDelayHasElapsedM1
                0x0000000008001d50       0x10 ./Application/User/mc_tasks.o
                0x0000000008001d50                TSK_ChargeBootCapDelayHasElapsedM1
 .text.TSK_SetStopPermanencyTimeM1
                0x0000000008001d60        0xc ./Application/User/mc_tasks.o
                0x0000000008001d60                TSK_SetStopPermanencyTimeM1
 .text.TSK_MF_StopProcessing
                0x0000000008001d6c       0x40 ./Application/User/mc_tasks.o
                0x0000000008001d6c                TSK_MF_StopProcessing
 .text.TSK_StopPermanencyTimeHasElapsedM1
                0x0000000008001dac       0x10 ./Application/User/mc_tasks.o
                0x0000000008001dac                TSK_StopPermanencyTimeHasElapsedM1
 .text.TSK_MediumFrequencyTaskM1
                0x0000000008001dbc      0x15c ./Application/User/mc_tasks.o
                0x0000000008001dbc                TSK_MediumFrequencyTaskM1
 .text.MC_Scheduler
                0x0000000008001f18       0x94 ./Application/User/mc_tasks.o
                0x0000000008001f18                MC_Scheduler
 .text.TSK_HighFrequencyTask
                0x0000000008001fac      0x10c ./Application/User/mc_tasks.o
                0x0000000008001fac                TSK_HighFrequencyTask
 .text.TSK_SafetyTask_PWMOFF
                0x00000000080020b8       0x78 ./Application/User/mc_tasks.o
                0x00000000080020b8                TSK_SafetyTask_PWMOFF
 .text.TSK_SafetyTask
                0x0000000008002130       0x1c ./Application/User/mc_tasks.o
                0x0000000008002130                TSK_SafetyTask
 .text.MC_RunMotorControlTasks
                0x000000000800214c       0x18 ./Application/User/mc_tasks.o
                0x000000000800214c                MC_RunMotorControlTasks
 .text.TSK_HardwareFaultTask
                0x0000000008002164       0x20 ./Application/User/mc_tasks.o
                0x0000000008002164                TSK_HardwareFaultTask
 .text.UI_HandleStartStopButton_cb
                0x0000000008002184       0x16 ./Application/User/mc_tasks.o
                0x0000000008002184                UI_HandleStartStopButton_cb
 *fill*         0x000000000800219a        0x2 
 .text.mc_lock_pins
                0x000000000800219c       0x88 ./Application/User/mc_tasks.o
                0x000000000800219c                mc_lock_pins
 .text.RI_SetRegCommandParser
                0x0000000008002224       0xcc ./Application/User/mcp.o
                0x0000000008002224                RI_SetRegCommandParser
 .text.RI_GetRegCommandParser
                0x00000000080022f0       0x98 ./Application/User/mcp.o
                0x00000000080022f0                RI_GetRegCommandParser
 .text.MCP_ReceivedPacket
                0x0000000008002388      0x134 ./Application/User/mcp.o
                0x0000000008002388                MCP_ReceivedPacket
 .text.MX_MotorControl_Init
                0x00000000080024bc       0x34 ./Application/User/motorcontrol.o
                0x00000000080024bc                MX_MotorControl_Init
 .text.PWMC_GetPhaseCurrents
                0x00000000080024f0        0x8 ./Application/User/pwm_curr_fdbk.o
                0x00000000080024f0                PWMC_GetPhaseCurrents
 .text.PWMC_SetPhaseVoltage
                0x00000000080024f8      0x288 ./Application/User/pwm_curr_fdbk.o
                0x00000000080024f8                PWMC_SetPhaseVoltage
 .text.PWMC_SwitchOffPWM
                0x0000000008002780        0x8 ./Application/User/pwm_curr_fdbk.o
                0x0000000008002780                PWMC_SwitchOffPWM
 .text.PWMC_SwitchOnPWM
                0x0000000008002788        0x8 ./Application/User/pwm_curr_fdbk.o
                0x0000000008002788                PWMC_SwitchOnPWM
 .text.PWMC_CurrentReadingCalibr
                0x0000000008002790       0x3a ./Application/User/pwm_curr_fdbk.o
                0x0000000008002790                PWMC_CurrentReadingCalibr
 .text.PWMC_CalcPhaseCurrentsEst
                0x00000000080027ca       0x6e ./Application/User/pwm_curr_fdbk.o
                0x00000000080027ca                PWMC_CalcPhaseCurrentsEst
 .text.PWMC_OCP_Handler
                0x0000000008002838       0x3e ./Application/User/pwm_curr_fdbk.o
                0x0000000008002838                PWMC_OCP_Handler
 .text.PWMC_IsFaultOccurred
                0x0000000008002876       0x38 ./Application/User/pwm_curr_fdbk.o
                0x0000000008002876                PWMC_IsFaultOccurred
 *fill*         0x00000000080028ae        0x2 
 .text.LL_TIM_OC_DisablePreload
                0x00000000080028b0       0x40 ./Application/User/r1_ps_pwm_curr_fdbk.o
 .text.LL_DMA_EnableChannel
                0x00000000080028f0       0x18 ./Application/User/r1_ps_pwm_curr_fdbk.o
 .text.LL_DMA_DisableChannel
                0x0000000008002908       0x18 ./Application/User/r1_ps_pwm_curr_fdbk.o
 .text.LL_DMA_SetDataLength
                0x0000000008002920       0x1c ./Application/User/r1_ps_pwm_curr_fdbk.o
 .text.LL_DMA_EnableIT_TC
                0x000000000800293c       0x18 ./Application/User/r1_ps_pwm_curr_fdbk.o
 .text.R1_1ShuntMotorVarsInit
                0x0000000008002954       0x72 ./Application/User/r1_ps_pwm_curr_fdbk.o
 *fill*         0x00000000080029c6        0x2 
 .text.R1_GetPhaseCurrents
                0x00000000080029c8      0x254 ./Application/User/r1_ps_pwm_curr_fdbk.o
                0x00000000080029c8                R1_GetPhaseCurrents
 .text.R1_HFCurrentsCalibration
                0x0000000008002c1c       0x42 ./Application/User/r1_ps_pwm_curr_fdbk.o
 *fill*         0x0000000008002c5e        0x2 
 .text.R1_SetADCSampPointPolarization
                0x0000000008002c60       0x74 ./Application/User/r1_ps_pwm_curr_fdbk.o
 .text.R1_CalcDutyCycles
                0x0000000008002cd4      0x310 ./Application/User/r1_ps_pwm_curr_fdbk.o
                0x0000000008002cd4                R1_CalcDutyCycles
 .text.R1_Init  0x0000000008002fe4      0x1f0 ./Application/User/r1_ps_pwm_curr_fdbk.o
                0x0000000008002fe4                R1_Init
 .text.R1_SetOffsetCalib
                0x00000000080031d4       0x10 ./Application/User/r1_ps_pwm_curr_fdbk.o
                0x00000000080031d4                R1_SetOffsetCalib
 .text.R1_GetOffsetCalib
                0x00000000080031e4        0x8 ./Application/User/r1_ps_pwm_curr_fdbk.o
                0x00000000080031e4                R1_GetOffsetCalib
 .text.R1_TurnOnLowSides
                0x00000000080031ec       0x56 ./Application/User/r1_ps_pwm_curr_fdbk.o
                0x00000000080031ec                R1_TurnOnLowSides
 *fill*         0x0000000008003242        0x2 
 .text.R1_SwitchOnPWM
                0x0000000008003244      0x228 ./Application/User/r1_ps_pwm_curr_fdbk.o
                0x0000000008003244                R1_SwitchOnPWM
 .text.R1_SwitchOffPWM
                0x000000000800346c      0x168 ./Application/User/r1_ps_pwm_curr_fdbk.o
                0x000000000800346c                R1_SwitchOffPWM
 .text.R1_CurrentReadingCalibration
                0x00000000080035d4       0x94 ./Application/User/r1_ps_pwm_curr_fdbk.o
                0x00000000080035d4                R1_CurrentReadingCalibration
 .text.R1_TIM1_UP_IRQHandler
                0x0000000008003668       0x3c ./Application/User/r1_ps_pwm_curr_fdbk.o
                0x0000000008003668                R1_TIM1_UP_IRQHandler
 .text.R1_DMAx_TC_IRQHandler
                0x00000000080036a4       0x54 ./Application/User/r1_ps_pwm_curr_fdbk.o
                0x00000000080036a4                R1_DMAx_TC_IRQHandler
 .text.RI_SetRegisterGlobal
                0x00000000080036f8       0xa4 ./Application/User/register_interface.o
                0x00000000080036f8                RI_SetRegisterGlobal
 .text.RI_SetRegisterMotor1
                0x000000000800379c      0x1ac ./Application/User/register_interface.o
                0x000000000800379c                RI_SetRegisterMotor1
 .text.RI_GetRegisterGlobal
                0x0000000008003948       0x94 ./Application/User/register_interface.o
                0x0000000008003948                RI_GetRegisterGlobal
 .text.RI_GetRegisterMotor1
                0x00000000080039dc      0x20c ./Application/User/register_interface.o
                0x00000000080039dc                RI_GetRegisterMotor1
 .text.RCM_RegisterRegConv
                0x0000000008003be8       0x90 ./Application/User/regular_conversion_manager.o
                0x0000000008003be8                RCM_RegisterRegConv
 .text.RCM_ExecRegularConv
                0x0000000008003c78      0x124 ./Application/User/regular_conversion_manager.o
                0x0000000008003c78                RCM_ExecRegularConv
 .text.RCM_ExecUserConv
                0x0000000008003d9c       0x60 ./Application/User/regular_conversion_manager.o
                0x0000000008003d9c                RCM_ExecUserConv
 .text.RCM_ExecNextConv
                0x0000000008003dfc       0x6c ./Application/User/regular_conversion_manager.o
                0x0000000008003dfc                RCM_ExecNextConv
 .text.RCM_ReadOngoingConv
                0x0000000008003e68       0x50 ./Application/User/regular_conversion_manager.o
                0x0000000008003e68                RCM_ReadOngoingConv
 .text.HAL_MspInit
                0x0000000008003eb8       0x30 ./Application/User/stm32f0xx_hal_msp.o
                0x0000000008003eb8                HAL_MspInit
 .text.HAL_ADC_MspInit
                0x0000000008003ee8       0xbc ./Application/User/stm32f0xx_hal_msp.o
                0x0000000008003ee8                HAL_ADC_MspInit
 .text.HAL_TIM_PWM_MspInit
                0x0000000008003fa4       0xec ./Application/User/stm32f0xx_hal_msp.o
                0x0000000008003fa4                HAL_TIM_PWM_MspInit
 .text.HAL_TIM_Base_MspInit
                0x0000000008004090       0x60 ./Application/User/stm32f0xx_hal_msp.o
                0x0000000008004090                HAL_TIM_Base_MspInit
 .text.HAL_TIM_MspPostInit
                0x00000000080040f0       0x84 ./Application/User/stm32f0xx_hal_msp.o
                0x00000000080040f0                HAL_TIM_MspPostInit
 .text.HAL_UART_MspInit
                0x0000000008004174       0xc4 ./Application/User/stm32f0xx_hal_msp.o
                0x0000000008004174                HAL_UART_MspInit
 .text.NMI_Handler
                0x0000000008004238        0x2 ./Application/User/stm32f0xx_it.o
                0x0000000008004238                NMI_Handler
 .text.PendSV_Handler
                0x000000000800423a        0x2 ./Application/User/stm32f0xx_it.o
                0x000000000800423a                PendSV_Handler
 .text.DMA1_Channel1_IRQHandler
                0x000000000800423c       0x14 ./Application/User/stm32f0xx_mc_it.o
                0x000000000800423c                DMA1_Channel1_IRQHandler
 .text.TIM1_BRK_UP_TRG_COM_IRQHandler
                0x0000000008004250       0x44 ./Application/User/stm32f0xx_mc_it.o
                0x0000000008004250                TIM1_BRK_UP_TRG_COM_IRQHandler
 .text.DMA1_Channel4_5_IRQHandler
                0x0000000008004294       0x20 ./Application/User/stm32f0xx_mc_it.o
                0x0000000008004294                DMA1_Channel4_5_IRQHandler
 .text.TIM2_IRQHandler
                0x00000000080042b4       0x34 ./Application/User/stm32f0xx_mc_it.o
                0x00000000080042b4                TIM2_IRQHandler
 .text.DMA1_Channel2_3_IRQHandler
                0x00000000080042e8       0x20 ./Application/User/stm32f0xx_mc_it.o
                0x00000000080042e8                DMA1_Channel2_3_IRQHandler
 .text.USART1_IRQHandler
                0x0000000008004308       0x9c ./Application/User/stm32f0xx_mc_it.o
                0x0000000008004308                USART1_IRQHandler
 .text.HardFault_Handler
                0x00000000080043a4        0x8 ./Application/User/stm32f0xx_mc_it.o
                0x00000000080043a4                HardFault_Handler
 .text.SysTick_Handler
                0x00000000080043ac       0x44 ./Application/User/stm32f0xx_mc_it.o
                0x00000000080043ac                SysTick_Handler
 .text.EXTI4_15_IRQHandler
                0x00000000080043f0       0x1c ./Application/User/stm32f0xx_mc_it.o
                0x00000000080043f0                EXTI4_15_IRQHandler
 .text.UASPEP_DAMCONFIG_TX
                0x000000000800440c       0x50 ./Application/User/usart_aspep_driver.o
                0x000000000800440c                UASPEP_DAMCONFIG_TX
 .text.UASPEP_DAMCONFIG_RX
                0x000000000800445c       0x4c ./Application/User/usart_aspep_driver.o
                0x000000000800445c                UASPEP_DAMCONFIG_RX
 .text.UASPEP_INIT
                0x00000000080044a8       0x10 ./Application/User/usart_aspep_driver.o
                0x00000000080044a8                UASPEP_INIT
 .text.UASPEP_SEND_PACKET
                0x00000000080044b8       0x38 ./Application/User/usart_aspep_driver.o
                0x00000000080044b8                UASPEP_SEND_PACKET
 .text.UASPEP_RECEIVE_BUFFER
                0x00000000080044f0       0x30 ./Application/User/usart_aspep_driver.o
                0x00000000080044f0                UASPEP_RECEIVE_BUFFER
 .text.UASPEP_IDLE_ENABLE
                0x0000000008004520       0x1c ./Application/User/usart_aspep_driver.o
                0x0000000008004520                UASPEP_IDLE_ENABLE
 .text.SystemInit
                0x000000000800453c        0x2 ./Drivers/CMSIS/system_stm32f0xx.o
                0x000000000800453c                SystemInit
 *fill*         0x000000000800453e        0x2 
 .text.HAL_InitTick
                0x0000000008004540       0x48 ./Drivers/STM32F0xx_HAL_Driver/stm32f0xx_hal.o
                0x0000000008004540                HAL_InitTick
 .text.HAL_Init
                0x0000000008004588       0x20 ./Drivers/STM32F0xx_HAL_Driver/stm32f0xx_hal.o
                0x0000000008004588                HAL_Init
 .text.HAL_IncTick
                0x00000000080045a8       0x18 ./Drivers/STM32F0xx_HAL_Driver/stm32f0xx_hal.o
                0x00000000080045a8                HAL_IncTick
 .text.HAL_GetTick
                0x00000000080045c0        0xc ./Drivers/STM32F0xx_HAL_Driver/stm32f0xx_hal.o
                0x00000000080045c0                HAL_GetTick
 .text.HAL_ADC_Init
                0x00000000080045cc      0x148 ./Drivers/STM32F0xx_HAL_Driver/stm32f0xx_hal_adc.o
                0x00000000080045cc                HAL_ADC_Init
 .text.HAL_ADC_ConfigChannel
                0x0000000008004714      0x108 ./Drivers/STM32F0xx_HAL_Driver/stm32f0xx_hal_adc.o
                0x0000000008004714                HAL_ADC_ConfigChannel
 .text.HAL_NVIC_SetPriority
                0x000000000800481c       0x54 ./Drivers/STM32F0xx_HAL_Driver/stm32f0xx_hal_cortex.o
                0x000000000800481c                HAL_NVIC_SetPriority
 .text.HAL_NVIC_EnableIRQ
                0x0000000008004870       0x18 ./Drivers/STM32F0xx_HAL_Driver/stm32f0xx_hal_cortex.o
                0x0000000008004870                HAL_NVIC_EnableIRQ
 .text.HAL_SYSTICK_Config
                0x0000000008004888       0x34 ./Drivers/STM32F0xx_HAL_Driver/stm32f0xx_hal_cortex.o
                0x0000000008004888                HAL_SYSTICK_Config
 .text.HAL_SYSTICK_Callback
                0x00000000080048bc        0x2 ./Drivers/STM32F0xx_HAL_Driver/stm32f0xx_hal_cortex.o
                0x00000000080048bc                HAL_SYSTICK_Callback
 .text.HAL_SYSTICK_IRQHandler
                0x00000000080048be        0x8 ./Drivers/STM32F0xx_HAL_Driver/stm32f0xx_hal_cortex.o
                0x00000000080048be                HAL_SYSTICK_IRQHandler
 *fill*         0x00000000080048c6        0x2 
 .text.HAL_DMA_Init
                0x00000000080048c8       0x64 ./Drivers/STM32F0xx_HAL_Driver/stm32f0xx_hal_dma.o
                0x00000000080048c8                HAL_DMA_Init
 .text.HAL_GPIO_Init
                0x000000000800492c      0x164 ./Drivers/STM32F0xx_HAL_Driver/stm32f0xx_hal_gpio.o
                0x000000000800492c                HAL_GPIO_Init
 .text.HAL_GPIO_WritePin
                0x0000000008004a90        0xc ./Drivers/STM32F0xx_HAL_Driver/stm32f0xx_hal_gpio.o
                0x0000000008004a90                HAL_GPIO_WritePin
 .text.HAL_RCC_OscConfig
                0x0000000008004a9c      0x3fc ./Drivers/STM32F0xx_HAL_Driver/stm32f0xx_hal_rcc.o
                0x0000000008004a9c                HAL_RCC_OscConfig
 .text.HAL_RCC_EnableCSS
                0x0000000008004e98       0x14 ./Drivers/STM32F0xx_HAL_Driver/stm32f0xx_hal_rcc.o
                0x0000000008004e98                HAL_RCC_EnableCSS
 .text.HAL_RCC_GetSysClockFreq
                0x0000000008004eac       0x4c ./Drivers/STM32F0xx_HAL_Driver/stm32f0xx_hal_rcc.o
                0x0000000008004eac                HAL_RCC_GetSysClockFreq
 .text.HAL_RCC_ClockConfig
                0x0000000008004ef8      0x108 ./Drivers/STM32F0xx_HAL_Driver/stm32f0xx_hal_rcc.o
                0x0000000008004ef8                HAL_RCC_ClockConfig
 .text.HAL_RCC_GetHCLKFreq
                0x0000000008005000        0xc ./Drivers/STM32F0xx_HAL_Driver/stm32f0xx_hal_rcc.o
                0x0000000008005000                HAL_RCC_GetHCLKFreq
 .text.HAL_RCC_GetPCLK1Freq
                0x000000000800500c       0x20 ./Drivers/STM32F0xx_HAL_Driver/stm32f0xx_hal_rcc.o
                0x000000000800500c                HAL_RCC_GetPCLK1Freq
 .text.HAL_RCCEx_PeriphCLKConfig
                0x000000000800502c      0x10c ./Drivers/STM32F0xx_HAL_Driver/stm32f0xx_hal_rcc_ex.o
                0x000000000800502c                HAL_RCCEx_PeriphCLKConfig
 .text.TIM_OC1_SetConfig
                0x0000000008005138       0x78 ./Drivers/STM32F0xx_HAL_Driver/stm32f0xx_hal_tim.o
 .text.TIM_OC3_SetConfig
                0x00000000080051b0       0x80 ./Drivers/STM32F0xx_HAL_Driver/stm32f0xx_hal_tim.o
 .text.TIM_OC4_SetConfig
                0x0000000008005230       0x68 ./Drivers/STM32F0xx_HAL_Driver/stm32f0xx_hal_tim.o
 .text.TIM_Base_SetConfig
                0x0000000008005298       0x90 ./Drivers/STM32F0xx_HAL_Driver/stm32f0xx_hal_tim.o
                0x0000000008005298                TIM_Base_SetConfig
 .text.HAL_TIM_Base_Init
                0x0000000008005328       0x50 ./Drivers/STM32F0xx_HAL_Driver/stm32f0xx_hal_tim.o
                0x0000000008005328                HAL_TIM_Base_Init
 .text.HAL_TIM_PWM_Init
                0x0000000008005378       0x50 ./Drivers/STM32F0xx_HAL_Driver/stm32f0xx_hal_tim.o
                0x0000000008005378                HAL_TIM_PWM_Init
 .text.TIM_OC2_SetConfig
                0x00000000080053c8       0x78 ./Drivers/STM32F0xx_HAL_Driver/stm32f0xx_hal_tim.o
                0x00000000080053c8                TIM_OC2_SetConfig
 .text.HAL_TIM_PWM_ConfigChannel
                0x0000000008005440       0xc4 ./Drivers/STM32F0xx_HAL_Driver/stm32f0xx_hal_tim.o
                0x0000000008005440                HAL_TIM_PWM_ConfigChannel
 .text.TIM_TI1_SetConfig
                0x0000000008005504       0x50 ./Drivers/STM32F0xx_HAL_Driver/stm32f0xx_hal_tim.o
                0x0000000008005504                TIM_TI1_SetConfig
 .text.TIM_ETR_SetConfig
                0x0000000008005554       0x18 ./Drivers/STM32F0xx_HAL_Driver/stm32f0xx_hal_tim.o
                0x0000000008005554                TIM_ETR_SetConfig
 .text.HAL_TIM_ConfigClockSource
                0x000000000800556c      0x134 ./Drivers/STM32F0xx_HAL_Driver/stm32f0xx_hal_tim.o
                0x000000000800556c                HAL_TIM_ConfigClockSource
 .text.HAL_TIMEx_HallSensor_MspInit
                0x00000000080056a0        0x2 ./Drivers/STM32F0xx_HAL_Driver/stm32f0xx_hal_tim_ex.o
                0x00000000080056a0                HAL_TIMEx_HallSensor_MspInit
 .text.HAL_TIMEx_HallSensor_Init
                0x00000000080056a2       0xc2 ./Drivers/STM32F0xx_HAL_Driver/stm32f0xx_hal_tim_ex.o
                0x00000000080056a2                HAL_TIMEx_HallSensor_Init
 .text.HAL_TIMEx_MasterConfigSynchronization
                0x0000000008005764       0x58 ./Drivers/STM32F0xx_HAL_Driver/stm32f0xx_hal_tim_ex.o
                0x0000000008005764                HAL_TIMEx_MasterConfigSynchronization
 .text.HAL_TIMEx_ConfigBreakDeadTime
                0x00000000080057bc       0x64 ./Drivers/STM32F0xx_HAL_Driver/stm32f0xx_hal_tim_ex.o
                0x00000000080057bc                HAL_TIMEx_ConfigBreakDeadTime
 .text.UART_EndRxTransfer
                0x0000000008005820       0x5c ./Drivers/STM32F0xx_HAL_Driver/stm32f0xx_hal_uart.o
 .text.UART_SetConfig
                0x000000000800587c      0x114 ./Drivers/STM32F0xx_HAL_Driver/stm32f0xx_hal_uart.o
                0x000000000800587c                UART_SetConfig
 .text.UART_AdvFeatureConfig
                0x0000000008005990       0xd0 ./Drivers/STM32F0xx_HAL_Driver/stm32f0xx_hal_uart.o
                0x0000000008005990                UART_AdvFeatureConfig
 .text.UART_WaitOnFlagUntilTimeout
                0x0000000008005a60       0x8a ./Drivers/STM32F0xx_HAL_Driver/stm32f0xx_hal_uart.o
                0x0000000008005a60                UART_WaitOnFlagUntilTimeout
 *fill*         0x0000000008005aea        0x2 
 .text.UART_CheckIdleState
                0x0000000008005aec       0xc0 ./Drivers/STM32F0xx_HAL_Driver/stm32f0xx_hal_uart.o
                0x0000000008005aec                UART_CheckIdleState
 .text.HAL_UART_Init
                0x0000000008005bac       0x64 ./Drivers/STM32F0xx_HAL_Driver/stm32f0xx_hal_uart.o
                0x0000000008005bac                HAL_UART_Init
 .text.VBS_GetAvBusVoltage_V
                0x0000000008005c10        0xc ./Middlewares/MotorControl/bus_voltage_sensor.o
                0x0000000008005c10                VBS_GetAvBusVoltage_V
 .text.Circle_Limitation
                0x0000000008005c1c       0x64 ./Middlewares/MotorControl/circle_limitation.o
                0x0000000008005c1c                Circle_Limitation
 .text.NTC_Clear
                0x0000000008005c80        0x6 ./Middlewares/MotorControl/ntc_temperature_sensor.o
                0x0000000008005c80                NTC_Clear
 .text.NTC_Init
                0x0000000008005c86       0x18 ./Middlewares/MotorControl/ntc_temperature_sensor.o
                0x0000000008005c86                NTC_Init
 .text.NTC_GetAvTemp_C
                0x0000000008005c9e       0x20 ./Middlewares/MotorControl/ntc_temperature_sensor.o
                0x0000000008005c9e                NTC_GetAvTemp_C
 .text.PID_HandleInit
                0x0000000008005cbe       0x10 ./Middlewares/MotorControl/pid_regulator.o
                0x0000000008005cbe                PID_HandleInit
 .text.PID_SetKP
                0x0000000008005cce        0x4 ./Middlewares/MotorControl/pid_regulator.o
                0x0000000008005cce                PID_SetKP
 .text.PID_SetKI
                0x0000000008005cd2        0x4 ./Middlewares/MotorControl/pid_regulator.o
                0x0000000008005cd2                PID_SetKI
 .text.PID_GetKP
                0x0000000008005cd6        0x6 ./Middlewares/MotorControl/pid_regulator.o
                0x0000000008005cd6                PID_GetKP
 .text.PID_GetKI
                0x0000000008005cdc        0x6 ./Middlewares/MotorControl/pid_regulator.o
                0x0000000008005cdc                PID_GetKI
 .text.PID_SetIntegralTerm
                0x0000000008005ce2        0x4 ./Middlewares/MotorControl/pid_regulator.o
                0x0000000008005ce2                PID_SetIntegralTerm
 .text.PID_SetKD
                0x0000000008005ce6        0x4 ./Middlewares/MotorControl/pid_regulator.o
                0x0000000008005ce6                PID_SetKD
 .text.PID_GetKD
                0x0000000008005cea        0x6 ./Middlewares/MotorControl/pid_regulator.o
                0x0000000008005cea                PID_GetKD
 .text.PI_Controller
                0x0000000008005cf0       0x78 ./Middlewares/MotorControl/pid_regulator.o
                0x0000000008005cf0                PI_Controller
 .text.PQD_CalcElMotorPower
                0x0000000008005d68       0x38 ./Middlewares/MotorControl/pqd_motor_power_measurement.o
                0x0000000008005d68                PQD_CalcElMotorPower
 .text.PQD_Clear
                0x0000000008005da0        0x6 ./Middlewares/MotorControl/pqd_motor_power_measurement.o
                0x0000000008005da0                PQD_Clear
 .text.PQD_GetAvrgElMotorPowerW
                0x0000000008005da6       0x26 ./Middlewares/MotorControl/pqd_motor_power_measurement.o
                0x0000000008005da6                PQD_GetAvrgElMotorPowerW
 .text.waitForPolarizationEnd
                0x0000000008005dcc       0x34 ./Middlewares/MotorControl/pwm_common.o
                0x0000000008005dcc                waitForPolarizationEnd
 .text.RVBS_Clear
                0x0000000008005e00       0x28 ./Middlewares/MotorControl/r_divider_bus_voltage_sensor.o
                0x0000000008005e00                RVBS_Clear
 .text.RVBS_Init
                0x0000000008005e28        0x8 ./Middlewares/MotorControl/r_divider_bus_voltage_sensor.o
                0x0000000008005e28                RVBS_Init
 .text.RVBS_CheckFaultState
                0x0000000008005e30       0x48 ./Middlewares/MotorControl/r_divider_bus_voltage_sensor.o
                0x0000000008005e30                RVBS_CheckFaultState
 .text.RVBS_CalcAvVbus
                0x0000000008005e78       0x54 ./Middlewares/MotorControl/r_divider_bus_voltage_sensor.o
                0x0000000008005e78                RVBS_CalcAvVbus
 .text.REMNG_Init
                0x0000000008005ecc       0x10 ./Middlewares/MotorControl/ramp_ext_mngr.o
                0x0000000008005ecc                REMNG_Init
 .text.SPD_GetElAngle
                0x0000000008005edc        0x6 ./Middlewares/MotorControl/speed_pos_fdbk.o
                0x0000000008005edc                SPD_GetElAngle
 .text.SPD_GetAvrgMecSpeedUnit
                0x0000000008005ee2        0x6 ./Middlewares/MotorControl/speed_pos_fdbk.o
                0x0000000008005ee2                SPD_GetAvrgMecSpeedUnit
 .text.SPD_GetInstElSpeedDpp
                0x0000000008005ee8        0x6 ./Middlewares/MotorControl/speed_pos_fdbk.o
                0x0000000008005ee8                SPD_GetInstElSpeedDpp
 .text.SPD_IsMecSpeedReliable
                0x0000000008005eee       0x58 ./Middlewares/MotorControl/speed_pos_fdbk.o
                0x0000000008005eee                SPD_IsMecSpeedReliable
 .text.STC_Init
                0x0000000008005f46       0x26 ./Middlewares/MotorControl/speed_torq_ctrl.o
                0x0000000008005f46                STC_Init
 .text.STC_GetSpeedSensor
                0x0000000008005f6c        0x4 ./Middlewares/MotorControl/speed_torq_ctrl.o
                0x0000000008005f6c                STC_GetSpeedSensor
 .text.STC_Clear
                0x0000000008005f70       0x12 ./Middlewares/MotorControl/speed_torq_ctrl.o
                0x0000000008005f70                STC_Clear
 .text.STC_GetMecSpeedRefUnit
                0x0000000008005f82        0x6 ./Middlewares/MotorControl/speed_torq_ctrl.o
                0x0000000008005f82                STC_GetMecSpeedRefUnit
 .text.STC_GetTorqueRef
                0x0000000008005f88        0x6 ./Middlewares/MotorControl/speed_torq_ctrl.o
                0x0000000008005f88                STC_GetTorqueRef
 .text.STC_SetControlMode
                0x0000000008005f8e        0x8 ./Middlewares/MotorControl/speed_torq_ctrl.o
                0x0000000008005f8e                STC_SetControlMode
 .text.STC_ExecRamp
                0x0000000008005f96       0x7c ./Middlewares/MotorControl/speed_torq_ctrl.o
                0x0000000008005f96                STC_ExecRamp
 .text.STC_StopRamp
                0x0000000008006012        0x8 ./Middlewares/MotorControl/speed_torq_ctrl.o
                0x0000000008006012                STC_StopRamp
 .text.STC_CalcTorqueReference
                0x000000000800601a       0x4e ./Middlewares/MotorControl/speed_torq_ctrl.o
                0x000000000800601a                STC_CalcTorqueReference
 .text.STC_GetMecSpeedRefUnitDefault
                0x0000000008006068        0x6 ./Middlewares/MotorControl/speed_torq_ctrl.o
                0x0000000008006068                STC_GetMecSpeedRefUnitDefault
 .text.STC_GetDefaultIqdref
                0x000000000800606e       0x10 ./Middlewares/MotorControl/speed_torq_ctrl.o
                0x000000000800606e                STC_GetDefaultIqdref
 .text.STC_ForceSpeedReferenceToCurrentSpeed
                0x000000000800607e       0x10 ./Middlewares/MotorControl/speed_torq_ctrl.o
                0x000000000800607e                STC_ForceSpeedReferenceToCurrentSpeed
 .text.memset   0x000000000800608e       0x10 C:/ST/STM32CubeIDE_1.13.2/STM32CubeIDE/plugins/com.st.stm32cube.ide.mcu.externaltools.gnu-tools-for-stm32.11.3.rel1.win32_1.1.1.202309131626/tools/bin/../lib/gcc/arm-none-eabi/11.3.1/../../../../arm-none-eabi/lib/thumb/v6-m/nofp\libc_nano.a(libc_a-memset.o)
                0x000000000800608e                memset
 *fill*         0x000000000800609e        0x2 
 .text.__libc_init_array
                0x00000000080060a0       0x48 C:/ST/STM32CubeIDE_1.13.2/STM32CubeIDE/plugins/com.st.stm32cube.ide.mcu.externaltools.gnu-tools-for-stm32.11.3.rel1.win32_1.1.1.202309131626/tools/bin/../lib/gcc/arm-none-eabi/11.3.1/../../../../arm-none-eabi/lib/thumb/v6-m/nofp\libc_nano.a(libc_a-init.o)
                0x00000000080060a0                __libc_init_array
 .text.memcpy   0x00000000080060e8       0x12 C:/ST/STM32CubeIDE_1.13.2/STM32CubeIDE/plugins/com.st.stm32cube.ide.mcu.externaltools.gnu-tools-for-stm32.11.3.rel1.win32_1.1.1.202309131626/tools/bin/../lib/gcc/arm-none-eabi/11.3.1/../../../../arm-none-eabi/lib/thumb/v6-m/nofp\libc_nano.a(libc_a-memcpy-stub.o)
                0x00000000080060e8                memcpy
 *(.glue_7)
 .glue_7        0x00000000080060fa        0x0 linker stubs
 *(.glue_7t)
 .glue_7t       0x00000000080060fa        0x0 linker stubs
 *(.eh_frame)
 *fill*         0x00000000080060fa        0x2 
 .eh_frame      0x00000000080060fc        0x0 C:/ST/STM32CubeIDE_1.13.2/STM32CubeIDE/plugins/com.st.stm32cube.ide.mcu.externaltools.gnu-tools-for-stm32.11.3.rel1.win32_1.1.1.202309131626/tools/bin/../lib/gcc/arm-none-eabi/11.3.1/thumb/v6-m/nofp/crtbegin.o
 *(.init)
 .init          0x00000000080060fc        0x4 C:/ST/STM32CubeIDE_1.13.2/STM32CubeIDE/plugins/com.st.stm32cube.ide.mcu.externaltools.gnu-tools-for-stm32.11.3.rel1.win32_1.1.1.202309131626/tools/bin/../lib/gcc/arm-none-eabi/11.3.1/thumb/v6-m/nofp/crti.o
                0x00000000080060fc                _init
 .init          0x0000000008006100        0x8 C:/ST/STM32CubeIDE_1.13.2/STM32CubeIDE/plugins/com.st.stm32cube.ide.mcu.externaltools.gnu-tools-for-stm32.11.3.rel1.win32_1.1.1.202309131626/tools/bin/../lib/gcc/arm-none-eabi/11.3.1/thumb/v6-m/nofp/crtn.o
 *(.fini)
 .fini          0x0000000008006108        0x4 C:/ST/STM32CubeIDE_1.13.2/STM32CubeIDE/plugins/com.st.stm32cube.ide.mcu.externaltools.gnu-tools-for-stm32.11.3.rel1.win32_1.1.1.202309131626/tools/bin/../lib/gcc/arm-none-eabi/11.3.1/thumb/v6-m/nofp/crti.o
                0x0000000008006108                _fini
 .fini          0x000000000800610c        0x8 C:/ST/STM32CubeIDE_1.13.2/STM32CubeIDE/plugins/com.st.stm32cube.ide.mcu.externaltools.gnu-tools-for-stm32.11.3.rel1.win32_1.1.1.202309131626/tools/bin/../lib/gcc/arm-none-eabi/11.3.1/thumb/v6-m/nofp/crtn.o
                0x0000000008006114                . = ALIGN (0x4)
                0x0000000008006114                _etext = .

.vfp11_veneer   0x0000000008006114        0x0
 .vfp11_veneer  0x0000000008006114        0x0 linker stubs

.v4_bx          0x0000000008006114        0x0
 .v4_bx         0x0000000008006114        0x0 linker stubs

.iplt           0x0000000008006114        0x0
 .iplt          0x0000000008006114        0x0 C:/ST/STM32CubeIDE_1.13.2/STM32CubeIDE/plugins/com.st.stm32cube.ide.mcu.externaltools.gnu-tools-for-stm32.11.3.rel1.win32_1.1.1.202309131626/tools/bin/../lib/gcc/arm-none-eabi/11.3.1/thumb/v6-m/nofp/crtbegin.o

.rodata         0x0000000008006114      0xbbc
                0x0000000008006114                . = ALIGN (0x4)
 *(.rodata)
 *(.rodata*)
 .rodata.CRC4_Lookup4
                0x0000000008006114       0x10 ./Application/User/aspep.o
 .rodata.CRC4_Lookup8
                0x0000000008006124      0x100 ./Application/User/aspep.o
 .rodata.M1_ApplicationConfig_reg
                0x0000000008006224       0x10 ./Application/User/mc_configuration_registers.o
 .rodata.M1_FOCConfig_reg
                0x0000000008006234        0xe ./Application/User/mc_configuration_registers.o
 .rodata.globalConfig_reg
                0x0000000008006242        0xa ./Application/User/mc_configuration_registers.o
                0x0000000008006242                globalConfig_reg
 .rodata.MCM_Park.cst2
                0x000000000800624c        0x2 ./Application/User/mc_math.o
 .rodata.hSin_Cos_Table
                0x000000000800624e      0x200 ./Application/User/mc_math.o
                0x000000000800624e                hSin_Cos_Table
 *fill*         0x000000000800644e        0x2 
 .rodata.R1_ParamsM1
                0x0000000008006450       0x28 ./Application/User/mc_parameters.o
                0x0000000008006450                R1_ParamsM1
 .rodata.ALFLAG
                0x0000000008006478        0x3 ./Application/User/r1_ps_pwm_curr_fdbk.o
 .rodata.CHANNEL_OFFSET_TAB
                0x000000000800647b        0x5 ./Application/User/r1_ps_pwm_curr_fdbk.o
 .rodata.OFFSET_TAB_CCMRx
                0x0000000008006480        0x7 ./Application/User/r1_ps_pwm_curr_fdbk.o
 .rodata.SHIFT_TAB_OCxx
                0x0000000008006487        0x7 ./Application/User/r1_ps_pwm_curr_fdbk.o
 .rodata.CHANNEL_OFFSET_TAB
                0x000000000800648e        0x5 ./Application/User/usart_aspep_driver.o
 .rodata.AHBPrescTable
                0x0000000008006493       0x10 ./Drivers/CMSIS/system_stm32f0xx.o
                0x0000000008006493                AHBPrescTable
 .rodata.APBPrescTable
                0x00000000080064a3        0x8 ./Drivers/CMSIS/system_stm32f0xx.o
                0x00000000080064a3                APBPrescTable
 .rodata.aPLLMULFactorTable.1
                0x00000000080064ab       0x10 ./Drivers/STM32F0xx_HAL_Driver/stm32f0xx_hal_rcc.o
 .rodata.aPredivFactorTable.0
                0x00000000080064bb       0x10 ./Drivers/STM32F0xx_HAL_Driver/stm32f0xx_hal_rcc.o
 .rodata.CSWTCH.59
                0x00000000080064cb        0x3 ./Drivers/STM32F0xx_HAL_Driver/stm32f0xx_hal_uart.o
 .rodata.SqrtTable
                0x00000000080064ce      0x802 ./Middlewares/MotorControl/circle_limitation.o
                0x00000000080064ce                SqrtTable
                0x0000000008006cd0                . = ALIGN (0x4)

.rel.dyn        0x0000000008006cd0        0x0
 .rel.iplt      0x0000000008006cd0        0x0 C:/ST/STM32CubeIDE_1.13.2/STM32CubeIDE/plugins/com.st.stm32cube.ide.mcu.externaltools.gnu-tools-for-stm32.11.3.rel1.win32_1.1.1.202309131626/tools/bin/../lib/gcc/arm-none-eabi/11.3.1/thumb/v6-m/nofp/crtbegin.o

.ARM.extab      0x0000000008006cd0        0x0
                0x0000000008006cd0                . = ALIGN (0x4)
 *(.ARM.extab* .gnu.linkonce.armextab.*)
                0x0000000008006cd0                . = ALIGN (0x4)

.ARM            0x0000000008006cd0        0x0
                0x0000000008006cd0                . = ALIGN (0x4)
                0x0000000008006cd0                __exidx_start = .
 *(.ARM.exidx*)
                0x0000000008006cd0                __exidx_end = .
                0x0000000008006cd0                . = ALIGN (0x4)

.preinit_array  0x0000000008006cd0        0x0
                0x0000000008006cd0                . = ALIGN (0x4)
                0x0000000008006cd0                PROVIDE (__preinit_array_start = .)
 *(.preinit_array*)
                0x0000000008006cd0                PROVIDE (__preinit_array_end = .)
                0x0000000008006cd0                . = ALIGN (0x4)

.init_array     0x0000000008006cd0        0x4
                0x0000000008006cd0                . = ALIGN (0x4)
                0x0000000008006cd0                PROVIDE (__init_array_start = .)
 *(SORT_BY_NAME(.init_array.*))
 *(.init_array*)
 .init_array    0x0000000008006cd0        0x4 C:/ST/STM32CubeIDE_1.13.2/STM32CubeIDE/plugins/com.st.stm32cube.ide.mcu.externaltools.gnu-tools-for-stm32.11.3.rel1.win32_1.1.1.202309131626/tools/bin/../lib/gcc/arm-none-eabi/11.3.1/thumb/v6-m/nofp/crtbegin.o
                0x0000000008006cd4                PROVIDE (__init_array_end = .)
                0x0000000008006cd4                . = ALIGN (0x4)

.fini_array     0x0000000008006cd4        0x4
                0x0000000008006cd4                . = ALIGN (0x4)
                [!provide]                        PROVIDE (__fini_array_start = .)
 *(SORT_BY_NAME(.fini_array.*))
 *(.fini_array*)
 .fini_array    0x0000000008006cd4        0x4 C:/ST/STM32CubeIDE_1.13.2/STM32CubeIDE/plugins/com.st.stm32cube.ide.mcu.externaltools.gnu-tools-for-stm32.11.3.rel1.win32_1.1.1.202309131626/tools/bin/../lib/gcc/arm-none-eabi/11.3.1/thumb/v6-m/nofp/crtbegin.o
                [!provide]                        PROVIDE (__fini_array_end = .)
                0x0000000008006cd8                . = ALIGN (0x4)
                0x0000000008006cd8                _sidata = LOADADDR (.data)

.data           0x0000000020000000      0x380 load address 0x0000000008006cd8
                0x0000000020000000                . = ALIGN (0x4)
                0x0000000020000000                _sdata = .
 *(.data)
 *(.data*)
 .data.BusVoltageSensor_M1
                0x0000000020000000       0x1c ./Application/User/mc_config.o
                0x0000000020000000                BusVoltageSensor_M1
 .data.CircleLimitationM1
                0x000000002000001c        0x4 ./Application/User/mc_config.o
                0x000000002000001c                CircleLimitationM1
 .data.HALL_M1  0x0000000020000020       0xcc ./Application/User/mc_config.o
                0x0000000020000020                HALL_M1
 .data.PIDIdHandle_M1
                0x00000000200000ec       0x2c ./Application/User/mc_config.o
                0x00000000200000ec                PIDIdHandle_M1
 .data.PIDIqHandle_M1
                0x0000000020000118       0x2c ./Application/User/mc_config.o
                0x0000000020000118                PIDIqHandle_M1
 .data.PIDSpeedHandle_M1
                0x0000000020000144       0x2c ./Application/User/mc_config.o
                0x0000000020000144                PIDSpeedHandle_M1
 .data.PQD_MotorPowMeasM1
                0x0000000020000170       0x10 ./Application/User/mc_config.o
                0x0000000020000170                PQD_MotorPowMeasM1
 .data.PWM_Handle_M1
                0x0000000020000180       0xd0 ./Application/User/mc_config.o
                0x0000000020000180                PWM_Handle_M1
 .data.RampExtMngrHFParamsM1
                0x0000000020000250       0x18 ./Application/User/mc_config.o
                0x0000000020000250                RampExtMngrHFParamsM1
 .data.SpeednTorqCtrlM1
                0x0000000020000268       0x34 ./Application/User/mc_config.o
                0x0000000020000268                SpeednTorqCtrlM1
 .data.TempSensor_M1
                0x000000002000029c       0x1c ./Application/User/mc_config.o
                0x000000002000029c                TempSensor_M1
 .data.VbusRegConv_M1
                0x00000000200002b8       0x10 ./Application/User/mc_config.o
                0x00000000200002b8                VbusRegConv_M1
 .data.pMPM     0x00000000200002c8        0x4 ./Application/User/mc_config.o
                0x00000000200002c8                pMPM
 .data.pPIDId   0x00000000200002cc        0x4 ./Application/User/mc_config.o
                0x00000000200002cc                pPIDId
 .data.pPIDIq   0x00000000200002d0        0x4 ./Application/User/mc_config.o
                0x00000000200002d0                pPIDIq
 .data.pSTC     0x00000000200002d4        0x4 ./Application/User/mc_config.o
                0x00000000200002d4                pSTC
 .data.ApplicationConfig_reg
                0x00000000200002d8        0x4 ./Application/User/mc_configuration_registers.o
                0x00000000200002d8                ApplicationConfig_reg
 .data.FOCConfig_reg
                0x00000000200002dc        0x4 ./Application/User/mc_configuration_registers.o
                0x00000000200002dc                FOCConfig_reg
 .data.scaleParams_M1
                0x00000000200002e0       0x10 ./Application/User/mc_parameters.o
                0x00000000200002e0                scaleParams_M1
 .data.MCP_Over_UartA
                0x00000000200002f0       0x10 ./Application/User/mcp_config.o
                0x00000000200002f0                MCP_Over_UartA
 .data.UASPEP_A
                0x0000000020000300       0x14 ./Application/User/mcp_config.o
 .data.aspepOverUartA
                0x0000000020000314       0x5c ./Application/User/mcp_config.o
                0x0000000020000314                aspepOverUartA
 .data.SystickDividerCounter.0
                0x0000000020000370        0x1 ./Application/User/stm32f0xx_mc_it.o
 *fill*         0x0000000020000371        0x3 
 .data.SystemCoreClock
                0x0000000020000374        0x4 ./Drivers/CMSIS/system_stm32f0xx.o
                0x0000000020000374                SystemCoreClock
 .data.uwTickFreq
                0x0000000020000378        0x1 ./Drivers/STM32F0xx_HAL_Driver/stm32f0xx_hal.o
                0x0000000020000378                uwTickFreq
 *fill*         0x0000000020000379        0x3 
 .data.uwTickPrio
                0x000000002000037c        0x4 ./Drivers/STM32F0xx_HAL_Driver/stm32f0xx_hal.o
                0x000000002000037c                uwTickPrio
 *(.RamFunc)
 *(.RamFunc*)
                0x0000000020000380                . = ALIGN (0x4)
                0x0000000020000380                _edata = .

.igot.plt       0x0000000020000380        0x0 load address 0x0000000008007058
 .igot.plt      0x0000000020000380        0x0 C:/ST/STM32CubeIDE_1.13.2/STM32CubeIDE/plugins/com.st.stm32cube.ide.mcu.externaltools.gnu-tools-for-stm32.11.3.rel1.win32_1.1.1.202309131626/tools/bin/../lib/gcc/arm-none-eabi/11.3.1/thumb/v6-m/nofp/crtbegin.o
                0x0000000020000380                . = ALIGN (0x4)

.bss            0x0000000020000380      0x4a8 load address 0x0000000008007058
                0x0000000020000380                _sbss = .
                0x0000000020000380                __bss_start__ = _sbss
 *(.bss)
 .bss           0x0000000020000380       0x1c C:/ST/STM32CubeIDE_1.13.2/STM32CubeIDE/plugins/com.st.stm32cube.ide.mcu.externaltools.gnu-tools-for-stm32.11.3.rel1.win32_1.1.1.202309131626/tools/bin/../lib/gcc/arm-none-eabi/11.3.1/thumb/v6-m/nofp/crtbegin.o
 *(.bss*)
 .bss.hadc      0x000000002000039c       0x40 ./Application/User/main.o
                0x000000002000039c                hadc
 .bss.hdma_adc  0x00000000200003dc       0x44 ./Application/User/main.o
                0x00000000200003dc                hdma_adc
 .bss.hdma_tim1_ch3_up
                0x0000000020000420       0x44 ./Application/User/main.o
                0x0000000020000420                hdma_tim1_ch3_up
 .bss.hdma_tim1_ch4_trig_com
                0x0000000020000464       0x44 ./Application/User/main.o
                0x0000000020000464                hdma_tim1_ch4_trig_com
 .bss.hdma_usart1_rx
                0x00000000200004a8       0x44 ./Application/User/main.o
                0x00000000200004a8                hdma_usart1_rx
 .bss.hdma_usart1_tx
                0x00000000200004ec       0x44 ./Application/User/main.o
                0x00000000200004ec                hdma_usart1_tx
 .bss.htim1     0x0000000020000530       0x48 ./Application/User/main.o
                0x0000000020000530                htim1
 .bss.htim2     0x0000000020000578       0x48 ./Application/User/main.o
                0x0000000020000578                htim2
 .bss.huart1    0x00000000200005c0       0x88 ./Application/User/main.o
                0x00000000200005c0                huart1
 .bss.Mci       0x0000000020000648       0x28 ./Application/User/mc_config.o
                0x0000000020000648                Mci
 .bss.RealBusVoltageSensorFilterBufferM1
                0x0000000020000670       0x14 ./Application/User/mc_config.o
 .bss.FOCVars   0x0000000020000684       0x26 ./Application/User/mc_tasks.o
 .bss.bMCBootCompleted
                0x00000000200006aa        0x1 ./Application/User/mc_tasks.o
 *fill*         0x00000000200006ab        0x1 
 .bss.hBootCapDelayCounterM1
                0x00000000200006ac        0x2 ./Application/User/mc_tasks.o
 .bss.hMFTaskCounterM1
                0x00000000200006ae        0x2 ./Application/User/mc_tasks.o
 .bss.hStopPermanencyCounterM1
                0x00000000200006b0        0x2 ./Application/User/mc_tasks.o
 *fill*         0x00000000200006b2        0x2 
 .bss.pwmcHandle
                0x00000000200006b4        0x4 ./Application/User/mc_tasks.o
 .bss.MCPSyncRXBuff
                0x00000000200006b8       0x82 ./Application/User/mcp_config.o
 *fill*         0x000000002000073a        0x2 
 .bss.MCPSyncTxBuff
                0x000000002000073c       0x86 ./Application/User/mcp_config.o
 *fill*         0x00000000200007c2        0x2 
 .bss.MCP_UserCallBack
                0x00000000200007c4        0x8 ./Application/User/mcp_config.o
                0x00000000200007c4                MCP_UserCallBack
 .bss.pMCI      0x00000000200007cc        0x4 ./Application/User/motorcontrol.o
                0x00000000200007cc                pMCI
 .bss.RCM_CB_array
                0x00000000200007d0       0x20 ./Application/User/regular_conversion_manager.o
 .bss.RCM_NoInj_array
                0x00000000200007f0       0x18 ./Application/User/regular_conversion_manager.o
 .bss.RCM_UserConvHandle
                0x0000000020000808        0x4 ./Application/User/regular_conversion_manager.o
 .bss.RCM_UserConvState
                0x000000002000080c        0x1 ./Application/User/regular_conversion_manager.o
 *fill*         0x000000002000080d        0x1 
 .bss.RCM_UserConvValue
                0x000000002000080e        0x2 ./Application/User/regular_conversion_manager.o
 .bss.RCM_currentHandle
                0x0000000020000810        0x1 ./Application/User/regular_conversion_manager.o
 *fill*         0x0000000020000811        0x3 
 .bss.RCM_handle_array
                0x0000000020000814       0x10 ./Application/User/regular_conversion_manager.o
 .bss.uwTick    0x0000000020000824        0x4 ./Drivers/STM32F0xx_HAL_Driver/stm32f0xx_hal.o
                0x0000000020000824                uwTick
 *(COMMON)
                0x0000000020000828                . = ALIGN (0x4)
                0x0000000020000828                _ebss = .
                0x0000000020000828                __bss_end__ = _ebss

._user_heap_stack
                0x0000000020000828      0x480 load address 0x0000000008007058
                0x0000000020000828                . = ALIGN (0x8)
                [!provide]                        PROVIDE (end = .)
                0x0000000020000828                PROVIDE (_end = .)
                0x00000000200008a8                . = (. + _Min_Heap_Size)
 *fill*         0x0000000020000828       0x80 
                0x0000000020000ca8                . = (. + _Min_Stack_Size)
 *fill*         0x00000000200008a8      0x400 
                0x0000000020000ca8                . = ALIGN (0x8)

/DISCARD/
 libc.a(*)
 libm.a(*)
 libgcc.a(*)

.ARM.attributes
                0x0000000000000000       0x28
 *(.ARM.attributes)
 .ARM.attributes
                0x0000000000000000       0x1e C:/ST/STM32CubeIDE_1.13.2/STM32CubeIDE/plugins/com.st.stm32cube.ide.mcu.externaltools.gnu-tools-for-stm32.11.3.rel1.win32_1.1.1.202309131626/tools/bin/../lib/gcc/arm-none-eabi/11.3.1/thumb/v6-m/nofp/crti.o
 .ARM.attributes
                0x000000000000001e       0x2c C:/ST/STM32CubeIDE_1.13.2/STM32CubeIDE/plugins/com.st.stm32cube.ide.mcu.externaltools.gnu-tools-for-stm32.11.3.rel1.win32_1.1.1.202309131626/tools/bin/../lib/gcc/arm-none-eabi/11.3.1/thumb/v6-m/nofp/crtbegin.o
 .ARM.attributes
                0x000000000000004a       0x21 ./Application/Startup/startup_stm32f031c6tx.o
 .ARM.attributes
                0x000000000000006b       0x2c ./Application/User/aspep.o
 .ARM.attributes
                0x0000000000000097       0x2c ./Application/User/hall_speed_pos_fdbk.o
 .ARM.attributes
                0x00000000000000c3       0x2c ./Application/User/main.o
 .ARM.attributes
                0x00000000000000ef       0x2c ./Application/User/mc_api.o
 .ARM.attributes
                0x000000000000011b       0x2c ./Application/User/mc_app_hooks.o
 .ARM.attributes
                0x0000000000000147       0x2c ./Application/User/mc_config.o
 .ARM.attributes
                0x0000000000000173       0x2c ./Application/User/mc_configuration_registers.o
 .ARM.attributes
                0x000000000000019f       0x2c ./Application/User/mc_interface.o
 .ARM.attributes
                0x00000000000001cb       0x2c ./Application/User/mc_math.o
 .ARM.attributes
                0x00000000000001f7       0x2c ./Application/User/mc_parameters.o
 .ARM.attributes
                0x0000000000000223       0x2c ./Application/User/mc_tasks.o
 .ARM.attributes
                0x000000000000024f       0x2c ./Application/User/mcp.o
 .ARM.attributes
                0x000000000000027b       0x2c ./Application/User/mcp_config.o
 .ARM.attributes
                0x00000000000002a7       0x2c ./Application/User/motorcontrol.o
 .ARM.attributes
                0x00000000000002d3       0x2c ./Application/User/pwm_curr_fdbk.o
 .ARM.attributes
                0x00000000000002ff       0x2c ./Application/User/r1_ps_pwm_curr_fdbk.o
 .ARM.attributes
                0x000000000000032b       0x2c ./Application/User/register_interface.o
 .ARM.attributes
                0x0000000000000357       0x2c ./Application/User/regular_conversion_manager.o
 .ARM.attributes
                0x0000000000000383       0x2c ./Application/User/stm32f0xx_hal_msp.o
 .ARM.attributes
                0x00000000000003af       0x2c ./Application/User/stm32f0xx_it.o
 .ARM.attributes
                0x00000000000003db       0x2c ./Application/User/stm32f0xx_mc_it.o
 .ARM.attributes
                0x0000000000000407       0x2c ./Application/User/usart_aspep_driver.o
 .ARM.attributes
                0x0000000000000433       0x2c ./Drivers/CMSIS/system_stm32f0xx.o
 .ARM.attributes
                0x000000000000045f       0x2c ./Drivers/STM32F0xx_HAL_Driver/stm32f0xx_hal.o
 .ARM.attributes
                0x000000000000048b       0x2c ./Drivers/STM32F0xx_HAL_Driver/stm32f0xx_hal_adc.o
 .ARM.attributes
                0x00000000000004b7       0x2c ./Drivers/STM32F0xx_HAL_Driver/stm32f0xx_hal_cortex.o
 .ARM.attributes
                0x00000000000004e3       0x2c ./Drivers/STM32F0xx_HAL_Driver/stm32f0xx_hal_dma.o
 .ARM.attributes
                0x000000000000050f       0x2c ./Drivers/STM32F0xx_HAL_Driver/stm32f0xx_hal_gpio.o
 .ARM.attributes
                0x000000000000053b       0x2c ./Drivers/STM32F0xx_HAL_Driver/stm32f0xx_hal_rcc.o
 .ARM.attributes
                0x0000000000000567       0x2c ./Drivers/STM32F0xx_HAL_Driver/stm32f0xx_hal_rcc_ex.o
 .ARM.attributes
                0x0000000000000593       0x2c ./Drivers/STM32F0xx_HAL_Driver/stm32f0xx_hal_tim.o
 .ARM.attributes
                0x00000000000005bf       0x2c ./Drivers/STM32F0xx_HAL_Driver/stm32f0xx_hal_tim_ex.o
 .ARM.attributes
                0x00000000000005eb       0x2c ./Drivers/STM32F0xx_HAL_Driver/stm32f0xx_hal_uart.o
 .ARM.attributes
                0x0000000000000617       0x2c ./Middlewares/MotorControl/bus_voltage_sensor.o
 .ARM.attributes
                0x0000000000000643       0x2c ./Middlewares/MotorControl/circle_limitation.o
 .ARM.attributes
                0x000000000000066f       0x2c ./Middlewares/MotorControl/ntc_temperature_sensor.o
 .ARM.attributes
                0x000000000000069b       0x2c ./Middlewares/MotorControl/pid_regulator.o
 .ARM.attributes
                0x00000000000006c7       0x2c ./Middlewares/MotorControl/pqd_motor_power_measurement.o
 .ARM.attributes
                0x00000000000006f3       0x2c ./Middlewares/MotorControl/pwm_common.o
 .ARM.attributes
                0x000000000000071f       0x2c ./Middlewares/MotorControl/r_divider_bus_voltage_sensor.o
 .ARM.attributes
                0x000000000000074b       0x2c ./Middlewares/MotorControl/ramp_ext_mngr.o
 .ARM.attributes
                0x0000000000000777       0x2c ./Middlewares/MotorControl/speed_pos_fdbk.o
 .ARM.attributes
                0x00000000000007a3       0x2c ./Middlewares/MotorControl/speed_torq_ctrl.o
 .ARM.attributes
                0x00000000000007cf       0x2c C:/ST/STM32CubeIDE_1.13.2/STM32CubeIDE/plugins/com.st.stm32cube.ide.mcu.externaltools.gnu-tools-for-stm32.11.3.rel1.win32_1.1.1.202309131626/tools/bin/../lib/gcc/arm-none-eabi/11.3.1/../../../../arm-none-eabi/lib/thumb/v6-m/nofp\libc_nano.a(libc_a-memset.o)
 .ARM.attributes
                0x00000000000007fb       0x2c C:/ST/STM32CubeIDE_1.13.2/STM32CubeIDE/plugins/com.st.stm32cube.ide.mcu.externaltools.gnu-tools-for-stm32.11.3.rel1.win32_1.1.1.202309131626/tools/bin/../lib/gcc/arm-none-eabi/11.3.1/../../../../arm-none-eabi/lib/thumb/v6-m/nofp\libc_nano.a(libc_a-init.o)
 .ARM.attributes
                0x0000000000000827       0x2c C:/ST/STM32CubeIDE_1.13.2/STM32CubeIDE/plugins/com.st.stm32cube.ide.mcu.externaltools.gnu-tools-for-stm32.11.3.rel1.win32_1.1.1.202309131626/tools/bin/../lib/gcc/arm-none-eabi/11.3.1/../../../../arm-none-eabi/lib/thumb/v6-m/nofp\libc_nano.a(libc_a-memcpy-stub.o)
 .ARM.attributes
                0x0000000000000853       0x1e C:/ST/STM32CubeIDE_1.13.2/STM32CubeIDE/plugins/com.st.stm32cube.ide.mcu.externaltools.gnu-tools-for-stm32.11.3.rel1.win32_1.1.1.202309131626/tools/bin/../lib/gcc/arm-none-eabi/11.3.1/thumb/v6-m/nofp\libgcc.a(_thumb1_case_sqi.o)
 .ARM.attributes
                0x0000000000000871       0x1e C:/ST/STM32CubeIDE_1.13.2/STM32CubeIDE/plugins/com.st.stm32cube.ide.mcu.externaltools.gnu-tools-for-stm32.11.3.rel1.win32_1.1.1.202309131626/tools/bin/../lib/gcc/arm-none-eabi/11.3.1/thumb/v6-m/nofp\libgcc.a(_thumb1_case_uqi.o)
 .ARM.attributes
                0x000000000000088f       0x1e C:/ST/STM32CubeIDE_1.13.2/STM32CubeIDE/plugins/com.st.stm32cube.ide.mcu.externaltools.gnu-tools-for-stm32.11.3.rel1.win32_1.1.1.202309131626/tools/bin/../lib/gcc/arm-none-eabi/11.3.1/thumb/v6-m/nofp\libgcc.a(_udivsi3.o)
 .ARM.attributes
                0x00000000000008ad       0x1e C:/ST/STM32CubeIDE_1.13.2/STM32CubeIDE/plugins/com.st.stm32cube.ide.mcu.externaltools.gnu-tools-for-stm32.11.3.rel1.win32_1.1.1.202309131626/tools/bin/../lib/gcc/arm-none-eabi/11.3.1/thumb/v6-m/nofp\libgcc.a(_divsi3.o)
 .ARM.attributes
                0x00000000000008cb       0x1e C:/ST/STM32CubeIDE_1.13.2/STM32CubeIDE/plugins/com.st.stm32cube.ide.mcu.externaltools.gnu-tools-for-stm32.11.3.rel1.win32_1.1.1.202309131626/tools/bin/../lib/gcc/arm-none-eabi/11.3.1/thumb/v6-m/nofp\libgcc.a(_dvmd_tls.o)
 .ARM.attributes
                0x00000000000008e9       0x2c C:/ST/STM32CubeIDE_1.13.2/STM32CubeIDE/plugins/com.st.stm32cube.ide.mcu.externaltools.gnu-tools-for-stm32.11.3.rel1.win32_1.1.1.202309131626/tools/bin/../lib/gcc/arm-none-eabi/11.3.1/thumb/v6-m/nofp\libgcc.a(mulsf3.o)
 .ARM.attributes
                0x0000000000000915       0x2c C:/ST/STM32CubeIDE_1.13.2/STM32CubeIDE/plugins/com.st.stm32cube.ide.mcu.externaltools.gnu-tools-for-stm32.11.3.rel1.win32_1.1.1.202309131626/tools/bin/../lib/gcc/arm-none-eabi/11.3.1/thumb/v6-m/nofp\libgcc.a(floatsisf.o)
 .ARM.attributes
                0x0000000000000941       0x2c C:/ST/STM32CubeIDE_1.13.2/STM32CubeIDE/plugins/com.st.stm32cube.ide.mcu.externaltools.gnu-tools-for-stm32.11.3.rel1.win32_1.1.1.202309131626/tools/bin/../lib/gcc/arm-none-eabi/11.3.1/thumb/v6-m/nofp\libgcc.a(floatunsisf.o)
 .ARM.attributes
                0x000000000000096d       0x1e C:/ST/STM32CubeIDE_1.13.2/STM32CubeIDE/plugins/com.st.stm32cube.ide.mcu.externaltools.gnu-tools-for-stm32.11.3.rel1.win32_1.1.1.202309131626/tools/bin/../lib/gcc/arm-none-eabi/11.3.1/thumb/v6-m/nofp\libgcc.a(_clzsi2.o)
 .ARM.attributes
                0x000000000000098b       0x1e C:/ST/STM32CubeIDE_1.13.2/STM32CubeIDE/plugins/com.st.stm32cube.ide.mcu.externaltools.gnu-tools-for-stm32.11.3.rel1.win32_1.1.1.202309131626/tools/bin/../lib/gcc/arm-none-eabi/11.3.1/thumb/v6-m/nofp/crtn.o
OUTPUT(MDv6_wheel_hall_Mar22.elf elf32-littlearm)
LOAD linker stubs
LOAD C:/ST/STM32CubeIDE_1.13.2/STM32CubeIDE/plugins/com.st.stm32cube.ide.mcu.externaltools.gnu-tools-for-stm32.11.3.rel1.win32_1.1.1.202309131626/tools/bin/../lib/gcc/arm-none-eabi/11.3.1/../../../../arm-none-eabi/lib/thumb/v6-m/nofp\libc.a
LOAD C:/ST/STM32CubeIDE_1.13.2/STM32CubeIDE/plugins/com.st.stm32cube.ide.mcu.externaltools.gnu-tools-for-stm32.11.3.rel1.win32_1.1.1.202309131626/tools/bin/../lib/gcc/arm-none-eabi/11.3.1/../../../../arm-none-eabi/lib/thumb/v6-m/nofp\libm.a
LOAD C:/ST/STM32CubeIDE_1.13.2/STM32CubeIDE/plugins/com.st.stm32cube.ide.mcu.externaltools.gnu-tools-for-stm32.11.3.rel1.win32_1.1.1.202309131626/tools/bin/../lib/gcc/arm-none-eabi/11.3.1/thumb/v6-m/nofp\libgcc.a

.comment        0x0000000000000000       0x43
 .comment       0x0000000000000000       0x43 C:/ST/STM32CubeIDE_1.13.2/STM32CubeIDE/plugins/com.st.stm32cube.ide.mcu.externaltools.gnu-tools-for-stm32.11.3.rel1.win32_1.1.1.202309131626/tools/bin/../lib/gcc/arm-none-eabi/11.3.1/thumb/v6-m/nofp/crtbegin.o
                                         0x44 (size before relaxing)
 .comment       0x0000000000000043       0x44 ./Application/User/aspep.o
 .comment       0x0000000000000043       0x44 ./Application/User/hall_speed_pos_fdbk.o
 .comment       0x0000000000000043       0x44 ./Application/User/main.o
 .comment       0x0000000000000043       0x44 ./Application/User/mc_api.o
 .comment       0x0000000000000043       0x44 ./Application/User/mc_app_hooks.o
 .comment       0x0000000000000043       0x44 ./Application/User/mc_config.o
 .comment       0x0000000000000043       0x44 ./Application/User/mc_configuration_registers.o
 .comment       0x0000000000000043       0x44 ./Application/User/mc_interface.o
 .comment       0x0000000000000043       0x44 ./Application/User/mc_math.o
 .comment       0x0000000000000043       0x44 ./Application/User/mc_parameters.o
 .comment       0x0000000000000043       0x44 ./Application/User/mc_tasks.o
 .comment       0x0000000000000043       0x44 ./Application/User/mcp.o
 .comment       0x0000000000000043       0x44 ./Application/User/mcp_config.o
 .comment       0x0000000000000043       0x44 ./Application/User/motorcontrol.o
 .comment       0x0000000000000043       0x44 ./Application/User/pwm_curr_fdbk.o
 .comment       0x0000000000000043       0x44 ./Application/User/r1_ps_pwm_curr_fdbk.o
 .comment       0x0000000000000043       0x44 ./Application/User/register_interface.o
 .comment       0x0000000000000043       0x44 ./Application/User/regular_conversion_manager.o
 .comment       0x0000000000000043       0x44 ./Application/User/stm32f0xx_hal_msp.o
 .comment       0x0000000000000043       0x44 ./Application/User/stm32f0xx_it.o
 .comment       0x0000000000000043       0x44 ./Application/User/stm32f0xx_mc_it.o
 .comment       0x0000000000000043       0x44 ./Application/User/usart_aspep_driver.o
 .comment       0x0000000000000043       0x44 ./Drivers/CMSIS/system_stm32f0xx.o
 .comment       0x0000000000000043       0x44 ./Drivers/STM32F0xx_HAL_Driver/stm32f0xx_hal.o
 .comment       0x0000000000000043       0x44 ./Drivers/STM32F0xx_HAL_Driver/stm32f0xx_hal_adc.o
 .comment       0x0000000000000043       0x44 ./Drivers/STM32F0xx_HAL_Driver/stm32f0xx_hal_cortex.o
 .comment       0x0000000000000043       0x44 ./Drivers/STM32F0xx_HAL_Driver/stm32f0xx_hal_dma.o
 .comment       0x0000000000000043       0x44 ./Drivers/STM32F0xx_HAL_Driver/stm32f0xx_hal_gpio.o
 .comment       0x0000000000000043       0x44 ./Drivers/STM32F0xx_HAL_Driver/stm32f0xx_hal_rcc.o
 .comment       0x0000000000000043       0x44 ./Drivers/STM32F0xx_HAL_Driver/stm32f0xx_hal_rcc_ex.o
 .comment       0x0000000000000043       0x44 ./Drivers/STM32F0xx_HAL_Driver/stm32f0xx_hal_tim.o
 .comment       0x0000000000000043       0x44 ./Drivers/STM32F0xx_HAL_Driver/stm32f0xx_hal_tim_ex.o
 .comment       0x0000000000000043       0x44 ./Drivers/STM32F0xx_HAL_Driver/stm32f0xx_hal_uart.o
 .comment       0x0000000000000043       0x44 ./Middlewares/MotorControl/bus_voltage_sensor.o
 .comment       0x0000000000000043       0x44 ./Middlewares/MotorControl/circle_limitation.o
 .comment       0x0000000000000043       0x44 ./Middlewares/MotorControl/ntc_temperature_sensor.o
 .comment       0x0000000000000043       0x44 ./Middlewares/MotorControl/pid_regulator.o
 .comment       0x0000000000000043       0x44 ./Middlewares/MotorControl/pqd_motor_power_measurement.o
 .comment       0x0000000000000043       0x44 ./Middlewares/MotorControl/pwm_common.o
 .comment       0x0000000000000043       0x44 ./Middlewares/MotorControl/r_divider_bus_voltage_sensor.o
 .comment       0x0000000000000043       0x44 ./Middlewares/MotorControl/ramp_ext_mngr.o
 .comment       0x0000000000000043       0x44 ./Middlewares/MotorControl/speed_pos_fdbk.o
 .comment       0x0000000000000043       0x44 ./Middlewares/MotorControl/speed_torq_ctrl.o

.debug_line     0x0000000000000000    0x3028d
 .debug_line    0x0000000000000000       0x7b ./Application/Startup/startup_stm32f031c6tx.o
 .debug_line    0x000000000000007b     0x11d3 ./Application/User/aspep.o
 .debug_line    0x000000000000124e     0x1658 ./Application/User/hall_speed_pos_fdbk.o
 .debug_line    0x00000000000028a6     0x1393 ./Application/User/main.o
 .debug_line    0x0000000000003c39     0x1174 ./Application/User/mc_api.o
 .debug_line    0x0000000000004dad      0x8e2 ./Application/User/mc_app_hooks.o
 .debug_line    0x000000000000568f      0xba7 ./Application/User/mc_config.o
 .debug_line    0x0000000000006236      0xa71 ./Application/User/mc_configuration_registers.o
 .debug_line    0x0000000000006ca7     0x1820 ./Application/User/mc_interface.o
 .debug_line    0x00000000000084c7      0xbc6 ./Application/User/mc_math.o
 .debug_line    0x000000000000908d      0xb98 ./Application/User/mc_parameters.o
 .debug_line    0x0000000000009c25     0x1335 ./Application/User/mc_tasks.o
 .debug_line    0x000000000000af5a     0x1038 ./Application/User/mcp.o
 .debug_line    0x000000000000bf92      0x9cf ./Application/User/mcp_config.o
 .debug_line    0x000000000000c961      0xbe5 ./Application/User/motorcontrol.o
 .debug_line    0x000000000000d546     0x1389 ./Application/User/pwm_curr_fdbk.o
 .debug_line    0x000000000000e8cf     0x2660 ./Application/User/r1_ps_pwm_curr_fdbk.o
 .debug_line    0x0000000000010f2f     0x13d3 ./Application/User/register_interface.o
 .debug_line    0x0000000000012302     0x1230 ./Application/User/regular_conversion_manager.o
 .debug_line    0x0000000000013532     0x1146 ./Application/User/stm32f0xx_hal_msp.o
 .debug_line    0x0000000000014678      0xbe1 ./Application/User/stm32f0xx_it.o
 .debug_line    0x0000000000015259     0x11e7 ./Application/User/stm32f0xx_mc_it.o
 .debug_line    0x0000000000016440      0xd69 ./Application/User/usart_aspep_driver.o
 .debug_line    0x00000000000171a9      0x863 ./Drivers/CMSIS/system_stm32f0xx.o
 .debug_line    0x0000000000017a0c      0xb4a ./Drivers/STM32F0xx_HAL_Driver/stm32f0xx_hal.o
 .debug_line    0x0000000000018556     0x15f6 ./Drivers/STM32F0xx_HAL_Driver/stm32f0xx_hal_adc.o
 .debug_line    0x0000000000019b4c      0xb87 ./Drivers/STM32F0xx_HAL_Driver/stm32f0xx_hal_cortex.o
 .debug_line    0x000000000001a6d3     0x10d8 ./Drivers/STM32F0xx_HAL_Driver/stm32f0xx_hal_dma.o
 .debug_line    0x000000000001b7ab      0xcab ./Drivers/STM32F0xx_HAL_Driver/stm32f0xx_hal_gpio.o
 .debug_line    0x000000000001c456     0x1283 ./Drivers/STM32F0xx_HAL_Driver/stm32f0xx_hal_rcc.o
 .debug_line    0x000000000001d6d9      0xa82 ./Drivers/STM32F0xx_HAL_Driver/stm32f0xx_hal_rcc_ex.o
 .debug_line    0x000000000001e15b     0x4cba ./Drivers/STM32F0xx_HAL_Driver/stm32f0xx_hal_tim.o
 .debug_line    0x0000000000022e15     0x1db4 ./Drivers/STM32F0xx_HAL_Driver/stm32f0xx_hal_tim_ex.o
 .debug_line    0x0000000000024bc9     0x4327 ./Drivers/STM32F0xx_HAL_Driver/stm32f0xx_hal_uart.o
 .debug_line    0x0000000000028ef0      0x9dc ./Middlewares/MotorControl/bus_voltage_sensor.o
 .debug_line    0x00000000000298cc      0xa28 ./Middlewares/MotorControl/circle_limitation.o
 .debug_line    0x000000000002a2f4      0xb1a ./Middlewares/MotorControl/ntc_temperature_sensor.o
 .debug_line    0x000000000002ae0e      0xdf8 ./Middlewares/MotorControl/pid_regulator.o
 .debug_line    0x000000000002bc06      0xa2d ./Middlewares/MotorControl/pqd_motor_power_measurement.o
 .debug_line    0x000000000002c633      0xb2c ./Middlewares/MotorControl/pwm_common.o
 .debug_line    0x000000000002d15f      0xbac ./Middlewares/MotorControl/r_divider_bus_voltage_sensor.o
 .debug_line    0x000000000002dd0b      0xbfe ./Middlewares/MotorControl/ramp_ext_mngr.o
 .debug_line    0x000000000002e909      0xb54 ./Middlewares/MotorControl/speed_pos_fdbk.o
 .debug_line    0x000000000002f45d      0xe30 ./Middlewares/MotorControl/speed_torq_ctrl.o

.debug_line_str
                0x0000000000000000       0x81
 .debug_line_str
                0x0000000000000000       0x81 ./Application/Startup/startup_stm32f031c6tx.o
                                         0x99 (size before relaxing)

.debug_info     0x0000000000000000    0x2dd8b
 .debug_info    0x0000000000000000       0x23 ./Application/Startup/startup_stm32f031c6tx.o
 .debug_info    0x0000000000000023      0xd31 ./Application/User/aspep.o
 .debug_info    0x0000000000000d54     0x1353 ./Application/User/hall_speed_pos_fdbk.o
 .debug_info    0x00000000000020a7     0x205f ./Application/User/main.o
 .debug_info    0x0000000000004106     0x1a7e ./Application/User/mc_api.o
 .debug_info    0x0000000000005b84      0x156 ./Application/User/mc_app_hooks.o
 .debug_info    0x0000000000005cda     0x1a88 ./Application/User/mc_config.o
 .debug_info    0x0000000000007762      0x500 ./Application/User/mc_configuration_registers.o
 .debug_info    0x0000000000007c62     0x20ac ./Application/User/mc_interface.o
 .debug_info    0x0000000000009d0e      0x5ca ./Application/User/mc_math.o
 .debug_info    0x000000000000a2d8      0x4d1 ./Application/User/mc_parameters.o
 .debug_info    0x000000000000a7a9     0x2e1c ./Application/User/mc_tasks.o
 .debug_info    0x000000000000d5c5     0x154a ./Application/User/mcp.o
 .debug_info    0x000000000000eb0f      0x8ad ./Application/User/mcp_config.o
 .debug_info    0x000000000000f3bc      0xf74 ./Application/User/motorcontrol.o
 .debug_info    0x0000000000010330     0x1419 ./Application/User/pwm_curr_fdbk.o
 .debug_info    0x0000000000011749     0x3485 ./Application/User/r1_ps_pwm_curr_fdbk.o
 .debug_info    0x0000000000014bce     0x1b95 ./Application/User/register_interface.o
 .debug_info    0x0000000000016763     0x1551 ./Application/User/regular_conversion_manager.o
 .debug_info    0x0000000000017cb4     0x15a6 ./Application/User/stm32f0xx_hal_msp.o
 .debug_info    0x000000000001925a      0x15d ./Application/User/stm32f0xx_it.o
 .debug_info    0x00000000000193b7     0x20c8 ./Application/User/stm32f0xx_mc_it.o
 .debug_info    0x000000000001b47f      0xd30 ./Application/User/usart_aspep_driver.o
 .debug_info    0x000000000001c1af      0x268 ./Drivers/CMSIS/system_stm32f0xx.o
 .debug_info    0x000000000001c417      0x742 ./Drivers/STM32F0xx_HAL_Driver/stm32f0xx_hal.o
 .debug_info    0x000000000001cb59      0xf8f ./Drivers/STM32F0xx_HAL_Driver/stm32f0xx_hal_adc.o
 .debug_info    0x000000000001dae8      0x80f ./Drivers/STM32F0xx_HAL_Driver/stm32f0xx_hal_cortex.o
 .debug_info    0x000000000001e2f7      0x86a ./Drivers/STM32F0xx_HAL_Driver/stm32f0xx_hal_dma.o
 .debug_info    0x000000000001eb61      0x600 ./Drivers/STM32F0xx_HAL_Driver/stm32f0xx_hal_gpio.o
 .debug_info    0x000000000001f161      0xa52 ./Drivers/STM32F0xx_HAL_Driver/stm32f0xx_hal_rcc.o
 .debug_info    0x000000000001fbb3      0x3b8 ./Drivers/STM32F0xx_HAL_Driver/stm32f0xx_hal_rcc_ex.o
 .debug_info    0x000000000001ff6b     0x405d ./Drivers/STM32F0xx_HAL_Driver/stm32f0xx_hal_tim.o
 .debug_info    0x0000000000023fc8     0x18aa ./Drivers/STM32F0xx_HAL_Driver/stm32f0xx_hal_tim_ex.o
 .debug_info    0x0000000000025872     0x4e52 ./Drivers/STM32F0xx_HAL_Driver/stm32f0xx_hal_uart.o
 .debug_info    0x000000000002a6c4      0x2ac ./Middlewares/MotorControl/bus_voltage_sensor.o
 .debug_info    0x000000000002a970      0x307 ./Middlewares/MotorControl/circle_limitation.o
 .debug_info    0x000000000002ac77      0x46c ./Middlewares/MotorControl/ntc_temperature_sensor.o
 .debug_info    0x000000000002b0e3      0x8e0 ./Middlewares/MotorControl/pid_regulator.o
 .debug_info    0x000000000002b9c3      0x4e3 ./Middlewares/MotorControl/pqd_motor_power_measurement.o
 .debug_info    0x000000000002bea6      0x675 ./Middlewares/MotorControl/pwm_common.o
 .debug_info    0x000000000002c51b      0x3f7 ./Middlewares/MotorControl/r_divider_bus_voltage_sensor.o
 .debug_info    0x000000000002c912      0x4e2 ./Middlewares/MotorControl/ramp_ext_mngr.o
 .debug_info    0x000000000002cdf4      0x538 ./Middlewares/MotorControl/speed_pos_fdbk.o
 .debug_info    0x000000000002d32c      0xa5f ./Middlewares/MotorControl/speed_torq_ctrl.o

.debug_abbrev   0x0000000000000000     0x6575
 .debug_abbrev  0x0000000000000000       0x12 ./Application/Startup/startup_stm32f031c6tx.o
 .debug_abbrev  0x0000000000000012      0x395 ./Application/User/aspep.o
 .debug_abbrev  0x00000000000003a7      0x314 ./Application/User/hall_speed_pos_fdbk.o
 .debug_abbrev  0x00000000000006bb      0x3a3 ./Application/User/main.o
 .debug_abbrev  0x0000000000000a5e      0x281 ./Application/User/mc_api.o
 .debug_abbrev  0x0000000000000cdf       0x99 ./Application/User/mc_app_hooks.o
 .debug_abbrev  0x0000000000000d78      0x1e9 ./Application/User/mc_config.o
 .debug_abbrev  0x0000000000000f61       0xef ./Application/User/mc_configuration_registers.o
 .debug_abbrev  0x0000000000001050      0x344 ./Application/User/mc_interface.o
 .debug_abbrev  0x0000000000001394      0x189 ./Application/User/mc_math.o
 .debug_abbrev  0x000000000000151d       0xff ./Application/User/mc_parameters.o
 .debug_abbrev  0x000000000000161c      0x435 ./Application/User/mc_tasks.o
 .debug_abbrev  0x0000000000001a51      0x2db ./Application/User/mcp.o
 .debug_abbrev  0x0000000000001d2c      0x1c9 ./Application/User/mcp_config.o
 .debug_abbrev  0x0000000000001ef5      0x22f ./Application/User/motorcontrol.o
 .debug_abbrev  0x0000000000002124      0x399 ./Application/User/pwm_curr_fdbk.o
 .debug_abbrev  0x00000000000024bd      0x3e3 ./Application/User/r1_ps_pwm_curr_fdbk.o
 .debug_abbrev  0x00000000000028a0      0x34f ./Application/User/register_interface.o
 .debug_abbrev  0x0000000000002bef      0x356 ./Application/User/regular_conversion_manager.o
 .debug_abbrev  0x0000000000002f45      0x290 ./Application/User/stm32f0xx_hal_msp.o
 .debug_abbrev  0x00000000000031d5       0x81 ./Application/User/stm32f0xx_it.o
 .debug_abbrev  0x0000000000003256      0x39b ./Application/User/stm32f0xx_mc_it.o
 .debug_abbrev  0x00000000000035f1      0x296 ./Application/User/usart_aspep_driver.o
 .debug_abbrev  0x0000000000003887      0x138 ./Drivers/CMSIS/system_stm32f0xx.o
 .debug_abbrev  0x00000000000039bf      0x2cb ./Drivers/STM32F0xx_HAL_Driver/stm32f0xx_hal.o
 .debug_abbrev  0x0000000000003c8a      0x2d6 ./Drivers/STM32F0xx_HAL_Driver/stm32f0xx_hal_adc.o
 .debug_abbrev  0x0000000000003f60      0x29c ./Drivers/STM32F0xx_HAL_Driver/stm32f0xx_hal_cortex.o
 .debug_abbrev  0x00000000000041fc      0x23b ./Drivers/STM32F0xx_HAL_Driver/stm32f0xx_hal_dma.o
 .debug_abbrev  0x0000000000004437      0x1f4 ./Drivers/STM32F0xx_HAL_Driver/stm32f0xx_hal_gpio.o
 .debug_abbrev  0x000000000000462b      0x2c6 ./Drivers/STM32F0xx_HAL_Driver/stm32f0xx_hal_rcc.o