Archive member included to satisfy reference by file (symbol)

/Applications/STM32CubeIDE.app/Contents/Eclipse/plugins/com.st.stm32cube.ide.mcu.externaltools.gnu-tools-for-stm32.12.3.rel1.macos64_1.0.200.202406191456/tools/bin/../lib/gcc/arm-none-eabi/12.3.1/../../../../arm-none-eabi/lib/thumb/v6-m/nofp/libc_nano.a(libc_a-exit.o)
                              /Applications/STM32CubeIDE.app/Contents/Eclipse/plugins/com.st.stm32cube.ide.mcu.externaltools.gnu-tools-for-stm32.12.3.rel1.macos64_1.0.200.202406191456/tools/bin/../lib/gcc/arm-none-eabi/12.3.1/../../../../arm-none-eabi/lib/thumb/v6-m/nofp/crt0.o (exit)
/Applications/STM32CubeIDE.app/Contents/Eclipse/plugins/com.st.stm32cube.ide.mcu.externaltools.gnu-tools-for-stm32.12.3.rel1.macos64_1.0.200.202406191456/tools/bin/../lib/gcc/arm-none-eabi/12.3.1/../../../../arm-none-eabi/lib/thumb/v6-m/nofp/libc_nano.a(libc_a-findfp.o)
                              /Applications/STM32CubeIDE.app/Contents/Eclipse/plugins/com.st.stm32cube.ide.mcu.externaltools.gnu-tools-for-stm32.12.3.rel1.macos64_1.0.200.202406191456/tools/bin/../lib/gcc/arm-none-eabi/12.3.1/../../../../arm-none-eabi/lib/thumb/v6-m/nofp/libc_nano.a(libc_a-exit.o) (__stdio_exit_handler)
/Applications/STM32CubeIDE.app/Contents/Eclipse/plugins/com.st.stm32cube.ide.mcu.externaltools.gnu-tools-for-stm32.12.3.rel1.macos64_1.0.200.202406191456/tools/bin/../lib/gcc/arm-none-eabi/12.3.1/../../../../arm-none-eabi/lib/thumb/v6-m/nofp/libc_nano.a(libc_a-fwalk.o)
                              /Applications/STM32CubeIDE.app/Contents/Eclipse/plugins/com.st.stm32cube.ide.mcu.externaltools.gnu-tools-for-stm32.12.3.rel1.macos64_1.0.200.202406191456/tools/bin/../lib/gcc/arm-none-eabi/12.3.1/../../../../arm-none-eabi/lib/thumb/v6-m/nofp/libc_nano.a(libc_a-findfp.o) (_fwalk_sglue)
/Applications/STM32CubeIDE.app/Contents/Eclipse/plugins/com.st.stm32cube.ide.mcu.externaltools.gnu-tools-for-stm32.12.3.rel1.macos64_1.0.200.202406191456/tools/bin/../lib/gcc/arm-none-eabi/12.3.1/../../../../arm-none-eabi/lib/thumb/v6-m/nofp/libc_nano.a(libc_a-memset.o)
                              /Applications/STM32CubeIDE.app/Contents/Eclipse/plugins/com.st.stm32cube.ide.mcu.externaltools.gnu-tools-for-stm32.12.3.rel1.macos64_1.0.200.202406191456/tools/bin/../lib/gcc/arm-none-eabi/12.3.1/../../../../arm-none-eabi/lib/thumb/v6-m/nofp/crt0.o (memset)
/Applications/STM32CubeIDE.app/Contents/Eclipse/plugins/com.st.stm32cube.ide.mcu.externaltools.gnu-tools-for-stm32.12.3.rel1.macos64_1.0.200.202406191456/tools/bin/../lib/gcc/arm-none-eabi/12.3.1/../../../../arm-none-eabi/lib/thumb/v6-m/nofp/libc_nano.a(libc_a-impure.o)
                              /Applications/STM32CubeIDE.app/Contents/Eclipse/plugins/com.st.stm32cube.ide.mcu.externaltools.gnu-tools-for-stm32.12.3.rel1.macos64_1.0.200.202406191456/tools/bin/../lib/gcc/arm-none-eabi/12.3.1/../../../../arm-none-eabi/lib/thumb/v6-m/nofp/libc_nano.a(libc_a-findfp.o) (_impure_data)
/Applications/STM32CubeIDE.app/Contents/Eclipse/plugins/com.st.stm32cube.ide.mcu.externaltools.gnu-tools-for-stm32.12.3.rel1.macos64_1.0.200.202406191456/tools/bin/../lib/gcc/arm-none-eabi/12.3.1/../../../../arm-none-eabi/lib/thumb/v6-m/nofp/libc_nano.a(libc_a-errno.o)
                              ./Application/User/syscalls.o (__errno)
/Applications/STM32CubeIDE.app/Contents/Eclipse/plugins/com.st.stm32cube.ide.mcu.externaltools.gnu-tools-for-stm32.12.3.rel1.macos64_1.0.200.202406191456/tools/bin/../lib/gcc/arm-none-eabi/12.3.1/../../../../arm-none-eabi/lib/thumb/v6-m/nofp/libc_nano.a(libc_a-init.o)
                              /Applications/STM32CubeIDE.app/Contents/Eclipse/plugins/com.st.stm32cube.ide.mcu.externaltools.gnu-tools-for-stm32.12.3.rel1.macos64_1.0.200.202406191456/tools/bin/../lib/gcc/arm-none-eabi/12.3.1/../../../../arm-none-eabi/lib/thumb/v6-m/nofp/crt0.o (__libc_init_array)
/Applications/STM32CubeIDE.app/Contents/Eclipse/plugins/com.st.stm32cube.ide.mcu.externaltools.gnu-tools-for-stm32.12.3.rel1.macos64_1.0.200.202406191456/tools/bin/../lib/gcc/arm-none-eabi/12.3.1/../../../../arm-none-eabi/lib/thumb/v6-m/nofp/libc_nano.a(libc_a-lock.o)
                              /Applications/STM32CubeIDE.app/Contents/Eclipse/plugins/com.st.stm32cube.ide.mcu.externaltools.gnu-tools-for-stm32.12.3.rel1.macos64_1.0.200.202406191456/tools/bin/../lib/gcc/arm-none-eabi/12.3.1/../../../../arm-none-eabi/lib/thumb/v6-m/nofp/libc_nano.a(libc_a-findfp.o) (__retarget_lock_init_recursive)
/Applications/STM32CubeIDE.app/Contents/Eclipse/plugins/com.st.stm32cube.ide.mcu.externaltools.gnu-tools-for-stm32.12.3.rel1.macos64_1.0.200.202406191456/tools/bin/../lib/gcc/arm-none-eabi/12.3.1/../../../../arm-none-eabi/lib/thumb/v6-m/nofp/libc_nano.a(libc_a-memcpy-stub.o)
                              ./Application/User/mc_interface.o (memcpy)
[...]
Memory Configuration

Name             Origin             Length             Attributes
RAM              0x20000000         0x00001000         xrw
FLASH            0x08000000         0x00008000         xr
*default*        0x00000000         0xffffffff

Linker script and memory map

LOAD /Applications/STM32CubeIDE.app/Contents/Eclipse/plugins/com.st.stm32cube.ide.mcu.externaltools.gnu-tools-for-stm32.12.3.rel1.macos64_1.0.200.202406191456/tools/bin/../lib/gcc/arm-none-eabi/12.3.1/thumb/v6-m/nofp/crti.o
LOAD /Applications/STM32CubeIDE.app/Contents/Eclipse/plugins/com.st.stm32cube.ide.mcu.externaltools.gnu-tools-for-stm32.12.3.rel1.macos64_1.0.200.202406191456/tools/bin/../lib/gcc/arm-none-eabi/12.3.1/thumb/v6-m/nofp/crtbegin.o
LOAD /Applications/STM32CubeIDE.app/Contents/Eclipse/plugins/com.st.stm32cube.ide.mcu.externaltools.gnu-tools-for-stm32.12.3.rel1.macos64_1.0.200.202406191456/tools/bin/../lib/gcc/arm-none-eabi/12.3.1/../../../../arm-none-eabi/lib/thumb/v6-m/nofp/crt0.o
LOAD ./Application/Startup/startup_stm32f031c6tx.o
LOAD ./Application/User/firmware.o
LOAD ./Application/User/hall_speed_pos_fdbk.o
LOAD ./Application/User/main.o
LOAD ./Application/User/mc_api.o
LOAD ./Application/User/mc_app_hooks.o
LOAD ./Application/User/mc_config.o
LOAD ./Application/User/mc_config_common.o
LOAD ./Application/User/mc_configuration_registers.o
LOAD ./Application/User/mc_interface.o
LOAD ./Application/User/mc_math.o
LOAD ./Application/User/mc_parameters.o
LOAD ./Application/User/mc_tasks.o
LOAD ./Application/User/mc_tasks_foc.o
LOAD ./Application/User/motorcontrol.o
LOAD ./Application/User/pwm_common.o
LOAD ./Application/User/pwm_curr_fdbk.o
LOAD ./Application/User/r1_ps_pwm_curr_fdbk.o
LOAD ./Application/User/regular_conversion_manager.o
LOAD ./Application/User/stm32_mc_common_it.o
LOAD ./Application/User/stm32f0xx_hal_msp.o
LOAD ./Application/User/stm32f0xx_it.o
LOAD ./Application/User/stm32f0xx_mc_it.o
LOAD ./Application/User/syscalls.o
LOAD ./Application/User/sysmem.o
LOAD ./Drivers/CMSIS/system_stm32f0xx.o
LOAD ./Drivers/STM32F0xx_HAL_Driver/stm32f0xx_hal.o
LOAD ./Drivers/STM32F0xx_HAL_Driver/stm32f0xx_hal_cortex.o
LOAD ./Drivers/STM32F0xx_HAL_Driver/stm32f0xx_hal_dma.o
LOAD ./Drivers/STM32F0xx_HAL_Driver/stm32f0xx_hal_exti.o
LOAD ./Drivers/STM32F0xx_HAL_Driver/stm32f0xx_hal_flash.o
LOAD ./Drivers/STM32F0xx_HAL_Driver/stm32f0xx_hal_flash_ex.o
LOAD ./Drivers/STM32F0xx_HAL_Driver/stm32f0xx_hal_gpio.o
LOAD ./Drivers/STM32F0xx_HAL_Driver/stm32f0xx_hal_i2c.o
LOAD ./Drivers/STM32F0xx_HAL_Driver/stm32f0xx_hal_i2c_ex.o
LOAD ./Drivers/STM32F0xx_HAL_Driver/stm32f0xx_hal_pwr.o
LOAD ./Drivers/STM32F0xx_HAL_Driver/stm32f0xx_hal_pwr_ex.o
LOAD ./Drivers/STM32F0xx_HAL_Driver/stm32f0xx_hal_rcc.o
LOAD ./Drivers/STM32F0xx_HAL_Driver/stm32f0xx_hal_rcc_ex.o
LOAD ./Drivers/STM32F0xx_HAL_Driver/stm32f0xx_hal_spi.o
LOAD ./Drivers/STM32F0xx_HAL_Driver/stm32f0xx_hal_tim.o
LOAD ./Drivers/STM32F0xx_HAL_Driver/stm32f0xx_hal_tim_ex.o
LOAD ./Drivers/STM32F0xx_HAL_Driver/stm32f0xx_ll_adc.o
LOAD ./Drivers/STM32F0xx_HAL_Driver/stm32f0xx_ll_dma.o
LOAD ./Drivers/STM32F0xx_HAL_Driver/stm32f0xx_ll_exti.o
LOAD ./Drivers/STM32F0xx_HAL_Driver/stm32f0xx_ll_gpio.o
LOAD ./Drivers/STM32F0xx_HAL_Driver/stm32f0xx_ll_rcc.o
LOAD ./Drivers/STM32F0xx_HAL_Driver/stm32f0xx_ll_tim.o
LOAD ./Drivers/STM32F0xx_HAL_Driver/stm32f0xx_ll_usart.o
LOAD ./Drivers/STM32F0xx_HAL_Driver/stm32f0xx_ll_utils.o
LOAD ./Middlewares/MotorControl/bus_voltage_sensor.o
LOAD ./Middlewares/MotorControl/circle_limitation.o
LOAD ./Middlewares/MotorControl/digital_output.o
LOAD ./Middlewares/MotorControl/ntc_temperature_sensor.o
LOAD ./Middlewares/MotorControl/open_loop.o
LOAD ./Middlewares/MotorControl/pid_regulator.o
LOAD ./Middlewares/MotorControl/pqd_motor_power_measurement.o
LOAD ./Middlewares/MotorControl/ramp_ext_mngr.o
LOAD ./Middlewares/MotorControl/revup_ctrl.o
LOAD ./Middlewares/MotorControl/speed_pos_fdbk.o
LOAD ./Middlewares/MotorControl/speed_torq_ctrl.o
LOAD ./Middlewares/MotorControl/virtual_bus_voltage_sensor.o
LOAD ./Middlewares/MotorControl/virtual_speed_sensor.o
START GROUP
LOAD /Applications/STM32CubeIDE.app/Contents/Eclipse/plugins/com.st.stm32cube.ide.mcu.externaltools.gnu-tools-for-stm32.12.3.rel1.macos64_1.0.200.202406191456/tools/bin/../lib/gcc/arm-none-eabi/12.3.1/../../../../arm-none-eabi/lib/thumb/v6-m/nofp/libc_nano.a
LOAD /Applications/STM32CubeIDE.app/Contents/Eclipse/plugins/com.st.stm32cube.ide.mcu.externaltools.gnu-tools-for-stm32.12.3.rel1.macos64_1.0.200.202406191456/tools/bin/../lib/gcc/arm-none-eabi/12.3.1/../../../../arm-none-eabi/lib/thumb/v6-m/nofp/libm.a
END GROUP
START GROUP
LOAD /Applications/STM32CubeIDE.app/Contents/Eclipse/plugins/com.st.stm32cube.ide.mcu.externaltools.gnu-tools-for-stm32.12.3.rel1.macos64_1.0.200.202406191456/tools/bin/../lib/gcc/arm-none-eabi/12.3.1/thumb/v6-m/nofp/libgcc.a
LOAD /Applications/STM32CubeIDE.app/Contents/Eclipse/plugins/com.st.stm32cube.ide.mcu.externaltools.gnu-tools-for-stm32.12.3.rel1.macos64_1.0.200.202406191456/tools/bin/../lib/gcc/arm-none-eabi/12.3.1/../../../../arm-none-eabi/lib/thumb/v6-m/nofp/libc_nano.a
END GROUP
START GROUP
LOAD /Applications/STM32CubeIDE.app/Contents/Eclipse/plugins/com.st.stm32cube.ide.mcu.externaltools.gnu-tools-for-stm32.12.3.rel1.macos64_1.0.200.202406191456/tools/bin/../lib/gcc/arm-none-eabi/12.3.1/thumb/v6-m/nofp/libgcc.a
LOAD /Applications/STM32CubeIDE.app/Contents/Eclipse/plugins/com.st.stm32cube.ide.mcu.externaltools.gnu-tools-for-stm32.12.3.rel1.macos64_1.0.200.202406191456/tools/bin/../lib/gcc/arm-none-eabi/12.3.1/../../../../arm-none-eabi/lib/thumb/v6-m/nofp/libc_nano.a
LOAD /Applications/STM32CubeIDE.app/Contents/Eclipse/plugins/com.st.stm32cube.ide.mcu.externaltools.gnu-tools-for-stm32.12.3.rel1.macos64_1.0.200.202406191456/tools/bin/../lib/gcc/arm-none-eabi/12.3.1/../../../../arm-none-eabi/lib/thumb/v6-m/nofp/libnosys.a
END GROUP
START GROUP
LOAD /Applications/STM32CubeIDE.app/Contents/Eclipse/plugins/com.st.stm32cube.ide.mcu.externaltools.gnu-tools-for-stm32.12.3.rel1.macos64_1.0.200.202406191456/tools/bin/../lib/gcc/arm-none-eabi/12.3.1/thumb/v6-m/nofp/libgcc.a
LOAD /Applications/STM32CubeIDE.app/Contents/Eclipse/plugins/com.st.stm32cube.ide.mcu.externaltools.gnu-tools-for-stm32.12.3.rel1.macos64_1.0.200.202406191456/tools/bin/../lib/gcc/arm-none-eabi/12.3.1/../../../../arm-none-eabi/lib/thumb/v6-m/nofp/libc_nano.a
LOAD /Applications/STM32CubeIDE.app/Contents/Eclipse/plugins/com.st.stm32cube.ide.mcu.externaltools.gnu-tools-for-stm32.12.3.rel1.macos64_1.0.200.202406191456/tools/bin/../lib/gcc/arm-none-eabi/12.3.1/../../../../arm-none-eabi/lib/thumb/v6-m/nofp/libnosys.a
END GROUP
LOAD /Applications/STM32CubeIDE.app/Contents/Eclipse/plugins/com.st.stm32cube.ide.mcu.externaltools.gnu-tools-for-stm32.12.3.rel1.macos64_1.0.200.202406191456/tools/bin/../lib/gcc/arm-none-eabi/12.3.1/thumb/v6-m/nofp/crtend.o
LOAD /Applications/STM32CubeIDE.app/Contents/Eclipse/plugins/com.st.stm32cube.ide.mcu.externaltools.gnu-tools-for-stm32.12.3.rel1.macos64_1.0.200.202406191456/tools/bin/../lib/gcc/arm-none-eabi/12.3.1/thumb/v6-m/nofp/crtn.o
                0x20001000                        _estack = (ORIGIN (RAM) + LENGTH (RAM))
                0x00000080                        _Min_Heap_Size = 0x80
                0x00000400                        _Min_Stack_Size = 0x400

.isr_vector     0x08000000       0xc0
                0x08000000                        . = ALIGN (0x4)
 *(.isr_vector)
 .isr_vector    0x08000000       0xc0 ./Application/Startup/startup_stm32f031c6tx.o
                0x08000000                g_pfnVectors
                0x080000c0                        . = ALIGN (0x4)

.text           0x080000c0     0x56b4
                0x080000c0                        . = ALIGN (0x4)
 *(.text)
 .text          0x080000c0       0x48 /Applications/STM32CubeIDE.app/Contents/Eclipse/plugins/com.st.stm32cube.ide.mcu.externaltools.gnu-tools-for-stm32.12.3.rel1.macos64_1.0.200.202406191456/tools/bin/../lib/gcc/arm-none-eabi/12.3.1/thumb/v6-m/nofp/crtbegin.o
 .text          0x08000108      0x114 /Applications/STM32CubeIDE.app/Contents/Eclipse/plugins/com.st.stm32cube.ide.mcu.externaltools.gnu-tools-for-stm32.12.3.rel1.macos64_1.0.200.202406191456/tools/bin/../lib/gcc/arm-none-eabi/12.3.1/thumb/v6-m/nofp/libgcc.a(_udivsi3.o)
                0x08000108                __udivsi3
                0x08000108                __aeabi_uidiv
                0x08000214                __aeabi_uidivmod
 .text          0x0800021c      0x1d4 /Applications/STM32CubeIDE.app/Contents/Eclipse/plugins/com.st.stm32cube.ide.mcu.externaltools.gnu-tools-for-stm32.12.3.rel1.macos64_1.0.200.202406191456/tools/bin/../lib/gcc/arm-none-eabi/12.3.1/thumb/v6-m/nofp/libgcc.a(_divsi3.o)
                0x0800021c                __aeabi_idiv
                0x0800021c                __divsi3
                0x080003e8                __aeabi_idivmod
 .text          0x080003f0        0x4 /Applications/STM32CubeIDE.app/Contents/Eclipse/plugins/com.st.stm32cube.ide.mcu.externaltools.gnu-tools-for-stm32.12.3.rel1.macos64_1.0.200.202406191456/tools/bin/../lib/gcc/arm-none-eabi/12.3.1/thumb/v6-m/nofp/libgcc.a(_dvmd_tls.o)
                0x080003f0                __aeabi_ldiv0
                0x080003f0                __aeabi_idiv0
 *(.text*)
 .text.Reset_Handler
                0x080003f4       0x50 ./Application/Startup/startup_stm32f031c6tx.o
                0x080003f4                Reset_Handler
 .text.Default_Handler
                0x08000444        0x2 ./Application/Startup/startup_stm32f031c6tx.o
                0x08000444                USART1_IRQHandler
                0x08000444                PVD_IRQHandler
                0x08000444                I2C1_IRQHandler
                0x08000444                SPI1_IRQHandler
                0x08000444                EXTI2_3_IRQHandler
                0x08000444                ADC1_IRQHandler
                0x08000444                TIM17_IRQHandler
                0x08000444                RTC_IRQHandler
                0x08000444                TIM16_IRQHandler
                0x08000444                TIM3_IRQHandler
                0x08000444                EXTI4_15_IRQHandler
                0x08000444                RCC_IRQHandler
                0x08000444                Default_Handler
                0x08000444                TIM14_IRQHandler
                0x08000444                EXTI0_1_IRQHandler
                0x08000444                SVC_Handler
                0x08000444                WWDG_IRQHandler
                0x08000444                DMA1_Channel2_3_IRQHandler
                0x08000444                FLASH_IRQHandler
                0x08000444                TIM1_CC_IRQHandler
 *fill*         0x08000446        0x2 
 .text.mc_SPI_beginFrame
                0x08000448       0x8c ./Application/User/firmware.o
                0x08000448                mc_SPI_beginFrame
 .text.HALL_Init
                0x080004d4      0x118 ./Application/User/hall_speed_pos_fdbk.o
                0x080004d4                HALL_Init
 .text.HALL_Clear
                0x080005ec      0x148 ./Application/User/hall_speed_pos_fdbk.o
                0x080005ec                HALL_Clear
 .text.HALL_CalcElAngle
                0x08000734       0x90 ./Application/User/hall_speed_pos_fdbk.o
                0x08000734                HALL_CalcElAngle
 .text.HALL_CalcAvrgMecSpeedUnit
                0x080007c4       0x98 ./Application/User/hall_speed_pos_fdbk.o
                0x080007c4                HALL_CalcAvrgMecSpeedUnit
 .text.HALL_TIMx_CC_IRQHandler
                0x0800085c      0x344 ./Application/User/hall_speed_pos_fdbk.o
                0x0800085c                HALL_TIMx_CC_IRQHandler
 .text.HALL_TIMx_UP_IRQHandler
                0x08000ba0      0x184 ./Application/User/hall_speed_pos_fdbk.o
                0x08000ba0                HALL_TIMx_UP_IRQHandler
 .text.SystemClock_Config
                0x08000d24       0xe0 ./Application/User/main.o
                0x08000d24                SystemClock_Config
 .text.startup.main
                0x08000e04      0x93c ./Application/User/main.o
                0x08000e04                main
 .text.MC_StartMotor1
                0x08001740       0x10 ./Application/User/mc_api.o
                0x08001740                MC_StartMotor1
 .text.MC_StopMotor1
                0x08001750       0x10 ./Application/User/mc_api.o
                0x08001750                MC_StopMotor1
 .text.MC_ProgramSpeedRampMotor1
                0x08001760       0x18 ./Application/User/mc_api.o
                0x08001760                MC_ProgramSpeedRampMotor1
 .text.MC_GetMecSpeedReferenceMotor1
                0x08001778       0x10 ./Application/User/mc_api.o
                0x08001778                MC_GetMecSpeedReferenceMotor1
 .text.MC_AcknowledgeFaultMotor1
                0x08001788       0x10 ./Application/User/mc_api.o
                0x08001788                MC_AcknowledgeFaultMotor1
 .text.MC_GetOccurredFaultsMotor1
                0x08001798       0x10 ./Application/User/mc_api.o
                0x08001798                MC_GetOccurredFaultsMotor1
 .text.MC_GetSTMStateMotor1
                0x080017a8       0x10 ./Application/User/mc_api.o
                0x080017a8                MC_GetSTMStateMotor1
 .text.MC_APP_BootHook
                0x080017b8        0x4 ./Application/User/mc_app_hooks.o
                0x080017b8                MC_APP_BootHook
 .text.MC_APP_PostMediumFrequencyHook_M1
                0x080017bc        0x4 ./Application/User/mc_app_hooks.o
                0x080017bc                MC_APP_PostMediumFrequencyHook_M1
 .text.MCI_ExecSpeedRamp
                0x080017c0       0x10 ./Application/User/mc_interface.o
                0x080017c0                MCI_ExecSpeedRamp
 .text.MCI_SetSpeedMode
                0x080017d0       0x1c ./Application/User/mc_interface.o
                0x080017d0                MCI_SetSpeedMode
 .text.MCI_FaultProcessing
                0x080017ec       0x10 ./Application/User/mc_interface.o
                0x080017ec                MCI_FaultProcessing
 .text.MCI_ExecBufferedCommands
                0x080017fc       0xa4 ./Application/User/mc_interface.o
                0x080017fc                MCI_ExecBufferedCommands
 .text.MCI_GetSTMState
                0x080018a0        0x8 ./Application/User/mc_interface.o
                0x080018a0                MCI_GetSTMState
 .text.MCI_GetOccurredFaults
                0x080018a8        0x4 ./Application/User/mc_interface.o
                0x080018a8                MCI_GetOccurredFaults
 .text.MCI_GetCurrentFaults
                0x080018ac        0x4 ./Application/User/mc_interface.o
                0x080018ac                MCI_GetCurrentFaults
 .text.MCI_StartMotor
                0x080018b0       0x34 ./Application/User/mc_interface.o
                0x080018b0                MCI_StartMotor
 .text.MCI_StopMotor
                0x080018e4       0x40 ./Application/User/mc_interface.o
                0x080018e4                MCI_StopMotor
 .text.MCI_FaultAcknowledged
                0x08001924       0x28 ./Application/User/mc_interface.o
                0x08001924                MCI_FaultAcknowledged
 .text.MCI_GetFaultState
                0x0800194c        0xc ./Application/User/mc_interface.o
                0x0800194c                MCI_GetFaultState
 .text.MCI_GetControlMode
                0x08001958        0x8 ./Application/User/mc_interface.o
                0x08001958                MCI_GetControlMode
 .text.MCI_GetMecSpeedRefUnit
                0x08001960        0xc ./Application/User/mc_interface.o
                0x08001960                MCI_GetMecSpeedRefUnit
 .text.MCM_Clarke
                0x0800196c       0x68 ./Application/User/mc_math.o
                0x0800196c                MCM_Clarke
 .text.MCM_Trig_Functions
                0x080019d4       0x94 ./Application/User/mc_math.o
                0x080019d4                MCM_Trig_Functions
 .text.MCM_Park
                0x08001a68       0x9c ./Application/User/mc_math.o
                0x08001a68                MCM_Park
 .text.MCM_Rev_Park
                0x08001b04       0x30 ./Application/User/mc_math.o
                0x08001b04                MCM_Rev_Park
 .text.MCboot   0x08001b34       0x44 ./Application/User/mc_tasks.o
                0x08001b34                MCboot
 .text.TSK_SetChargeBootCapDelayM1
                0x08001b78        0xc ./Application/User/mc_tasks.o
                0x08001b78                TSK_SetChargeBootCapDelayM1
 .text.TSK_ChargeBootCapDelayHasElapsedM1
                0x08001b84       0x10 ./Application/User/mc_tasks.o
                0x08001b84                TSK_ChargeBootCapDelayHasElapsedM1
 .text.TSK_SetStopPermanencyTimeM1
                0x08001b94        0xc ./Application/User/mc_tasks.o
                0x08001b94                TSK_SetStopPermanencyTimeM1
 .text.TSK_StopPermanencyTimeHasElapsedM1
                0x08001ba0       0x10 ./Application/User/mc_tasks.o
                0x08001ba0                TSK_StopPermanencyTimeHasElapsedM1
 .text.TSK_HighFrequencyTask
                0x08001bb0        0xc ./Application/User/mc_tasks.o
                0x08001bb0                TSK_HighFrequencyTask
 .text.TSK_SafetyTask_PWMOFF
                0x08001bbc       0x44 ./Application/User/mc_tasks.o
                0x08001bbc                TSK_SafetyTask_PWMOFF
 .text.TSK_SafetyTask
                0x08001c00       0x1c ./Application/User/mc_tasks.o
                0x08001c00                TSK_SafetyTask
 .text.MC_RunMotorControlTasks
                0x08001c1c       0x5c ./Application/User/mc_tasks.o
                0x08001c1c                MC_RunMotorControlTasks
 .text.TSK_HardwareFaultTask
                0x08001c78       0x18 ./Application/User/mc_tasks.o
                0x08001c78                TSK_HardwareFaultTask
 .text.mc_lock_pins
                0x08001c90      0x100 ./Application/User/mc_tasks.o
                0x08001c90                mc_lock_pins
 .text.FOC_Clear
                0x08001d90       0x88 ./Application/User/mc_tasks_foc.o
                0x08001d90                FOC_Clear
 .text.FOC_Init
                0x08001e18       0xd8 ./Application/User/mc_tasks_foc.o
                0x08001e18                FOC_Init
 .text.FOC_InitAdditionalMethods
                0x08001ef0        0x4 ./Application/User/mc_tasks_foc.o
                0x08001ef0                FOC_InitAdditionalMethods
 .text.FOC_CalcCurrRef
                0x08001ef4       0x70 ./Application/User/mc_tasks_foc.o
                0x08001ef4                FOC_CalcCurrRef
 .text.TSK_MediumFrequencyTaskM1
                0x08001f64      0x1dc ./Application/User/mc_tasks_foc.o
                0x08001f64                TSK_MediumFrequencyTaskM1
 .text.FOC_HighFrequencyTask
                0x08002140      0x15c ./Application/User/mc_tasks_foc.o
                0x08002140                FOC_HighFrequencyTask
 .text.MX_MotorControl_Init
                0x0800229c       0x34 ./Application/User/motorcontrol.o
                0x0800229c                MX_MotorControl_Init
 .text.waitForPolarizationEnd
                0x080022d0       0x34 ./Application/User/pwm_common.o
                0x080022d0                waitForPolarizationEnd
 .text.PWMC_SetPhaseVoltage
                0x08002304      0x200 ./Application/User/pwm_curr_fdbk.o
                0x08002304                PWMC_SetPhaseVoltage
 .text.PWMC_SwitchOffPWM
                0x08002504        0x8 ./Application/User/pwm_curr_fdbk.o
                0x08002504                PWMC_SwitchOffPWM
 .text.PWMC_SwitchOnPWM
                0x0800250c        0x8 ./Application/User/pwm_curr_fdbk.o
                0x0800250c                PWMC_SwitchOnPWM
 .text.PWMC_CurrentReadingCalibr
                0x08002514       0x38 ./Application/User/pwm_curr_fdbk.o
                0x08002514                PWMC_CurrentReadingCalibr
 .text.PWMC_CalcPhaseCurrentsEst
                0x0800254c       0x64 ./Application/User/pwm_curr_fdbk.o
                0x0800254c                PWMC_CalcPhaseCurrentsEst
 .text.PWMC_OCP_Handler
                0x080025b0       0x34 ./Application/User/pwm_curr_fdbk.o
                0x080025b0                PWMC_OCP_Handler
 .text.PWMC_IsFaultOccurred
                0x080025e4       0x40 ./Application/User/pwm_curr_fdbk.o
                0x080025e4                PWMC_IsFaultOccurred
 .text.R1_GetPhaseCurrents
                0x08002624      0x27c ./Application/User/r1_ps_pwm_curr_fdbk.o
                0x08002624                R1_GetPhaseCurrents
 .text.R1_HFCurrentsCalibration
                0x080028a0       0x3c ./Application/User/r1_ps_pwm_curr_fdbk.o
 .text.R1_SetADCSampPointPolarization
                0x080028dc       0x6c ./Application/User/r1_ps_pwm_curr_fdbk.o
 .text.R1_CalcDutyCycles
                0x08002948      0x3cc ./Application/User/r1_ps_pwm_curr_fdbk.o
                0x08002948                R1_CalcDutyCycles
 .text.R1_Init  0x08002d14      0x2bc ./Application/User/r1_ps_pwm_curr_fdbk.o
                0x08002d14                R1_Init
 .text.R1_SetOffsetCalib
                0x08002fd0       0x10 ./Application/User/r1_ps_pwm_curr_fdbk.o
                0x08002fd0                R1_SetOffsetCalib
 .text.R1_GetOffsetCalib
                0x08002fe0        0x8 ./Application/User/r1_ps_pwm_curr_fdbk.o
                0x08002fe0                R1_GetOffsetCalib
 .text.R1_TurnOnLowSides
                0x08002fe8       0x50 ./Application/User/r1_ps_pwm_curr_fdbk.o
                0x08002fe8                R1_TurnOnLowSides
 .text.R1_SwitchOnPWM
                0x08003038      0x260 ./Application/User/r1_ps_pwm_curr_fdbk.o
                0x08003038                R1_SwitchOnPWM
 .text.R1_SwitchOffPWM
                0x08003298      0x230 ./Application/User/r1_ps_pwm_curr_fdbk.o
                0x08003298                R1_SwitchOffPWM
 .text.R1_CurrentReadingCalibration
                0x080034c8      0x110 ./Application/User/r1_ps_pwm_curr_fdbk.o
                0x080034c8                R1_CurrentReadingCalibration
 .text.R1_TIM1_UP_IRQHandler
                0x080035d8       0x38 ./Application/User/r1_ps_pwm_curr_fdbk.o
                0x080035d8                R1_TIM1_UP_IRQHandler
 .text.R1_DMAx_TC_IRQHandler
                0x08003610       0x54 ./Application/User/r1_ps_pwm_curr_fdbk.o
                0x08003610                R1_DMAx_TC_IRQHandler
 .text.RCM_ExecRegularConv
                0x08003664      0x184 ./Application/User/regular_conversion_manager.o
                0x08003664                RCM_ExecRegularConv
 .text.RCM_ExecUserConv
                0x080037e8       0x64 ./Application/User/regular_conversion_manager.o
                0x080037e8                RCM_ExecUserConv
 .text.RCM_ExecNextConv
                0x0800384c       0x70 ./Application/User/regular_conversion_manager.o
                0x0800384c                RCM_ExecNextConv
 .text.RCM_ReadOngoingConv
                0x080038bc       0x74 ./Application/User/regular_conversion_manager.o
                0x080038bc                RCM_ReadOngoingConv
 .text.HardFault_Handler
                0x08003930        0x8 ./Application/User/stm32_mc_common_it.o
                0x08003930                HardFault_Handler
 .text.SysTick_Handler
                0x08003938       0x28 ./Application/User/stm32_mc_common_it.o
                0x08003938                SysTick_Handler
 .text.HAL_MspInit
                0x08003960       0x30 ./Application/User/stm32f0xx_hal_msp.o
                0x08003960                HAL_MspInit
 .text.HAL_SPI_MspInit
                0x08003990       0x94 ./Application/User/stm32f0xx_hal_msp.o
                0x08003990                HAL_SPI_MspInit
 .text.NMI_Handler
                0x08003a24        0x4 ./Application/User/stm32f0xx_it.o
                0x08003a24                NMI_Handler
 .text.PendSV_Handler
                0x08003a28        0x4 ./Application/User/stm32f0xx_it.o
                0x08003a28                PendSV_Handler
 .text.DMA1_Channel1_IRQHandler
                0x08003a2c       0x14 ./Application/User/stm32f0xx_mc_it.o
                0x08003a2c                DMA1_Channel1_IRQHandler
 .text.TIM1_BRK_UP_TRG_COM_IRQHandler
                0x08003a40       0x48 ./Application/User/stm32f0xx_mc_it.o
                0x08003a40                TIM1_BRK_UP_TRG_COM_IRQHandler
 .text.DMA1_Channel4_5_IRQHandler
                0x08003a88       0x24 ./Application/User/stm32f0xx_mc_it.o
                0x08003a88                DMA1_Channel4_5_IRQHandler
 .text.TIM2_IRQHandler
                0x08003aac       0x34 ./Application/User/stm32f0xx_mc_it.o
                0x08003aac                TIM2_IRQHandler
 .text.SystemInit
                0x08003ae0        0x4 ./Drivers/CMSIS/system_stm32f0xx.o
                0x08003ae0                SystemInit
 .text.HAL_InitTick
                0x08003ae4       0x4c ./Drivers/STM32F0xx_HAL_Driver/stm32f0xx_hal.o
                0x08003ae4                HAL_InitTick
 .text.HAL_Init
                0x08003b30       0x20 ./Drivers/STM32F0xx_HAL_Driver/stm32f0xx_hal.o
                0x08003b30                HAL_Init
 .text.HAL_IncTick
                0x08003b50       0x18 ./Drivers/STM32F0xx_HAL_Driver/stm32f0xx_hal.o
                0x08003b50                HAL_IncTick
 .text.HAL_GetTick
                0x08003b68        0xc ./Drivers/STM32F0xx_HAL_Driver/stm32f0xx_hal.o
                0x08003b68                HAL_GetTick
 .text.HAL_NVIC_SetPriority
                0x08003b74       0x54 ./Drivers/STM32F0xx_HAL_Driver/stm32f0xx_hal_cortex.o
                0x08003b74                HAL_NVIC_SetPriority
 .text.HAL_SYSTICK_Config
                0x08003bc8       0x34 ./Drivers/STM32F0xx_HAL_Driver/stm32f0xx_hal_cortex.o
                0x08003bc8                HAL_SYSTICK_Config
 .text.HAL_SYSTICK_Callback
                0x08003bfc        0x4 ./Drivers/STM32F0xx_HAL_Driver/stm32f0xx_hal_cortex.o
                0x08003bfc                HAL_SYSTICK_Callback
 .text.HAL_SYSTICK_IRQHandler
                0x08003c00        0x8 ./Drivers/STM32F0xx_HAL_Driver/stm32f0xx_hal_cortex.o
                0x08003c00                HAL_SYSTICK_IRQHandler
 .text.HAL_GPIO_Init
                0x08003c08      0x38c ./Drivers/STM32F0xx_HAL_Driver/stm32f0xx_hal_gpio.o
                0x08003c08                HAL_GPIO_Init
 .text.HAL_RCC_GetHCLKFreq
                0x08003f94        0xc ./Drivers/STM32F0xx_HAL_Driver/stm32f0xx_hal_rcc.o
                0x08003f94                HAL_RCC_GetHCLKFreq
 .text.SPI_WaitFifoStateUntilTimeout.constprop.0
                0x08003fa0      0x104 ./Drivers/STM32F0xx_HAL_Driver/stm32f0xx_hal_spi.o
 .text.SPI_EndRxTxTransaction
                0x080040a4      0x174 ./Drivers/STM32F0xx_HAL_Driver/stm32f0xx_hal_spi.o
 .text.HAL_SPI_Init
                0x08004218      0x14c ./Drivers/STM32F0xx_HAL_Driver/stm32f0xx_hal_spi.o
                0x08004218                HAL_SPI_Init
 .text.HAL_SPI_Transmit
                0x08004364      0x220 ./Drivers/STM32F0xx_HAL_Driver/stm32f0xx_hal_spi.o
                0x08004364                HAL_SPI_Transmit
 .text.HAL_SPI_TransmitReceive
                0x08004584      0x310 ./Drivers/STM32F0xx_HAL_Driver/stm32f0xx_hal_spi.o
                0x08004584                HAL_SPI_TransmitReceive
 .text.HAL_SPI_Receive
                0x08004894      0x370 ./Drivers/STM32F0xx_HAL_Driver/stm32f0xx_hal_spi.o
                0x08004894                HAL_SPI_Receive
 .text.LL_ADC_Init
                0x08004c04       0x34 ./Drivers/STM32F0xx_HAL_Driver/stm32f0xx_ll_adc.o
                0x08004c04                LL_ADC_Init
 .text.LL_ADC_REG_Init
                0x08004c38       0x30 ./Drivers/STM32F0xx_HAL_Driver/stm32f0xx_ll_adc.o
                0x08004c38                LL_ADC_REG_Init
 .text.LL_GPIO_Init
                0x08004c68      0x108 ./Drivers/STM32F0xx_HAL_Driver/stm32f0xx_ll_gpio.o
                0x08004c68                LL_GPIO_Init
 .text.LL_RCC_GetUSARTClockFreq
                0x08004d70       0xcc ./Drivers/STM32F0xx_HAL_Driver/stm32f0xx_ll_rcc.o
                0x08004d70                LL_RCC_GetUSARTClockFreq
 .text.LL_TIM_Init
                0x08004e3c       0x88 ./Drivers/STM32F0xx_HAL_Driver/stm32f0xx_ll_tim.o
                0x08004e3c                LL_TIM_Init
 .text.LL_TIM_OC_Init
                0x08004ec4      0x1f8 ./Drivers/STM32F0xx_HAL_Driver/stm32f0xx_ll_tim.o
                0x08004ec4                LL_TIM_OC_Init
 .text.LL_TIM_BDTR_Init
                0x080050bc       0x48 ./Drivers/STM32F0xx_HAL_Driver/stm32f0xx_ll_tim.o
                0x080050bc                LL_TIM_BDTR_Init
 .text.LL_USART_Init
                0x08005104       0xa0 ./Drivers/STM32F0xx_HAL_Driver/stm32f0xx_ll_usart.o
                0x08005104                LL_USART_Init
 .text.LL_SetSystemCoreClock
                0x080051a4        0xc ./Drivers/STM32F0xx_HAL_Driver/stm32f0xx_ll_utils.o
                0x080051a4                LL_SetSystemCoreClock
 .text.Circle_Limitation
                0x080051b0       0x74 ./Middlewares/MotorControl/circle_limitation.o
                0x080051b0                Circle_Limitation
 .text.NTC_Init
                0x08005224       0x20 ./Middlewares/MotorControl/ntc_temperature_sensor.o
                0x08005224                NTC_Init
 .text.OL_Init  0x08005244        0x8 ./Middlewares/MotorControl/open_loop.o
                0x08005244                OL_Init
 .text.OL_VqdConditioning
                0x0800524c        0x8 ./Middlewares/MotorControl/open_loop.o
                0x0800524c                OL_VqdConditioning
 .text.OL_Calc  0x08005254       0x24 ./Middlewares/MotorControl/open_loop.o
                0x08005254                OL_Calc
 .text.PID_HandleInit
                0x08005278       0x10 ./Middlewares/MotorControl/pid_regulator.o
                0x08005278                PID_HandleInit
 .text.PID_SetIntegralTerm
                0x08005288        0x4 ./Middlewares/MotorControl/pid_regulator.o
                0x08005288                PID_SetIntegralTerm
 .text.PI_Controller
                0x0800528c       0x7c ./Middlewares/MotorControl/pid_regulator.o
                0x0800528c                PI_Controller
 .text.PQD_CalcElMotorPower
                0x08005308       0x3c ./Middlewares/MotorControl/pqd_motor_power_measurement.o
                0x08005308                PQD_CalcElMotorPower
 .text.REMNG_Init
                0x08005344       0x10 ./Middlewares/MotorControl/ramp_ext_mngr.o
                0x08005344                REMNG_Init
 .text.SPD_GetAvrgMecSpeedUnit
                0x08005354        0x8 ./Middlewares/MotorControl/speed_pos_fdbk.o
                0x08005354                SPD_GetAvrgMecSpeedUnit
 .text.SPD_IsMecSpeedReliable
                0x0800535c       0x58 ./Middlewares/MotorControl/speed_pos_fdbk.o
                0x0800535c                SPD_IsMecSpeedReliable
 .text.STC_Init
                0x080053b4       0x24 ./Middlewares/MotorControl/speed_torq_ctrl.o
                0x080053b4                STC_Init
 .text.STC_SetSpeedSensor
                0x080053d8        0x4 ./Middlewares/MotorControl/speed_torq_ctrl.o
                0x080053d8                STC_SetSpeedSensor
 .text.STC_Clear
                0x080053dc       0x14 ./Middlewares/MotorControl/speed_torq_ctrl.o
                0x080053dc                STC_Clear
 .text.STC_GetMecSpeedRefUnit
                0x080053f0        0x8 ./Middlewares/MotorControl/speed_torq_ctrl.o
                0x080053f0                STC_GetMecSpeedRefUnit
 .text.STC_SetControlMode
                0x080053f8        0x8 ./Middlewares/MotorControl/speed_torq_ctrl.o
                0x080053f8                STC_SetControlMode
 .text.STC_ExecRamp
                0x08005400       0x88 ./Middlewares/MotorControl/speed_torq_ctrl.o
                0x08005400                STC_ExecRamp
 .text.STC_CalcTorqueReference
                0x08005488       0x6c ./Middlewares/MotorControl/speed_torq_ctrl.o
                0x08005488                STC_CalcTorqueReference
 .text.STC_GetMecSpeedRefUnitDefault
                0x080054f4        0x8 ./Middlewares/MotorControl/speed_torq_ctrl.o
                0x080054f4                STC_GetMecSpeedRefUnitDefault
 .text.STC_GetDefaultIqdref
                0x080054fc       0x10 ./Middlewares/MotorControl/speed_torq_ctrl.o
                0x080054fc                STC_GetDefaultIqdref
 .text.STC_ForceSpeedReferenceToCurrentSpeed
                0x0800550c       0x10 ./Middlewares/MotorControl/speed_torq_ctrl.o
                0x0800550c                STC_ForceSpeedReferenceToCurrentSpeed
 .text.VVBS_Init
                0x0800551c        0xc ./Middlewares/MotorControl/virtual_bus_voltage_sensor.o
                0x0800551c                VVBS_Init
 .text.VSS_CalcElAngle
                0x08005528       0xb0 ./Middlewares/MotorControl/virtual_speed_sensor.o
                0x08005528                VSS_CalcElAngle
 .text.VSS_CalcAvrgMecSpeedUnit
                0x080055d8       0x88 ./Middlewares/MotorControl/virtual_speed_sensor.o
                0x080055d8                VSS_CalcAvrgMecSpeedUnit
 .text.VSS_SetMecAcceleration
                0x08005660       0x90 ./Middlewares/MotorControl/virtual_speed_sensor.o
                0x08005660                VSS_SetMecAcceleration
 .text.memset   0x080056f0       0x10 /Applications/STM32CubeIDE.app/Contents/Eclipse/plugins/com.st.stm32cube.ide.mcu.externaltools.gnu-tools-for-stm32.12.3.rel1.macos64_1.0.200.202406191456/tools/bin/../lib/gcc/arm-none-eabi/12.3.1/../../../../arm-none-eabi/lib/thumb/v6-m/nofp/libc_nano.a(libc_a-memset.o)
                0x080056f0                memset
 .text.__libc_init_array
                0x08005700       0x48 /Applications/STM32CubeIDE.app/Contents/Eclipse/plugins/com.st.stm32cube.ide.mcu.externaltools.gnu-tools-for-stm32.12.3.rel1.macos64_1.0.200.202406191456/tools/bin/../lib/gcc/arm-none-eabi/12.3.1/../../../../arm-none-eabi/lib/thumb/v6-m/nofp/libc_nano.a(libc_a-init.o)
                0x08005700                __libc_init_array
 .text.memcpy   0x08005748       0x12 /Applications/STM32CubeIDE.app/Contents/Eclipse/plugins/com.st.stm32cube.ide.mcu.externaltools.gnu-tools-for-stm32.12.3.rel1.macos64_1.0.200.202406191456/tools/bin/../lib/gcc/arm-none-eabi/12.3.1/../../../../arm-none-eabi/lib/thumb/v6-m/nofp/libc_nano.a(libc_a-memcpy-stub.o)
                0x08005748                memcpy
 *(.glue_7)
 .glue_7        0x0800575a        0x0 linker stubs
 *(.glue_7t)
 .glue_7t       0x0800575a        0x0 linker stubs
 *(.eh_frame)
 *fill*         0x0800575a        0x2 
 .eh_frame      0x0800575c        0x0 /Applications/STM32CubeIDE.app/Contents/Eclipse/plugins/com.st.stm32cube.ide.mcu.externaltools.gnu-tools-for-stm32.12.3.rel1.macos64_1.0.200.202406191456/tools/bin/../lib/gcc/arm-none-eabi/12.3.1/thumb/v6-m/nofp/crtbegin.o
 *(.init)
 .init          0x0800575c        0x4 /Applications/STM32CubeIDE.app/Contents/Eclipse/plugins/com.st.stm32cube.ide.mcu.externaltools.gnu-tools-for-stm32.12.3.rel1.macos64_1.0.200.202406191456/tools/bin/../lib/gcc/arm-none-eabi/12.3.1/thumb/v6-m/nofp/crti.o
                0x0800575c                _init
 .init          0x08005760        0x8 /Applications/STM32CubeIDE.app/Contents/Eclipse/plugins/com.st.stm32cube.ide.mcu.externaltools.gnu-tools-for-stm32.12.3.rel1.macos64_1.0.200.202406191456/tools/bin/../lib/gcc/arm-none-eabi/12.3.1/thumb/v6-m/nofp/crtn.o
 *(.fini)
 .fini          0x08005768        0x4 /Applications/STM32CubeIDE.app/Contents/Eclipse/plugins/com.st.stm32cube.ide.mcu.externaltools.gnu-tools-for-stm32.12.3.rel1.macos64_1.0.200.202406191456/tools/bin/../lib/gcc/arm-none-eabi/12.3.1/thumb/v6-m/nofp/crti.o
                0x08005768                _fini
 .fini          0x0800576c        0x8 /Applications/STM32CubeIDE.app/Contents/Eclipse/plugins/com.st.stm32cube.ide.mcu.externaltools.gnu-tools-for-stm32.12.3.rel1.macos64_1.0.200.202406191456/tools/bin/../lib/gcc/arm-none-eabi/12.3.1/thumb/v6-m/nofp/crtn.o
                0x08005774                        . = ALIGN (0x4)
                0x08005774                        _etext = .

.vfp11_veneer   0x08005774        0x0
 .vfp11_veneer  0x08005774        0x0 linker stubs

.v4_bx          0x08005774        0x0
 .v4_bx         0x08005774        0x0 linker stubs

.iplt           0x08005774        0x0
 .iplt          0x08005774        0x0 /Applications/STM32CubeIDE.app/Contents/Eclipse/plugins/com.st.stm32cube.ide.mcu.externaltools.gnu-tools-for-stm32.12.3.rel1.macos64_1.0.200.202406191456/tools/bin/../lib/gcc/arm-none-eabi/12.3.1/thumb/v6-m/nofp/crtbegin.o

.rodata         0x08005774      0xbac
                0x08005774                        . = ALIGN (0x4)
 *(.rodata)
 *(.rodata*)
 .rodata.OpcodesList
                0x08005774       0x48 ./Application/User/firmware.o
                0x08005774                OpcodesList
 .rodata.HALL_Clear
                0x080057bc       0x1c ./Application/User/hall_speed_pos_fdbk.o
 .rodata.HALL_TIMx_CC_IRQHandler
                0x080057d8       0x1c ./Application/User/hall_speed_pos_fdbk.o
 .rodata.HALL_TIMx_UP_IRQHandler
                0x080057f4       0x1c ./Application/User/hall_speed_pos_fdbk.o
 .rodata.main   0x08005810       0x48 ./Application/User/main.o
 .rodata.MCI_ExecBufferedCommands
                0x08005858       0x18 ./Application/User/mc_interface.o
 .rodata.hSin_Cos_Table
                0x08005870      0x200 ./Application/User/mc_math.o
                0x08005870                hSin_Cos_Table
 .rodata.R1_ParamsM1
                0x08005a70       0x28 ./Application/User/mc_parameters.o
                0x08005a70                R1_ParamsM1
 .rodata.TSK_MediumFrequencyTaskM1
                0x08005a98       0x48 ./Application/User/mc_tasks_foc.o
 .rodata.R1_GetPhaseCurrents
                0x08005ae0       0x18 ./Application/User/r1_ps_pwm_curr_fdbk.o
 .rodata.ALFLAG
                0x08005af8        0x3 ./Application/User/r1_ps_pwm_curr_fdbk.o
 *fill*         0x08005afb        0x1 
 .rodata.CHANNEL_OFFSET_TAB
                0x08005afc        0x5 ./Application/User/r1_ps_pwm_curr_fdbk.o
 *fill*         0x08005b01        0x3 
 .rodata.APBPrescTable
                0x08005b04        0x8 ./Drivers/CMSIS/system_stm32f0xx.o
                0x08005b04                APBPrescTable
 .rodata.AHBPrescTable
                0x08005b0c       0x10 ./Drivers/CMSIS/system_stm32f0xx.o
                0x08005b0c                AHBPrescTable
 .rodata.SqrtTable
                0x08005b1c      0x802 ./Middlewares/MotorControl/circle_limitation.o
                0x08005b1c                SqrtTable
                0x08006320                        . = ALIGN (0x4)
 *fill*         0x0800631e        0x2 

.rel.dyn        0x08006320        0x0
 .rel.iplt      0x08006320        0x0 /Applications/STM32CubeIDE.app/Contents/Eclipse/plugins/com.st.stm32cube.ide.mcu.externaltools.gnu-tools-for-stm32.12.3.rel1.macos64_1.0.200.202406191456/tools/bin/../lib/gcc/arm-none-eabi/12.3.1/thumb/v6-m/nofp/crtbegin.o

.ARM.extab      0x08006320        0x0
                0x08006320                        . = ALIGN (0x4)
 *(.ARM.extab* .gnu.linkonce.armextab.*)
                0x08006320                        . = ALIGN (0x4)

.ARM            0x08006320        0x0
                0x08006320                        . = ALIGN (0x4)
                0x08006320                        __exidx_start = .
 *(.ARM.exidx*)
                0x08006320                        __exidx_end = .
                0x08006320                        . = ALIGN (0x4)

.preinit_array  0x08006320        0x0
                0x08006320                        . = ALIGN (0x4)
                0x08006320                        PROVIDE (__preinit_array_start = .)
 *(.preinit_array*)
                0x08006320                        PROVIDE (__preinit_array_end = .)
                0x08006320                        . = ALIGN (0x4)

.init_array     0x08006320        0x4
                0x08006320                        . = ALIGN (0x4)
                0x08006320                        PROVIDE (__init_array_start = .)
 *(SORT_BY_NAME(.init_array.*))
 *(.init_array*)
 .init_array    0x08006320        0x4 /Applications/STM32CubeIDE.app/Contents/Eclipse/plugins/com.st.stm32cube.ide.mcu.externaltools.gnu-tools-for-stm32.12.3.rel1.macos64_1.0.200.202406191456/tools/bin/../lib/gcc/arm-none-eabi/12.3.1/thumb/v6-m/nofp/crtbegin.o
                0x08006324                        PROVIDE (__init_array_end = .)
                0x08006324                        . = ALIGN (0x4)

.fini_array     0x08006324        0x4
                0x08006324                        . = ALIGN (0x4)
                [!provide]                        PROVIDE (__fini_array_start = .)
 *(SORT_BY_NAME(.fini_array.*))
 *(.fini_array*)
 .fini_array    0x08006324        0x4 /Applications/STM32CubeIDE.app/Contents/Eclipse/plugins/com.st.stm32cube.ide.mcu.externaltools.gnu-tools-for-stm32.12.3.rel1.macos64_1.0.200.202406191456/tools/bin/../lib/gcc/arm-none-eabi/12.3.1/thumb/v6-m/nofp/crtbegin.o
                [!provide]                        PROVIDE (__fini_array_end = .)
                0x08006328                        . = ALIGN (0x4)
                0x08006328                        _sidata = LOADADDR (.data)

.data           0x20000000      0x34c load address 0x08006328
                0x20000000                        . = ALIGN (0x4)
                0x20000000                        _sdata = .
 *(.data)
 *(.data*)
 .data.Mci      0x20000000       0x2c ./Application/User/mc_config.o
                0x20000000                Mci
 .data.pMPM     0x2000002c        0x4 ./Application/User/mc_config.o
                0x2000002c                pMPM
 .data.pPIDId   0x20000030        0x4 ./Application/User/mc_config.o
                0x20000030                pPIDId
 .data.pPIDIq   0x20000034        0x4 ./Application/User/mc_config.o
                0x20000034                pPIDIq
 .data.pSTC     0x20000038        0x4 ./Application/User/mc_config.o
                0x20000038                pSTC
 .data.CircleLimitationM1
                0x2000003c        0x4 ./Application/User/mc_config.o
                0x2000003c                CircleLimitationM1
 .data.RampExtMngrHFParamsM1
                0x20000040       0x18 ./Application/User/mc_config.o
                0x20000040                RampExtMngrHFParamsM1
 .data.HALL_M1  0x20000058       0xcc ./Application/User/mc_config.o
                0x20000058                HALL_M1
 .data.OpenLoop_ParamsM1
                0x20000124       0x10 ./Application/User/mc_config.o
                0x20000124                OpenLoop_ParamsM1
 .data.PWM_Handle_M1
                0x20000134       0xd0 ./Application/User/mc_config.o
                0x20000134                PWM_Handle_M1
 .data.SpeednTorqCtrlM1
                0x20000204       0x34 ./Application/User/mc_config.o
                0x20000204                SpeednTorqCtrlM1
 .data.PIDIdHandle_M1
                0x20000238       0x2c ./Application/User/mc_config.o
                0x20000238                PIDIdHandle_M1
 .data.PIDIqHandle_M1
                0x20000264       0x2c ./Application/User/mc_config.o
                0x20000264                PIDIqHandle_M1
 .data.PIDSpeedHandle_M1
                0x20000290       0x2c ./Application/User/mc_config.o
                0x20000290                PIDSpeedHandle_M1
 .data.PQD_MotorPowMeasM1
                0x200002bc       0x10 ./Application/User/mc_config.o
                0x200002bc                PQD_MotorPowMeasM1
 .data.BusVoltageSensor_M1
                0x200002cc        0xc ./Application/User/mc_config_common.o
                0x200002cc                BusVoltageSensor_M1
 .data.TempSensor_M1
                0x200002d8       0x1c ./Application/User/mc_config_common.o
                0x200002d8                TempSensor_M1
 .data.VirtualSpeedSensorM1
                0x200002f4       0x38 ./Application/User/mc_config_common.o
                0x200002f4                VirtualSpeedSensorM1
 .data.scaleParams_M1
                0x2000032c       0x10 ./Application/User/mc_parameters.o
                0x2000032c                scaleParams_M1
 .data.SystickDividerCounter.0
                0x2000033c        0x1 ./Application/User/stm32_mc_common_it.o
 *fill*         0x2000033d        0x3 
 .data.SystemCoreClock
                0x20000340        0x4 ./Drivers/CMSIS/system_stm32f0xx.o
                0x20000340                SystemCoreClock
 .data.uwTickFreq
                0x20000344        0x1 ./Drivers/STM32F0xx_HAL_Driver/stm32f0xx_hal.o
                0x20000344                uwTickFreq
 *fill*         0x20000345        0x3 
 .data.uwTickPrio
                0x20000348        0x4 ./Drivers/STM32F0xx_HAL_Driver/stm32f0xx_hal.o
                0x20000348                uwTickPrio
 *(.RamFunc)
 *(.RamFunc*)
                0x2000034c                        . = ALIGN (0x4)
                0x2000034c                        _edata = .

.igot.plt       0x2000034c        0x0 load address 0x08006674
 .igot.plt      0x2000034c        0x0 /Applications/STM32CubeIDE.app/Contents/Eclipse/plugins/com.st.stm32cube.ide.mcu.externaltools.gnu-tools-for-stm32.12.3.rel1.macos64_1.0.200.202406191456/tools/bin/../lib/gcc/arm-none-eabi/12.3.1/thumb/v6-m/nofp/crtbegin.o
                0x2000034c                        . = ALIGN (0x4)

.bss            0x20000350      0x11c load address 0x08006674
                0x20000350                        _sbss = .
                0x20000350                        __bss_start__ = _sbss
 *(.bss)
 .bss           0x20000350       0x1c /Applications/STM32CubeIDE.app/Contents/Eclipse/plugins/com.st.stm32cube.ide.mcu.externaltools.gnu-tools-for-stm32.12.3.rel1.macos64_1.0.200.202406191456/tools/bin/../lib/gcc/arm-none-eabi/12.3.1/thumb/v6-m/nofp/crtbegin.o
 *(.bss*)
 *fill*         0x2000036c        0x4 
 .bss.hspi1     0x20000370       0x64 ./Application/User/main.o
                0x20000370                hspi1
 .bss.pREMNG    0x200003d4        0x4 ./Application/User/mc_config.o
                0x200003d4                pREMNG
 .bss.FOCVars   0x200003d8       0x26 ./Application/User/mc_config.o
                0x200003d8                FOCVars
 *fill*         0x200003fe        0x2 
 .bss.pwmcHandle
                0x20000400        0x4 ./Application/User/mc_config_common.o
                0x20000400                pwmcHandle
 .bss.bMCBootCompleted
                0x20000404        0x1 ./Application/User/mc_tasks.o
 *fill*         0x20000405        0x1 
 .bss.hStopPermanencyCounterM1
                0x20000406        0x2 ./Application/User/mc_tasks.o
 .bss.hBootCapDelayCounterM1
                0x20000408        0x2 ./Application/User/mc_tasks.o
 .bss.hMFTaskCounterM1
                0x2000040a        0x2 ./Application/User/mc_tasks.o
 .bss.pOpenLoop
                0x2000040c        0x4 ./Application/User/mc_tasks_foc.o
                0x2000040c                pOpenLoop
 .bss.pMCI      0x20000410        0x4 ./Application/User/motorcontrol.o
                0x20000410                pMCI
 .bss.RCM_UserConvHandle
                0x20000414        0x4 ./Application/User/regular_conversion_manager.o
 .bss.RCM_UserConvState
                0x20000418        0x1 ./Application/User/regular_conversion_manager.o
 *fill*         0x20000419        0x1 
 .bss.RCM_UserConvValue
                0x2000041a        0x2 ./Application/User/regular_conversion_manager.o
 .bss.RCM_currentHandle
                0x2000041c        0x1 ./Application/User/regular_conversion_manager.o
 *fill*         0x2000041d        0x3 
 .bss.RCM_NoInj_array
                0x20000420       0x18 ./Application/User/regular_conversion_manager.o
 .bss.RCM_CB_array
                0x20000438       0x20 ./Application/User/regular_conversion_manager.o
 .bss.RCM_handle_array
                0x20000458       0x10 ./Application/User/regular_conversion_manager.o
 .bss.uwTick    0x20000468        0x4 ./Drivers/STM32F0xx_HAL_Driver/stm32f0xx_hal.o
                0x20000468                uwTick
 *(COMMON)
                0x2000046c                        . = ALIGN (0x4)
                0x2000046c                        _ebss = .
                0x2000046c                        __bss_end__ = _ebss

._user_heap_stack
                0x2000046c      0x484 load address 0x08006674
                0x20000470                        . = ALIGN (0x8)
 *fill*         0x2000046c        0x4 
                [!provide]                        PROVIDE (end = .)
                0x20000470                        PROVIDE (_end = .)
                0x200004f0                        . = (. + _Min_Heap_Size)
 *fill*         0x20000470       0x80 
                0x200008f0                        . = (. + _Min_Stack_Size)
 *fill*         0x200004f0      0x400 
                0x200008f0                        . = ALIGN (0x8)

/DISCARD/
 libc.a(*)
 libm.a(*)
 libgcc.a(*)

.ARM.attributes
                0x00000000       0x28
 *(.ARM.attributes)
 .ARM.attributes
                0x00000000       0x1e /Applications/STM32CubeIDE.app/Contents/Eclipse/plugins/com.st.stm32cube.ide.mcu.externaltools.gnu-tools-for-stm32.12.3.rel1.macos64_1.0.200.202406191456/tools/bin/../lib/gcc/arm-none-eabi/12.3.1/thumb/v6-m/nofp/crti.o
 .ARM.attributes
                0x0000001e       0x2c /Applications/STM32CubeIDE.app/Contents/Eclipse/plugins/com.st.stm32cube.ide.mcu.externaltools.gnu-tools-for-stm32.12.3.rel1.macos64_1.0.200.202406191456/tools/bin/../lib/gcc/arm-none-eabi/12.3.1/thumb/v6-m/nofp/crtbegin.o
 .ARM.attributes
                0x0000004a       0x21 ./Application/Startup/startup_stm32f031c6tx.o
 .ARM.attributes
                0x0000006b       0x28 ./Application/User/firmware.o
 .ARM.attributes
                0x00000093       0x28 ./Application/User/hall_speed_pos_fdbk.o
 .ARM.attributes
                0x000000bb       0x28 ./Application/User/main.o
 .ARM.attributes
                0x000000e3       0x28 ./Application/User/mc_api.o
 .ARM.attributes
                0x0000010b       0x28 ./Application/User/mc_app_hooks.o
 .ARM.attributes
                0x00000133       0x28 ./Application/User/mc_config.o
 .ARM.attributes
                0x0000015b       0x28 ./Application/User/mc_config_common.o
 .ARM.attributes
                0x00000183       0x28 ./Application/User/mc_interface.o
 .ARM.attributes
                0x000001ab       0x28 ./Application/User/mc_math.o
 .ARM.attributes
                0x000001d3       0x28 ./Application/User/mc_parameters.o
 .ARM.attributes
                0x000001fb       0x28 ./Application/User/mc_tasks.o
 .ARM.attributes
                0x00000223       0x28 ./Application/User/mc_tasks_foc.o
 .ARM.attributes
                0x0000024b       0x28 ./Application/User/motorcontrol.o
 .ARM.attributes
                0x00000273       0x28 ./Application/User/pwm_common.o
 .ARM.attributes
                0x0000029b       0x28 ./Application/User/pwm_curr_fdbk.o
 .ARM.attributes
                0x000002c3       0x28 ./Application/User/r1_ps_pwm_curr_fdbk.o
 .ARM.attributes
                0x000002eb       0x28 ./Application/User/regular_conversion_manager.o
 .ARM.attributes
                0x00000313       0x28 ./Application/User/stm32_mc_common_it.o
 .ARM.attributes
                0x0000033b       0x28 ./Application/User/stm32f0xx_hal_msp.o
 .ARM.attributes
                0x00000363       0x28 ./Application/User/stm32f0xx_it.o
 .ARM.attributes
                0x0000038b       0x28 ./Application/User/stm32f0xx_mc_it.o
 .ARM.attributes
                0x000003b3       0x28 ./Drivers/CMSIS/system_stm32f0xx.o
 .ARM.attributes
                0x000003db       0x28 ./Drivers/STM32F0xx_HAL_Driver/stm32f0xx_hal.o
 .ARM.attributes
                0x00000403       0x28 ./Drivers/STM32F0xx_HAL_Driver/stm32f0xx_hal_cortex.o
 .ARM.attributes
                0x0000042b       0x28 ./Drivers/STM32F0xx_HAL_Driver/stm32f0xx_hal_gpio.o
 .ARM.attributes
                0x00000453       0x28 ./Drivers/STM32F0xx_HAL_Driver/stm32f0xx_hal_rcc.o
 .ARM.attributes
                0x0000047b       0x28 ./Drivers/STM32F0xx_HAL_Driver/stm32f0xx_hal_spi.o
 .ARM.attributes
                0x000004a3       0x28 ./Drivers/STM32F0xx_HAL_Driver/stm32f0xx_ll_adc.o
 .ARM.attributes
                0x000004cb       0x28 ./Drivers/STM32F0xx_HAL_Driver/stm32f0xx_ll_gpio.o
 .ARM.attributes
                0x000004f3       0x28 ./Drivers/STM32F0xx_HAL_Driver/stm32f0xx_ll_rcc.o
 .ARM.attributes
                0x0000051b       0x28 ./Drivers/STM32F0xx_HAL_Driver/stm32f0xx_ll_tim.o
 .ARM.attributes
                0x00000543       0x28 ./Drivers/STM32F0xx_HAL_Driver/stm32f0xx_ll_usart.o
 .ARM.attributes
                0x0000056b       0x28 ./Drivers/STM32F0xx_HAL_Driver/stm32f0xx_ll_utils.o
 .ARM.attributes
                0x00000593       0x28 ./Middlewares/MotorControl/circle_limitation.o
 .ARM.attributes
                0x000005bb       0x28 ./Middlewares/MotorControl/ntc_temperature_sensor.o
 .ARM.attributes
                0x000005e3       0x28 ./Middlewares/MotorControl/open_loop.o
 .ARM.attributes
                0x0000060b       0x28 ./Middlewares/MotorControl/pid_regulator.o
 .ARM.attributes
                0x00000633       0x28 ./Middlewares/MotorControl/pqd_motor_power_measurement.o
 .ARM.attributes
                0x0000065b       0x28 ./Middlewares/MotorControl/ramp_ext_mngr.o
 .ARM.attributes
                0x00000683       0x28 ./Middlewares/MotorControl/speed_pos_fdbk.o
 .ARM.attributes
                0x000006ab       0x28 ./Middlewares/MotorControl/speed_torq_ctrl.o
 .ARM.attributes
                0x000006d3       0x28 ./Middlewares/MotorControl/virtual_bus_voltage_sensor.o
 .ARM.attributes
                0x000006fb       0x28 ./Middlewares/MotorControl/virtual_speed_sensor.o
 .ARM.attributes
                0x00000723       0x2c /Applications/STM32CubeIDE.app/Contents/Eclipse/plugins/com.st.stm32cube.ide.mcu.externaltools.gnu-tools-for-stm32.12.3.rel1.macos64_1.0.200.202406191456/tools/bin/../lib/gcc/arm-none-eabi/12.3.1/../../../../arm-none-eabi/lib/thumb/v6-m/nofp/libc_nano.a(libc_a-memset.o)
 .ARM.attributes
                0x0000074f       0x2c /Applications/STM32CubeIDE.app/Contents/Eclipse/plugins/com.st.stm32cube.ide.mcu.externaltools.gnu-tools-for-stm32.12.3.rel1.macos64_1.0.200.202406191456/tools/bin/../lib/gcc/arm-none-eabi/12.3.1/../../../../arm-none-eabi/lib/thumb/v6-m/nofp/libc_nano.a(libc_a-init.o)
 .ARM.attributes
                0x0000077b       0x2c /Applications/STM32CubeIDE.app/Contents/Eclipse/plugins/com.st.stm32cube.ide.mcu.externaltools.gnu-tools-for-stm32.12.3.rel1.macos64_1.0.200.202406191456/tools/bin/../lib/gcc/arm-none-eabi/12.3.1/../../../../arm-none-eabi/lib/thumb/v6-m/nofp/libc_nano.a(libc_a-memcpy-stub.o)
 .ARM.attributes
                0x000007a7       0x1e /Applications/STM32CubeIDE.app/Contents/Eclipse/plugins/com.st.stm32cube.ide.mcu.externaltools.gnu-tools-for-stm32.12.3.rel1.macos64_1.0.200.202406191456/tools/bin/../lib/gcc/arm-none-eabi/12.3.1/thumb/v6-m/nofp/libgcc.a(_udivsi3.o)
 .ARM.attributes
                0x000007c5       0x1e /Applications/STM32CubeIDE.app/Contents/Eclipse/plugins/com.st.stm32cube.ide.mcu.externaltools.gnu-tools-for-stm32.12.3.rel1.macos64_1.0.200.202406191456/tools/bin/../lib/gcc/arm-none-eabi/12.3.1/thumb/v6-m/nofp/libgcc.a(_divsi3.o)
 .ARM.attributes
                0x000007e3       0x1e /Applications/STM32CubeIDE.app/Contents/Eclipse/plugins/com.st.stm32cube.ide.mcu.externaltools.gnu-tools-for-stm32.12.3.rel1.macos64_1.0.200.202406191456/tools/bin/../lib/gcc/arm-none-eabi/12.3.1/thumb/v6-m/nofp/libgcc.a(_dvmd_tls.o)
 .ARM.attributes
                0x00000801       0x1e /Applications/STM32CubeIDE.app/Contents/Eclipse/plugins/com.st.stm32cube.ide.mcu.externaltools.gnu-tools-for-stm32.12.3.rel1.macos64_1.0.200.202406191456/tools/bin/../lib/gcc/arm-none-eabi/12.3.1/thumb/v6-m/nofp/crtn.o
OUTPUT(MDv6OL.elf elf32-littlearm)
LOAD linker stubs
LOAD /Applications/STM32CubeIDE.app/Contents/Eclipse/plugins/com.st.stm32cube.ide.mcu.externaltools.gnu-tools-for-stm32.12.3.rel1.macos64_1.0.200.202406191456/tools/bin/../lib/gcc/arm-none-eabi/12.3.1/../../../../arm-none-eabi/lib/thumb/v6-m/nofp/libc.a
LOAD /Applications/STM32CubeIDE.app/Contents/Eclipse/plugins/com.st.stm32cube.ide.mcu.externaltools.gnu-tools-for-stm32.12.3.rel1.macos64_1.0.200.202406191456/tools/bin/../lib/gcc/arm-none-eabi/12.3.1/../../../../arm-none-eabi/lib/thumb/v6-m/nofp/libm.a
LOAD /Applications/STM32CubeIDE.app/Contents/Eclipse/plugins/com.st.stm32cube.ide.mcu.externaltools.gnu-tools-for-stm32.12.3.rel1.macos64_1.0.200.202406191456/tools/bin/../lib/gcc/arm-none-eabi/12.3.1/thumb/v6-m/nofp/libgcc.a

.debug_line     0x00000000    0x17a80
 .debug_line    0x00000000       0x7b ./Application/Startup/startup_stm32f031c6tx.o
 .debug_line    0x0000007b      0x2b7 ./Application/User/firmware.o
 .debug_line    0x00000332     0x1218 ./Application/User/hall_speed_pos_fdbk.o
 .debug_line    0x0000154a     0x19b0 ./Application/User/main.o
 .debug_line    0x00002efa      0x98a ./Application/User/mc_api.o
 .debug_line    0x00003884      0x1a0 ./Application/User/mc_app_hooks.o
 .debug_line    0x00003a24      0x37b ./Application/User/mc_config.o
 .debug_line    0x00003d9f      0x2ba ./Application/User/mc_config_common.o
 .debug_line    0x00004059     0x1170 ./Application/User/mc_interface.o
 .debug_line    0x000051c9      0x57b ./Application/User/mc_math.o
 .debug_line    0x00005744      0x1f1 ./Application/User/mc_parameters.o
 .debug_line    0x00005935      0x7b7 ./Application/User/mc_tasks.o
 .debug_line    0x000060ec      0x9e3 ./Application/User/mc_tasks_foc.o
 .debug_line    0x00006acf      0x318 ./Application/User/motorcontrol.o
 .debug_line    0x00006de7      0x42c ./Application/User/pwm_common.o
 .debug_line    0x00007213      0xc18 ./Application/User/pwm_curr_fdbk.o
 .debug_line    0x00007e2b     0x226f ./Application/User/r1_ps_pwm_curr_fdbk.o
 .debug_line    0x0000a09a      0xbf7 ./Application/User/regular_conversion_manager.o
 .debug_line    0x0000ac91      0x236 ./Application/User/stm32_mc_common_it.o
 .debug_line    0x0000aec7      0x350 ./Application/User/stm32f0xx_hal_msp.o
 .debug_line    0x0000b217      0x1a6 ./Application/User/stm32f0xx_it.o
 .debug_line    0x0000b3bd      0x481 ./Application/User/stm32f0xx_mc_it.o
 .debug_line    0x0000b83e      0x235 ./Drivers/CMSIS/system_stm32f0xx.o
 .debug_line    0x0000ba73      0x5d9 ./Drivers/STM32F0xx_HAL_Driver/stm32f0xx_hal.o
 .debug_line    0x0000c04c      0x58d ./Drivers/STM32F0xx_HAL_Driver/stm32f0xx_hal_cortex.o
 .debug_line    0x0000c5d9      0xaf0 ./Drivers/STM32F0xx_HAL_Driver/stm32f0xx_hal_gpio.o
 .debug_line    0x0000d0c9      0xeac ./Drivers/STM32F0xx_HAL_Driver/stm32f0xx_hal_rcc.o
 .debug_line    0x0000df75     0x3c8a ./Drivers/STM32F0xx_HAL_Driver/stm32f0xx_hal_spi.o
 .debug_line    0x00011bff      0x530 ./Drivers/STM32F0xx_HAL_Driver/stm32f0xx_ll_adc.o
 .debug_line    0x0001212f      0x507 ./Drivers/STM32F0xx_HAL_Driver/stm32f0xx_ll_gpio.o
 .debug_line    0x00012636      0xc77 ./Drivers/STM32F0xx_HAL_Driver/stm32f0xx_ll_rcc.o
 .debug_line    0x000132ad      0xbcf ./Drivers/STM32F0xx_HAL_Driver/stm32f0xx_ll_tim.o
 .debug_line    0x00013e7c      0x4a7 ./Drivers/STM32F0xx_HAL_Driver/stm32f0xx_ll_usart.o
 .debug_line    0x00014323      0xa13 ./Drivers/STM32F0xx_HAL_Driver/stm32f0xx_ll_utils.o
 .debug_line    0x00014d36      0x310 ./Middlewares/MotorControl/circle_limitation.o
 .debug_line    0x00015046      0x40f ./Middlewares/MotorControl/ntc_temperature_sensor.o
 .debug_line    0x00015455      0x2f1 ./Middlewares/MotorControl/open_loop.o
 .debug_line    0x00015746      0x6cd ./Middlewares/MotorControl/pid_regulator.o
 .debug_line    0x00015e13      0x31f ./Middlewares/MotorControl/pqd_motor_power_measurement.o
 .debug_line    0x00016132      0x4ec ./Middlewares/MotorControl/ramp_ext_mngr.o
 .debug_line    0x0001661e      0x3c1 ./Middlewares/MotorControl/speed_pos_fdbk.o
 .debug_line    0x000169df      0x69a ./Middlewares/MotorControl/speed_torq_ctrl.o
 .debug_line    0x00017079      0x2a5 ./Middlewares/MotorControl/virtual_bus_voltage_sensor.o
 .debug_line    0x0001731e      0x762 ./Middlewares/MotorControl/virtual_speed_sensor.o

.debug_line_str
                0x00000000       0x6f
 .debug_line_str
                0x00000000       0x6f ./Application/Startup/startup_stm32f031c6tx.o

.debug_info     0x00000000    0x26449
 .debug_info    0x00000000       0x30 ./Application/Startup/startup_stm32f031c6tx.o
 .debug_info    0x00000030      0x7fe ./Application/User/firmware.o
 .debug_info    0x0000082e     0x1462 ./Application/User/hall_speed_pos_fdbk.o
 .debug_info    0x00001c90     0x3c84 ./Application/User/main.o
 .debug_info    0x00005914     0x1b99 ./Application/User/mc_api.o
 .debug_info    0x000074ad      0x152 ./Application/User/mc_app_hooks.o
 .debug_info    0x000075ff     0x1af0 ./Application/User/mc_config.o
 .debug_info    0x000090ef      0xa41 ./Application/User/mc_config_common.o
 .debug_info    0x00009b30     0x23ae ./Application/User/mc_interface.o
 .debug_info    0x0000bede      0x61f ./Application/User/mc_math.o
 .debug_info    0x0000c4fd      0x4cd ./Application/User/mc_parameters.o
 .debug_info    0x0000c9ca     0x16ec ./Application/User/mc_tasks.o
 .debug_info    0x0000e0b6     0x2676 ./Application/User/mc_tasks_foc.o
 .debug_info    0x0001072c     0x1033 ./Application/User/motorcontrol.o
 .debug_info    0x0001175f      0x727 ./Application/User/pwm_common.o
 .debug_info    0x00011e86     0x13bc ./Application/User/pwm_curr_fdbk.o
 .debug_info    0x00013242     0x36eb ./Application/User/r1_ps_pwm_curr_fdbk.o
 .debug_info    0x0001692d     0x1544 ./Application/User/regular_conversion_manager.o
 .debug_info    0x00017e71      0x1cf ./Application/User/stm32_mc_common_it.o
 .debug_info    0x00018040      0x991 ./Application/User/stm32f0xx_hal_msp.o
 .debug_info    0x000189d1      0x159 ./Application/User/stm32f0xx_it.o
 .debug_info    0x00018b2a     0x12a1 ./Application/User/stm32f0xx_mc_it.o
 .debug_info    0x00019dcb      0x264 ./Drivers/CMSIS/system_stm32f0xx.o
 .debug_info    0x0001a02f      0x737 ./Drivers/STM32F0xx_HAL_Driver/stm32f0xx_hal.o
 .debug_info    0x0001a766      0x7ee ./Drivers/STM32F0xx_HAL_Driver/stm32f0xx_hal_cortex.o
 .debug_info    0x0001af54      0x5fe ./Drivers/STM32F0xx_HAL_Driver/stm32f0xx_hal_gpio.o
 .debug_info    0x0001b552      0xaca ./Drivers/STM32F0xx_HAL_Driver/stm32f0xx_hal_rcc.o
 .debug_info    0x0001c01c     0x2ecb ./Drivers/STM32F0xx_HAL_Driver/stm32f0xx_hal_spi.o
 .debug_info    0x0001eee7      0x6f0 ./Drivers/STM32F0xx_HAL_Driver/stm32f0xx_ll_adc.o
 .debug_info    0x0001f5d7      0x743 ./Drivers/STM32F0xx_HAL_Driver/stm32f0xx_ll_gpio.o
 .debug_info    0x0001fd1a      0xb36 ./Drivers/STM32F0xx_HAL_Driver/stm32f0xx_ll_rcc.o
 .debug_info    0x00020850     0x12d3 ./Drivers/STM32F0xx_HAL_Driver/stm32f0xx_ll_tim.o
 .debug_info    0x00021b23      0x726 ./Drivers/STM32F0xx_HAL_Driver/stm32f0xx_ll_usart.o
 .debug_info    0x00022249      0xb9f ./Drivers/STM32F0xx_HAL_Driver/stm32f0xx_ll_utils.o
 .debug_info    0x00022de8      0x303 ./Middlewares/MotorControl/circle_limitation.o
 .debug_info    0x000230eb      0x4b0 ./Middlewares/MotorControl/ntc_temperature_sensor.o
 .debug_info    0x0002359b      0x49b ./Middlewares/MotorControl/open_loop.o
 .debug_info    0x00023a36      0x872 ./Middlewares/MotorControl/pid_regulator.o
 .debug_info    0x000242a8      0x4df ./Middlewares/MotorControl/pqd_motor_power_measurement.o
 .debug_info    0x00024787      0x4de ./Middlewares/MotorControl/ramp_ext_mngr.o
 .debug_info    0x00024c65      0x49b ./Middlewares/MotorControl/speed_pos_fdbk.o
 .debug_info    0x00025100      0x964 ./Middlewares/MotorControl/speed_torq_ctrl.o
 .debug_info    0x00025a64      0x26f ./Middlewares/MotorControl/virtual_bus_voltage_sensor.o
 .debug_info    0x00025cd3      0x776 ./Middlewares/MotorControl/virtual_speed_sensor.o

.debug_abbrev   0x00000000     0x658c
 .debug_abbrev  0x00000000       0x24 ./Application/Startup/startup_stm32f031c6tx.o
 .debug_abbrev  0x00000024      0x27f ./Application/User/firmware.o
 .debug_abbrev  0x000002a3      0x2ff ./Application/User/hall_speed_pos_fdbk.o
 .debug_abbrev  0x000005a2      0x4c9 ./Application/User/main.o
 .debug_abbrev  0x00000a6b      0x280 ./Application/User/mc_api.o
 .debug_abbrev  0x00000ceb       0x97 ./Application/User/mc_app_hooks.o
 .debug_abbrev  0x00000d82      0x1c6 ./Application/User/mc_config.o
 .debug_abbrev  0x00000f48      0x146 ./Application/User/mc_config_common.o
 .debug_abbrev  0x0000108e      0x3b7 ./Application/User/mc_interface.o
 .debug_abbrev  0x00001445      0x195 ./Application/User/mc_math.o
 .debug_abbrev  0x000015da       0xfd ./Application/User/mc_parameters.o
 .debug_abbrev  0x000016d7      0x3ae ./Application/User/mc_tasks.o
 .debug_abbrev  0x00001a85      0x475 ./Application/User/mc_tasks_foc.o
 .debug_abbrev  0x00001efa      0x22d ./Application/User/motorcontrol.o
 .debug_abbrev  0x00002127      0x201 ./Application/User/pwm_common.o
 .debug_abbrev  0x00002328      0x370 ./Application/User/pwm_curr_fdbk.o
 .debug_abbrev  0x00002698      0x429 ./Application/User/r1_ps_pwm_curr_fdbk.o
 .debug_abbrev  0x00002ac1      0x3a5 ./Application/User/regular_conversion_manager.o
 .debug_abbrev  0x00002e66       0xd9 ./Application/User/stm32_mc_common_it.o
 .debug_abbrev  0x00002f3f      0x1d0 ./Application/User/stm32f0xx_hal_msp.o
 .debug_abbrev  0x0000310f       0x7f ./Application/User/stm32f0xx_it.o
 .debug_abbrev  0x0000318e      0x262 ./Application/User/stm32f0xx_mc_it.o
 .debug_abbrev  0x000033f0      0x136 ./Drivers/CMSIS/system_stm32f0xx.o
 .debug_abbrev  0x00003526      0x2c9 ./Drivers/STM32F0xx_HAL_Driver/stm32f0xx_hal.o
 .debug_abbrev  0x000037ef      0x2bd ./Drivers/STM32F0xx_HAL_Driver/stm32f0xx_hal_cortex.o
 .debug_abbrev  0x00003aac      0x205 ./Drivers/STM32F0xx_HAL_Driver/stm32f0xx_hal_gpio.o
 .debug_abbrev  0x00003cb1      0x31a ./Drivers/STM32F0xx_HAL_Driver/stm32f0xx_hal_rcc.o
 .debug_abbrev  0x00003fcb      0x3c6 ./Drivers/STM32F0xx_HAL_Driver/stm32f0xx_hal_spi.o
 .debug_abbrev  0x00004391      0x27a ./Drivers/STM32F0xx_HAL_Driver/stm32f0xx_ll_adc.o
 .debug_abbrev  0x0000460b      0x1fc ./Drivers/STM32F0xx_HAL_Driver/stm32f0xx_ll_gpio.o
 .debug_abbrev  0x00004807      0x375 ./Drivers/STM32F0xx_HAL_Driver/stm32f0xx_ll_rcc.o
 .debug_abbrev  0x00004b7c      0x2c7 ./Drivers/STM32F0xx_HAL_Driver/stm32f0xx_ll_tim.o
 .debug_abbrev  0x00004e43      0x2c2 ./Drivers/STM32F0xx_HAL_Driver/stm32f0xx_ll_usart.o
 .debug_abbrev  0x00005105      0x388 ./Drivers/STM32F0xx_HAL_Driver/stm32f0xx_ll_utils.o
 .debug_abbrev  0x0000548d      0x11a ./Middlewares/MotorControl/circle_limitation.o
 .debug_abbrev  0x000055a7      0x254 ./Middlewares/MotorControl/ntc_temperature_sensor.o
 .debug_abbrev  0x000057fb      0x12f ./Middlewares/MotorControl/open_loop.o
 .debug_abbrev  0x0000592a      0x1b0 ./Middlewares/MotorControl/pid_regulator.o
 .debug_abbrev  0x00005ada      0x1d4 ./Middlewares/MotorControl/pqd_motor_power_measurement.o
 .debug_abbrev  0x00005cae      0x218 ./Middlewares/MotorControl/ramp_ext_mngr.o
 .debug_abbrev  0x00005ec6      0x17e ./Middlewares/MotorControl/speed_pos_fdbk.o
 .debug_abbrev  0x00006044      0x233 ./Middlewares/MotorControl/speed_torq_ctrl.o
 .debug_abbrev  0x00006277      0x121 ./Middlewares/MotorControl/virtual_bus_voltage_sensor.o
 .debug_abbrev  0x00006398      0x1f4 ./Middlewares/MotorControl/virtual_speed_sensor.o

.debug_aranges  0x00000000     0x11f8
 .debug_aranges
                0x00000000       0x28 ./Application/Startup/startup_stm32f031c6tx.o
 .debug_aranges
                0x00000028       0x28 ./Application/User/firmware.o
 .debug_aranges
                0x00000050       0x48 ./Application/User/hall_speed_pos_fdbk.o
 .debug_aranges
                0x00000098       0x30 ./Application/User/main.o
 .debug_aranges
                0x000000c8      0x188 ./Application/User/mc_api.o
 .debug_aranges
                0x00000250       0x28 ./Application/User/mc_app_hooks.o
 .debug_aranges
                0x00000278       0x18 ./Application/User/mc_config.o
 .debug_aranges
                0x00000290       0x18 ./Application/User/mc_config_common.o
 .debug_aranges
                0x000002a8      0x1d8 ./Application/User/mc_interface.o
 .debug_aranges
                0x00000480       0x48 ./Application/User/mc_math.o
 .debug_aranges
                0x000004c8       0x18 ./Application/User/mc_parameters.o
 .debug_aranges
                0x000004e0       0x70 ./Application/User/mc_tasks.o
 .debug_aranges
                0x00000550       0x50 ./Application/User/mc_tasks_foc.o
 .debug_aranges
                0x000005a0       0x20 ./Application/User/motorcontrol.o
 .debug_aranges
                0x000005c0       0x28 ./Application/User/pwm_common.o
 .debug_aranges
                0x000005e8      0x110 ./Application/User/pwm_curr_fdbk.o
 .debug_aranges
                0x000006f8       0x90 ./Application/User/r1_ps_pwm_curr_fdbk.o
 .debug_aranges
                0x00000788       0x68 ./Application/User/regular_conversion_manager.o
 .debug_aranges
                0x000007f0       0x28 ./Application/User/stm32_mc_common_it.o
 .debug_aranges
                0x00000818       0x30 ./Application/User/stm32f0xx_hal_msp.o
 .debug_aranges
                0x00000848       0x28 ./Application/User/stm32f0xx_it.o
 .debug_aranges
                0x00000870       0x38 ./Application/User/stm32f0xx_mc_it.o
 .debug_aranges
                0x000008a8       0x28 ./Drivers/CMSIS/system_stm32f0xx.o
 .debug_aranges
                0x000008d0       0xd0 ./Drivers/STM32F0xx_HAL_Driver/stm32f0xx_hal.o
 .debug_aranges
                0x000009a0       0x78 ./Drivers/STM32F0xx_HAL_Driver/stm32f0xx_hal_cortex.o
 .debug_aranges
                0x00000a18       0x58 ./Drivers/STM32F0xx_HAL_Driver/stm32f0xx_hal_gpio.o
 .debug_aranges
                0x00000a70       0x80 ./Drivers/STM32F0xx_HAL_Driver/stm32f0xx_hal_rcc.o
 .debug_aranges
                0x00000af0      0x1c0 ./Drivers/STM32F0xx_HAL_Driver/stm32f0xx_hal_spi.o
 .debug_aranges
                0x00000cb0       0x48 ./Drivers/STM32F0xx_HAL_Driver/stm32f0xx_ll_adc.o
 .debug_aranges
                0x00000cf8       0x30 ./Drivers/STM32F0xx_HAL_Driver/stm32f0xx_ll_gpio.o
 .debug_aranges
                0x00000d28       0x58 ./Drivers/STM32F0xx_HAL_Driver/stm32f0xx_ll_rcc.o
 .debug_aranges
                0x00000d80       0x80 ./Drivers/STM32F0xx_HAL_Driver/stm32f0xx_ll_tim.o
 .debug_aranges
                0x00000e00       0x40 ./Drivers/STM32F0xx_HAL_Driver/stm32f0xx_ll_usart.o
 .debug_aranges
                0x00000e40       0x50 ./Drivers/STM32F0xx_HAL_Driver/stm32f0xx_ll_utils.o
 .debug_aranges
                0x00000e90       0x20 ./Middlewares/MotorControl/circle_limitation.o
 .debug_aranges
                0x00000eb0       0x48 ./Middlewares/MotorControl/ntc_temperature_sensor.o
 .debug_aranges
                0x00000ef8       0x38 ./Middlewares/MotorControl/open_loop.o
 .debug_aranges
                0x00000f30       0xd8 ./Middlewares/MotorControl/pid_regulator.o
 .debug_aranges
                0x00001008       0x30 ./Middlewares/MotorControl/pqd_motor_power_measurement.o
 .debug_aranges
                0x00001038       0x50 ./Middlewares/MotorControl/ramp_ext_mngr.o
 .debug_aranges
                0x00001088       0x50 ./Middlewares/MotorControl/speed_pos_fdbk.o
 .debug_aranges
                0x000010d8       0x80 ./Middlewares/MotorControl/speed_torq_ctrl.o
 .debug_aranges
                0x00001158       0x30 ./Middlewares/MotorControl/virtual_bus_voltage_sensor.o
 .debug_aranges
                0x00001188       0x70 ./Middlewares/MotorControl/virtual_speed_sensor.o

.debug_str      0x00000000     0x76a6
 .debug_str     0x00000000       0x8b ./Application/Startup/startup_stm32f031c6tx.o
 .debug_str     0x0000008b      0x60f ./Application/User/firmware.o
                                0x714 (size before relaxing)
 .debug_str     0x0000069a      0x6ec ./Application/User/hall_speed_pos_fdbk.o
                                0x91c (size before relaxing)
 .debug_str     0x00000d86      0xd91 ./Application/User/main.o
                               0x166a (size before relaxing)
 .debug_str     0x00001b17     0x133f ./Application/User/mc_api.o
                               0x18fe (size before relaxing)
 .debug_str     0x00002e56       0x72 ./Application/User/mc_app_hooks.o
                                0x252 (size before relaxing)
 .debug_str     0x00002ec8      0x494 ./Application/User/mc_config.o
                               0x1799 (size before relaxing)
 .debug_str     0x0000335c       0x93 ./Application/User/mc_config_common.o
                                0xaaa (size before relaxing)
 .debug_str     0x000033ef      0x345 ./Application/User/mc_interface.o
                               0x16b5 (size before relaxing)
 .debug_str     0x00003734      0x1a5 ./Application/User/mc_math.o
                                0x41d (size before relaxing)
 .debug_str     0x000038d9       0x41 ./Application/User/mc_parameters.o
                                0x3f4 (size before relaxing)
 .debug_str     0x0000391a      0x26e ./Application/User/mc_tasks.o
                               0x13d5 (size before relaxing)
 .debug_str     0x00003b88      0x31a ./Application/User/mc_tasks_foc.o
                               0x1bc4 (size before relaxing)
 .debug_str     0x00003ea2       0x87 ./Application/User/motorcontrol.o
                               0x118f (size before relaxing)
 .debug_str     0x00003f29      0x10d ./Application/User/pwm_common.o
                                0x47b (size before relaxing)
 .debug_str     0x00004036      0x3aa ./Application/User/pwm_curr_fdbk.o
                                0xbc0 (size before relaxing)
 .debug_str     0x000043e0      0x704 ./Application/User/r1_ps_pwm_curr_fdbk.o
                               0x1303 (size before relaxing)
 .debug_str     0x00004ae4      0x2af ./Application/User/regular_conversion_manager.o
                                0xd48 (size before relaxing)
 .debug_str     0x00004d93       0xa1 ./Application/User/stm32_mc_common_it.o
                                0x2c9 (size before relaxing)
 .debug_str     0x00004e34       0x91 ./Application/User/stm32f0xx_hal_msp.o
                                0x74c (size before relaxing)
 .debug_str     0x00004ec5       0x5b ./Application/User/stm32f0xx_it.o
                                0x241 (size before relaxing)
 .debug_str     0x00004f20      0x11c ./Application/User/stm32f0xx_mc_it.o
                                0xe4a (size before relaxing)
 .debug_str     0x0000503c       0xa0 ./Drivers/CMSIS/system_stm32f0xx.o
                                0x29f (size before relaxing)
 .debug_str     0x000050dc      0x257 ./Drivers/STM32F0xx_HAL_Driver/stm32f0xx_hal.o
                                0x6b8 (size before relaxing)
 .debug_str     0x00005333      0x1e8 ./Drivers/STM32F0xx_HAL_Driver/stm32f0xx_hal_cortex.o
                                0x5f9 (size before relaxing)
 .debug_str     0x0000551b      0x15d ./Drivers/STM32F0xx_HAL_Driver/stm32f0xx_hal_gpio.o
                                0x427 (size before relaxing)
 .debug_str     0x00005678      0x32c ./Drivers/STM32F0xx_HAL_Driver/stm32f0xx_hal_rcc.o
                                0x688 (size before relaxing)
 .debug_str     0x000059a4      0x57b ./Drivers/STM32F0xx_HAL_Driver/stm32f0xx_hal_spi.o
                                0xbfb (size before relaxing)
 .debug_str     0x00005f1f      0x11f ./Drivers/STM32F0xx_HAL_Driver/stm32f0xx_ll_adc.o
                                0x4bd (size before relaxing)
 .debug_str     0x0000603e      0x146 ./Drivers/STM32F0xx_HAL_Driver/stm32f0xx_ll_gpio.o
                                0x3d4 (size before relaxing)
 .debug_str     0x00006184      0x2ef ./Drivers/STM32F0xx_HAL_Driver/stm32f0xx_ll_rcc.o
                                0x5a8 (size before relaxing)
 .debug_str     0x00006473      0x33f ./Drivers/STM32F0xx_HAL_Driver/stm32f0xx_ll_tim.o
                                0x8a6 (size before relaxing)
 .debug_str     0x000067b2      0x1b4 ./Drivers/STM32F0xx_HAL_Driver/stm32f0xx_ll_usart.o
                                0x4d6 (size before relaxing)
 .debug_str     0x00006966      0x1fb ./Drivers/STM32F0xx_HAL_Driver/stm32f0xx_ll_utils.o
                                0x63a (size before relaxing)
 .debug_str     0x00006b61       0xd7 ./Middlewares/MotorControl/circle_limitation.o
                                0x345 (size before relaxing)
 .debug_str     0x00006c38       0xee ./Middlewares/MotorControl/ntc_temperature_sensor.o
                                0x415 (size before relaxing)
 .debug_str     0x00006d26       0x7d ./Middlewares/MotorControl/open_loop.o
                                0x546 (size before relaxing)
 .debug_str     0x00006da3      0x295 ./Middlewares/MotorControl/pid_regulator.o
                                0x609 (size before relaxing)
 .debug_str     0x00007038       0xab ./Middlewares/MotorControl/pqd_motor_power_measurement.o
                                0x48e (size before relaxing)
 .debug_str     0x000070e3      0x138 ./Middlewares/MotorControl/ramp_ext_mngr.o
                                0x3e4 (size before relaxing)
 .debug_str     0x0000721b      0x111 ./Middlewares/MotorControl/speed_pos_fdbk.o
                                0x4d4 (size before relaxing)
 .debug_str     0x0000732c      0x158 ./Middlewares/MotorControl/speed_torq_ctrl.o
                                0x91f (size before relaxing)
 .debug_str     0x00007484       0x96 ./Middlewares/MotorControl/virtual_bus_voltage_sensor.o
                                0x356 (size before relaxing)
 .debug_str     0x0000751a      0x18c ./Middlewares/MotorControl/virtual_speed_sensor.o
                                0x697 (size before relaxing)

.debug_rnglists
                0x00000000     0x238d
 .debug_rnglists
                0x00000000       0x19 ./Application/Startup/startup_stm32f031c6tx.o
 .debug_rnglists
                0x00000019       0x26 ./Application/User/firmware.o
 .debug_rnglists
                0x0000003f      0x25a ./Application/User/hall_speed_pos_fdbk.o
 .debug_rnglists
                0x00000299      0x583 ./Application/User/main.o
 .debug_rnglists
                0x0000081c      0x121 ./Application/User/mc_api.o
 .debug_rnglists
                0x0000093d       0x19 ./Application/User/mc_app_hooks.o
 .debug_rnglists
                0x00000956      0x1b3 ./Application/User/mc_interface.o
 .debug_rnglists
                0x00000b09       0x40 ./Application/User/mc_math.o
 .debug_rnglists
                0x00000b49      0x113 ./Application/User/mc_tasks.o
 .debug_rnglists
                0x00000c5c       0x7a ./Application/User/mc_tasks_foc.o
 .debug_rnglists
                0x00000cd6       0x13 ./Application/User/motorcontrol.o
 .debug_rnglists
                0x00000ce9       0x88 ./Application/User/pwm_common.o
 .debug_rnglists
                0x00000d71       0xe6 ./Application/User/pwm_curr_fdbk.o
 .debug_rnglists
                0x00000e57      0x4a5 ./Application/User/r1_ps_pwm_curr_fdbk.o
 .debug_rnglists
                0x000012fc       0xf9 ./Application/User/regular_conversion_manager.o
 .debug_rnglists
                0x000013f5       0x19 ./Application/User/stm32_mc_common_it.o
 .debug_rnglists
                0x0000140e       0x6e ./Application/User/stm32f0xx_hal_msp.o
 .debug_rnglists
                0x0000147c       0x19 ./Application/User/stm32f0xx_it.o
 .debug_rnglists
                0x00001495       0x49 ./Application/User/stm32f0xx_mc_it.o
 .debug_rnglists
                0x000014de       0x19 ./Drivers/CMSIS/system_stm32f0xx.o
 .debug_rnglists
                0x000014f7       0x97 ./Drivers/STM32F0xx_HAL_Driver/stm32f0xx_hal.o
 .debug_rnglists
                0x0000158e       0x7f ./Drivers/STM32F0xx_HAL_Driver/stm32f0xx_hal_cortex.o
 .debug_rnglists
                0x0000160d       0x75 ./Drivers/STM32F0xx_HAL_Driver/stm32f0xx_hal_gpio.o
 .debug_rnglists
                0x00001682       0xb1 ./Drivers/STM32F0xx_HAL_Driver/stm32f0xx_hal_rcc.o
 .debug_rnglists
                0x00001733      0x3aa ./Drivers/STM32F0xx_HAL_Driver/stm32f0xx_hal_spi.o
 .debug_rnglists
                0x00001add       0x5c ./Drivers/STM32F0xx_HAL_Driver/stm32f0xx_ll_adc.o
 .debug_rnglists
                0x00001b39       0x8b ./Drivers/STM32F0xx_HAL_Driver/stm32f0xx_ll_gpio.o
 .debug_rnglists
                0x00001bc4      0x260 ./Drivers/STM32F0xx_HAL_Driver/stm32f0xx_ll_rcc.o
 .debug_rnglists
                0x00001e24       0xc9 ./Drivers/STM32F0xx_HAL_Driver/stm32f0xx_ll_tim.o
 .debug_rnglists
                0x00001eed       0x68 ./Drivers/STM32F0xx_HAL_Driver/stm32f0xx_ll_usart.o
 .debug_rnglists
                0x00001f55      0x195 ./Drivers/STM32F0xx_HAL_Driver/stm32f0xx_ll_utils.o
 .debug_rnglists
                0x000020ea       0x13 ./Middlewares/MotorControl/circle_limitation.o
 .debug_rnglists
                0x000020fd       0x49 ./Middlewares/MotorControl/ntc_temperature_sensor.o
 .debug_rnglists
                0x00002146       0x25 ./Middlewares/MotorControl/open_loop.o
 .debug_rnglists
                0x0000216b       0x9d ./Middlewares/MotorControl/pid_regulator.o
 .debug_rnglists
                0x00002208       0x1f ./Middlewares/MotorControl/pqd_motor_power_measurement.o
 .debug_rnglists
                0x00002227       0x56 ./Middlewares/MotorControl/ramp_ext_mngr.o
 .debug_rnglists
                0x0000227d       0x37 ./Middlewares/MotorControl/speed_pos_fdbk.o
 .debug_rnglists
                0x000022b4       0x68 ./Middlewares/MotorControl/speed_torq_ctrl.o
 .debug_rnglists
                0x0000231c       0x1f ./Middlewares/MotorControl/virtual_bus_voltage_sensor.o
 .debug_rnglists
                0x0000233b       0x52 ./Middlewares/MotorControl/virtual_speed_sensor.o

.debug_loclists
                0x00000000     0xcce1
 .debug_loclists
                0x00000000       0xa9 ./Application/User/firmware.o
 .debug_loclists
                0x000000a9      0x851 ./Application/User/hall_speed_pos_fdbk.o
 .debug_loclists
                0x000008fa      0xc72 ./Application/User/main.o
 .debug_loclists
                0x0000156c      0x16c ./Application/User/mc_api.o
 .debug_loclists
                0x000016d8      0xf44 ./Application/User/mc_interface.o
 .debug_loclists
                0x0000261c      0x578 ./Application/User/mc_math.o
 .debug_loclists
                0x00002b94      0x1f0 ./Application/User/mc_tasks.o
 .debug_loclists
                0x00002d84      0x2be ./Application/User/mc_tasks_foc.o
 .debug_loclists
                0x00003042      0x195 ./Application/User/pwm_common.o
 .debug_loclists
                0x000031d7      0x818 ./Application/User/pwm_curr_fdbk.o
 .debug_loclists
                0x000039ef     0x1cf9 ./Application/User/r1_ps_pwm_curr_fdbk.o
 .debug_loclists
                0x000056e8      0x650 ./Application/User/regular_conversion_manager.o
 .debug_loclists
                0x00005d38       0x7c ./Application/User/stm32f0xx_hal_msp.o
 .debug_loclists
                0x00005db4       0xa2 ./Application/User/stm32f0xx_mc_it.o
 .debug_loclists
                0x00005e56       0xd8 ./Drivers/CMSIS/system_stm32f0xx.o
 .debug_loclists
                0x00005f2e       0xd8 ./Drivers/STM32F0xx_HAL_Driver/stm32f0xx_hal.o
 .debug_loclists
                0x00006006      0x245 ./Drivers/STM32F0xx_HAL_Driver/stm32f0xx_hal_cortex.o
 .debug_loclists
                0x0000624b      0x5e7 ./Drivers/STM32F0xx_HAL_Driver/stm32f0xx_hal_gpio.o
 .debug_loclists
                0x00006832      0x51f ./Drivers/STM32F0xx_HAL_Driver/stm32f0xx_hal_rcc.o
 .debug_loclists
                0x00006d51     0x2ac7 ./Drivers/STM32F0xx_HAL_Driver/stm32f0xx_hal_spi.o
 .debug_loclists
                0x00009818      0x18d ./Drivers/STM32F0xx_HAL_Driver/stm32f0xx_ll_adc.o
 .debug_loclists
                0x000099a5      0x2ed ./Drivers/STM32F0xx_HAL_Driver/stm32f0xx_ll_gpio.o
 .debug_loclists
                0x00009c92      0x377 ./Drivers/STM32F0xx_HAL_Driver/stm32f0xx_ll_rcc.o
 .debug_loclists
                0x0000a009      0xcbb ./Drivers/STM32F0xx_HAL_Driver/stm32f0xx_ll_tim.o
 .debug_loclists
                0x0000acc4      0x249 ./Drivers/STM32F0xx_HAL_Driver/stm32f0xx_ll_usart.o
 .debug_loclists
                0x0000af0d      0x546 ./Drivers/STM32F0xx_HAL_Driver/stm32f0xx_ll_utils.o
 .debug_loclists
                0x0000b453      0x36b ./Middlewares/MotorControl/circle_limitation.o
 .debug_loclists
                0x0000b7be      0x1dd ./Middlewares/MotorControl/ntc_temperature_sensor.o
 .debug_loclists
                0x0000b99b       0x4a ./Middlewares/MotorControl/open_loop.o
 .debug_loclists
                0x0000b9e5      0x43f ./Middlewares/MotorControl/pid_regulator.o
 .debug_loclists
                0x0000be24       0xfb ./Middlewares/MotorControl/pqd_motor_power_measurement.o
 .debug_loclists
                0x0000bf1f      0x377 ./Middlewares/MotorControl/ramp_ext_mngr.o
 .debug_loclists
                0x0000c296      0x1c2 ./Middlewares/MotorControl/speed_pos_fdbk.o
 .debug_loclists
                0x0000c458      0x37d ./Middlewares/MotorControl/speed_torq_ctrl.o
 .debug_loclists
                0x0000c7d5       0x29 ./Middlewares/MotorControl/virtual_bus_voltage_sensor.o
 .debug_loclists
                0x0000c7fe      0x4e3 ./Middlewares/MotorControl/virtual_speed_sensor.o

.comment        0x00000000       0x45
 .comment       0x00000000       0x45 ./Application/User/firmware.o
                                 0x46 (size before relaxing)
 .comment       0x00000045       0x46 ./Application/User/hall_speed_pos_fdbk.o
 .comment       0x00000045       0x46 ./Application/User/main.o
 .comment       0x00000045       0x46 ./Application/User/mc_api.o
 .comment       0x00000045       0x46 ./Application/User/mc_app_hooks.o
 .comment       0x00000045       0x46 ./Application/User/mc_config.o
 .comment       0x00000045       0x46 ./Application/User/mc_config_common.o
 .comment       0x00000045       0x46 ./Application/User/mc_interface.o
 .comment       0x00000045       0x46 ./Application/User/mc_math.o
 .comment       0x00000045       0x46 ./Application/User/mc_parameters.o
 .comment       0x00000045       0x46 ./Application/User/mc_tasks.o
 .comment       0x00000045       0x46 ./Application/User/mc_tasks_foc.o
 .comment       0x00000045       0x46 ./Application/User/motorcontrol.o
 .comment       0x00000045       0x46 ./Application/User/pwm_common.o
 .comment       0x00000045       0x46 ./Application/User/pwm_curr_fdbk.o
 .comment       0x00000045       0x46 ./Application/User/r1_ps_pwm_curr_fdbk.o
 .comment       0x00000045       0x46 ./Application/User/regular_conversion_manager.o
 .comment       0x00000045       0x46 ./Application/User/stm32_mc_common_it.o
 .comment       0x00000045       0x46 ./Application/User/stm32f0xx_hal_msp.o
 .comment       0x00000045       0x46 ./Application/User/stm32f0xx_it.o
 .comment       0x00000045       0x46 ./Application/User/stm32f0xx_mc_it.o
 .comment       0x00000045       0x46 ./Drivers/CMSIS/system_stm32f0xx.o
 .comment       0x00000045       0x46 ./Drivers/STM32F0xx_HAL_Driver/stm32f0xx_hal.o
 .comment       0x00000045       0x46 ./Drivers/STM32F0xx_HAL_Driver/stm32f0xx_hal_cortex.o
 .comment       0x00000045       0x46 ./Drivers/STM32F0xx_HAL_Driver/stm32f0xx_hal_gpio.o
 .comment       0x00000045       0x46 ./Drivers/STM32F0xx_HAL_Driver/stm32f0xx_hal_rcc.o
 .comment       0x00000045       0x46 ./Drivers/STM32F0xx_HAL_Driver/stm32f0xx_hal_spi.o
 .comment       0x00000045       0x46 ./Drivers/STM32F0xx_HAL_Driver/stm32f0xx_ll_adc.o
 .comment       0x00000045       0x46 ./Drivers/STM32F0xx_HAL_Driver/stm32f0xx_ll_gpio.o
 .comment       0x00000045       0x46 ./Drivers/STM32F0xx_HAL_Driver/stm32f0xx_ll_rcc.o
 .comment       0x00000045       0x46 ./Drivers/STM32F0xx_HAL_Driver/stm32f0xx_ll_tim.o
 .comment       0x00000045       0x46 ./Drivers/STM32F0xx_HAL_Driver/stm32f0xx_ll_usart.o
 .comment       0x00000045       0x46 ./Drivers/STM32F0xx_HAL_Driver/stm32f0xx_ll_utils.o
 .comment       0x00000045       0x46 ./Middlewares/MotorControl/circle_limitation.o
 .comment       0x00000045       0x46 ./Middlewares/MotorControl/ntc_temperature_sensor.o
 .comment       0x00000045       0x46 ./Middlewares/MotorControl/open_loop.o
 .comment       0x00000045       0x46 ./Middlewares/MotorControl/pid_regulator.o
 .comment       0x00000045       0x46 ./Middlewares/MotorControl/pqd_motor_power_measurement.o
 .comment       0x00000045       0x46 ./Middlewares/MotorControl/ramp_ext_mngr.o
 .comment       0x00000045       0x46 ./Middlewares/MotorControl/speed_pos_fdbk.o
 .comment       0x00000045       0x46 ./Middlewares/MotorControl/speed_torq_ctrl.o
 .comment       0x00000045       0x46 ./Middlewares/MotorControl/virtual_bus_voltage_sensor.o
 .comment       0x00000045       0x46 ./Middlewares/MotorControl/virtual_speed_sensor.o

.debug_frame    0x00000000     0x2aec
 .debug_frame   0x00000000       0x4c ./Application/User/firmware.o
 .debug_frame   0x0000004c       0xe0 ./Application/User/hall_speed_pos_fdbk.o
 .debug_frame   0x0000012c       0x64 ./Application/User/main.o
 .debug_frame   0x00000190      0x460 ./Application/User/mc_api.o
 .debug_frame   0x000005f0       0x30 ./Application/User/mc_app_hooks.o
 .debug_frame   0x00000620      0x504 ./Application/User/mc_interface.o
 .debug_frame   0x00000b24       0xa8 ./Application/User/mc_math.o
 .debug_frame   0x00000bcc       0xf8 ./Application/User/mc_tasks.o
 .debug_frame   0x00000cc4       0xe0 ./Application/User/mc_tasks_foc.o
 .debug_frame   0x00000da4       0x28 ./Application/User/motorcontrol.o
 .debug_frame   0x00000dcc       0x4c ./Application/User/pwm_common.o
 .debug_frame   0x00000e18      0x288 ./Application/User/pwm_curr_fdbk.o
 .debug_frame   0x000010a0      0x1bc ./Application/User/r1_ps_pwm_curr_fdbk.o
 .debug_frame   0x0000125c      0x10c ./Application/User/regular_conversion_manager.o
 .debug_frame   0x00001368       0x40 ./Application/User/stm32_mc_common_it.o
 .debug_frame   0x000013a8       0x58 ./Application/User/stm32f0xx_hal_msp.o
 .debug_frame   0x00001400       0x30 ./Application/User/stm32f0xx_it.o
 .debug_frame   0x00001430       0x70 ./Application/User/stm32f0xx_mc_it.o
 .debug_frame   0x000014a0       0x38 ./Drivers/CMSIS/system_stm32f0xx.o
 .debug_frame   0x000014d8      0x1b4 ./Drivers/STM32F0xx_HAL_Driver/stm32f0xx_hal.o
 .debug_frame   0x0000168c       0xe0 ./Drivers/STM32F0xx_HAL_Driver/stm32f0xx_hal_cortex.o
 .debug_frame   0x0000176c       0xd4 ./Drivers/STM32F0xx_HAL_Driver/stm32f0xx_hal_gpio.o
 .debug_frame   0x00001840      0x154 ./Drivers/STM32F0xx_HAL_Driver/stm32f0xx_hal_rcc.o
 .debug_frame   0x00001994      0x5f0 ./Drivers/STM32F0xx_HAL_Driver/stm32f0xx_hal_spi.o
 .debug_frame   0x00001f84       0x8c ./Drivers/STM32F0xx_HAL_Driver/stm32f0xx_ll_adc.o
 .debug_frame   0x00002010       0x5c ./Drivers/STM32F0xx_HAL_Driver/stm32f0xx_ll_gpio.o
 .debug_frame   0x0000206c       0xd0 ./Drivers/STM32F0xx_HAL_Driver/stm32f0xx_ll_rcc.o
 .debug_frame   0x0000213c      0x124 ./Drivers/STM32F0xx_HAL_Driver/stm32f0xx_ll_tim.o
 .debug_frame   0x00002260       0x74 ./Drivers/STM32F0xx_HAL_Driver/stm32f0xx_ll_usart.o
 .debug_frame   0x000022d4       0xc4 ./Drivers/STM32F0xx_HAL_Driver/stm32f0xx_ll_utils.o
 .debug_frame   0x00002398       0x2c ./Middlewares/MotorControl/circle_limitation.o
 .debug_frame   0x000023c4       0x80 ./Middlewares/MotorControl/ntc_temperature_sensor.o
 .debug_frame   0x00002444       0x54 ./Middlewares/MotorControl/open_loop.o
 .debug_frame   0x00002498      0x1b8 ./Middlewares/MotorControl/pid_regulator.o
 .debug_frame   0x00002650       0x54 ./Middlewares/MotorControl/pqd_motor_power_measurement.o
 .debug_frame   0x000026a4       0xb4 ./Middlewares/MotorControl/ramp_ext_mngr.o
 .debug_frame   0x00002758       0x94 ./Middlewares/MotorControl/speed_pos_fdbk.o
 .debug_frame   0x000027ec      0x10c ./Middlewares/MotorControl/speed_torq_ctrl.o
 .debug_frame   0x000028f8       0x40 ./Middlewares/MotorControl/virtual_bus_voltage_sensor.o
 .debug_frame   0x00002938      0x100 ./Middlewares/MotorControl/virtual_speed_sensor.o
 .debug_frame   0x00002a38       0x20 /Applications/STM32CubeIDE.app/Contents/Eclipse/plugins/com.st.stm32cube.ide.mcu.externaltools.gnu-tools-for-stm32.12.3.rel1.macos64_1.0.200.202406191456/tools/bin/../lib/gcc/arm-none-eabi/12.3.1/../../../../arm-none-eabi/lib/thumb/v6-m/nofp/libc_nano.a(libc_a-memset.o)
 .debug_frame   0x00002a58       0x2c /Applications/STM32CubeIDE.app/Contents/Eclipse/plugins/com.st.stm32cube.ide.mcu.externaltools.gnu-tools-for-stm32.12.3.rel1.macos64_1.0.200.202406191456/tools/bin/../lib/gcc/arm-none-eabi/12.3.1/../../../../arm-none-eabi/lib/thumb/v6-m/nofp/libc_nano.a(libc_a-init.o)
 .debug_frame   0x00002a84       0x28 /Applications/STM32CubeIDE.app/Contents/Eclipse/plugins/com.st.stm32cube.ide.mcu.externaltools.gnu-tools-for-stm32.12.3.rel1.macos64_1.0.200.202406191456/tools/bin/../lib/gcc/arm-none-eabi/12.3.1/../../../../arm-none-eabi/lib/thumb/v6-m/nofp/libc_nano.a(libc_a-memcpy-stub.o)
 .debug_frame   0x00002aac       0x20 /Applications/STM32CubeIDE.app/Contents/Eclipse/plugins/com.st.stm32cube.ide.mcu.externaltools.gnu-tools-for-stm32.12.3.rel1.macos64_1.0.200.202406191456/tools/bin/../lib/gcc/arm-none-eabi/12.3.1/thumb/v6-m/nofp/libgcc.a(_udivsi3.o)
 .debug_frame   0x00002acc       0x20 /Applications/STM32CubeIDE.app/Contents/Eclipse/plugins/com.st.stm32cube.ide.mcu.externaltools.gnu-tools-for-stm32.12.3.rel1.macos64_1.0.200.202406191456/tools/bin/../lib/gcc/arm-none-eabi/12.3.1/thumb/v6-m/nofp/libgcc.a(_divsi3.o)