Archive member included to satisfy reference by file (symbol)

/Applications/ArmGNUToolchain/14.2.rel1/arm-none-eabi/bin/../lib/gcc/arm-none-eabi/14.2.1/../../../../arm-none-eabi/lib/thumb/v6-m/nofp/libc_nano.a(libc_a-exit.o)
                              /Applications/ArmGNUToolchain/14.2.rel1/arm-none-eabi/bin/../lib/gcc/arm-none-eabi/14.2.1/../../../../arm-none-eabi/lib/thumb/v6-m/nofp/crt0.o (exit)
/Applications/ArmGNUToolchain/14.2.rel1/arm-none-eabi/bin/../lib/gcc/arm-none-eabi/14.2.1/../../../../arm-none-eabi/lib/thumb/v6-m/nofp/libc_nano.a(libc_a-findfp.o)
                              /Applications/ArmGNUToolchain/14.2.rel1/arm-none-eabi/bin/../lib/gcc/arm-none-eabi/14.2.1/../../../../arm-none-eabi/lib/thumb/v6-m/nofp/libc_nano.a(libc_a-exit.o) (__stdio_exit_handler)
/Applications/ArmGNUToolchain/14.2.rel1/arm-none-eabi/bin/../lib/gcc/arm-none-eabi/14.2.1/../../../../arm-none-eabi/lib/thumb/v6-m/nofp/libc_nano.a(libc_a-fwalk.o)
                              /Applications/ArmGNUToolchain/14.2.rel1/arm-none-eabi/bin/../lib/gcc/arm-none-eabi/14.2.1/../../../../arm-none-eabi/lib/thumb/v6-m/nofp/libc_nano.a(libc_a-findfp.o) (_fwalk_sglue)
/Applications/ArmGNUToolchain/14.2.rel1/arm-none-eabi/bin/../lib/gcc/arm-none-eabi/14.2.1/../../../../arm-none-eabi/lib/thumb/v6-m/nofp/libc_nano.a(libc_a-memset.o)
                              /Applications/ArmGNUToolchain/14.2.rel1/arm-none-eabi/bin/../lib/gcc/arm-none-eabi/14.2.1/../../../../arm-none-eabi/lib/thumb/v6-m/nofp/crt0.o (memset)
/Applications/ArmGNUToolchain/14.2.rel1/arm-none-eabi/bin/../lib/gcc/arm-none-eabi/14.2.1/../../../../arm-none-eabi/lib/thumb/v6-m/nofp/libc_nano.a(libc_a-errno.o)
                              ./Application/User/syscalls.o (__errno)
/Applications/ArmGNUToolchain/14.2.rel1/arm-none-eabi/bin/../lib/gcc/arm-none-eabi/14.2.1/../../../../arm-none-eabi/lib/thumb/v6-m/nofp/libc_nano.a(libc_a-init.o)
                              /Applications/ArmGNUToolchain/14.2.rel1/arm-none-eabi/bin/../lib/gcc/arm-none-eabi/14.2.1/../../../../arm-none-eabi/lib/thumb/v6-m/nofp/crt0.o (__libc_init_array)
/Applications/ArmGNUToolchain/14.2.rel1/arm-none-eabi/bin/../lib/gcc/arm-none-eabi/14.2.1/../../../../arm-none-eabi/lib/thumb/v6-m/nofp/libc_nano.a(libc_a-lock.o)
                              /Applications/ArmGNUToolchain/14.2.rel1/arm-none-eabi/bin/../lib/gcc/arm-none-eabi/14.2.1/../../../../arm-none-eabi/lib/thumb/v6-m/nofp/libc_nano.a(libc_a-findfp.o) (__retarget_lock_init_recursive)
/Applications/ArmGNUToolchain/14.2.rel1/arm-none-eabi/bin/../lib/gcc/arm-none-eabi/14.2.1/../../../../arm-none-eabi/lib/thumb/v6-m/nofp/libc_nano.a(libc_a-impure.o)
                              /Applications/ArmGNUToolchain/14.2.rel1/arm-none-eabi/bin/../lib/gcc/arm-none-eabi/14.2.1/../../../../arm-none-eabi/lib/thumb/v6-m/nofp/libc_nano.a(libc_a-errno.o) (_impure_ptr)
/Applications/ArmGNUToolchain/14.2.rel1/arm-none-eabi/bin/../lib/gcc/arm-none-eabi/14.2.1/../../../../arm-none-eabi/lib/thumb/v6-m/nofp/libc_nano.a(libc_a-memcpy-stub.o)
                              ./Application/User/mc_interface.o (memcpy)
/Applications/ArmGNUToolchain/14.2.rel1/arm-none-eabi/bin/../lib/gcc/arm-none-eabi/14.2.1/../../../../arm-none-eabi/lib/thumb/v6-m/nofp/libc_nano.a(libc_a-mallocr.o)
                              /Applications/ArmGNUToolchain/14.2.rel1/arm-none-eabi/bin/../lib/gcc/arm-none-eabi/14.2.1/../../../../arm-none-eabi/lib/thumb/v6-m/nofp/libc_nano.a(libc_a-findfp.o) (_malloc_r)
/Applications/ArmGNUToolchain/14.2.rel1/arm-none-eabi/bin/../lib/gcc/arm-none-eabi/14.2.1/../../../../arm-none-eabi/lib/thumb/v6-m/nofp/libc_nano.a(libc_a-fflush.o)
                              /Applications/ArmGNUToolchain/14.2.rel1/arm-none-eabi/bin/../lib/gcc/arm-none-eabi/14.2.1/../../../../arm-none-eabi/lib/thumb/v6-m/nofp/libc_nano.a(libc_a-findfp.o) (_fflush_r)
/Applications/ArmGNUToolchain/14.2.rel1/arm-none-eabi/bin/../lib/gcc/arm-none-eabi/14.2.1/../../../../arm-none-eabi/lib/thumb/v6-m/nofp/libc_nano.a(libc_a-mlock.o)
                              /Applications/ArmGNUToolchain/14.2.rel1/arm-none-eabi/bin/../lib/gcc/arm-none-eabi/14.2.1/../../../../arm-none-eabi/lib/thumb/v6-m/nofp/libc_nano.a(libc_a-mallocr.o) (__malloc_lock)
/Applications/ArmGNUToolchain/14.2.rel1/arm-none-eabi/bin/../lib/gcc/arm-none-eabi/14.2.1/../../../../arm-none-eabi/lib/thumb/v6-m/nofp/libc_nano.a(libc_a-stdio.o)
                              /Applications/ArmGNUToolchain/14.2.rel1/arm-none-eabi/bin/../lib/gcc/arm-none-eabi/14.2.1/../../../../arm-none-eabi/lib/thumb/v6-m/nofp/libc_nano.a(libc_a-findfp.o) (__sread)
/Applications/ArmGNUToolchain/14.2.rel1/arm-none-eabi/bin/../lib/gcc/arm-none-eabi/14.2.1/../../../../arm-none-eabi/lib/thumb/v6-m/nofp/libc_nano.a(libc_a-lseekr.o)
                              /Applications/ArmGNUToolchain/14.2.rel1/arm-none-eabi/bin/../lib/gcc/arm-none-eabi/14.2.1/../../../../arm-none-eabi/lib/thumb/v6-m/nofp/libc_nano.a(libc_a-stdio.o) (_lseek_r)
[...]
Memory Configuration

Name             Origin             Length             Attributes
RAM              0x20000000         0x00001000         xrw
FLASH            0x08000000         0x00008000         xr
*default*        0x00000000         0xffffffff

Linker script and memory map

LOAD /Applications/ArmGNUToolchain/14.2.rel1/arm-none-eabi/bin/../lib/gcc/arm-none-eabi/14.2.1/thumb/v6-m/nofp/crti.o
LOAD /Applications/ArmGNUToolchain/14.2.rel1/arm-none-eabi/bin/../lib/gcc/arm-none-eabi/14.2.1/thumb/v6-m/nofp/crtbegin.o
LOAD /Applications/ArmGNUToolchain/14.2.rel1/arm-none-eabi/bin/../lib/gcc/arm-none-eabi/14.2.1/../../../../arm-none-eabi/lib/thumb/v6-m/nofp/crt0.o
LOAD ./Application/Startup/startup_stm32f031c6tx.o
LOAD ./Application/User/aspep.o
LOAD ./Application/User/hall_speed_pos_fdbk.o
LOAD ./Application/User/main.o
LOAD ./Application/User/mc_api.o
LOAD ./Application/User/mc_app_hooks.o
LOAD ./Application/User/mc_config.o
LOAD ./Application/User/mc_config_common.o
LOAD ./Application/User/mc_configuration_registers.o
LOAD ./Application/User/mc_interface.o
LOAD ./Application/User/mc_math.o
LOAD ./Application/User/mc_parameters.o
LOAD ./Application/User/mc_tasks.o
LOAD ./Application/User/mc_tasks_foc.o
LOAD ./Application/User/mcp.o
LOAD ./Application/User/mcp_config.o
LOAD ./Application/User/motorcontrol.o
LOAD ./Application/User/pwm_common.o
LOAD ./Application/User/pwm_curr_fdbk.o
LOAD ./Application/User/r1_ps_pwm_curr_fdbk.o
LOAD ./Application/User/register_interface.o
LOAD ./Application/User/regular_conversion_manager.o
LOAD ./Application/User/stm32_mc_common_it.o
LOAD ./Application/User/stm32f0xx_hal_msp.o
LOAD ./Application/User/stm32f0xx_it.o
LOAD ./Application/User/stm32f0xx_mc_it.o
LOAD ./Application/User/syscalls.o
LOAD ./Application/User/sysmem.o
LOAD ./Application/User/usart_aspep_driver.o
LOAD ./Drivers/CMSIS/system_stm32f0xx.o
LOAD ./Drivers/STM32F0xx_HAL_Driver/stm32f0xx_hal.o
LOAD ./Drivers/STM32F0xx_HAL_Driver/stm32f0xx_hal_cortex.o
LOAD ./Drivers/STM32F0xx_HAL_Driver/stm32f0xx_hal_dma.o
LOAD ./Drivers/STM32F0xx_HAL_Driver/stm32f0xx_hal_exti.o
LOAD ./Drivers/STM32F0xx_HAL_Driver/stm32f0xx_hal_flash.o
LOAD ./Drivers/STM32F0xx_HAL_Driver/stm32f0xx_hal_flash_ex.o
LOAD ./Drivers/STM32F0xx_HAL_Driver/stm32f0xx_hal_gpio.o
LOAD ./Drivers/STM32F0xx_HAL_Driver/stm32f0xx_hal_i2c.o
LOAD ./Drivers/STM32F0xx_HAL_Driver/stm32f0xx_hal_i2c_ex.o
LOAD ./Drivers/STM32F0xx_HAL_Driver/stm32f0xx_hal_pwr.o
LOAD ./Drivers/STM32F0xx_HAL_Driver/stm32f0xx_hal_pwr_ex.o
LOAD ./Drivers/STM32F0xx_HAL_Driver/stm32f0xx_hal_rcc.o
LOAD ./Drivers/STM32F0xx_HAL_Driver/stm32f0xx_hal_rcc_ex.o
LOAD ./Drivers/STM32F0xx_HAL_Driver/stm32f0xx_hal_spi.o
LOAD ./Drivers/STM32F0xx_HAL_Driver/stm32f0xx_hal_tim.o
LOAD ./Drivers/STM32F0xx_HAL_Driver/stm32f0xx_hal_tim_ex.o
LOAD ./Drivers/STM32F0xx_HAL_Driver/stm32f0xx_ll_adc.o
LOAD ./Drivers/STM32F0xx_HAL_Driver/stm32f0xx_ll_dma.o
LOAD ./Drivers/STM32F0xx_HAL_Driver/stm32f0xx_ll_exti.o
LOAD ./Drivers/STM32F0xx_HAL_Driver/stm32f0xx_ll_gpio.o
LOAD ./Drivers/STM32F0xx_HAL_Driver/stm32f0xx_ll_rcc.o
LOAD ./Drivers/STM32F0xx_HAL_Driver/stm32f0xx_ll_tim.o
LOAD ./Drivers/STM32F0xx_HAL_Driver/stm32f0xx_ll_usart.o
LOAD ./Drivers/STM32F0xx_HAL_Driver/stm32f0xx_ll_utils.o
LOAD ./Middlewares/MotorControl/bus_voltage_sensor.o
LOAD ./Middlewares/MotorControl/circle_limitation.o
LOAD ./Middlewares/MotorControl/digital_output.o
LOAD ./Middlewares/MotorControl/ntc_temperature_sensor.o
LOAD ./Middlewares/MotorControl/open_loop.o
LOAD ./Middlewares/MotorControl/pid_regulator.o
LOAD ./Middlewares/MotorControl/pqd_motor_power_measurement.o
LOAD ./Middlewares/MotorControl/ramp_ext_mngr.o
LOAD ./Middlewares/MotorControl/revup_ctrl.o
LOAD ./Middlewares/MotorControl/speed_pos_fdbk.o
LOAD ./Middlewares/MotorControl/speed_torq_ctrl.o
LOAD ./Middlewares/MotorControl/virtual_bus_voltage_sensor.o
LOAD ./Middlewares/MotorControl/virtual_speed_sensor.o
START GROUP
LOAD /Applications/ArmGNUToolchain/14.2.rel1/arm-none-eabi/bin/../lib/gcc/arm-none-eabi/14.2.1/../../../../arm-none-eabi/lib/thumb/v6-m/nofp/libc_nano.a
LOAD /Applications/ArmGNUToolchain/14.2.rel1/arm-none-eabi/bin/../lib/gcc/arm-none-eabi/14.2.1/../../../../arm-none-eabi/lib/thumb/v6-m/nofp/libm.a
END GROUP
START GROUP
LOAD /Applications/ArmGNUToolchain/14.2.rel1/arm-none-eabi/bin/../lib/gcc/arm-none-eabi/14.2.1/thumb/v6-m/nofp/libgcc.a
LOAD /Applications/ArmGNUToolchain/14.2.rel1/arm-none-eabi/bin/../lib/gcc/arm-none-eabi/14.2.1/../../../../arm-none-eabi/lib/thumb/v6-m/nofp/libc_nano.a
END GROUP
START GROUP
LOAD /Applications/ArmGNUToolchain/14.2.rel1/arm-none-eabi/bin/../lib/gcc/arm-none-eabi/14.2.1/thumb/v6-m/nofp/libgcc.a
LOAD /Applications/ArmGNUToolchain/14.2.rel1/arm-none-eabi/bin/../lib/gcc/arm-none-eabi/14.2.1/../../../../arm-none-eabi/lib/thumb/v6-m/nofp/libc_nano.a
LOAD /Applications/ArmGNUToolchain/14.2.rel1/arm-none-eabi/bin/../lib/gcc/arm-none-eabi/14.2.1/../../../../arm-none-eabi/lib/thumb/v6-m/nofp/libnosys.a
END GROUP
START GROUP
LOAD /Applications/ArmGNUToolchain/14.2.rel1/arm-none-eabi/bin/../lib/gcc/arm-none-eabi/14.2.1/thumb/v6-m/nofp/libgcc.a
LOAD /Applications/ArmGNUToolchain/14.2.rel1/arm-none-eabi/bin/../lib/gcc/arm-none-eabi/14.2.1/../../../../arm-none-eabi/lib/thumb/v6-m/nofp/libc_nano.a
LOAD /Applications/ArmGNUToolchain/14.2.rel1/arm-none-eabi/bin/../lib/gcc/arm-none-eabi/14.2.1/../../../../arm-none-eabi/lib/thumb/v6-m/nofp/libnosys.a
END GROUP
LOAD /Applications/ArmGNUToolchain/14.2.rel1/arm-none-eabi/bin/../lib/gcc/arm-none-eabi/14.2.1/thumb/v6-m/nofp/crtend.o
LOAD /Applications/ArmGNUToolchain/14.2.rel1/arm-none-eabi/bin/../lib/gcc/arm-none-eabi/14.2.1/thumb/v6-m/nofp/crtn.o
                0x20001000                        _estack = (ORIGIN (RAM) + LENGTH (RAM))
                0x00000080                        _Min_Heap_Size = 0x80
                0x00000400                        _Min_Stack_Size = 0x400

.isr_vector     0x08000000       0xc0
                0x08000000                        . = ALIGN (0x4)
 *(.isr_vector)
 .isr_vector    0x08000000       0xc0 ./Application/Startup/startup_stm32f031c6tx.o
                0x08000000                g_pfnVectors
                0x080000c0                        . = ALIGN (0x4)

.text           0x080000c0     0x5e14
                0x080000c0                        . = ALIGN (0x4)
 *(.text)
 .text          0x080000c0      0x114 /Applications/ArmGNUToolchain/14.2.rel1/arm-none-eabi/bin/../lib/gcc/arm-none-eabi/14.2.1/thumb/v6-m/nofp/libgcc.a(_udivsi3.o)
                0x080000c0                __udivsi3
                0x080000c0                __aeabi_uidiv
                0x080001cc                __aeabi_uidivmod
 .text          0x080001d4      0x1d4 /Applications/ArmGNUToolchain/14.2.rel1/arm-none-eabi/bin/../lib/gcc/arm-none-eabi/14.2.1/thumb/v6-m/nofp/libgcc.a(_divsi3.o)
                0x080001d4                __aeabi_idiv
                0x080001d4                __divsi3
                0x080003a0                __aeabi_idivmod
 .text          0x080003a8        0x4 /Applications/ArmGNUToolchain/14.2.rel1/arm-none-eabi/bin/../lib/gcc/arm-none-eabi/14.2.1/thumb/v6-m/nofp/libgcc.a(_dvmd_tls.o)
                0x080003a8                __aeabi_ldiv0
                0x080003a8                __aeabi_idiv0
 .text          0x080003ac       0x3c /Applications/ArmGNUToolchain/14.2.rel1/arm-none-eabi/bin/../lib/gcc/arm-none-eabi/14.2.1/thumb/v6-m/nofp/libgcc.a(_clzsi2.o)
                0x080003ac                __clzsi2
 *(.text*)
 .text.deregister_tm_clones
                0x080003e8       0x20 /Applications/ArmGNUToolchain/14.2.rel1/arm-none-eabi/bin/../lib/gcc/arm-none-eabi/14.2.1/thumb/v6-m/nofp/crtbegin.o
 .text.register_tm_clones
                0x08000408       0x28 /Applications/ArmGNUToolchain/14.2.rel1/arm-none-eabi/bin/../lib/gcc/arm-none-eabi/14.2.1/thumb/v6-m/nofp/crtbegin.o
 .text.__do_global_dtors_aux
                0x08000430       0x2c /Applications/ArmGNUToolchain/14.2.rel1/arm-none-eabi/bin/../lib/gcc/arm-none-eabi/14.2.1/thumb/v6-m/nofp/crtbegin.o
 .text.frame_dummy
                0x0800045c       0x24 /Applications/ArmGNUToolchain/14.2.rel1/arm-none-eabi/bin/../lib/gcc/arm-none-eabi/14.2.1/thumb/v6-m/nofp/crtbegin.o
 .text.Reset_Handler
                0x08000480       0x50 ./Application/Startup/startup_stm32f031c6tx.o
                0x08000480                Reset_Handler
 .text.Default_Handler
                0x080004d0        0x2 ./Application/Startup/startup_stm32f031c6tx.o
                0x080004d0                FLASH_IRQHandler
                0x080004d0                PVD_IRQHandler
                0x080004d0                I2C1_IRQHandler
                0x080004d0                SPI1_IRQHandler
                0x080004d0                EXTI2_3_IRQHandler
                0x080004d0                ADC1_IRQHandler
                0x080004d0                TIM17_IRQHandler
                0x080004d0                RTC_IRQHandler
                0x080004d0                TIM16_IRQHandler
                0x080004d0                TIM3_IRQHandler
                0x080004d0                EXTI4_15_IRQHandler
                0x080004d0                RCC_IRQHandler
                0x080004d0                Default_Handler
                0x080004d0                TIM14_IRQHandler
                0x080004d0                EXTI0_1_IRQHandler
                0x080004d0                SVC_Handler
                0x080004d0                WWDG_IRQHandler
                0x080004d0                DMA1_Channel2_3_IRQHandler
                0x080004d0                TIM1_CC_IRQHandler
 *fill*         0x080004d2        0x2 
 .text.ASPEP_start
                0x080004d4       0x24 ./Application/User/aspep.o
                0x080004d4                ASPEP_start
 .text.ASPEP_sendBeacon
                0x080004f8       0x88 ./Application/User/aspep.o
                0x080004f8                ASPEP_sendBeacon
 .text.ASPEP_sendPing
                0x08000580       0x94 ./Application/User/aspep.o
                0x08000580                ASPEP_sendPing
 .text.ASPEP_getBuffer
                0x08000614       0x24 ./Application/User/aspep.o
                0x08000614                ASPEP_getBuffer
 .text.ASPEP_sendPacket
                0x08000638       0xf0 ./Application/User/aspep.o
                0x08000638                ASPEP_sendPacket
 .text.ASPEP_HWDataTransmittedIT
                0x08000728       0x5c ./Application/User/aspep.o
                0x08000728                ASPEP_HWDataTransmittedIT
 .text.ASPEP_RXframeProcess
                0x08000784      0x344 ./Application/User/aspep.o
                0x08000784                ASPEP_RXframeProcess
 .text.ASPEP_HWDataReceivedIT
                0x08000ac8       0xa0 ./Application/User/aspep.o
                0x08000ac8                ASPEP_HWDataReceivedIT
 .text.ASPEP_HWReset
                0x08000b68       0x18 ./Application/User/aspep.o
                0x08000b68                ASPEP_HWReset
 .text.HALL_Init
                0x08000b80      0x114 ./Application/User/hall_speed_pos_fdbk.o
                0x08000b80                HALL_Init
 .text.HALL_Clear
                0x08000c94      0x148 ./Application/User/hall_speed_pos_fdbk.o
                0x08000c94                HALL_Clear
 .text.HALL_CalcElAngle
                0x08000ddc       0x90 ./Application/User/hall_speed_pos_fdbk.o
                0x08000ddc                HALL_CalcElAngle
 .text.HALL_CalcAvrgMecSpeedUnit
                0x08000e6c       0x98 ./Application/User/hall_speed_pos_fdbk.o
                0x08000e6c                HALL_CalcAvrgMecSpeedUnit
 .text.HALL_TIMx_CC_IRQHandler
                0x08000f04      0x350 ./Application/User/hall_speed_pos_fdbk.o
                0x08000f04                HALL_TIMx_CC_IRQHandler
 .text.HALL_TIMx_UP_IRQHandler
                0x08001254      0x184 ./Application/User/hall_speed_pos_fdbk.o
                0x08001254                HALL_TIMx_UP_IRQHandler
 .text.SystemClock_Config
                0x080013d8       0xe0 ./Application/User/main.o
                0x080013d8                SystemClock_Config
 .text.startup.main
                0x080014b8      0x930 ./Application/User/main.o
                0x080014b8                main
 .text.MC_StartMotor1
                0x08001de8       0x10 ./Application/User/mc_api.o
                0x08001de8                MC_StartMotor1
 .text.MC_StopMotor1
                0x08001df8       0x10 ./Application/User/mc_api.o
                0x08001df8                MC_StopMotor1
 .text.MC_ProgramSpeedRampMotor1
                0x08001e08       0x18 ./Application/User/mc_api.o
                0x08001e08                MC_ProgramSpeedRampMotor1
 .text.MC_GetOccurredFaultsMotor1
                0x08001e20       0x10 ./Application/User/mc_api.o
                0x08001e20                MC_GetOccurredFaultsMotor1
 .text.MC_GetSTMStateMotor1
                0x08001e30       0x10 ./Application/User/mc_api.o
                0x08001e30                MC_GetSTMStateMotor1
 .text.MC_ProfilerCommand
                0x08001e40        0x4 ./Application/User/mc_api.o
                0x08001e40                MC_ProfilerCommand
 .text.MC_APP_BootHook
                0x08001e44        0x4 ./Application/User/mc_app_hooks.o
                0x08001e44                MC_APP_BootHook
 .text.MC_APP_PostMediumFrequencyHook_M1
                0x08001e48        0x4 ./Application/User/mc_app_hooks.o
                0x08001e48                MC_APP_PostMediumFrequencyHook_M1
 .text.MCI_ExecSpeedRamp
                0x08001e4c       0x10 ./Application/User/mc_interface.o
                0x08001e4c                MCI_ExecSpeedRamp
 .text.MCI_ExecTorqueRamp
                0x08001e5c       0x14 ./Application/User/mc_interface.o
                0x08001e5c                MCI_ExecTorqueRamp
 .text.MCI_SetSpeedMode
                0x08001e70       0x1c ./Application/User/mc_interface.o
                0x08001e70                MCI_SetSpeedMode
 .text.MCI_SetOpenLoopCurrentMode
                0x08001e8c       0x1c ./Application/User/mc_interface.o
                0x08001e8c                MCI_SetOpenLoopCurrentMode
 .text.MCI_SetOpenLoopVoltageMode
                0x08001ea8       0x1c ./Application/User/mc_interface.o
                0x08001ea8                MCI_SetOpenLoopVoltageMode
 .text.MCI_FaultProcessing
                0x08001ec4       0x10 ./Application/User/mc_interface.o
                0x08001ec4                MCI_FaultProcessing
 .text.MCI_ExecBufferedCommands
                0x08001ed4       0xa4 ./Application/User/mc_interface.o
                0x08001ed4                MCI_ExecBufferedCommands
 .text.MCI_GetSTMState
                0x08001f78        0x8 ./Application/User/mc_interface.o
                0x08001f78                MCI_GetSTMState
 .text.MCI_GetOccurredFaults
                0x08001f80        0x4 ./Application/User/mc_interface.o
                0x08001f80                MCI_GetOccurredFaults
 .text.MCI_GetCurrentFaults
                0x08001f84        0x4 ./Application/User/mc_interface.o
                0x08001f84                MCI_GetCurrentFaults
 .text.MCI_StartMotor
                0x08001f88       0x34 ./Application/User/mc_interface.o
                0x08001f88                MCI_StartMotor
 .text.MCI_StopMotor
                0x08001fbc       0x40 ./Application/User/mc_interface.o
                0x08001fbc                MCI_StopMotor
 .text.MCI_FaultAcknowledged
                0x08001ffc       0x28 ./Application/User/mc_interface.o
                0x08001ffc                MCI_FaultAcknowledged
 .text.MCI_GetFaultState
                0x08002024        0xc ./Application/User/mc_interface.o
                0x08002024                MCI_GetFaultState
 .text.MCI_GetControlMode
                0x08002030        0x8 ./Application/User/mc_interface.o
                0x08002030                MCI_GetControlMode
 .text.MCI_GetLastRampFinalSpeed
                0x08002038        0x8 ./Application/User/mc_interface.o
                0x08002038                MCI_GetLastRampFinalSpeed
 .text.MCI_GetLastRampFinalDuration
                0x08002040        0x4 ./Application/User/mc_interface.o
                0x08002040                MCI_GetLastRampFinalDuration
 .text.MCI_StopRamp
                0x08002044        0xc ./Application/User/mc_interface.o
                0x08002044                MCI_StopRamp
 .text.MCI_GetAvrgMecSpeedUnit
                0x08002050        0xc ./Application/User/mc_interface.o
                0x08002050                MCI_GetAvrgMecSpeedUnit
 .text.MCI_GetMecSpeedRefUnit
                0x0800205c        0xc ./Application/User/mc_interface.o
                0x0800205c                MCI_GetMecSpeedRefUnit
 .text.MCI_GetVqd
                0x08002068       0x20 ./Application/User/mc_interface.o
                0x08002068                MCI_GetVqd
 .text.MCI_GetValphabeta
                0x08002088       0x20 ./Application/User/mc_interface.o
                0x08002088                MCI_GetValphabeta
 .text.MCI_GetTeref
                0x080020a8        0x8 ./Application/User/mc_interface.o
                0x080020a8                MCI_GetTeref
 .text.MCI_Clear_Iqdref
                0x080020b0       0x10 ./Application/User/mc_interface.o
                0x080020b0                MCI_Clear_Iqdref
 .text.MCM_Clarke
                0x080020c0       0x68 ./Application/User/mc_math.o
                0x080020c0                MCM_Clarke
 .text.MCM_Trig_Functions
                0x08002128       0x94 ./Application/User/mc_math.o
                0x08002128                MCM_Trig_Functions
 .text.MCM_Park
                0x080021bc       0x9c ./Application/User/mc_math.o
                0x080021bc                MCM_Park
 .text.MCM_Rev_Park
                0x08002258       0x30 ./Application/User/mc_math.o
                0x08002258                MCM_Rev_Park
 .text.MCboot   0x08002288       0x50 ./Application/User/mc_tasks.o
                0x08002288                MCboot
 .text.TSK_SetChargeBootCapDelayM1
                0x080022d8        0xc ./Application/User/mc_tasks.o
                0x080022d8                TSK_SetChargeBootCapDelayM1
 .text.TSK_ChargeBootCapDelayHasElapsedM1
                0x080022e4       0x10 ./Application/User/mc_tasks.o
                0x080022e4                TSK_ChargeBootCapDelayHasElapsedM1
 .text.TSK_SetStopPermanencyTimeM1
                0x080022f4        0xc ./Application/User/mc_tasks.o
                0x080022f4                TSK_SetStopPermanencyTimeM1
 .text.TSK_StopPermanencyTimeHasElapsedM1
                0x08002300       0x10 ./Application/User/mc_tasks.o
                0x08002300                TSK_StopPermanencyTimeHasElapsedM1
 .text.TSK_HighFrequencyTask
                0x08002310        0xc ./Application/User/mc_tasks.o
                0x08002310                TSK_HighFrequencyTask
 .text.TSK_SafetyTask_PWMOFF
                0x0800231c       0x44 ./Application/User/mc_tasks.o
                0x0800231c                TSK_SafetyTask_PWMOFF
 .text.TSK_SafetyTask
                0x08002360       0x1c ./Application/User/mc_tasks.o
                0x08002360                TSK_SafetyTask
 .text.MC_RunMotorControlTasks
                0x0800237c       0x98 ./Application/User/mc_tasks.o
                0x0800237c                MC_RunMotorControlTasks
 .text.TSK_HardwareFaultTask
                0x08002414       0x18 ./Application/User/mc_tasks.o
                0x08002414                TSK_HardwareFaultTask
 .text.mc_lock_pins
                0x0800242c      0x100 ./Application/User/mc_tasks.o
                0x0800242c                mc_lock_pins
 .text.FOC_Clear
                0x0800252c       0x88 ./Application/User/mc_tasks_foc.o
                0x0800252c                FOC_Clear
 .text.FOC_Init
                0x080025b4       0xd8 ./Application/User/mc_tasks_foc.o
                0x080025b4                FOC_Init
 .text.FOC_InitAdditionalMethods
                0x0800268c        0x4 ./Application/User/mc_tasks_foc.o
                0x0800268c                FOC_InitAdditionalMethods
 .text.FOC_CalcCurrRef
                0x08002690       0x70 ./Application/User/mc_tasks_foc.o
                0x08002690                FOC_CalcCurrRef
 .text.TSK_MediumFrequencyTaskM1
                0x08002700      0x1e8 ./Application/User/mc_tasks_foc.o
                0x08002700                TSK_MediumFrequencyTaskM1
 .text.FOC_HighFrequencyTask
                0x080028e8      0x15c ./Application/User/mc_tasks_foc.o
                0x080028e8                FOC_HighFrequencyTask
 .text.RI_SetRegCommandParser
                0x08002a44       0xf8 ./Application/User/mcp.o
                0x08002a44                RI_SetRegCommandParser
 .text.RI_GetRegCommandParser
                0x08002b3c       0xa4 ./Application/User/mcp.o
                0x08002b3c                RI_GetRegCommandParser
 .text.MCP_ReceivedPacket
                0x08002be0      0x168 ./Application/User/mcp.o
                0x08002be0                MCP_ReceivedPacket
 .text.MX_MotorControl_Init
                0x08002d48       0x34 ./Application/User/motorcontrol.o
                0x08002d48                MX_MotorControl_Init
 .text.waitForPolarizationEnd
                0x08002d7c       0x34 ./Application/User/pwm_common.o
                0x08002d7c                waitForPolarizationEnd
 .text.PWMC_SetPhaseVoltage
                0x08002db0      0x200 ./Application/User/pwm_curr_fdbk.o
                0x08002db0                PWMC_SetPhaseVoltage
 .text.PWMC_SwitchOffPWM
                0x08002fb0        0x8 ./Application/User/pwm_curr_fdbk.o
                0x08002fb0                PWMC_SwitchOffPWM
 .text.PWMC_SwitchOnPWM
                0x08002fb8        0x8 ./Application/User/pwm_curr_fdbk.o
                0x08002fb8                PWMC_SwitchOnPWM
 .text.PWMC_CurrentReadingCalibr
                0x08002fc0       0x38 ./Application/User/pwm_curr_fdbk.o
                0x08002fc0                PWMC_CurrentReadingCalibr
 .text.PWMC_CalcPhaseCurrentsEst
                0x08002ff8       0x68 ./Application/User/pwm_curr_fdbk.o
                0x08002ff8                PWMC_CalcPhaseCurrentsEst
 .text.PWMC_OCP_Handler
                0x08003060       0x34 ./Application/User/pwm_curr_fdbk.o
                0x08003060                PWMC_OCP_Handler
 .text.PWMC_IsFaultOccurred
                0x08003094       0x40 ./Application/User/pwm_curr_fdbk.o
                0x08003094                PWMC_IsFaultOccurred
 .text.R1_GetPhaseCurrents
                0x080030d4      0x27c ./Application/User/r1_ps_pwm_curr_fdbk.o
                0x080030d4                R1_GetPhaseCurrents
 .text.R1_HFCurrentsCalibration
                0x08003350       0x3c ./Application/User/r1_ps_pwm_curr_fdbk.o
 .text.R1_SetADCSampPointPolarization
                0x0800338c       0x6c ./Application/User/r1_ps_pwm_curr_fdbk.o
 .text.R1_CalcDutyCycles
                0x080033f8      0x3e8 ./Application/User/r1_ps_pwm_curr_fdbk.o
                0x080033f8                R1_CalcDutyCycles
 .text.R1_Init  0x080037e0      0x290 ./Application/User/r1_ps_pwm_curr_fdbk.o
                0x080037e0                R1_Init
 .text.R1_SetOffsetCalib
                0x08003a70       0x10 ./Application/User/r1_ps_pwm_curr_fdbk.o
                0x08003a70                R1_SetOffsetCalib
 .text.R1_GetOffsetCalib
                0x08003a80        0x8 ./Application/User/r1_ps_pwm_curr_fdbk.o
                0x08003a80                R1_GetOffsetCalib
 .text.R1_TurnOnLowSides
                0x08003a88       0x4c ./Application/User/r1_ps_pwm_curr_fdbk.o
                0x08003a88                R1_TurnOnLowSides
 .text.R1_SwitchOnPWM
                0x08003ad4      0x260 ./Application/User/r1_ps_pwm_curr_fdbk.o
                0x08003ad4                R1_SwitchOnPWM
 .text.R1_SwitchOffPWM
                0x08003d34      0x1e0 ./Application/User/r1_ps_pwm_curr_fdbk.o
                0x08003d34                R1_SwitchOffPWM
 .text.R1_CurrentReadingCalibration
                0x08003f14      0x110 ./Application/User/r1_ps_pwm_curr_fdbk.o
                0x08003f14                R1_CurrentReadingCalibration
 .text.R1_TIM1_UP_IRQHandler
                0x08004024       0x38 ./Application/User/r1_ps_pwm_curr_fdbk.o
                0x08004024                R1_TIM1_UP_IRQHandler
 .text.R1_DMAx_TC_IRQHandler
                0x0800405c       0x54 ./Application/User/r1_ps_pwm_curr_fdbk.o
                0x0800405c                R1_DMAx_TC_IRQHandler
 .text.RI_SetRegisterGlobal
                0x080040b0       0xb0 ./Application/User/register_interface.o
                0x080040b0                RI_SetRegisterGlobal
 .text.RI_SetRegisterMotor1
                0x08004160      0x1cc ./Application/User/register_interface.o
                0x08004160                RI_SetRegisterMotor1
 .text.RI_GetRegisterGlobal
                0x0800432c       0xac ./Application/User/register_interface.o
                0x0800432c                RI_GetRegisterGlobal
 .text.RI_GetRegisterMotor1
                0x080043d8      0x298 ./Application/User/register_interface.o
                0x080043d8                RI_GetRegisterMotor1
 .text.RCM_ExecRegularConv
                0x08004670      0x184 ./Application/User/regular_conversion_manager.o
                0x08004670                RCM_ExecRegularConv
 .text.RCM_ExecUserConv
                0x080047f4       0x64 ./Application/User/regular_conversion_manager.o
                0x080047f4                RCM_ExecUserConv
 .text.RCM_ExecNextConv
                0x08004858       0x70 ./Application/User/regular_conversion_manager.o
                0x08004858                RCM_ExecNextConv
 .text.RCM_ReadOngoingConv
                0x080048c8       0x74 ./Application/User/regular_conversion_manager.o
                0x080048c8                RCM_ReadOngoingConv
 .text.USART1_IRQHandler
                0x0800493c       0xb0 ./Application/User/stm32_mc_common_it.o
                0x0800493c                USART1_IRQHandler
 .text.HardFault_Handler
                0x080049ec        0x8 ./Application/User/stm32_mc_common_it.o
                0x080049ec                HardFault_Handler
 .text.SysTick_Handler
                0x080049f4       0x44 ./Application/User/stm32_mc_common_it.o
                0x080049f4                SysTick_Handler
 .text.HAL_MspInit
                0x08004a38       0x30 ./Application/User/stm32f0xx_hal_msp.o
                0x08004a38                HAL_MspInit
 .text.NMI_Handler
                0x08004a68        0x4 ./Application/User/stm32f0xx_it.o
                0x08004a68                NMI_Handler
 .text.PendSV_Handler
                0x08004a6c        0x4 ./Application/User/stm32f0xx_it.o
                0x08004a6c                PendSV_Handler
 .text.DMA1_Channel1_IRQHandler
                0x08004a70       0x14 ./Application/User/stm32f0xx_mc_it.o
                0x08004a70                DMA1_Channel1_IRQHandler
 .text.TIM1_BRK_UP_TRG_COM_IRQHandler
                0x08004a84       0x48 ./Application/User/stm32f0xx_mc_it.o
                0x08004a84                TIM1_BRK_UP_TRG_COM_IRQHandler
 .text.DMA1_Channel4_5_IRQHandler
                0x08004acc       0x24 ./Application/User/stm32f0xx_mc_it.o
                0x08004acc                DMA1_Channel4_5_IRQHandler
 .text.TIM2_IRQHandler
                0x08004af0       0x34 ./Application/User/stm32f0xx_mc_it.o
                0x08004af0                TIM2_IRQHandler
 .text.UASPEP_INIT
                0x08004b24       0x8c ./Application/User/usart_aspep_driver.o
                0x08004b24                UASPEP_INIT
 .text.UASPEP_CFG_TRANSMISSION
                0x08004bb0       0x2c ./Application/User/usart_aspep_driver.o
                0x08004bb0                UASPEP_CFG_TRANSMISSION
 .text.UASPEP_CFG_RECEPTION
                0x08004bdc       0x2c ./Application/User/usart_aspep_driver.o
                0x08004bdc                UASPEP_CFG_RECEPTION
 .text.UASPEP_IDLE_ENABLE
                0x08004c08       0x1c ./Application/User/usart_aspep_driver.o
                0x08004c08                UASPEP_IDLE_ENABLE
 .text.SystemInit
                0x08004c24        0x4 ./Drivers/CMSIS/system_stm32f0xx.o
                0x08004c24                SystemInit
 .text.HAL_InitTick
                0x08004c28       0x4c ./Drivers/STM32F0xx_HAL_Driver/stm32f0xx_hal.o
                0x08004c28                HAL_InitTick
 .text.HAL_Init
                0x08004c74       0x20 ./Drivers/STM32F0xx_HAL_Driver/stm32f0xx_hal.o
                0x08004c74                HAL_Init
 .text.HAL_IncTick
                0x08004c94       0x18 ./Drivers/STM32F0xx_HAL_Driver/stm32f0xx_hal.o
                0x08004c94                HAL_IncTick
 .text.HAL_GetTick
                0x08004cac        0xc ./Drivers/STM32F0xx_HAL_Driver/stm32f0xx_hal.o
                0x08004cac                HAL_GetTick
 .text.HAL_Delay
                0x08004cb8       0x24 ./Drivers/STM32F0xx_HAL_Driver/stm32f0xx_hal.o
                0x08004cb8                HAL_Delay
 .text.HAL_NVIC_SetPriority
                0x08004cdc       0x54 ./Drivers/STM32F0xx_HAL_Driver/stm32f0xx_hal_cortex.o
                0x08004cdc                HAL_NVIC_SetPriority
 .text.HAL_NVIC_SystemReset
                0x08004d30       0x1c ./Drivers/STM32F0xx_HAL_Driver/stm32f0xx_hal_cortex.o
                0x08004d30                HAL_NVIC_SystemReset
 .text.HAL_SYSTICK_Config
                0x08004d4c       0x34 ./Drivers/STM32F0xx_HAL_Driver/stm32f0xx_hal_cortex.o
                0x08004d4c                HAL_SYSTICK_Config
 .text.HAL_SYSTICK_Callback
                0x08004d80        0x4 ./Drivers/STM32F0xx_HAL_Driver/stm32f0xx_hal_cortex.o
                0x08004d80                HAL_SYSTICK_Callback
 .text.HAL_SYSTICK_IRQHandler
                0x08004d84        0x8 ./Drivers/STM32F0xx_HAL_Driver/stm32f0xx_hal_cortex.o
                0x08004d84                HAL_SYSTICK_IRQHandler
 .text.HAL_GPIO_ReadPin
                0x08004d8c        0xc ./Drivers/STM32F0xx_HAL_Driver/stm32f0xx_hal_gpio.o
                0x08004d8c                HAL_GPIO_ReadPin
 .text.HAL_RCC_GetHCLKFreq
                0x08004d98        0xc ./Drivers/STM32F0xx_HAL_Driver/stm32f0xx_hal_rcc.o
                0x08004d98                HAL_RCC_GetHCLKFreq
 .text.HAL_SPI_MspInit
                0x08004da4        0x4 ./Drivers/STM32F0xx_HAL_Driver/stm32f0xx_hal_spi.o
                0x08004da4                HAL_SPI_MspInit
 .text.HAL_SPI_Init
                0x08004da8      0x14c ./Drivers/STM32F0xx_HAL_Driver/stm32f0xx_hal_spi.o
                0x08004da8                HAL_SPI_Init
 .text.LL_ADC_Init
                0x08004ef4       0x34 ./Drivers/STM32F0xx_HAL_Driver/stm32f0xx_ll_adc.o
                0x08004ef4                LL_ADC_Init
 .text.LL_ADC_REG_Init
                0x08004f28       0x30 ./Drivers/STM32F0xx_HAL_Driver/stm32f0xx_ll_adc.o
                0x08004f28                LL_ADC_REG_Init
 .text.LL_GPIO_Init
                0x08004f58      0x114 ./Drivers/STM32F0xx_HAL_Driver/stm32f0xx_ll_gpio.o
                0x08004f58                LL_GPIO_Init
 .text.LL_RCC_GetUSARTClockFreq
                0x0800506c       0xcc ./Drivers/STM32F0xx_HAL_Driver/stm32f0xx_ll_rcc.o
                0x0800506c                LL_RCC_GetUSARTClockFreq
 .text.LL_TIM_Init
                0x08005138       0x9c ./Drivers/STM32F0xx_HAL_Driver/stm32f0xx_ll_tim.o
                0x08005138                LL_TIM_Init
 .text.LL_TIM_OC_Init
                0x080051d4      0x200 ./Drivers/STM32F0xx_HAL_Driver/stm32f0xx_ll_tim.o
                0x080051d4                LL_TIM_OC_Init
 .text.LL_TIM_BDTR_Init
                0x080053d4       0x48 ./Drivers/STM32F0xx_HAL_Driver/stm32f0xx_ll_tim.o
                0x080053d4                LL_TIM_BDTR_Init
 .text.LL_USART_Init
                0x0800541c       0xa0 ./Drivers/STM32F0xx_HAL_Driver/stm32f0xx_ll_usart.o
                0x0800541c                LL_USART_Init
 .text.LL_SetSystemCoreClock
                0x080054bc        0xc ./Drivers/STM32F0xx_HAL_Driver/stm32f0xx_ll_utils.o
                0x080054bc                LL_SetSystemCoreClock
 .text.VBS_GetAvBusVoltage_V
                0x080054c8        0xc ./Middlewares/MotorControl/bus_voltage_sensor.o
                0x080054c8                VBS_GetAvBusVoltage_V
 .text.Circle_Limitation
                0x080054d4       0x74 ./Middlewares/MotorControl/circle_limitation.o
                0x080054d4                Circle_Limitation
 .text.NTC_Init
                0x08005548       0x20 ./Middlewares/MotorControl/ntc_temperature_sensor.o
                0x08005548                NTC_Init
 .text.NTC_GetAvTemp_C
                0x08005568       0x20 ./Middlewares/MotorControl/ntc_temperature_sensor.o
                0x08005568                NTC_GetAvTemp_C
 .text.OL_Init  0x08005588        0x8 ./Middlewares/MotorControl/open_loop.o
                0x08005588                OL_Init
 .text.OL_VqdConditioning
                0x08005590        0x8 ./Middlewares/MotorControl/open_loop.o
                0x08005590                OL_VqdConditioning
 .text.OL_Calc  0x08005598       0x24 ./Middlewares/MotorControl/open_loop.o
                0x08005598                OL_Calc
 .text.PID_HandleInit
                0x080055bc       0x10 ./Middlewares/MotorControl/pid_regulator.o
                0x080055bc                PID_HandleInit
 .text.PID_SetKP
                0x080055cc        0x4 ./Middlewares/MotorControl/pid_regulator.o
                0x080055cc                PID_SetKP
 .text.PID_SetKI
                0x080055d0        0x4 ./Middlewares/MotorControl/pid_regulator.o
                0x080055d0                PID_SetKI
 .text.PID_GetKP
                0x080055d4        0x8 ./Middlewares/MotorControl/pid_regulator.o
                0x080055d4                PID_GetKP
 .text.PID_GetKI
                0x080055dc        0x8 ./Middlewares/MotorControl/pid_regulator.o
                0x080055dc                PID_GetKI
 .text.PID_SetIntegralTerm
                0x080055e4        0x4 ./Middlewares/MotorControl/pid_regulator.o
                0x080055e4                PID_SetIntegralTerm
 .text.PID_SetKD
                0x080055e8        0x4 ./Middlewares/MotorControl/pid_regulator.o
                0x080055e8                PID_SetKD
 .text.PID_GetKD
                0x080055ec        0x8 ./Middlewares/MotorControl/pid_regulator.o
                0x080055ec                PID_GetKD
 .text.PI_Controller
                0x080055f4       0x74 ./Middlewares/MotorControl/pid_regulator.o
                0x080055f4                PI_Controller
 .text.PQD_CalcElMotorPower
                0x08005668       0x3c ./Middlewares/MotorControl/pqd_motor_power_measurement.o
                0x08005668                PQD_CalcElMotorPower
 .text.PQD_GetAvrgElMotorPowerW
                0x080056a4       0x30 ./Middlewares/MotorControl/pqd_motor_power_measurement.o
                0x080056a4                PQD_GetAvrgElMotorPowerW
 .text.REMNG_Init
                0x080056d4       0x10 ./Middlewares/MotorControl/ramp_ext_mngr.o
                0x080056d4                REMNG_Init
 .text.SPD_GetAvrgMecSpeedUnit
                0x080056e4        0x8 ./Middlewares/MotorControl/speed_pos_fdbk.o
                0x080056e4                SPD_GetAvrgMecSpeedUnit
 .text.SPD_IsMecSpeedReliable
                0x080056ec       0x54 ./Middlewares/MotorControl/speed_pos_fdbk.o
                0x080056ec                SPD_IsMecSpeedReliable
 .text.STC_Init
                0x08005740       0x24 ./Middlewares/MotorControl/speed_torq_ctrl.o
                0x08005740                STC_Init
 .text.STC_SetSpeedSensor
                0x08005764        0x4 ./Middlewares/MotorControl/speed_torq_ctrl.o
                0x08005764                STC_SetSpeedSensor
 .text.STC_Clear
                0x08005768       0x14 ./Middlewares/MotorControl/speed_torq_ctrl.o
                0x08005768                STC_Clear
 .text.STC_GetMecSpeedRefUnit
                0x0800577c        0x8 ./Middlewares/MotorControl/speed_torq_ctrl.o
                0x0800577c                STC_GetMecSpeedRefUnit
 .text.STC_SetControlMode
                0x08005784        0x8 ./Middlewares/MotorControl/speed_torq_ctrl.o
                0x08005784                STC_SetControlMode
 .text.STC_ExecRamp
                0x0800578c       0x88 ./Middlewares/MotorControl/speed_torq_ctrl.o
                0x0800578c                STC_ExecRamp
 .text.STC_CalcTorqueReference
                0x08005814       0x6c ./Middlewares/MotorControl/speed_torq_ctrl.o
                0x08005814                STC_CalcTorqueReference
 .text.STC_GetMecSpeedRefUnitDefault
                0x08005880        0x8 ./Middlewares/MotorControl/speed_torq_ctrl.o
                0x08005880                STC_GetMecSpeedRefUnitDefault
 .text.STC_GetDefaultIqdref
                0x08005888       0x10 ./Middlewares/MotorControl/speed_torq_ctrl.o
                0x08005888                STC_GetDefaultIqdref
 .text.STC_ForceSpeedReferenceToCurrentSpeed
                0x08005898       0x10 ./Middlewares/MotorControl/speed_torq_ctrl.o
                0x08005898                STC_ForceSpeedReferenceToCurrentSpeed
 .text.VVBS_Init
                0x080058a8        0xc ./Middlewares/MotorControl/virtual_bus_voltage_sensor.o
                0x080058a8                VVBS_Init
 .text.VSS_CalcElAngle
                0x080058b4       0xb4 ./Middlewares/MotorControl/virtual_speed_sensor.o
                0x080058b4                VSS_CalcElAngle
 .text.VSS_CalcAvrgMecSpeedUnit
                0x08005968       0x88 ./Middlewares/MotorControl/virtual_speed_sensor.o
                0x08005968                VSS_CalcAvrgMecSpeedUnit
 .text.VSS_SetMecAcceleration
                0x080059f0       0x90 ./Middlewares/MotorControl/virtual_speed_sensor.o
                0x080059f0                VSS_SetMecAcceleration
 .text.memset   0x08005a80       0x10 /Applications/ArmGNUToolchain/14.2.rel1/arm-none-eabi/bin/../lib/gcc/arm-none-eabi/14.2.1/../../../../arm-none-eabi/lib/thumb/v6-m/nofp/libc_nano.a(libc_a-memset.o)
                0x08005a80                memset
 .text.__libc_init_array
                0x08005a90       0x48 /Applications/ArmGNUToolchain/14.2.rel1/arm-none-eabi/bin/../lib/gcc/arm-none-eabi/14.2.1/../../../../arm-none-eabi/lib/thumb/v6-m/nofp/libc_nano.a(libc_a-init.o)
                0x08005a90                __libc_init_array
 .text.memcpy   0x08005ad8       0x12 /Applications/ArmGNUToolchain/14.2.rel1/arm-none-eabi/bin/../lib/gcc/arm-none-eabi/14.2.1/../../../../arm-none-eabi/lib/thumb/v6-m/nofp/libc_nano.a(libc_a-memcpy-stub.o)
                0x08005ad8                memcpy
 *fill*         0x08005aea        0x2 
 .text.__aeabi_fmul
                0x08005aec      0x2a4 /Applications/ArmGNUToolchain/14.2.rel1/arm-none-eabi/bin/../lib/gcc/arm-none-eabi/14.2.1/thumb/v6-m/nofp/libgcc.a(mulsf3.o)
                0x08005aec                __aeabi_fmul
 .text.__aeabi_i2f
                0x08005d90       0xa0 /Applications/ArmGNUToolchain/14.2.rel1/arm-none-eabi/bin/../lib/gcc/arm-none-eabi/14.2.1/thumb/v6-m/nofp/libgcc.a(floatsisf.o)
                0x08005d90                __aeabi_i2f
 .text.__aeabi_ui2f
                0x08005e30       0x8c /Applications/ArmGNUToolchain/14.2.rel1/arm-none-eabi/bin/../lib/gcc/arm-none-eabi/14.2.1/thumb/v6-m/nofp/libgcc.a(floatunsisf.o)
                0x08005e30                __aeabi_ui2f
 *(.glue_7)
 .glue_7        0x08005ebc        0x0 linker stubs
 *(.glue_7t)
 .glue_7t       0x08005ebc        0x0 linker stubs
 *(.eh_frame)
 .eh_frame      0x08005ebc        0x0 /Applications/ArmGNUToolchain/14.2.rel1/arm-none-eabi/bin/../lib/gcc/arm-none-eabi/14.2.1/thumb/v6-m/nofp/crtbegin.o
 *(.init)
 .init          0x08005ebc        0x4 /Applications/ArmGNUToolchain/14.2.rel1/arm-none-eabi/bin/../lib/gcc/arm-none-eabi/14.2.1/thumb/v6-m/nofp/crti.o
                0x08005ebc                _init
 .init          0x08005ec0        0x8 /Applications/ArmGNUToolchain/14.2.rel1/arm-none-eabi/bin/../lib/gcc/arm-none-eabi/14.2.1/thumb/v6-m/nofp/crtn.o
 *(.fini)
 .fini          0x08005ec8        0x4 /Applications/ArmGNUToolchain/14.2.rel1/arm-none-eabi/bin/../lib/gcc/arm-none-eabi/14.2.1/thumb/v6-m/nofp/crti.o
                0x08005ec8                _fini
 .fini          0x08005ecc        0x8 /Applications/ArmGNUToolchain/14.2.rel1/arm-none-eabi/bin/../lib/gcc/arm-none-eabi/14.2.1/thumb/v6-m/nofp/crtn.o
                0x08005ed4                        . = ALIGN (0x4)
                0x08005ed4                        _etext = .

.vfp11_veneer   0x08005ed4        0x0
 .vfp11_veneer  0x08005ed4        0x0 linker stubs

.v4_bx          0x08005ed4        0x0
 .v4_bx         0x08005ed4        0x0 linker stubs

.iplt           0x08005ed4        0x0
 .iplt          0x08005ed4        0x0 /Applications/ArmGNUToolchain/14.2.rel1/arm-none-eabi/bin/../lib/gcc/arm-none-eabi/14.2.1/thumb/v6-m/nofp/crtbegin.o

.rodata         0x08005ed4      0xe4c
                0x08005ed4                        . = ALIGN (0x4)
 *(.rodata)
 *(.rodata*)
 .rodata.CRC4_Lookup4
                0x08005ed4       0x10 ./Application/User/aspep.o
 .rodata.CRC4_Lookup8
                0x08005ee4      0x100 ./Application/User/aspep.o
 .rodata.HALL_Clear
                0x08005fe4       0x1c ./Application/User/hall_speed_pos_fdbk.o
 .rodata.HALL_TIMx_CC_IRQHandler
                0x08006000       0x1c ./Application/User/hall_speed_pos_fdbk.o
 .rodata.HALL_TIMx_UP_IRQHandler
                0x0800601c       0x1c ./Application/User/hall_speed_pos_fdbk.o
 .rodata.M1_FOCConfig_reg
                0x08006038        0xe ./Application/User/mc_configuration_registers.o
 *fill*         0x08006046        0x2 
 .rodata.M1_ApplicationConfig_reg
                0x08006048       0x10 ./Application/User/mc_configuration_registers.o
 .rodata.globalConfig_reg
                0x08006058        0xa ./Application/User/mc_configuration_registers.o
                0x08006058                globalConfig_reg
 *fill*         0x08006062        0x2 
 .rodata.MCI_ExecBufferedCommands
                0x08006064       0x18 ./Application/User/mc_interface.o
 .rodata.hSin_Cos_Table
                0x0800607c      0x200 ./Application/User/mc_math.o
                0x0800607c                hSin_Cos_Table
 .rodata.R1_ParamsM1
                0x0800627c       0x28 ./Application/User/mc_parameters.o
                0x0800627c                R1_ParamsM1
 .rodata.TSK_MediumFrequencyTaskM1
                0x080062a4       0x48 ./Application/User/mc_tasks_foc.o
 .rodata.MCP_ReceivedPacket
                0x080062ec       0xe4 ./Application/User/mcp.o
 .rodata.R1_GetPhaseCurrents
                0x080063d0       0x18 ./Application/User/r1_ps_pwm_curr_fdbk.o
 .rodata.ALFLAG
                0x080063e8        0x3 ./Application/User/r1_ps_pwm_curr_fdbk.o
 *fill*         0x080063eb        0x1 
 .rodata.CHANNEL_OFFSET_TAB
                0x080063ec        0x5 ./Application/User/r1_ps_pwm_curr_fdbk.o
 *fill*         0x080063f1        0x3 
 .rodata.RI_GetRegisterGlobal
                0x080063f4       0x84 ./Application/User/register_interface.o
 .rodata.RI_GetRegisterMotor1
                0x08006478       0x84 ./Application/User/register_interface.o
 .rodata.CHANNEL_OFFSET_TAB
                0x080064fc        0x5 ./Application/User/usart_aspep_driver.o
 *fill*         0x08006501        0x3 
 .rodata.APBPrescTable
                0x08006504        0x8 ./Drivers/CMSIS/system_stm32f0xx.o
                0x08006504                APBPrescTable
 .rodata.AHBPrescTable
                0x0800650c       0x10 ./Drivers/CMSIS/system_stm32f0xx.o
                0x0800650c                AHBPrescTable
 .rodata.SqrtTable
                0x0800651c      0x802 ./Middlewares/MotorControl/circle_limitation.o
                0x0800651c                SqrtTable
                0x08006d20                        . = ALIGN (0x4)
 *fill*         0x08006d1e        0x2 

.rel.dyn        0x08006d20        0x0
 .rel.iplt      0x08006d20        0x0 /Applications/ArmGNUToolchain/14.2.rel1/arm-none-eabi/bin/../lib/gcc/arm-none-eabi/14.2.1/thumb/v6-m/nofp/crtbegin.o

.ARM.extab      0x08006d20        0x0
                0x08006d20                        . = ALIGN (0x4)
 *(.ARM.extab* .gnu.linkonce.armextab.*)
                0x08006d20                        . = ALIGN (0x4)

.ARM            0x08006d20        0x0
                0x08006d20                        . = ALIGN (0x4)
                0x08006d20                        __exidx_start = .
 *(.ARM.exidx*)
                0x08006d20                        __exidx_end = .
                0x08006d20                        . = ALIGN (0x4)

.preinit_array  0x08006d20        0x0
                0x08006d20                        . = ALIGN (0x4)
                0x08006d20                        PROVIDE (__preinit_array_start = .)
 *(.preinit_array*)
                0x08006d20                        PROVIDE (__preinit_array_end = .)
                0x08006d20                        . = ALIGN (0x4)

.init_array     0x08006d20        0x4
                0x08006d20                        . = ALIGN (0x4)
                0x08006d20                        PROVIDE (__init_array_start = .)
 *(SORT_BY_NAME(.init_array.*))
 *(.init_array*)
 .init_array    0x08006d20        0x4 /Applications/ArmGNUToolchain/14.2.rel1/arm-none-eabi/bin/../lib/gcc/arm-none-eabi/14.2.1/thumb/v6-m/nofp/crtbegin.o
                0x08006d24                        PROVIDE (__init_array_end = .)
                0x08006d24                        . = ALIGN (0x4)

.fini_array     0x08006d24        0x4
                0x08006d24                        . = ALIGN (0x4)
                [!provide]                        PROVIDE (__fini_array_start = .)
 *(SORT_BY_NAME(.fini_array.*))
 *(.fini_array*)
 .fini_array    0x08006d24        0x4 /Applications/ArmGNUToolchain/14.2.rel1/arm-none-eabi/bin/../lib/gcc/arm-none-eabi/14.2.1/thumb/v6-m/nofp/crtbegin.o
                [!provide]                        PROVIDE (__fini_array_end = .)
                0x08006d28                        . = ALIGN (0x4)
                0x08006d28                        _sidata = LOADADDR (.data)

.data           0x20000000      0x3d4 load address 0x08006d28
                0x20000000                        . = ALIGN (0x4)
                0x20000000                        _sdata = .
 *(.data)
 *(.data*)
 .data.Mci      0x20000000       0x2c ./Application/User/mc_config.o
                0x20000000                Mci
 .data.pMPM     0x2000002c        0x4 ./Application/User/mc_config.o
                0x2000002c                pMPM
 .data.pPIDId   0x20000030        0x4 ./Application/User/mc_config.o
                0x20000030                pPIDId
 .data.pPIDIq   0x20000034        0x4 ./Application/User/mc_config.o
                0x20000034                pPIDIq
 .data.pSTC     0x20000038        0x4 ./Application/User/mc_config.o
                0x20000038                pSTC
 .data.CircleLimitationM1
                0x2000003c        0x4 ./Application/User/mc_config.o
                0x2000003c                CircleLimitationM1
 .data.RampExtMngrHFParamsM1
                0x20000040       0x18 ./Application/User/mc_config.o
                0x20000040                RampExtMngrHFParamsM1
 .data.HALL_M1  0x20000058       0xcc ./Application/User/mc_config.o
                0x20000058                HALL_M1
 .data.OpenLoop_ParamsM1
                0x20000124       0x10 ./Application/User/mc_config.o
                0x20000124                OpenLoop_ParamsM1
 .data.PWM_Handle_M1
                0x20000134       0xd0 ./Application/User/mc_config.o
                0x20000134                PWM_Handle_M1
 .data.SpeednTorqCtrlM1
                0x20000204       0x34 ./Application/User/mc_config.o
                0x20000204                SpeednTorqCtrlM1
 .data.PIDIdHandle_M1
                0x20000238       0x2c ./Application/User/mc_config.o
                0x20000238                PIDIdHandle_M1
 .data.PIDIqHandle_M1
                0x20000264       0x2c ./Application/User/mc_config.o
                0x20000264                PIDIqHandle_M1
 .data.PIDSpeedHandle_M1
                0x20000290       0x2c ./Application/User/mc_config.o
                0x20000290                PIDSpeedHandle_M1
 .data.PQD_MotorPowMeasM1
                0x200002bc       0x10 ./Application/User/mc_config.o
                0x200002bc                PQD_MotorPowMeasM1
 .data.BusVoltageSensor_M1
                0x200002cc        0xc ./Application/User/mc_config_common.o
                0x200002cc                BusVoltageSensor_M1
 .data.TempSensor_M1
                0x200002d8       0x1c ./Application/User/mc_config_common.o
                0x200002d8                TempSensor_M1
 .data.VirtualSpeedSensorM1
                0x200002f4       0x38 ./Application/User/mc_config_common.o
                0x200002f4                VirtualSpeedSensorM1
 .data.ApplicationConfig_reg
                0x2000032c        0x4 ./Application/User/mc_configuration_registers.o
                0x2000032c                ApplicationConfig_reg
 .data.FOCConfig_reg
                0x20000330        0x4 ./Application/User/mc_configuration_registers.o
                0x20000330                FOCConfig_reg
 .data.scaleParams_M1
                0x20000334       0x10 ./Application/User/mc_parameters.o
                0x20000334                scaleParams_M1
 .data.MCP_Over_UartA
                0x20000344       0x10 ./Application/User/mcp_config.o
                0x20000344                MCP_Over_UartA
 .data.aspepOverUartA
                0x20000354       0x5c ./Application/User/mcp_config.o
                0x20000354                aspepOverUartA
 .data.UASPEP_A
                0x200003b0       0x14 ./Application/User/mcp_config.o
 .data.SystickDividerCounter.0
                0x200003c4        0x1 ./Application/User/stm32_mc_common_it.o
 *fill*         0x200003c5        0x3 
 .data.SystemCoreClock
                0x200003c8        0x4 ./Drivers/CMSIS/system_stm32f0xx.o
                0x200003c8                SystemCoreClock
 .data.uwTickFreq
                0x200003cc        0x1 ./Drivers/STM32F0xx_HAL_Driver/stm32f0xx_hal.o
                0x200003cc                uwTickFreq
 *fill*         0x200003cd        0x3 
 .data.uwTickPrio
                0x200003d0        0x4 ./Drivers/STM32F0xx_HAL_Driver/stm32f0xx_hal.o
                0x200003d0                uwTickPrio
 *(.RamFunc)
 *(.RamFunc*)
                0x200003d4                        . = ALIGN (0x4)
                0x200003d4                        _edata = .

.tm_clone_table
                0x200003d4        0x0 load address 0x080070fc
 .tm_clone_table
                0x200003d4        0x0 /Applications/ArmGNUToolchain/14.2.rel1/arm-none-eabi/bin/../lib/gcc/arm-none-eabi/14.2.1/thumb/v6-m/nofp/crtbegin.o
 .tm_clone_table
                0x200003d4        0x0 /Applications/ArmGNUToolchain/14.2.rel1/arm-none-eabi/bin/../lib/gcc/arm-none-eabi/14.2.1/thumb/v6-m/nofp/crtend.o

.igot.plt       0x200003d4        0x0 load address 0x080070fc
 .igot.plt      0x200003d4        0x0 /Applications/ArmGNUToolchain/14.2.rel1/arm-none-eabi/bin/../lib/gcc/arm-none-eabi/14.2.1/thumb/v6-m/nofp/crtbegin.o
                0x200003d4                        . = ALIGN (0x4)

.bss            0x200003d8      0x230 load address 0x080070fc
                0x200003d8                        _sbss = .
                0x200003d8                        __bss_start__ = _sbss
 *(.bss)
 *(.bss*)
 .bss.completed.1
                0x200003d8        0x1 /Applications/ArmGNUToolchain/14.2.rel1/arm-none-eabi/bin/../lib/gcc/arm-none-eabi/14.2.1/thumb/v6-m/nofp/crtbegin.o
 *fill*         0x200003d9        0x3 
 .bss.object.0  0x200003dc       0x18 /Applications/ArmGNUToolchain/14.2.rel1/arm-none-eabi/bin/../lib/gcc/arm-none-eabi/14.2.1/thumb/v6-m/nofp/crtbegin.o
 .bss.DIRECTION
                0x200003f4        0x1 ./Application/User/main.o
                0x200003f4                DIRECTION
 .bss.DRIVE     0x200003f5        0x1 ./Application/User/main.o
                0x200003f5                DRIVE
 *fill*         0x200003f6        0x2 
 .bss.hspi1     0x200003f8       0x64 ./Application/User/main.o
                0x200003f8                hspi1
 .bss.pREMNG    0x2000045c        0x4 ./Application/User/mc_config.o
                0x2000045c                pREMNG
 .bss.FOCVars   0x20000460       0x26 ./Application/User/mc_config.o
                0x20000460                FOCVars
 *fill*         0x20000486        0x2 
 .bss.pwmcHandle
                0x20000488        0x4 ./Application/User/mc_config_common.o
                0x20000488                pwmcHandle
 .bss.bMCBootCompleted
                0x2000048c        0x1 ./Application/User/mc_tasks.o
 *fill*         0x2000048d        0x1 
 .bss.hStopPermanencyCounterM1
                0x2000048e        0x2 ./Application/User/mc_tasks.o
 .bss.hBootCapDelayCounterM1
                0x20000490        0x2 ./Application/User/mc_tasks.o
 .bss.hMFTaskCounterM1
                0x20000492        0x2 ./Application/User/mc_tasks.o
 .bss.pOpenLoop
                0x20000494        0x4 ./Application/User/mc_tasks_foc.o
                0x20000494                pOpenLoop
 .bss.MCP_UserCallBack
                0x20000498        0x8 ./Application/User/mcp_config.o
                0x20000498                MCP_UserCallBack
 .bss.MCPSyncRXBuff
                0x200004a0       0x82 ./Application/User/mcp_config.o
 *fill*         0x20000522        0x2 
 .bss.MCPSyncTxBuff
                0x20000524       0x86 ./Application/User/mcp_config.o
 *fill*         0x200005aa        0x2 
 .bss.pMCI      0x200005ac        0x4 ./Application/User/motorcontrol.o
                0x200005ac                pMCI
 .bss.RCM_UserConvHandle
                0x200005b0        0x4 ./Application/User/regular_conversion_manager.o
 .bss.RCM_UserConvState
                0x200005b4        0x1 ./Application/User/regular_conversion_manager.o
 *fill*         0x200005b5        0x1 
 .bss.RCM_UserConvValue
                0x200005b6        0x2 ./Application/User/regular_conversion_manager.o
 .bss.RCM_currentHandle
                0x200005b8        0x1 ./Application/User/regular_conversion_manager.o
 *fill*         0x200005b9        0x3 
 .bss.RCM_NoInj_array
                0x200005bc       0x18 ./Application/User/regular_conversion_manager.o
 .bss.RCM_CB_array
                0x200005d4       0x20 ./Application/User/regular_conversion_manager.o
 .bss.RCM_handle_array
                0x200005f4       0x10 ./Application/User/regular_conversion_manager.o
 .bss.uwTick    0x20000604        0x4 ./Drivers/STM32F0xx_HAL_Driver/stm32f0xx_hal.o
                0x20000604                uwTick
 *(COMMON)
                0x20000608                        . = ALIGN (0x4)
                0x20000608                        _ebss = .
                0x20000608                        __bss_end__ = _ebss

._user_heap_stack
                0x20000608      0x480 load address 0x080070fc
                0x20000608                        . = ALIGN (0x8)
                [!provide]                        PROVIDE (end = .)
                0x20000608                        PROVIDE (_end = .)
                0x20000688                        . = (. + _Min_Heap_Size)
 *fill*         0x20000608       0x80 
                0x20000a88                        . = (. + _Min_Stack_Size)
 *fill*         0x20000688      0x400 
                0x20000a88                        . = ALIGN (0x8)

/DISCARD/
 libc.a(*)
 libm.a(*)
 libgcc.a(*)

.ARM.attributes
                0x00000000       0x28
 *(.ARM.attributes)
 .ARM.attributes
                0x00000000       0x1e /Applications/ArmGNUToolchain/14.2.rel1/arm-none-eabi/bin/../lib/gcc/arm-none-eabi/14.2.1/thumb/v6-m/nofp/crti.o
 .ARM.attributes
                0x0000001e       0x2c /Applications/ArmGNUToolchain/14.2.rel1/arm-none-eabi/bin/../lib/gcc/arm-none-eabi/14.2.1/thumb/v6-m/nofp/crtbegin.o
 .ARM.attributes
                0x0000004a       0x21 ./Application/Startup/startup_stm32f031c6tx.o
 .ARM.attributes
                0x0000006b       0x28 ./Application/User/aspep.o
 .ARM.attributes
                0x00000093       0x28 ./Application/User/hall_speed_pos_fdbk.o
 .ARM.attributes
                0x000000bb       0x28 ./Application/User/main.o
 .ARM.attributes
                0x000000e3       0x28 ./Application/User/mc_api.o
 .ARM.attributes
                0x0000010b       0x28 ./Application/User/mc_app_hooks.o
 .ARM.attributes
                0x00000133       0x28 ./Application/User/mc_config.o
 .ARM.attributes
                0x0000015b       0x28 ./Application/User/mc_config_common.o
 .ARM.attributes
                0x00000183       0x28 ./Application/User/mc_configuration_registers.o
 .ARM.attributes
                0x000001ab       0x28 ./Application/User/mc_interface.o
 .ARM.attributes
                0x000001d3       0x28 ./Application/User/mc_math.o
 .ARM.attributes
                0x000001fb       0x28 ./Application/User/mc_parameters.o
 .ARM.attributes
                0x00000223       0x28 ./Application/User/mc_tasks.o
 .ARM.attributes
                0x0000024b       0x28 ./Application/User/mc_tasks_foc.o
 .ARM.attributes
                0x00000273       0x28 ./Application/User/mcp.o
 .ARM.attributes
                0x0000029b       0x28 ./Application/User/mcp_config.o
 .ARM.attributes
                0x000002c3       0x28 ./Application/User/motorcontrol.o
 .ARM.attributes
                0x000002eb       0x28 ./Application/User/pwm_common.o
 .ARM.attributes
                0x00000313       0x28 ./Application/User/pwm_curr_fdbk.o
 .ARM.attributes
                0x0000033b       0x28 ./Application/User/r1_ps_pwm_curr_fdbk.o
 .ARM.attributes
                0x00000363       0x28 ./Application/User/register_interface.o
 .ARM.attributes
                0x0000038b       0x28 ./Application/User/regular_conversion_manager.o
 .ARM.attributes
                0x000003b3       0x28 ./Application/User/stm32_mc_common_it.o
 .ARM.attributes
                0x000003db       0x28 ./Application/User/stm32f0xx_hal_msp.o
 .ARM.attributes
                0x00000403       0x28 ./Application/User/stm32f0xx_it.o
 .ARM.attributes
                0x0000042b       0x28 ./Application/User/stm32f0xx_mc_it.o
 .ARM.attributes
                0x00000453       0x28 ./Application/User/usart_aspep_driver.o
 .ARM.attributes
                0x0000047b       0x28 ./Drivers/CMSIS/system_stm32f0xx.o
 .ARM.attributes
                0x000004a3       0x28 ./Drivers/STM32F0xx_HAL_Driver/stm32f0xx_hal.o
 .ARM.attributes
                0x000004cb       0x28 ./Drivers/STM32F0xx_HAL_Driver/stm32f0xx_hal_cortex.o
 .ARM.attributes
                0x000004f3       0x28 ./Drivers/STM32F0xx_HAL_Driver/stm32f0xx_hal_gpio.o
 .ARM.attributes
                0x0000051b       0x28 ./Drivers/STM32F0xx_HAL_Driver/stm32f0xx_hal_rcc.o
 .ARM.attributes
                0x00000543       0x28 ./Drivers/STM32F0xx_HAL_Driver/stm32f0xx_hal_spi.o
 .ARM.attributes
                0x0000056b       0x28 ./Drivers/STM32F0xx_HAL_Driver/stm32f0xx_ll_adc.o
 .ARM.attributes
                0x00000593       0x28 ./Drivers/STM32F0xx_HAL_Driver/stm32f0xx_ll_gpio.o
 .ARM.attributes
                0x000005bb       0x28 ./Drivers/STM32F0xx_HAL_Driver/stm32f0xx_ll_rcc.o
 .ARM.attributes
                0x000005e3       0x28 ./Drivers/STM32F0xx_HAL_Driver/stm32f0xx_ll_tim.o
 .ARM.attributes
                0x0000060b       0x28 ./Drivers/STM32F0xx_HAL_Driver/stm32f0xx_ll_usart.o
 .ARM.attributes
                0x00000633       0x28 ./Drivers/STM32F0xx_HAL_Driver/stm32f0xx_ll_utils.o
 .ARM.attributes
                0x0000065b       0x28 ./Middlewares/MotorControl/bus_voltage_sensor.o
 .ARM.attributes
                0x00000683       0x28 ./Middlewares/MotorControl/circle_limitation.o
 .ARM.attributes
                0x000006ab       0x28 ./Middlewares/MotorControl/ntc_temperature_sensor.o
 .ARM.attributes
                0x000006d3       0x28 ./Middlewares/MotorControl/open_loop.o
 .ARM.attributes
                0x000006fb       0x28 ./Middlewares/MotorControl/pid_regulator.o
 .ARM.attributes
                0x00000723       0x28 ./Middlewares/MotorControl/pqd_motor_power_measurement.o
 .ARM.attributes
                0x0000074b       0x28 ./Middlewares/MotorControl/ramp_ext_mngr.o
 .ARM.attributes
                0x00000773       0x28 ./Middlewares/MotorControl/speed_pos_fdbk.o
 .ARM.attributes
                0x0000079b       0x28 ./Middlewares/MotorControl/speed_torq_ctrl.o
 .ARM.attributes
                0x000007c3       0x28 ./Middlewares/MotorControl/virtual_bus_voltage_sensor.o
 .ARM.attributes
                0x000007eb       0x28 ./Middlewares/MotorControl/virtual_speed_sensor.o
 .ARM.attributes
                0x00000813       0x2c /Applications/ArmGNUToolchain/14.2.rel1/arm-none-eabi/bin/../lib/gcc/arm-none-eabi/14.2.1/../../../../arm-none-eabi/lib/thumb/v6-m/nofp/libc_nano.a(libc_a-memset.o)
 .ARM.attributes
                0x0000083f       0x2c /Applications/ArmGNUToolchain/14.2.rel1/arm-none-eabi/bin/../lib/gcc/arm-none-eabi/14.2.1/../../../../arm-none-eabi/lib/thumb/v6-m/nofp/libc_nano.a(libc_a-init.o)
 .ARM.attributes
                0x0000086b       0x2c /Applications/ArmGNUToolchain/14.2.rel1/arm-none-eabi/bin/../lib/gcc/arm-none-eabi/14.2.1/../../../../arm-none-eabi/lib/thumb/v6-m/nofp/libc_nano.a(libc_a-memcpy-stub.o)
 .ARM.attributes
                0x00000897       0x1e /Applications/ArmGNUToolchain/14.2.rel1/arm-none-eabi/bin/../lib/gcc/arm-none-eabi/14.2.1/thumb/v6-m/nofp/libgcc.a(_udivsi3.o)
 .ARM.attributes
                0x000008b5       0x1e /Applications/ArmGNUToolchain/14.2.rel1/arm-none-eabi/bin/../lib/gcc/arm-none-eabi/14.2.1/thumb/v6-m/nofp/libgcc.a(_divsi3.o)
 .ARM.attributes
                0x000008d3       0x1e /Applications/ArmGNUToolchain/14.2.rel1/arm-none-eabi/bin/../lib/gcc/arm-none-eabi/14.2.1/thumb/v6-m/nofp/libgcc.a(_dvmd_tls.o)
 .ARM.attributes
                0x000008f1       0x2c /Applications/ArmGNUToolchain/14.2.rel1/arm-none-eabi/bin/../lib/gcc/arm-none-eabi/14.2.1/thumb/v6-m/nofp/libgcc.a(mulsf3.o)
 .ARM.attributes
                0x0000091d       0x2c /Applications/ArmGNUToolchain/14.2.rel1/arm-none-eabi/bin/../lib/gcc/arm-none-eabi/14.2.1/thumb/v6-m/nofp/libgcc.a(floatsisf.o)
 .ARM.attributes
                0x00000949       0x2c /Applications/ArmGNUToolchain/14.2.rel1/arm-none-eabi/bin/../lib/gcc/arm-none-eabi/14.2.1/thumb/v6-m/nofp/libgcc.a(floatunsisf.o)
 .ARM.attributes
                0x00000975       0x1e /Applications/ArmGNUToolchain/14.2.rel1/arm-none-eabi/bin/../lib/gcc/arm-none-eabi/14.2.1/thumb/v6-m/nofp/libgcc.a(_clzsi2.o)
 .ARM.attributes
                0x00000993       0x2c /Applications/ArmGNUToolchain/14.2.rel1/arm-none-eabi/bin/../lib/gcc/arm-none-eabi/14.2.1/thumb/v6-m/nofp/crtend.o
 .ARM.attributes
                0x000009bf       0x1e /Applications/ArmGNUToolchain/14.2.rel1/arm-none-eabi/bin/../lib/gcc/arm-none-eabi/14.2.1/thumb/v6-m/nofp/crtn.o
OUTPUT(MDv6OL.elf elf32-littlearm)
LOAD linker stubs
LOAD /Applications/ArmGNUToolchain/14.2.rel1/arm-none-eabi/bin/../lib/gcc/arm-none-eabi/14.2.1/../../../../arm-none-eabi/lib/thumb/v6-m/nofp/libc.a
LOAD /Applications/ArmGNUToolchain/14.2.rel1/arm-none-eabi/bin/../lib/gcc/arm-none-eabi/14.2.1/../../../../arm-none-eabi/lib/thumb/v6-m/nofp/libm.a
LOAD /Applications/ArmGNUToolchain/14.2.rel1/arm-none-eabi/bin/../lib/gcc/arm-none-eabi/14.2.1/thumb/v6-m/nofp/libgcc.a

.debug_line     0x00000000    0x1af37
 .debug_line    0x00000000       0x7b ./Application/Startup/startup_stm32f031c6tx.o
 .debug_line    0x0000007b      0xded ./Application/User/aspep.o
 .debug_line    0x00000e68     0x121b ./Application/User/hall_speed_pos_fdbk.o
 .debug_line    0x00002083     0x1a76 ./Application/User/main.o
 .debug_line    0x00003af9      0x9a2 ./Application/User/mc_api.o
 .debug_line    0x0000449b      0x19e ./Application/User/mc_app_hooks.o
 .debug_line    0x00004639      0x379 ./Application/User/mc_config.o
 .debug_line    0x000049b2      0x2b8 ./Application/User/mc_config_common.o
 .debug_line    0x00004c6a      0x1bd ./Application/User/mc_configuration_registers.o
 .debug_line    0x00004e27     0x1187 ./Application/User/mc_interface.o
 .debug_line    0x00005fae      0x58a ./Application/User/mc_math.o
 .debug_line    0x00006538      0x1ef ./Application/User/mc_parameters.o
 .debug_line    0x00006727      0x836 ./Application/User/mc_tasks.o
 .debug_line    0x00006f5d      0x9d9 ./Application/User/mc_tasks_foc.o
 .debug_line    0x00007936      0x81c ./Application/User/mcp.o
 .debug_line    0x00008152      0x241 ./Application/User/mcp_config.o
 .debug_line    0x00008393      0x316 ./Application/User/motorcontrol.o
 .debug_line    0x000086a9      0x42a ./Application/User/pwm_common.o
 .debug_line    0x00008ad3      0xc16 ./Application/User/pwm_curr_fdbk.o
 .debug_line    0x000096e9     0x218f ./Application/User/r1_ps_pwm_curr_fdbk.o
 .debug_line    0x0000b878      0xcef ./Application/User/register_interface.o
 .debug_line    0x0000c567      0xcb8 ./Application/User/regular_conversion_manager.o
 .debug_line    0x0000d21f      0x674 ./Application/User/stm32_mc_common_it.o
 .debug_line    0x0000d893      0x1ee ./Application/User/stm32f0xx_hal_msp.o
 .debug_line    0x0000da81      0x1a4 ./Application/User/stm32f0xx_it.o
 .debug_line    0x0000dc25      0x47f ./Application/User/stm32f0xx_mc_it.o
 .debug_line    0x0000e0a4      0x974 ./Application/User/usart_aspep_driver.o
 .debug_line    0x0000ea18      0x233 ./Drivers/CMSIS/system_stm32f0xx.o
 .debug_line    0x0000ec4b      0x693 ./Drivers/STM32F0xx_HAL_Driver/stm32f0xx_hal.o
 .debug_line    0x0000f2de      0x65b ./Drivers/STM32F0xx_HAL_Driver/stm32f0xx_hal_cortex.o
 .debug_line    0x0000f939      0x83f ./Drivers/STM32F0xx_HAL_Driver/stm32f0xx_hal_gpio.o
 .debug_line    0x00010178      0xf04 ./Drivers/STM32F0xx_HAL_Driver/stm32f0xx_hal_rcc.o
 .debug_line    0x0001107c     0x3a5b ./Drivers/STM32F0xx_HAL_Driver/stm32f0xx_hal_spi.o
 .debug_line    0x00014ad7      0x5e2 ./Drivers/STM32F0xx_HAL_Driver/stm32f0xx_ll_adc.o
 .debug_line    0x000150b9      0x5cf ./Drivers/STM32F0xx_HAL_Driver/stm32f0xx_ll_gpio.o
 .debug_line    0x00015688      0xc92 ./Drivers/STM32F0xx_HAL_Driver/stm32f0xx_ll_rcc.o
 .debug_line    0x0001631a      0xccf ./Drivers/STM32F0xx_HAL_Driver/stm32f0xx_ll_tim.o
 .debug_line    0x00016fe9      0x578 ./Drivers/STM32F0xx_HAL_Driver/stm32f0xx_ll_usart.o
 .debug_line    0x00017561      0xab1 ./Drivers/STM32F0xx_HAL_Driver/stm32f0xx_ll_utils.o
 .debug_line    0x00018012      0x27b ./Middlewares/MotorControl/bus_voltage_sensor.o
 .debug_line    0x0001828d      0x30e ./Middlewares/MotorControl/circle_limitation.o
 .debug_line    0x0001859b      0x40d ./Middlewares/MotorControl/ntc_temperature_sensor.o
 .debug_line    0x000189a8      0x2ef ./Middlewares/MotorControl/open_loop.o
 .debug_line    0x00018c97      0x6c2 ./Middlewares/MotorControl/pid_regulator.o
 .debug_line    0x00019359      0x31d ./Middlewares/MotorControl/pqd_motor_power_measurement.o
 .debug_line    0x00019676      0x4bc ./Middlewares/MotorControl/ramp_ext_mngr.o
 .debug_line    0x00019b32      0x388 ./Middlewares/MotorControl/speed_pos_fdbk.o
 .debug_line    0x00019eba      0x693 ./Middlewares/MotorControl/speed_torq_ctrl.o
 .debug_line    0x0001a54d      0x2a3 ./Middlewares/MotorControl/virtual_bus_voltage_sensor.o
 .debug_line    0x0001a7f0      0x747 ./Middlewares/MotorControl/virtual_speed_sensor.o

.debug_line_str
                0x00000000      0x141
 .debug_line_str
                0x00000000      0x141 ./Application/Startup/startup_stm32f031c6tx.o
                                 0x6f (size before relaxing)
 .debug_line_str
                0x00000141       0xd2 /Applications/ArmGNUToolchain/14.2.rel1/arm-none-eabi/bin/../lib/gcc/arm-none-eabi/14.2.1/thumb/v6-m/nofp/libgcc.a(_udivsi3.o)
 .debug_line_str
                0x00000141       0xd2 /Applications/ArmGNUToolchain/14.2.rel1/arm-none-eabi/bin/../lib/gcc/arm-none-eabi/14.2.1/thumb/v6-m/nofp/libgcc.a(_divsi3.o)
 .debug_line_str
                0x00000141       0xd2 /Applications/ArmGNUToolchain/14.2.rel1/arm-none-eabi/bin/../lib/gcc/arm-none-eabi/14.2.1/thumb/v6-m/nofp/libgcc.a(_dvmd_tls.o)
 .debug_line_str
                0x00000141       0xd2 /Applications/ArmGNUToolchain/14.2.rel1/arm-none-eabi/bin/../lib/gcc/arm-none-eabi/14.2.1/thumb/v6-m/nofp/libgcc.a(_clzsi2.o)

.debug_info     0x00000000    0x2c989
 .debug_info    0x00000000       0x30 ./Application/Startup/startup_stm32f031c6tx.o
 .debug_info    0x00000030     0x101f ./Application/User/aspep.o
 .debug_info    0x0000104f     0x1456 ./Application/User/hall_speed_pos_fdbk.o
 .debug_info    0x000024a5     0x3b90 ./Application/User/main.o
 .debug_info    0x00006035     0x1c0d ./Application/User/mc_api.o
 .debug_info    0x00007c42      0x152 ./Application/User/mc_app_hooks.o
 .debug_info    0x00007d94     0x1af0 ./Application/User/mc_config.o
 .debug_info    0x00009884      0xa41 ./Application/User/mc_config_common.o
 .debug_info    0x0000a2c5      0x4fc ./Application/User/mc_configuration_registers.o
 .debug_info    0x0000a7c1     0x23d2 ./Application/User/mc_interface.o
 .debug_info    0x0000cb93      0x61f ./Application/User/mc_math.o
 .debug_info    0x0000d1b2      0x4cd ./Application/User/mc_parameters.o
 .debug_info    0x0000d67f     0x1bb4 ./Application/User/mc_tasks.o
 .debug_info    0x0000f233     0x2676 ./Application/User/mc_tasks_foc.o
 .debug_info    0x000118a9     0x1624 ./Application/User/mcp.o
 .debug_info    0x00012ecd      0x883 ./Application/User/mcp_config.o
 .debug_info    0x00013750     0x1033 ./Application/User/motorcontrol.o
 .debug_info    0x00014783      0x727 ./Application/User/pwm_common.o
 .debug_info    0x00014eaa     0x13bc ./Application/User/pwm_curr_fdbk.o
 .debug_info    0x00016266     0x36d2 ./Application/User/r1_ps_pwm_curr_fdbk.o
 .debug_info    0x00019938     0x1d10 ./Application/User/register_interface.o
 .debug_info    0x0001b648     0x1544 ./Application/User/regular_conversion_manager.o
 .debug_info    0x0001cb8c      0xe46 ./Application/User/stm32_mc_common_it.o
 .debug_info    0x0001d9d2      0x252 ./Application/User/stm32f0xx_hal_msp.o
 .debug_info    0x0001dc24      0x159 ./Application/User/stm32f0xx_it.o
 .debug_info    0x0001dd7d     0x12a1 ./Application/User/stm32f0xx_mc_it.o
 .debug_info    0x0001f01e     0x10f0 ./Application/User/usart_aspep_driver.o
 .debug_info    0x0002010e      0x264 ./Drivers/CMSIS/system_stm32f0xx.o
 .debug_info    0x00020372      0x737 ./Drivers/STM32F0xx_HAL_Driver/stm32f0xx_hal.o
 .debug_info    0x00020aa9      0x7ee ./Drivers/STM32F0xx_HAL_Driver/stm32f0xx_hal_cortex.o
 .debug_info    0x00021297      0x5fe ./Drivers/STM32F0xx_HAL_Driver/stm32f0xx_hal_gpio.o
 .debug_info    0x00021895      0xaca ./Drivers/STM32F0xx_HAL_Driver/stm32f0xx_hal_rcc.o
 .debug_info    0x0002235f     0x2e96 ./Drivers/STM32F0xx_HAL_Driver/stm32f0xx_hal_spi.o
 .debug_info    0x000251f5      0x6f0 ./Drivers/STM32F0xx_HAL_Driver/stm32f0xx_ll_adc.o
 .debug_info    0x000258e5      0x73f ./Drivers/STM32F0xx_HAL_Driver/stm32f0xx_ll_gpio.o
 .debug_info    0x00026024      0xb36 ./Drivers/STM32F0xx_HAL_Driver/stm32f0xx_ll_rcc.o
 .debug_info    0x00026b5a     0x12ca ./Drivers/STM32F0xx_HAL_Driver/stm32f0xx_ll_tim.o
 .debug_info    0x00027e24      0x720 ./Drivers/STM32F0xx_HAL_Driver/stm32f0xx_ll_usart.o
 .debug_info    0x00028544      0xb9b ./Drivers/STM32F0xx_HAL_Driver/stm32f0xx_ll_utils.o
 .debug_info    0x000290df      0x252 ./Middlewares/MotorControl/bus_voltage_sensor.o
 .debug_info    0x00029331      0x303 ./Middlewares/MotorControl/circle_limitation.o
 .debug_info    0x00029634      0x4b0 ./Middlewares/MotorControl/ntc_temperature_sensor.o
 .debug_info    0x00029ae4      0x49b ./Middlewares/MotorControl/open_loop.o
 .debug_info    0x00029f7f      0x872 ./Middlewares/MotorControl/pid_regulator.o
 .debug_info    0x0002a7f1      0x4df ./Middlewares/MotorControl/pqd_motor_power_measurement.o
 .debug_info    0x0002acd0      0x4de ./Middlewares/MotorControl/ramp_ext_mngr.o
 .debug_info    0x0002b1ae      0x492 ./Middlewares/MotorControl/speed_pos_fdbk.o
 .debug_info    0x0002b640      0x964 ./Middlewares/MotorControl/speed_torq_ctrl.o
 .debug_info    0x0002bfa4      0x26f ./Middlewares/MotorControl/virtual_bus_voltage_sensor.o
 .debug_info    0x0002c213      0x776 ./Middlewares/MotorControl/virtual_speed_sensor.o

.debug_abbrev   0x00000000     0x74b1
 .debug_abbrev  0x00000000       0x24 ./Application/Startup/startup_stm32f031c6tx.o
 .debug_abbrev  0x00000024      0x388 ./Application/User/aspep.o
 .debug_abbrev  0x000003ac      0x2ff ./Application/User/hall_speed_pos_fdbk.o
 .debug_abbrev  0x000006ab      0x470 ./Application/User/main.o
 .debug_abbrev  0x00000b1b      0x27f ./Application/User/mc_api.o
 .debug_abbrev  0x00000d9a       0x97 ./Application/User/mc_app_hooks.o
 .debug_abbrev  0x00000e31      0x1c6 ./Application/User/mc_config.o
 .debug_abbrev  0x00000ff7      0x146 ./Application/User/mc_config_common.o
 .debug_abbrev  0x0000113d       0xed ./Application/User/mc_configuration_registers.o
 .debug_abbrev  0x0000122a      0x3b7 ./Application/User/mc_interface.o
 .debug_abbrev  0x000015e1      0x195 ./Application/User/mc_math.o
 .debug_abbrev  0x00001776       0xfd ./Application/User/mc_parameters.o
 .debug_abbrev  0x00001873      0x3c3 ./Application/User/mc_tasks.o
 .debug_abbrev  0x00001c36      0x475 ./Application/User/mc_tasks_foc.o
 .debug_abbrev  0x000020ab      0x2fd ./Application/User/mcp.o
 .debug_abbrev  0x000023a8      0x1c8 ./Application/User/mcp_config.o
 .debug_abbrev  0x00002570      0x22d ./Application/User/motorcontrol.o
 .debug_abbrev  0x0000279d      0x201 ./Application/User/pwm_common.o
 .debug_abbrev  0x0000299e      0x370 ./Application/User/pwm_curr_fdbk.o
 .debug_abbrev  0x00002d0e      0x429 ./Application/User/r1_ps_pwm_curr_fdbk.o
 .debug_abbrev  0x00003137      0x395 ./Application/User/register_interface.o
 .debug_abbrev  0x000034cc      0x3a5 ./Application/User/regular_conversion_manager.o
 .debug_abbrev  0x00003871      0x2fb ./Application/User/stm32_mc_common_it.o
 .debug_abbrev  0x00003b6c       0xeb ./Application/User/stm32f0xx_hal_msp.o
 .debug_abbrev  0x00003c57       0x7f ./Application/User/stm32f0xx_it.o
 .debug_abbrev  0x00003cd6      0x262 ./Application/User/stm32f0xx_mc_it.o
 .debug_abbrev  0x00003f38      0x2ae ./Application/User/usart_aspep_driver.o
 .debug_abbrev  0x000041e6      0x136 ./Drivers/CMSIS/system_stm32f0xx.o
 .debug_abbrev  0x0000431c      0x2c9 ./Drivers/STM32F0xx_HAL_Driver/stm32f0xx_hal.o
 .debug_abbrev  0x000045e5      0x2bd ./Drivers/STM32F0xx_HAL_Driver/stm32f0xx_hal_cortex.o
 .debug_abbrev  0x000048a2      0x205 ./Drivers/STM32F0xx_HAL_Driver/stm32f0xx_hal_gpio.o
 .debug_abbrev  0x00004aa7      0x31a ./Drivers/STM32F0xx_HAL_Driver/stm32f0xx_hal_rcc.o
 .debug_abbrev  0x00004dc1      0x3c6 ./Drivers/STM32F0xx_HAL_Driver/stm32f0xx_hal_spi.o
 .debug_abbrev  0x00005187      0x27a ./Drivers/STM32F0xx_HAL_Driver/stm32f0xx_ll_adc.o
 .debug_abbrev  0x00005401      0x205 ./Drivers/STM32F0xx_HAL_Driver/stm32f0xx_ll_gpio.o
 .debug_abbrev  0x00005606      0x375 ./Drivers/STM32F0xx_HAL_Driver/stm32f0xx_ll_rcc.o
 .debug_abbrev  0x0000597b      0x2d1 ./Drivers/STM32F0xx_HAL_Driver/stm32f0xx_ll_tim.o
 .debug_abbrev  0x00005c4c      0x2cb ./Drivers/STM32F0xx_HAL_Driver/stm32f0xx_ll_usart.o
 .debug_abbrev  0x00005f17      0x38f ./Drivers/STM32F0xx_HAL_Driver/stm32f0xx_ll_utils.o
 .debug_abbrev  0x000062a6      0x10b ./Middlewares/MotorControl/bus_voltage_sensor.o
 .debug_abbrev  0x000063b1      0x11a ./Middlewares/MotorControl/circle_limitation.o
 .debug_abbrev  0x000064cb      0x254 ./Middlewares/MotorControl/ntc_temperature_sensor.o
 .debug_abbrev  0x0000671f      0x12f ./Middlewares/MotorControl/open_loop.o
 .debug_abbrev  0x0000684e      0x1b0 ./Middlewares/MotorControl/pid_regulator.o
 .debug_abbrev  0x000069fe      0x1d4 ./Middlewares/MotorControl/pqd_motor_power_measurement.o
 .debug_abbrev  0x00006bd2      0x218 ./Middlewares/MotorControl/ramp_ext_mngr.o
 .debug_abbrev  0x00006dea      0x17f ./Middlewares/MotorControl/speed_pos_fdbk.o
 .debug_abbrev  0x00006f69      0x233 ./Middlewares/MotorControl/speed_torq_ctrl.o
 .debug_abbrev  0x0000719c      0x121 ./Middlewares/MotorControl/virtual_bus_voltage_sensor.o
 .debug_abbrev  0x000072bd      0x1f4 ./Middlewares/MotorControl/virtual_speed_sensor.o

.debug_aranges  0x00000000     0x1350
 .debug_aranges
                0x00000000       0x28 ./Application/Startup/startup_stm32f031c6tx.o
 .debug_aranges
                0x00000028       0x60 ./Application/User/aspep.o
 .debug_aranges
                0x00000088       0x48 ./Application/User/hall_speed_pos_fdbk.o
 .debug_aranges
                0x000000d0       0x30 ./Application/User/main.o
 .debug_aranges
                0x00000100      0x190 ./Application/User/mc_api.o
 .debug_aranges
                0x00000290       0x28 ./Application/User/mc_app_hooks.o
 .debug_aranges
                0x000002b8       0x18 ./Application/User/mc_config.o
 .debug_aranges
                0x000002d0       0x18 ./Application/User/mc_config_common.o
 .debug_aranges
                0x000002e8       0x18 ./Application/User/mc_configuration_registers.o
 .debug_aranges
                0x00000300      0x1d8 ./Application/User/mc_interface.o
 .debug_aranges
                0x000004d8       0x48 ./Application/User/mc_math.o
 .debug_aranges
                0x00000520       0x18 ./Application/User/mc_parameters.o
 .debug_aranges
                0x00000538       0x70 ./Application/User/mc_tasks.o
 .debug_aranges
                0x000005a8       0x50 ./Application/User/mc_tasks_foc.o
 .debug_aranges
                0x000005f8       0x38 ./Application/User/mcp.o
 .debug_aranges
                0x00000630       0x18 ./Application/User/mcp_config.o
 .debug_aranges
                0x00000648       0x20 ./Application/User/motorcontrol.o
 .debug_aranges
                0x00000668       0x28 ./Application/User/pwm_common.o
 .debug_aranges
                0x00000690      0x110 ./Application/User/pwm_curr_fdbk.o
 .debug_aranges
                0x000007a0       0x90 ./Application/User/r1_ps_pwm_curr_fdbk.o
 .debug_aranges
                0x00000830       0x48 ./Application/User/register_interface.o
 .debug_aranges
                0x00000878       0x68 ./Application/User/regular_conversion_manager.o
 .debug_aranges
                0x000008e0       0x30 ./Application/User/stm32_mc_common_it.o
 .debug_aranges
                0x00000910       0x20 ./Application/User/stm32f0xx_hal_msp.o
 .debug_aranges
                0x00000930       0x28 ./Application/User/stm32f0xx_it.o
 .debug_aranges
                0x00000958       0x38 ./Application/User/stm32f0xx_mc_it.o
 .debug_aranges
                0x00000990       0x48 ./Application/User/usart_aspep_driver.o
 .debug_aranges
                0x000009d8       0x28 ./Drivers/CMSIS/system_stm32f0xx.o
 .debug_aranges
                0x00000a00       0xd0 ./Drivers/STM32F0xx_HAL_Driver/stm32f0xx_hal.o
 .debug_aranges
                0x00000ad0       0x78 ./Drivers/STM32F0xx_HAL_Driver/stm32f0xx_hal_cortex.o
 .debug_aranges
                0x00000b48       0x58 ./Drivers/STM32F0xx_HAL_Driver/stm32f0xx_hal_gpio.o
 .debug_aranges
                0x00000ba0       0x80 ./Drivers/STM32F0xx_HAL_Driver/stm32f0xx_hal_rcc.o
 .debug_aranges
                0x00000c20      0x1c0 ./Drivers/STM32F0xx_HAL_Driver/stm32f0xx_hal_spi.o
 .debug_aranges
                0x00000de0       0x48 ./Drivers/STM32F0xx_HAL_Driver/stm32f0xx_ll_adc.o
 .debug_aranges
                0x00000e28       0x30 ./Drivers/STM32F0xx_HAL_Driver/stm32f0xx_ll_gpio.o
 .debug_aranges
                0x00000e58       0x58 ./Drivers/STM32F0xx_HAL_Driver/stm32f0xx_ll_rcc.o
 .debug_aranges
                0x00000eb0       0x80 ./Drivers/STM32F0xx_HAL_Driver/stm32f0xx_ll_tim.o
 .debug_aranges
                0x00000f30       0x40 ./Drivers/STM32F0xx_HAL_Driver/stm32f0xx_ll_usart.o
 .debug_aranges
                0x00000f70       0x50 ./Drivers/STM32F0xx_HAL_Driver/stm32f0xx_ll_utils.o
 .debug_aranges
                0x00000fc0       0x28 ./Middlewares/MotorControl/bus_voltage_sensor.o
 .debug_aranges
                0x00000fe8       0x20 ./Middlewares/MotorControl/circle_limitation.o
 .debug_aranges
                0x00001008       0x48 ./Middlewares/MotorControl/ntc_temperature_sensor.o
 .debug_aranges
                0x00001050       0x38 ./Middlewares/MotorControl/open_loop.o
 .debug_aranges
                0x00001088       0xd8 ./Middlewares/MotorControl/pid_regulator.o
 .debug_aranges
                0x00001160       0x30 ./Middlewares/MotorControl/pqd_motor_power_measurement.o
 .debug_aranges
                0x00001190       0x50 ./Middlewares/MotorControl/ramp_ext_mngr.o
 .debug_aranges
                0x000011e0       0x50 ./Middlewares/MotorControl/speed_pos_fdbk.o
 .debug_aranges
                0x00001230       0x80 ./Middlewares/MotorControl/speed_torq_ctrl.o
 .debug_aranges
                0x000012b0       0x30 ./Middlewares/MotorControl/virtual_bus_voltage_sensor.o
 .debug_aranges
                0x000012e0       0x70 ./Middlewares/MotorControl/virtual_speed_sensor.o

.debug_str      0x00000000     0x84e8
 .debug_str     0x00000000     0x84e8 ./Application/Startup/startup_stm32f031c6tx.o
                                 0x8b (size before relaxing)
 .debug_str     0x000084e8      0x7b4 ./Application/User/aspep.o
 .debug_str     0x000084e8      0x91c ./Application/User/hall_speed_pos_fdbk.o
 .debug_str     0x000084e8     0x157d ./Application/User/main.o
 .debug_str     0x000084e8     0x1945 ./Application/User/mc_api.o
 .debug_str     0x000084e8      0x252 ./Application/User/mc_app_hooks.o
 .debug_str     0x000084e8     0x1799 ./Application/User/mc_config.o
 .debug_str     0x000084e8      0xaaa ./Application/User/mc_config_common.o
 .debug_str     0x000084e8      0x4eb ./Application/User/mc_configuration_registers.o
 .debug_str     0x000084e8     0x16b5 ./Application/User/mc_interface.o
 .debug_str     0x000084e8      0x41d ./Application/User/mc_math.o
 .debug_str     0x000084e8      0x3f4 ./Application/User/mc_parameters.o
 .debug_str     0x000084e8     0x178c ./Application/User/mc_tasks.o
 .debug_str     0x000084e8     0x1bc4 ./Application/User/mc_tasks_foc.o
 .debug_str     0x000084e8     0x12b2 ./Application/User/mcp.o
 .debug_str     0x000084e8      0x737 ./Application/User/mcp_config.o
 .debug_str     0x000084e8     0x118f ./Application/User/motorcontrol.o
 .debug_str     0x000084e8      0x47b ./Application/User/pwm_common.o
 .debug_str     0x000084e8      0xbc0 ./Application/User/pwm_curr_fdbk.o
 .debug_str     0x000084e8     0x1303 ./Application/User/r1_ps_pwm_curr_fdbk.o
 .debug_str     0x000084e8     0x16e4 ./Application/User/register_interface.o
 .debug_str     0x000084e8      0xd48 ./Application/User/regular_conversion_manager.o
 .debug_str     0x000084e8      0x8a3 ./Application/User/stm32_mc_common_it.o
 .debug_str     0x000084e8      0x2a5 ./Application/User/stm32f0xx_hal_msp.o
 .debug_str     0x000084e8      0x241 ./Application/User/stm32f0xx_it.o
 .debug_str     0x000084e8      0xe4a ./Application/User/stm32f0xx_mc_it.o
 .debug_str     0x000084e8      0x50a ./Application/User/usart_aspep_driver.o
 .debug_str     0x000084e8      0x29f ./Drivers/CMSIS/system_stm32f0xx.o
 .debug_str     0x000084e8      0x6b8 ./Drivers/STM32F0xx_HAL_Driver/stm32f0xx_hal.o
 .debug_str     0x000084e8      0x5f9 ./Drivers/STM32F0xx_HAL_Driver/stm32f0xx_hal_cortex.o
 .debug_str     0x000084e8      0x427 ./Drivers/STM32F0xx_HAL_Driver/stm32f0xx_hal_gpio.o
 .debug_str     0x000084e8      0x688 ./Drivers/STM32F0xx_HAL_Driver/stm32f0xx_hal_rcc.o
 .debug_str     0x000084e8      0xbfb ./Drivers/STM32F0xx_HAL_Driver/stm32f0xx_hal_spi.o
 .debug_str     0x000084e8      0x4bd ./Drivers/STM32F0xx_HAL_Driver/stm32f0xx_ll_adc.o
 .debug_str     0x000084e8      0x3d4 ./Drivers/STM32F0xx_HAL_Driver/stm32f0xx_ll_gpio.o
 .debug_str     0x000084e8      0x5a8 ./Drivers/STM32F0xx_HAL_Driver/stm32f0xx_ll_rcc.o
 .debug_str     0x000084e8      0x8a6 ./Drivers/STM32F0xx_HAL_Driver/stm32f0xx_ll_tim.o
 .debug_str     0x000084e8      0x4d6 ./Drivers/STM32F0xx_HAL_Driver/stm32f0xx_ll_usart.o
 .debug_str     0x000084e8      0x63a ./Drivers/STM32F0xx_HAL_Driver/stm32f0xx_ll_utils.o
 .debug_str     0x000084e8      0x337 ./Middlewares/MotorControl/bus_voltage_sensor.o
 .debug_str     0x000084e8      0x345 ./Middlewares/MotorControl/circle_limitation.o
 .debug_str     0x000084e8      0x415 ./Middlewares/MotorControl/ntc_temperature_sensor.o
 .debug_str     0x000084e8      0x546 ./Middlewares/MotorControl/open_loop.o
 .debug_str     0x000084e8      0x609 ./Middlewares/MotorControl/pid_regulator.o
 .debug_str     0x000084e8      0x48e ./Middlewares/MotorControl/pqd_motor_power_measurement.o
 .debug_str     0x000084e8      0x3e4 ./Middlewares/MotorControl/ramp_ext_mngr.o
 .debug_str     0x000084e8      0x4d4 ./Middlewares/MotorControl/speed_pos_fdbk.o
 .debug_str     0x000084e8      0x91f ./Middlewares/MotorControl/speed_torq_ctrl.o
 .debug_str     0x000084e8      0x356 ./Middlewares/MotorControl/virtual_bus_voltage_sensor.o
 .debug_str     0x000084e8      0x697 ./Middlewares/MotorControl/virtual_speed_sensor.o

.debug_rnglists
                0x00000000     0x268d
 .debug_rnglists
                0x00000000       0x19 ./Application/Startup/startup_stm32f031c6tx.o
 .debug_rnglists
                0x00000019       0xed ./Application/User/aspep.o
 .debug_rnglists
                0x00000106      0x263 ./Application/User/hall_speed_pos_fdbk.o
 .debug_rnglists
                0x00000369      0x58d ./Application/User/main.o
 .debug_rnglists
                0x000008f6      0x127 ./Application/User/mc_api.o
 .debug_rnglists
                0x00000a1d       0x19 ./Application/User/mc_app_hooks.o
 .debug_rnglists
                0x00000a36      0x1b3 ./Application/User/mc_interface.o
 .debug_rnglists
                0x00000be9       0x40 ./Application/User/mc_math.o
 .debug_rnglists
                0x00000c29      0x114 ./Application/User/mc_tasks.o
 .debug_rnglists
                0x00000d3d       0x7a ./Application/User/mc_tasks_foc.o
 .debug_rnglists
                0x00000db7       0x28 ./Application/User/mcp.o
 .debug_rnglists
                0x00000ddf       0x13 ./Application/User/motorcontrol.o
 .debug_rnglists
                0x00000df2       0x88 ./Application/User/pwm_common.o
 .debug_rnglists
                0x00000e7a       0xe6 ./Application/User/pwm_curr_fdbk.o
 .debug_rnglists
                0x00000f60      0x46a ./Application/User/r1_ps_pwm_curr_fdbk.o
 .debug_rnglists
                0x000013ca      0x148 ./Application/User/register_interface.o
 .debug_rnglists
                0x00001512       0xf9 ./Application/User/regular_conversion_manager.o
 .debug_rnglists
                0x0000160b       0x68 ./Application/User/stm32_mc_common_it.o
 .debug_rnglists
                0x00001673       0x2e ./Application/User/stm32f0xx_hal_msp.o
 .debug_rnglists
                0x000016a1       0x19 ./Application/User/stm32f0xx_it.o
 .debug_rnglists
                0x000016ba       0x49 ./Application/User/stm32f0xx_mc_it.o
 .debug_rnglists
                0x00001703       0xbc ./Application/User/usart_aspep_driver.o
 .debug_rnglists
                0x000017bf       0x19 ./Drivers/CMSIS/system_stm32f0xx.o
 .debug_rnglists
                0x000017d8       0x97 ./Drivers/STM32F0xx_HAL_Driver/stm32f0xx_hal.o
 .debug_rnglists
                0x0000186f       0x7f ./Drivers/STM32F0xx_HAL_Driver/stm32f0xx_hal_cortex.o
 .debug_rnglists
                0x000018ee       0x57 ./Drivers/STM32F0xx_HAL_Driver/stm32f0xx_hal_gpio.o
 .debug_rnglists
                0x00001945       0xb1 ./Drivers/STM32F0xx_HAL_Driver/stm32f0xx_hal_rcc.o
 .debug_rnglists
                0x000019f6      0x3a2 ./Drivers/STM32F0xx_HAL_Driver/stm32f0xx_hal_spi.o
 .debug_rnglists
                0x00001d98       0x5c ./Drivers/STM32F0xx_HAL_Driver/stm32f0xx_ll_adc.o
 .debug_rnglists
                0x00001df4       0x85 ./Drivers/STM32F0xx_HAL_Driver/stm32f0xx_ll_gpio.o
 .debug_rnglists
                0x00001e79      0x260 ./Drivers/STM32F0xx_HAL_Driver/stm32f0xx_ll_rcc.o
 .debug_rnglists
                0x000020d9       0xd1 ./Drivers/STM32F0xx_HAL_Driver/stm32f0xx_ll_tim.o
 .debug_rnglists
                0x000021aa       0x68 ./Drivers/STM32F0xx_HAL_Driver/stm32f0xx_ll_usart.o
 .debug_rnglists
                0x00002212      0x1bf ./Drivers/STM32F0xx_HAL_Driver/stm32f0xx_ll_utils.o
 .debug_rnglists
                0x000023d1       0x19 ./Middlewares/MotorControl/bus_voltage_sensor.o
 .debug_rnglists
                0x000023ea       0x13 ./Middlewares/MotorControl/circle_limitation.o
 .debug_rnglists
                0x000023fd       0x49 ./Middlewares/MotorControl/ntc_temperature_sensor.o
 .debug_rnglists
                0x00002446       0x25 ./Middlewares/MotorControl/open_loop.o
 .debug_rnglists
                0x0000246b       0x9d ./Middlewares/MotorControl/pid_regulator.o
 .debug_rnglists
                0x00002508       0x1f ./Middlewares/MotorControl/pqd_motor_power_measurement.o
 .debug_rnglists
                0x00002527       0x56 ./Middlewares/MotorControl/ramp_ext_mngr.o
 .debug_rnglists
                0x0000257d       0x37 ./Middlewares/MotorControl/speed_pos_fdbk.o
 .debug_rnglists
                0x000025b4       0x68 ./Middlewares/MotorControl/speed_torq_ctrl.o
 .debug_rnglists
                0x0000261c       0x1f ./Middlewares/MotorControl/virtual_bus_voltage_sensor.o
 .debug_rnglists
                0x0000263b       0x52 ./Middlewares/MotorControl/virtual_speed_sensor.o

.debug_loclists
                0x00000000     0xf68c
 .debug_loclists
                0x00000000     0x1229 ./Application/User/aspep.o
 .debug_loclists
                0x00001229      0x842 ./Application/User/hall_speed_pos_fdbk.o
 .debug_loclists
                0x00001a6b      0xc18 ./Application/User/main.o
 .debug_loclists
                0x00002683      0x189 ./Application/User/mc_api.o
 .debug_loclists
                0x0000280c      0xf86 ./Application/User/mc_interface.o
 .debug_loclists
                0x00003792      0x577 ./Application/User/mc_math.o
 .debug_loclists
                0x00003d09      0x1f0 ./Application/User/mc_tasks.o
 .debug_loclists
                0x00003ef9      0x2b2 ./Application/User/mc_tasks_foc.o
 .debug_loclists
                0x000041ab      0x583 ./Application/User/mcp.o
 .debug_loclists
                0x0000472e      0x195 ./Application/User/pwm_common.o
 .debug_loclists
                0x000048c3      0x817 ./Application/User/pwm_curr_fdbk.o
 .debug_loclists
                0x000050da     0x1cc6 ./Application/User/r1_ps_pwm_curr_fdbk.o
 .debug_loclists
                0x00006da0     0x12dd ./Application/User/register_interface.o
 .debug_loclists
                0x0000807d      0x6ff ./Application/User/regular_conversion_manager.o
 .debug_loclists
                0x0000877c      0x230 ./Application/User/stm32_mc_common_it.o
 .debug_loclists
                0x000089ac       0xa2 ./Application/User/stm32f0xx_mc_it.o
 .debug_loclists
                0x00008a4e      0x63b ./Application/User/usart_aspep_driver.o
 .debug_loclists
                0x00009089       0xd8 ./Drivers/CMSIS/system_stm32f0xx.o
 .debug_loclists
                0x00009161       0xdb ./Drivers/STM32F0xx_HAL_Driver/stm32f0xx_hal.o
 .debug_loclists
                0x0000923c      0x1d8 ./Drivers/STM32F0xx_HAL_Driver/stm32f0xx_hal_cortex.o
 .debug_loclists
                0x00009414      0x348 ./Drivers/STM32F0xx_HAL_Driver/stm32f0xx_hal_gpio.o
 .debug_loclists
                0x0000975c      0x4cb ./Drivers/STM32F0xx_HAL_Driver/stm32f0xx_hal_rcc.o
 .debug_loclists
                0x00009c27     0x26b4 ./Drivers/STM32F0xx_HAL_Driver/stm32f0xx_hal_spi.o
 .debug_loclists
                0x0000c2db      0x17b ./Drivers/STM32F0xx_HAL_Driver/stm32f0xx_ll_adc.o
 .debug_loclists
                0x0000c456      0x2b2 ./Drivers/STM32F0xx_HAL_Driver/stm32f0xx_ll_gpio.o
 .debug_loclists
                0x0000c708      0x34d ./Drivers/STM32F0xx_HAL_Driver/stm32f0xx_ll_rcc.o
 .debug_loclists
                0x0000ca55      0xbf7 ./Drivers/STM32F0xx_HAL_Driver/stm32f0xx_ll_tim.o
 .debug_loclists
                0x0000d64c      0x217 ./Drivers/STM32F0xx_HAL_Driver/stm32f0xx_ll_usart.o
 .debug_loclists
                0x0000d863      0x4e7 ./Drivers/STM32F0xx_HAL_Driver/stm32f0xx_ll_utils.o
 .debug_loclists
                0x0000dd4a       0x6c ./Middlewares/MotorControl/bus_voltage_sensor.o
 .debug_loclists
                0x0000ddb6      0x399 ./Middlewares/MotorControl/circle_limitation.o
 .debug_loclists
                0x0000e14f      0x1d6 ./Middlewares/MotorControl/ntc_temperature_sensor.o
 .debug_loclists
                0x0000e325       0x4a ./Middlewares/MotorControl/open_loop.o
 .debug_loclists
                0x0000e36f      0x3e8 ./Middlewares/MotorControl/pid_regulator.o
 .debug_loclists
                0x0000e757       0xfb ./Middlewares/MotorControl/pqd_motor_power_measurement.o
 .debug_loclists
                0x0000e852      0x395 ./Middlewares/MotorControl/ramp_ext_mngr.o
 .debug_loclists
                0x0000ebe7      0x1e6 ./Middlewares/MotorControl/speed_pos_fdbk.o
 .debug_loclists
                0x0000edcd      0x37d ./Middlewares/MotorControl/speed_torq_ctrl.o
 .debug_loclists
                0x0000f14a       0x29 ./Middlewares/MotorControl/virtual_bus_voltage_sensor.o
 .debug_loclists
                0x0000f173      0x519 ./Middlewares/MotorControl/virtual_speed_sensor.o

.comment        0x00000000       0x88
 .comment       0x00000000       0x88 ./Application/User/aspep.o
                                 0x46 (size before relaxing)
 .comment       0x00000088       0x46 ./Application/User/hall_speed_pos_fdbk.o
 .comment       0x00000088       0x46 ./Application/User/main.o
 .comment       0x00000088       0x46 ./Application/User/mc_api.o
 .comment       0x00000088       0x46 ./Application/User/mc_app_hooks.o
 .comment       0x00000088       0x46 ./Application/User/mc_config.o
 .comment       0x00000088       0x46 ./Application/User/mc_config_common.o
 .comment       0x00000088       0x46 ./Application/User/mc_configuration_registers.o
 .comment       0x00000088       0x46 ./Application/User/mc_interface.o