C:/Users/tarak/OneDrive/Documents/ThunderBots/MDV6_STSPIN_OL_NEW_MOTOR/MD6_OL_NEW_MOTOR/Drivers/STM32F0xx_HAL_Driver/Src/stm32f0xx_hal_uart_ex.c:150:19:HAL_RS485Ex_Init	24	static
C:/Users/tarak/OneDrive/Documents/ThunderBots/MDV6_STSPIN_OL_NEW_MOTOR/MD6_OL_NEW_MOTOR/Drivers/STM32F0xx_HAL_Driver/Src/stm32f0xx_hal_uart_ex.c:260:13:HAL_UARTEx_WakeupCallback	0	static
C:/Users/tarak/OneDrive/Documents/ThunderBots/MDV6_STSPIN_OL_NEW_MOTOR/MD6_OL_NEW_MOTOR/Drivers/STM32F0xx_HAL_Driver/Src/stm32f0xx_hal_uart_ex.c:346:19:HAL_MultiProcessorEx_AddressLength_Set	16	static
C:/Users/tarak/OneDrive/Documents/ThunderBots/MDV6_STSPIN_OL_NEW_MOTOR/MD6_OL_NEW_MOTOR/Drivers/STM32F0xx_HAL_Driver/Src/stm32f0xx_hal_uart_ex.c:385:19:HAL_UARTEx_StopModeWakeUpSourceConfig	40	static
C:/Users/tarak/OneDrive/Documents/ThunderBots/MDV6_STSPIN_OL_NEW_MOTOR/MD6_OL_NEW_MOTOR/Drivers/STM32F0xx_HAL_Driver/Src/stm32f0xx_hal_uart_ex.c:442:19:HAL_UARTEx_EnableStopMode	8	static,ignoring_inline_asm
C:/Users/tarak/OneDrive/Documents/ThunderBots/MDV6_STSPIN_OL_NEW_MOTOR/MD6_OL_NEW_MOTOR/Drivers/STM32F0xx_HAL_Driver/Src/stm32f0xx_hal_uart_ex.c:461:19:HAL_UARTEx_DisableStopMode	8	static,ignoring_inline_asm
C:/Users/tarak/OneDrive/Documents/ThunderBots/MDV6_STSPIN_OL_NEW_MOTOR/MD6_OL_NEW_MOTOR/Drivers/STM32F0xx_HAL_Driver/Src/stm32f0xx_hal_uart_ex.c:498:19:HAL_UARTEx_ReceiveToIdle	32	static
C:/Users/tarak/OneDrive/Documents/ThunderBots/MDV6_STSPIN_OL_NEW_MOTOR/MD6_OL_NEW_MOTOR/Drivers/STM32F0xx_HAL_Driver/Src/stm32f0xx_hal_uart_ex.c:637:19:HAL_UARTEx_ReceiveToIdle_IT	16	static,ignoring_inline_asm
C:/Users/tarak/OneDrive/Documents/ThunderBots/MDV6_STSPIN_OL_NEW_MOTOR/MD6_OL_NEW_MOTOR/Drivers/STM32F0xx_HAL_Driver/Src/stm32f0xx_hal_uart_ex.c:710:19:HAL_UARTEx_ReceiveToIdle_DMA	16	static,ignoring_inline_asm
C:/Users/tarak/OneDrive/Documents/ThunderBots/MDV6_STSPIN_OL_NEW_MOTOR/MD6_OL_NEW_MOTOR/Drivers/STM32F0xx_HAL_Driver/Src/stm32f0xx_hal_uart_ex.c:789:29:HAL_UARTEx_GetRxEventType	0	static
