../../Drivers/STM32F0xx_HAL_Driver/Inc/stm32f0xx_ll_gpio.h:664:22:LL_GPIO_LockPin	8	static
C:/Users/tarak/OneDrive/Documents/ThunderBots/MDV6_STSPIN_OL_NEW_MOTOR/MD6_OL_NEW_MOTOR/Src/mc_tasks.c:89:13:MCboot	8	static
C:/Users/tarak/OneDrive/Documents/ThunderBots/MDV6_STSPIN_OL_NEW_MOTOR/MD6_OL_NEW_MOTOR/Src/mc_tasks.c:243:13:TSK_SetChargeBootCapDelayM1	0	static
C:/Users/tarak/OneDrive/Documents/ThunderBots/MDV6_STSPIN_OL_NEW_MOTOR/MD6_OL_NEW_MOTOR/Src/mc_tasks.c:254:13:TSK_ChargeBootCapDelayHasElapsedM1	0	static
C:/Users/tarak/OneDrive/Documents/ThunderBots/MDV6_STSPIN_OL_NEW_MOTOR/MD6_OL_NEW_MOTOR/Src/mc_tasks.c:270:13:TSK_SetStopPermanencyTimeM1	0	static
C:/Users/tarak/OneDrive/Documents/ThunderBots/MDV6_STSPIN_OL_NEW_MOTOR/MD6_OL_NEW_MOTOR/Src/mc_tasks.c:281:13:TSK_StopPermanencyTimeHasElapsedM1	0	static
C:/Users/tarak/OneDrive/Documents/ThunderBots/MDV6_STSPIN_OL_NEW_MOTOR/MD6_OL_NEW_MOTOR/Src/mc_tasks.c:307:16:TSK_HighFrequencyTask	8	static
C:/Users/tarak/OneDrive/Documents/ThunderBots/MDV6_STSPIN_OL_NEW_MOTOR/MD6_OL_NEW_MOTOR/Src/mc_tasks.c:355:13:TSK_SafetyTask_PWMOFF	16	static
C:/Users/tarak/OneDrive/Documents/ThunderBots/MDV6_STSPIN_OL_NEW_MOTOR/MD6_OL_NEW_MOTOR/Src/mc_tasks.c:330:13:TSK_SafetyTask	8	static
C:/Users/tarak/OneDrive/Documents/ThunderBots/MDV6_STSPIN_OL_NEW_MOTOR/MD6_OL_NEW_MOTOR/Src/mc_tasks.c:155:13:MC_RunMotorControlTasks	16	static
C:/Users/tarak/OneDrive/Documents/ThunderBots/MDV6_STSPIN_OL_NEW_MOTOR/MD6_OL_NEW_MOTOR/Src/mc_tasks.c:393:13:TSK_HardwareFaultTask	8	static
C:/Users/tarak/OneDrive/Documents/ThunderBots/MDV6_STSPIN_OL_NEW_MOTOR/MD6_OL_NEW_MOTOR/Src/mc_tasks.c:406:13:UI_HandleStartStopButton_cb	8	static
C:/Users/tarak/OneDrive/Documents/ThunderBots/MDV6_STSPIN_OL_NEW_MOTOR/MD6_OL_NEW_MOTOR/Src/mc_tasks.c:424:13:mc_lock_pins	16	static
