C:/Users/tarak/OneDrive/Documents/ThunderBots/MDV6_STSPIN_OL_NEW_MOTOR/MD6_OL_NEW_MOTOR/Src/stm32f0xx_hal_msp.c:75:6:HAL_MspInit	8	static
C:/Users/tarak/OneDrive/Documents/ThunderBots/MDV6_STSPIN_OL_NEW_MOTOR/MD6_OL_NEW_MOTOR/Src/stm32f0xx_hal_msp.c:97:6:HAL_ADC_MspInit	48	static
C:/Users/tarak/OneDrive/Documents/ThunderBots/MDV6_STSPIN_OL_NEW_MOTOR/MD6_OL_NEW_MOTOR/Src/stm32f0xx_hal_msp.c:147:6:HAL_ADC_MspDeInit	8	static
C:/Users/tarak/OneDrive/Documents/ThunderBots/MDV6_STSPIN_OL_NEW_MOTOR/MD6_OL_NEW_MOTOR/Src/stm32f0xx_hal_msp.c:177:6:HAL_TIM_PWM_MspInit	24	static
C:/Users/tarak/OneDrive/Documents/ThunderBots/MDV6_STSPIN_OL_NEW_MOTOR/MD6_OL_NEW_MOTOR/Src/stm32f0xx_hal_msp.c:240:6:HAL_TIM_Base_MspInit	40	static
C:/Users/tarak/OneDrive/Documents/ThunderBots/MDV6_STSPIN_OL_NEW_MOTOR/MD6_OL_NEW_MOTOR/Src/stm32f0xx_hal_msp.c:271:6:HAL_TIM_MspPostInit	48	static
C:/Users/tarak/OneDrive/Documents/ThunderBots/MDV6_STSPIN_OL_NEW_MOTOR/MD6_OL_NEW_MOTOR/Src/stm32f0xx_hal_msp.c:316:6:HAL_TIM_PWM_MspDeInit	8	static
C:/Users/tarak/OneDrive/Documents/ThunderBots/MDV6_STSPIN_OL_NEW_MOTOR/MD6_OL_NEW_MOTOR/Src/stm32f0xx_hal_msp.c:348:6:HAL_TIM_Base_MspDeInit	8	static
C:/Users/tarak/OneDrive/Documents/ThunderBots/MDV6_STSPIN_OL_NEW_MOTOR/MD6_OL_NEW_MOTOR/Src/stm32f0xx_hal_msp.c:380:6:HAL_UART_MspInit	48	static
C:/Users/tarak/OneDrive/Documents/ThunderBots/MDV6_STSPIN_OL_NEW_MOTOR/MD6_OL_NEW_MOTOR/Src/stm32f0xx_hal_msp.c:449:6:HAL_UART_MspDeInit	8	static
