C:/Users/kenny/.st_workbench/projects/MDv6OL/MCSDK_v6.1.2-Full/MotorControl/MCSDK/MCLib/Any/Src/enc_align_ctrl.c:45:13:EAC_Init	0	static
C:/Users/kenny/.st_workbench/projects/MDv6OL/MCSDK_v6.1.2-Full/MotorControl/MCSDK/MCLib/Any/Src/enc_align_ctrl.c:72:13:EAC_StartAlignment	8	static
C:/Users/kenny/.st_workbench/projects/MDv6OL/MCSDK_v6.1.2-Full/MotorControl/MCSDK/MCLib/Any/Src/enc_align_ctrl.c:119:13:EAC_Exec	8	static
C:/Users/kenny/.st_workbench/projects/MDv6OL/MCSDK_v6.1.2-Full/MotorControl/MCSDK/MCLib/Any/Src/enc_align_ctrl.c:159:13:EAC_IsAligned	0	static
C:/Users/kenny/.st_workbench/projects/MDv6OL/MCSDK_v6.1.2-Full/MotorControl/MCSDK/MCLib/Any/Src/enc_align_ctrl.c:173:13:EAC_SetRestartState	0	static
C:/Users/kenny/.st_workbench/projects/MDv6OL/MCSDK_v6.1.2-Full/MotorControl/MCSDK/MCLib/Any/Src/enc_align_ctrl.c:194:13:EAC_GetRestartState	0	static
