D:/UBC Tbots Local/FW_hall_sensors_Mar22/MDv6_wheel_hall_Mar22/MCSDK_v6.2.0-Full/MotorControl/MCSDK/MCLib/Any/Src/open_loop.c:50:13:OL_Init	0	static
D:/UBC Tbots Local/FW_hall_sensors_Mar22/MDv6_wheel_hall_Mar22/MCSDK_v6.2.0-Full/MotorControl/MCSDK/MCLib/Any/Src/open_loop.c:73:13:OL_VqdConditioning	8	static
D:/UBC Tbots Local/FW_hall_sensors_Mar22/MDv6_wheel_hall_Mar22/MCSDK_v6.2.0-Full/MotorControl/MCSDK/MCLib/Any/Src/open_loop.c:90:13:OL_UpdateVoltage	0	static
D:/UBC Tbots Local/FW_hall_sensors_Mar22/MDv6_wheel_hall_Mar22/MCSDK_v6.2.0-Full/MotorControl/MCSDK/MCLib/Any/Src/open_loop.c:110:16:OL_GetVoltage	0	static
D:/UBC Tbots Local/FW_hall_sensors_Mar22/MDv6_wheel_hall_Mar22/MCSDK_v6.2.0-Full/MotorControl/MCSDK/MCLib/Any/Src/open_loop.c:126:13:OL_Calc	0	static
D:/UBC Tbots Local/FW_hall_sensors_Mar22/MDv6_wheel_hall_Mar22/MCSDK_v6.2.0-Full/MotorControl/MCSDK/MCLib/Any/Src/open_loop.c:162:13:OL_VF	0	static
