C:/Users/tarak/OneDrive/Documents/ThunderBots/MDV6_STSPIN/MCSDK_v6.1.2-Full/MotorControl/MCSDK/MCLib/Any/Src/pqd_motor_power_measurement.c:65:13:PQD_CalcElMotorPower	8	static
C:/Users/tarak/OneDrive/Documents/ThunderBots/MDV6_STSPIN/MCSDK_v6.1.2-Full/MotorControl/MCSDK/MCLib/Any/Src/pqd_motor_power_measurement.c:97:13:PQD_Clear	0	static
C:/Users/tarak/OneDrive/Documents/ThunderBots/MDV6_STSPIN/MCSDK_v6.1.2-Full/MotorControl/MCSDK/MCLib/Any/Src/pqd_motor_power_measurement.c:122:14:PQD_GetAvrgElMotorPowerW	16	static
