D:/UBC Tbots Local/FW_hall_sensors_Mar22/MDv6_wheel_hall_Mar22/MCSDK_v6.2.0-Full/MotorControl/MCSDK/MCLib/Any/Src/r_divider_bus_voltage_sensor.c:72:13:RVBS_Clear	8	static
D:/UBC Tbots Local/FW_hall_sensors_Mar22/MDv6_wheel_hall_Mar22/MCSDK_v6.2.0-Full/MotorControl/MCSDK/MCLib/Any/Src/r_divider_bus_voltage_sensor.c:49:13:RVBS_Init	8	static
D:/UBC Tbots Local/FW_hall_sensors_Mar22/MDv6_wheel_hall_Mar22/MCSDK_v6.2.0-Full/MotorControl/MCSDK/MCLib/Any/Src/r_divider_bus_voltage_sensor.c:163:17:RVBS_CheckFaultState	12	static
D:/UBC Tbots Local/FW_hall_sensors_Mar22/MDv6_wheel_hall_Mar22/MCSDK_v6.2.0-Full/MotorControl/MCSDK/MCLib/Any/Src/r_divider_bus_voltage_sensor.c:104:17:RVBS_CalcAvVbus	24	static
