/home/msvc/Documents/tbots/MDV6_STSPIN/Drivers/STM32F0xx_HAL_Driver/Src/stm32f0xx_ll_adc.c:169:13:LL_ADC_CommonDeInit	0	static
/home/msvc/Documents/tbots/MDV6_STSPIN/Drivers/STM32F0xx_HAL_Driver/Src/stm32f0xx_ll_adc.c:199:13:LL_ADC_DeInit	16	static
/home/msvc/Documents/tbots/MDV6_STSPIN/Drivers/STM32F0xx_HAL_Driver/Src/stm32f0xx_ll_adc.c:368:13:LL_ADC_Init	8	static
/home/msvc/Documents/tbots/MDV6_STSPIN/Drivers/STM32F0xx_HAL_Driver/Src/stm32f0xx_ll_adc.c:420:6:LL_ADC_StructInit	0	static
/home/msvc/Documents/tbots/MDV6_STSPIN/Drivers/STM32F0xx_HAL_Driver/Src/stm32f0xx_ll_adc.c:463:13:LL_ADC_REG_Init	8	static
/home/msvc/Documents/tbots/MDV6_STSPIN/Drivers/STM32F0xx_HAL_Driver/Src/stm32f0xx_ll_adc.c:525:6:LL_ADC_REG_StructInit	0	static
