D:/UBC Tbots Local/FW_hall_sensors_Mar22/MDv6_wheel_hall_Mar22/Drivers/STM32F0xx_HAL_Driver/Src/stm32f0xx_hal_i2c_ex.c:96:19:HAL_I2CEx_ConfigAnalogFilter	20	static
D:/UBC Tbots Local/FW_hall_sensors_Mar22/MDv6_wheel_hall_Mar22/Drivers/STM32F0xx_HAL_Driver/Src/stm32f0xx_hal_i2c_ex.c:140:19:HAL_I2CEx_ConfigDigitalFilter	20	static
D:/UBC Tbots Local/FW_hall_sensors_Mar22/MDv6_wheel_hall_Mar22/Drivers/STM32F0xx_HAL_Driver/Src/stm32f0xx_hal_i2c_ex.c:209:19:HAL_I2CEx_EnableWakeUp	16	static
D:/UBC Tbots Local/FW_hall_sensors_Mar22/MDv6_wheel_hall_Mar22/Drivers/STM32F0xx_HAL_Driver/Src/stm32f0xx_hal_i2c_ex.c:248:19:HAL_I2CEx_DisableWakeUp	16	static
D:/UBC Tbots Local/FW_hall_sensors_Mar22/MDv6_wheel_hall_Mar22/Drivers/STM32F0xx_HAL_Driver/Src/stm32f0xx_hal_i2c_ex.c:312:6:HAL_I2CEx_EnableFastModePlus	8	static
D:/UBC Tbots Local/FW_hall_sensors_Mar22/MDv6_wheel_hall_Mar22/Drivers/STM32F0xx_HAL_Driver/Src/stm32f0xx_hal_i2c_ex.c:337:6:HAL_I2CEx_DisableFastModePlus	8	static
