D:/UBC Tbots Local/FW_hall_sensors_Mar22/MDv6_wheel_hall_Mar22/Src/aspep.c:451:9:ASPEP_TXframeProcess	32	static,ignoring_inline_asm
D:/UBC Tbots Local/FW_hall_sensors_Mar22/MDv6_wheel_hall_Mar22/Src/aspep.c:327:6:ASPEP_CheckBeacon.constprop	48	static
D:/UBC Tbots Local/FW_hall_sensors_Mar22/MDv6_wheel_hall_Mar22/Src/aspep.c:179:6:ASPEP_start	8	static
D:/UBC Tbots Local/FW_hall_sensors_Mar22/MDv6_wheel_hall_Mar22/Src/aspep.c:207:6:ASPEP_sendBeacon	8	static
D:/UBC Tbots Local/FW_hall_sensors_Mar22/MDv6_wheel_hall_Mar22/Src/aspep.c:251:6:ASPEP_sendPing	16	static
D:/UBC Tbots Local/FW_hall_sensors_Mar22/MDv6_wheel_hall_Mar22/Src/aspep.c:285:6:ASPEP_getBuffer	8	static
D:/UBC Tbots Local/FW_hall_sensors_Mar22/MDv6_wheel_hall_Mar22/Src/aspep.c:376:9:ASPEP_sendPacket	16	static
D:/UBC Tbots Local/FW_hall_sensors_Mar22/MDv6_wheel_hall_Mar22/Src/aspep.c:527:6:ASPEP_HWDataTransmittedIT	16	static
D:/UBC Tbots Local/FW_hall_sensors_Mar22/MDv6_wheel_hall_Mar22/Src/aspep.c:579:10:ASPEP_RXframeProcess	24	static
D:/UBC Tbots Local/FW_hall_sensors_Mar22/MDv6_wheel_hall_Mar22/Src/aspep.c:747:6:ASPEP_HWDataReceivedIT	16	static
D:/UBC Tbots Local/FW_hall_sensors_Mar22/MDv6_wheel_hall_Mar22/Src/aspep.c:835:6:ASPEP_HWDMAReset	8	static
