/Users/msvc/Documents/code/tbots/MDV6_STSPIN/Src/main.c:208:6:HAL_SPI_TxRxCpltCallback	16	static,ignoring_inline_asm
/Users/msvc/Documents/code/tbots/MDV6_STSPIN/Src/main.c:227:6:HAL_SPI_ErrorCallback	0	static,ignoring_inline_asm
/Users/msvc/Documents/code/tbots/MDV6_STSPIN/Src/main.c:237:6:SystemClock_Config	8	static,ignoring_inline_asm
/Users/msvc/Documents/code/tbots/MDV6_STSPIN/Src/main.c:88:5:main	200	static,ignoring_inline_asm
/Users/msvc/Documents/code/tbots/MDV6_STSPIN/Src/main.c:800:6:Error_Handler	0	static,ignoring_inline_asm
