/Users/msvc/Documents/code/tbots/MDV6_STSPIN/Src/main.c:212:6:HAL_SPI_TxRxCpltCallback	8	static,ignoring_inline_asm
/Users/msvc/Documents/code/tbots/MDV6_STSPIN/Src/main.c:229:6:HAL_SPI_ErrorCallback	0	static,ignoring_inline_asm
/Users/msvc/Documents/code/tbots/MDV6_STSPIN/Src/main.c:239:6:SystemClock_Config	8	static,ignoring_inline_asm
/Users/msvc/Documents/code/tbots/MDV6_STSPIN/Src/main.c:88:5:main	192	static,ignoring_inline_asm
/Users/msvc/Documents/code/tbots/MDV6_STSPIN/Src/main.c:802:6:Error_Handler	0	static,ignoring_inline_asm
