/Users/msvc/Documents/code/tbots/MDV6_STSPIN/Src/mc_api.c:83:13:MC_StartMotor1	8	static
/Users/msvc/Documents/code/tbots/MDV6_STSPIN/Src/mc_api.c:103:13:MC_StopMotor1	8	static
/Users/msvc/Documents/code/tbots/MDV6_STSPIN/Src/mc_api.c:138:13:MC_ProgramSpeedRampMotor1	8	static
/Users/msvc/Documents/code/tbots/MDV6_STSPIN/Src/mc_api.c:173:13:MC_ProgramSpeedRampMotor1_F	8	static
/Users/msvc/Documents/code/tbots/MDV6_STSPIN/Src/mc_api.c:208:13:MC_ProgramTorqueRampMotor1	8	static
/Users/msvc/Documents/code/tbots/MDV6_STSPIN/Src/mc_api.c:243:13:MC_ProgramTorqueRampMotor1_F	8	static
/Users/msvc/Documents/code/tbots/MDV6_STSPIN/Src/mc_api.c:267:13:MC_SetCurrentReferenceMotor1	16	static
/Users/msvc/Documents/code/tbots/MDV6_STSPIN/Src/mc_api.c:291:13:MC_SetCurrentReferenceMotor1_F	16	static
/Users/msvc/Documents/code/tbots/MDV6_STSPIN/Src/mc_api.c:308:28:MC_GetCommandStateMotor1	8	static
/Users/msvc/Documents/code/tbots/MDV6_STSPIN/Src/mc_api.c:323:13:MC_StopSpeedRampMotor1	8	static
/Users/msvc/Documents/code/tbots/MDV6_STSPIN/Src/mc_api.c:334:13:MC_StopRampMotor1	8	static
/Users/msvc/Documents/code/tbots/MDV6_STSPIN/Src/mc_api.c:342:13:MC_HasRampCompletedMotor1	8	static
/Users/msvc/Documents/code/tbots/MDV6_STSPIN/Src/mc_api.c:350:16:MC_GetMecSpeedReferenceMotor1	8	static
/Users/msvc/Documents/code/tbots/MDV6_STSPIN/Src/mc_api.c:358:16:MC_GetMecSpeedReferenceMotor1_F	8	static
/Users/msvc/Documents/code/tbots/MDV6_STSPIN/Src/mc_api.c:366:16:MC_GetMecSpeedAverageMotor1	8	static
/Users/msvc/Documents/code/tbots/MDV6_STSPIN/Src/mc_api.c:374:16:MC_GetAverageMecSpeedMotor1_F	8	static
/Users/msvc/Documents/code/tbots/MDV6_STSPIN/Src/mc_api.c:382:16:MC_GetLastRampFinalSpeedMotor1	8	static
/Users/msvc/Documents/code/tbots/MDV6_STSPIN/Src/mc_api.c:390:16:MC_GetLastRampFinalSpeedM1_F	8	static
/Users/msvc/Documents/code/tbots/MDV6_STSPIN/Src/mc_api.c:397:16:MC_GetFinalTorqueReferenceMotor1_F	8	static
/Users/msvc/Documents/code/tbots/MDV6_STSPIN/Src/mc_api.c:405:16:MC_GetFinalTorqueReferenceMotor1	8	static
/Users/msvc/Documents/code/tbots/MDV6_STSPIN/Src/mc_api.c:412:25:MC_GetControlModeMotor1	8	static
/Users/msvc/Documents/code/tbots/MDV6_STSPIN/Src/mc_api.c:428:16:MC_GetImposedDirectionMotor1	8	static
/Users/msvc/Documents/code/tbots/MDV6_STSPIN/Src/mc_api.c:436:13:MC_GetSpeedSensorReliabilityMotor1	8	static
/Users/msvc/Documents/code/tbots/MDV6_STSPIN/Src/mc_api.c:451:16:MC_GetPhaseCurrentAmplitudeMotor1	8	static
/Users/msvc/Documents/code/tbots/MDV6_STSPIN/Src/mc_api.c:466:16:MC_GetPhaseVoltageAmplitudeMotor1	8	static
/Users/msvc/Documents/code/tbots/MDV6_STSPIN/Src/mc_api.c:474:13:MC_GetIabMotor1	16	static
/Users/msvc/Documents/code/tbots/MDV6_STSPIN/Src/mc_api.c:482:15:MC_GetIabMotor1_F	8	static
/Users/msvc/Documents/code/tbots/MDV6_STSPIN/Src/mc_api.c:490:20:MC_GetIalphabetaMotor1	16	static
/Users/msvc/Documents/code/tbots/MDV6_STSPIN/Src/mc_api.c:498:13:MC_GetIqdMotor1	16	static
/Users/msvc/Documents/code/tbots/MDV6_STSPIN/Src/mc_api.c:506:15:MC_GetIqdMotor1_F	8	static
/Users/msvc/Documents/code/tbots/MDV6_STSPIN/Src/mc_api.c:514:13:MC_GetIqdrefMotor1	16	static
/Users/msvc/Documents/code/tbots/MDV6_STSPIN/Src/mc_api.c:522:15:MC_GetIqdrefMotor1_F	8	static
/Users/msvc/Documents/code/tbots/MDV6_STSPIN/Src/mc_api.c:530:13:MC_GetVqdMotor1	16	static
/Users/msvc/Documents/code/tbots/MDV6_STSPIN/Src/mc_api.c:538:20:MC_GetValphabetaMotor1	16	static
/Users/msvc/Documents/code/tbots/MDV6_STSPIN/Src/mc_api.c:546:16:MC_GetElAngledppMotor1	8	static
/Users/msvc/Documents/code/tbots/MDV6_STSPIN/Src/mc_api.c:554:16:MC_GetTerefMotor1	8	static
/Users/msvc/Documents/code/tbots/MDV6_STSPIN/Src/mc_api.c:562:16:MC_GetTerefMotor1_F	8	static
/Users/msvc/Documents/code/tbots/MDV6_STSPIN/Src/mc_api.c:575:13:MC_Clear_IqdrefMotor1	8	static
/Users/msvc/Documents/code/tbots/MDV6_STSPIN/Src/mc_api.c:588:13:MC_AcknowledgeFaultMotor1	8	static
/Users/msvc/Documents/code/tbots/MDV6_STSPIN/Src/mc_api.c:602:17:MC_GetOccurredFaultsMotor1	8	static
/Users/msvc/Documents/code/tbots/MDV6_STSPIN/Src/mc_api.c:616:17:MC_GetCurrentFaultsMotor1	8	static
/Users/msvc/Documents/code/tbots/MDV6_STSPIN/Src/mc_api.c:624:20:MC_GetSTMStateMotor1	8	static
/Users/msvc/Documents/code/tbots/MDV6_STSPIN/Src/mc_api.c:662:6:MC_SetPolarizationOffsetsMotor1	8	static
/Users/msvc/Documents/code/tbots/MDV6_STSPIN/Src/mc_api.c:681:6:MC_GetPolarizationOffsetsMotor1	8	static
/Users/msvc/Documents/code/tbots/MDV6_STSPIN/Src/mc_api.c:701:6:MC_StartPolarizationOffsetsMeasurementMotor1	8	static
/Users/msvc/Documents/code/tbots/MDV6_STSPIN/Src/mc_api.c:712:16:MC_GetAveragePowerMotor1_F	8	static
