C:/Users/kenny/.st_workbench/projects/MDV6 HALL/Src/mc_tasks_foc.c:385:13:FOC_Clear	8	static
C:/Users/kenny/.st_workbench/projects/MDV6 HALL/Src/mc_tasks_foc.c:82:13:FOC_Init	24	static
C:/Users/kenny/.st_workbench/projects/MDV6 HALL/Src/mc_tasks_foc.c:150:6:TSK_MF_StopProcessing	8	static
C:/Users/kenny/.st_workbench/projects/MDV6 HALL/Src/mc_tasks_foc.c:431:13:FOC_InitAdditionalMethods	0	static
C:/Users/kenny/.st_workbench/projects/MDV6 HALL/Src/mc_tasks_foc.c:454:13:FOC_CalcCurrRef	24	static,ignoring_inline_asm
C:/Users/kenny/.st_workbench/projects/MDV6 HALL/Src/mc_tasks_foc.c:168:13:TSK_MediumFrequencyTaskM1	32	static
C:/Users/kenny/.st_workbench/projects/MDV6 HALL/Src/mc_tasks_foc.c:513:16:FOC_HighFrequencyTask	72	static
