../../Drivers/STM32F0xx_HAL_Driver/Inc/stm32f0xx_ll_gpio.h:664:22:LL_GPIO_LockPin	8	static
D:/UBC Tbots Local/FW_hall_sensors_Mar22/MDv6_wheel_hall_Mar22/Src/mc_tasks.c:522:13:FOC_Clear	16	static
D:/UBC Tbots Local/FW_hall_sensors_Mar22/MDv6_wheel_hall_Mar22/Src/mc_tasks.c:105:13:MCboot	40	static
D:/UBC Tbots Local/FW_hall_sensors_Mar22/MDv6_wheel_hall_Mar22/Src/mc_tasks.c:558:13:FOC_InitAdditionalMethods	0	static
D:/UBC Tbots Local/FW_hall_sensors_Mar22/MDv6_wheel_hall_Mar22/Src/mc_tasks.c:581:13:FOC_CalcCurrRef	8	static
D:/UBC Tbots Local/FW_hall_sensors_Mar22/MDv6_wheel_hall_Mar22/Src/mc_tasks.c:608:13:TSK_SetChargeBootCapDelayM1	0	static
D:/UBC Tbots Local/FW_hall_sensors_Mar22/MDv6_wheel_hall_Mar22/Src/mc_tasks.c:619:13:TSK_ChargeBootCapDelayHasElapsedM1	0	static
D:/UBC Tbots Local/FW_hall_sensors_Mar22/MDv6_wheel_hall_Mar22/Src/mc_tasks.c:635:13:TSK_SetStopPermanencyTimeM1	0	static
D:/UBC Tbots Local/FW_hall_sensors_Mar22/MDv6_wheel_hall_Mar22/Src/mc_tasks.c:230:6:TSK_MF_StopProcessing	16	static
D:/UBC Tbots Local/FW_hall_sensors_Mar22/MDv6_wheel_hall_Mar22/Src/mc_tasks.c:646:13:TSK_StopPermanencyTimeHasElapsedM1	0	static
D:/UBC Tbots Local/FW_hall_sensors_Mar22/MDv6_wheel_hall_Mar22/Src/mc_tasks.c:327:13:TSK_MediumFrequencyTaskM1	32	static
D:/UBC Tbots Local/FW_hall_sensors_Mar22/MDv6_wheel_hall_Mar22/Src/mc_tasks.c:245:13:MC_Scheduler	16	static
D:/UBC Tbots Local/FW_hall_sensors_Mar22/MDv6_wheel_hall_Mar22/Src/mc_tasks.c:672:16:TSK_HighFrequencyTask	56	static
D:/UBC Tbots Local/FW_hall_sensors_Mar22/MDv6_wheel_hall_Mar22/Src/mc_tasks.c:787:13:TSK_SafetyTask_PWMOFF	32	static
D:/UBC Tbots Local/FW_hall_sensors_Mar22/MDv6_wheel_hall_Mar22/Src/mc_tasks.c:762:13:TSK_SafetyTask	8	static
D:/UBC Tbots Local/FW_hall_sensors_Mar22/MDv6_wheel_hall_Mar22/Src/mc_tasks.c:208:13:MC_RunMotorControlTasks	8	static
D:/UBC Tbots Local/FW_hall_sensors_Mar22/MDv6_wheel_hall_Mar22/Src/mc_tasks.c:835:22:GetMCI	0	static
D:/UBC Tbots Local/FW_hall_sensors_Mar22/MDv6_wheel_hall_Mar22/Src/mc_tasks.c:855:13:TSK_HardwareFaultTask	8	static
D:/UBC Tbots Local/FW_hall_sensors_Mar22/MDv6_wheel_hall_Mar22/Src/mc_tasks.c:868:13:UI_HandleStartStopButton_cb	8	static
D:/UBC Tbots Local/FW_hall_sensors_Mar22/MDv6_wheel_hall_Mar22/Src/mc_tasks.c:886:13:mc_lock_pins	16	static
