C:/Users/kenny/.st_workbench/projects/MDv6OL/Src/mc_tasks.c:571:13:FOC_Clear	8	static
C:/Users/kenny/.st_workbench/projects/MDv6OL/Src/mc_tasks.c:105:13:MCboot	48	static
C:/Users/kenny/.st_workbench/projects/MDv6OL/Src/mc_tasks.c:610:13:FOC_InitAdditionalMethods	0	static
C:/Users/kenny/.st_workbench/projects/MDv6OL/Src/mc_tasks.c:634:13:FOC_CalcCurrRef	8	static
C:/Users/kenny/.st_workbench/projects/MDv6OL/Src/mc_tasks.c:661:13:TSK_SetChargeBootCapDelayM1	0	static
C:/Users/kenny/.st_workbench/projects/MDv6OL/Src/mc_tasks.c:672:13:TSK_ChargeBootCapDelayHasElapsedM1	0	static
C:/Users/kenny/.st_workbench/projects/MDv6OL/Src/mc_tasks.c:688:13:TSK_SetStopPermanencyTimeM1	0	static
C:/Users/kenny/.st_workbench/projects/MDv6OL/Src/mc_tasks.c:237:6:TSK_MF_StopProcessing	16	static
C:/Users/kenny/.st_workbench/projects/MDv6OL/Src/mc_tasks.c:699:13:TSK_StopPermanencyTimeHasElapsedM1	0	static
C:/Users/kenny/.st_workbench/projects/MDv6OL/Src/mc_tasks.c:303:13:TSK_MediumFrequencyTaskM1	32	static
C:/Users/kenny/.st_workbench/projects/MDv6OL/Src/mc_tasks.c:253:13:MC_Scheduler	8	static
C:/Users/kenny/.st_workbench/projects/MDv6OL/Src/mc_tasks.c:725:16:TSK_HighFrequencyTask	56	static
C:/Users/kenny/.st_workbench/projects/MDv6OL/Src/mc_tasks.c:836:13:TSK_SafetyTask_PWMOFF	32	static
C:/Users/kenny/.st_workbench/projects/MDv6OL/Src/mc_tasks.c:814:13:TSK_SafetyTask	8	static
C:/Users/kenny/.st_workbench/projects/MDv6OL/Src/mc_tasks.c:215:13:MC_RunMotorControlTasks	8	static
C:/Users/kenny/.st_workbench/projects/MDv6OL/Src/mc_tasks.c:886:23:GetMCI	0	static
C:/Users/kenny/.st_workbench/projects/MDv6OL/Src/mc_tasks.c:902:13:TSK_HardwareFaultTask	8	static
C:/Users/kenny/.st_workbench/projects/MDv6OL/Src/mc_tasks.c:918:13:mc_lock_pins	56	static
