D:/UBC Tbots Local/FW_hall_sensors_Mar22/MDv6_wheel_hall_Mar22/Src/stm32f0xx_hal_msp.c:75:6:HAL_MspInit	8	static
D:/UBC Tbots Local/FW_hall_sensors_Mar22/MDv6_wheel_hall_Mar22/Src/stm32f0xx_hal_msp.c:97:6:HAL_ADC_MspInit	56	static
D:/UBC Tbots Local/FW_hall_sensors_Mar22/MDv6_wheel_hall_Mar22/Src/stm32f0xx_hal_msp.c:154:6:HAL_ADC_MspDeInit	8	static
D:/UBC Tbots Local/FW_hall_sensors_Mar22/MDv6_wheel_hall_Mar22/Src/stm32f0xx_hal_msp.c:187:6:HAL_TIM_PWM_MspInit	48	static
D:/UBC Tbots Local/FW_hall_sensors_Mar22/MDv6_wheel_hall_Mar22/Src/stm32f0xx_hal_msp.c:262:6:HAL_TIM_Base_MspInit	40	static
D:/UBC Tbots Local/FW_hall_sensors_Mar22/MDv6_wheel_hall_Mar22/Src/stm32f0xx_hal_msp.c:293:6:HAL_TIM_MspPostInit	48	static
D:/UBC Tbots Local/FW_hall_sensors_Mar22/MDv6_wheel_hall_Mar22/Src/stm32f0xx_hal_msp.c:338:6:HAL_TIM_PWM_MspDeInit	8	static
D:/UBC Tbots Local/FW_hall_sensors_Mar22/MDv6_wheel_hall_Mar22/Src/stm32f0xx_hal_msp.c:383:6:HAL_TIM_Base_MspDeInit	8	static
D:/UBC Tbots Local/FW_hall_sensors_Mar22/MDv6_wheel_hall_Mar22/Src/stm32f0xx_hal_msp.c:415:6:HAL_UART_MspInit	48	static
D:/UBC Tbots Local/FW_hall_sensors_Mar22/MDv6_wheel_hall_Mar22/Src/stm32f0xx_hal_msp.c:484:6:HAL_UART_MspDeInit	8	static
