/home/msvc/Documents/tbots/MDV6_STSPIN/Src/usart_aspep_driver.c:44:6:UASPEP_INIT	16	static
/home/msvc/Documents/tbots/MDV6_STSPIN/Src/usart_aspep_driver.c:56:6:UASPEP_TX_INIT	12	static
/home/msvc/Documents/tbots/MDV6_STSPIN/Src/usart_aspep_driver.c:93:6:UASPEP_RX_INIT	12	static
/home/msvc/Documents/tbots/MDV6_STSPIN/Src/usart_aspep_driver.c:130:6:UASPEP_CFG_TRANSMISSION	8	static
/home/msvc/Documents/tbots/MDV6_STSPIN/Src/usart_aspep_driver.c:153:6:UASPEP_CFG_RECEPTION	8	static
/home/msvc/Documents/tbots/MDV6_STSPIN/Src/usart_aspep_driver.c:169:6:UASPEP_IDLE_ENABLE	0	static
