C:/Users/tarak/OneDrive/Documents/ThunderBots/EVSPIN_OL_NEW_MOTOR/EVSPIN_OL_NEW_MOTOR/Src/aspep.c:451:9:ASPEP_TXframeProcess	32	static,ignoring_inline_asm
C:/Users/tarak/OneDrive/Documents/ThunderBots/EVSPIN_OL_NEW_MOTOR/EVSPIN_OL_NEW_MOTOR/Src/aspep.c:327:6:ASPEP_CheckBeacon.constprop	48	static
C:/Users/tarak/OneDrive/Documents/ThunderBots/EVSPIN_OL_NEW_MOTOR/EVSPIN_OL_NEW_MOTOR/Src/aspep.c:180:6:ASPEP_start	8	static
C:/Users/tarak/OneDrive/Documents/ThunderBots/EVSPIN_OL_NEW_MOTOR/EVSPIN_OL_NEW_MOTOR/Src/aspep.c:207:6:ASPEP_sendBeacon	8	static
C:/Users/tarak/OneDrive/Documents/ThunderBots/EVSPIN_OL_NEW_MOTOR/EVSPIN_OL_NEW_MOTOR/Src/aspep.c:251:6:ASPEP_sendPing	16	static
C:/Users/tarak/OneDrive/Documents/ThunderBots/EVSPIN_OL_NEW_MOTOR/EVSPIN_OL_NEW_MOTOR/Src/aspep.c:285:6:ASPEP_getBuffer	8	static
C:/Users/tarak/OneDrive/Documents/ThunderBots/EVSPIN_OL_NEW_MOTOR/EVSPIN_OL_NEW_MOTOR/Src/aspep.c:376:9:ASPEP_sendPacket	16	static
C:/Users/tarak/OneDrive/Documents/ThunderBots/EVSPIN_OL_NEW_MOTOR/EVSPIN_OL_NEW_MOTOR/Src/aspep.c:527:6:ASPEP_HWDataTransmittedIT	16	static
C:/Users/tarak/OneDrive/Documents/ThunderBots/EVSPIN_OL_NEW_MOTOR/EVSPIN_OL_NEW_MOTOR/Src/aspep.c:579:10:ASPEP_RXframeProcess	16	static
C:/Users/tarak/OneDrive/Documents/ThunderBots/EVSPIN_OL_NEW_MOTOR/EVSPIN_OL_NEW_MOTOR/Src/aspep.c:747:6:ASPEP_HWDataReceivedIT	16	static
C:/Users/tarak/OneDrive/Documents/ThunderBots/EVSPIN_OL_NEW_MOTOR/EVSPIN_OL_NEW_MOTOR/Src/aspep.c:835:6:ASPEP_HWReset	8	static
