../../Drivers/STM32F0xx_HAL_Driver/Inc/stm32f0xx_ll_tim.h:1947:22:LL_TIM_OC_DisablePreload	0	static
../../Drivers/STM32F0xx_HAL_Driver/Inc/stm32f0xx_ll_dma.h:582:22:LL_DMA_EnableChannel	0	static
../../Drivers/STM32F0xx_HAL_Driver/Inc/stm32f0xx_ll_dma.h:601:22:LL_DMA_DisableChannel	0	static
../../Drivers/STM32F0xx_HAL_Driver/Inc/stm32f0xx_ll_dma.h:1008:22:LL_DMA_SetDataLength	0	static
../../Drivers/STM32F0xx_HAL_Driver/Inc/stm32f0xx_ll_dma.h:2037:22:LL_DMA_EnableIT_TC	0	static
C:/Users/tarak/OneDrive/Documents/ThunderBots/MDV6_STSPIN/EVSPIN_OL_NEW_MOTOR/Src/r1_ps_pwm_curr_fdbk.c:208:6:R1_1ShuntMotorVarsInit	16	static
C:/Users/tarak/OneDrive/Documents/ThunderBots/MDV6_STSPIN/EVSPIN_OL_NEW_MOTOR/Src/r1_ps_pwm_curr_fdbk.c:354:13:R1_GetPhaseCurrents	16	static
C:/Users/tarak/OneDrive/Documents/ThunderBots/MDV6_STSPIN/EVSPIN_OL_NEW_MOTOR/Src/r1_ps_pwm_curr_fdbk.c:747:13:R1_HFCurrentsCalibration	8	static
C:/Users/tarak/OneDrive/Documents/ThunderBots/MDV6_STSPIN/EVSPIN_OL_NEW_MOTOR/Src/r1_ps_pwm_curr_fdbk.c:769:17:R1_SetADCSampPointPolarization	12	static
C:/Users/tarak/OneDrive/Documents/ThunderBots/MDV6_STSPIN/EVSPIN_OL_NEW_MOTOR/Src/r1_ps_pwm_curr_fdbk.c:1100:17:R1_CalcDutyCycles	96	static
C:/Users/tarak/OneDrive/Documents/ThunderBots/MDV6_STSPIN/EVSPIN_OL_NEW_MOTOR/Src/r1_ps_pwm_curr_fdbk.c:81:6:R1_Init	48	static
C:/Users/tarak/OneDrive/Documents/ThunderBots/MDV6_STSPIN/EVSPIN_OL_NEW_MOTOR/Src/r1_ps_pwm_curr_fdbk.c:254:13:R1_SetOffsetCalib	0	static
C:/Users/tarak/OneDrive/Documents/ThunderBots/MDV6_STSPIN/EVSPIN_OL_NEW_MOTOR/Src/r1_ps_pwm_curr_fdbk.c:268:13:R1_GetOffsetCalib	0	static
C:/Users/tarak/OneDrive/Documents/ThunderBots/MDV6_STSPIN/EVSPIN_OL_NEW_MOTOR/Src/r1_ps_pwm_curr_fdbk.c:811:13:R1_TurnOnLowSides	8	static
C:/Users/tarak/OneDrive/Documents/ThunderBots/MDV6_STSPIN/EVSPIN_OL_NEW_MOTOR/Src/r1_ps_pwm_curr_fdbk.c:851:13:R1_SwitchOnPWM	56	static
C:/Users/tarak/OneDrive/Documents/ThunderBots/MDV6_STSPIN/EVSPIN_OL_NEW_MOTOR/Src/r1_ps_pwm_curr_fdbk.c:993:13:R1_SwitchOffPWM	40	static
C:/Users/tarak/OneDrive/Documents/ThunderBots/MDV6_STSPIN/EVSPIN_OL_NEW_MOTOR/Src/r1_ps_pwm_curr_fdbk.c:280:13:R1_CurrentReadingCalibration	32	static
C:/Users/tarak/OneDrive/Documents/ThunderBots/MDV6_STSPIN/EVSPIN_OL_NEW_MOTOR/Src/r1_ps_pwm_curr_fdbk.c:1296:14:R1_TIM1_UP_IRQHandler	0	static
C:/Users/tarak/OneDrive/Documents/ThunderBots/MDV6_STSPIN/EVSPIN_OL_NEW_MOTOR/Src/r1_ps_pwm_curr_fdbk.c:1318:14:R1_TIM8_UP_IRQHandler	0	static
C:/Users/tarak/OneDrive/Documents/ThunderBots/MDV6_STSPIN/EVSPIN_OL_NEW_MOTOR/Src/r1_ps_pwm_curr_fdbk.c:1329:14:R1_DMAx_TC_IRQHandler	8	static
C:/Users/tarak/OneDrive/Documents/ThunderBots/MDV6_STSPIN/EVSPIN_OL_NEW_MOTOR/Src/r1_ps_pwm_curr_fdbk.c:1356:14:R1_DMAx_HT_IRQHandler	0	static
