C:/Users/tarak/OneDrive/Documents/ThunderBots/EVSPIN_OL_NEW_MOTOR/EVSPIN_OL_NEW_MOTOR/Src/register_interface.c:1171:9:RI_MovString	12	static
C:/Users/tarak/OneDrive/Documents/ThunderBots/EVSPIN_OL_NEW_MOTOR/EVSPIN_OL_NEW_MOTOR/Src/register_interface.c:31:9:RI_SetRegisterGlobal	16	static
C:/Users/tarak/OneDrive/Documents/ThunderBots/EVSPIN_OL_NEW_MOTOR/EVSPIN_OL_NEW_MOTOR/Src/register_interface.c:165:9:RI_SetRegisterMotor1	32	static
C:/Users/tarak/OneDrive/Documents/ThunderBots/EVSPIN_OL_NEW_MOTOR/EVSPIN_OL_NEW_MOTOR/Src/register_interface.c:545:9:RI_GetRegisterGlobal	16	static
C:/Users/tarak/OneDrive/Documents/ThunderBots/EVSPIN_OL_NEW_MOTOR/EVSPIN_OL_NEW_MOTOR/Src/register_interface.c:690:11:RI_GetRegisterMotor1	80	static
C:/Users/tarak/OneDrive/Documents/ThunderBots/EVSPIN_OL_NEW_MOTOR/EVSPIN_OL_NEW_MOTOR/Src/register_interface.c:1197:9:RI_GetIDSize	0	static
C:/Users/tarak/OneDrive/Documents/ThunderBots/EVSPIN_OL_NEW_MOTOR/EVSPIN_OL_NEW_MOTOR/Src/register_interface.c:1232:16:RI_GetPtrReg	0	static
