16:30:43 **** Incremental Build of configuration Debug for project EVSPIN_OL_NEW_MOTOR ****
make -j8 all 
arm-none-eabi-gcc "C:/Users/tarak/OneDrive/Documents/ThunderBots/EVSPIN_OL_NEW_MOTOR/EVSPIN_OL_NEW_MOTOR/Src/aspep.c" -mcpu=cortex-m0 -std=gnu11 -g3 -DDEBUG -DARM_MATH_CM0 -DUSE_HAL_DRIVER -DSTM32F031x6 -c -I../../Inc -I../../Drivers/STM32F0xx_HAL_Driver/Inc -I../../Drivers/STM32F0xx_HAL_Driver/Inc/Legacy -I../../MCSDK_v6.3.2-Full/MotorControl/MCSDK/MCLib/Any/Inc -I../../Drivers/CMSIS/Device/ST/STM32F0xx/Include -I../../Drivers/CMSIS/Include -Os -ffunction-sections -fdata-sections -Wall -fstack-usage -fcyclomatic-complexity -MMD -MP -MF"Application/User/aspep.d" -MT"Application/User/aspep.o" --specs=nano.specs -mfloat-abi=soft -mthumb -o "Application/User/aspep.o"
arm-none-eabi-gcc "C:/Users/tarak/OneDrive/Documents/ThunderBots/EVSPIN_OL_NEW_MOTOR/EVSPIN_OL_NEW_MOTOR/Src/main.c" -mcpu=cortex-m0 -std=gnu11 -g3 -DDEBUG -DARM_MATH_CM0 -DUSE_HAL_DRIVER -DSTM32F031x6 -c -I../../Inc -I../../Drivers/STM32F0xx_HAL_Driver/Inc -I../../Drivers/STM32F0xx_HAL_Driver/Inc/Legacy -I../../MCSDK_v6.3.2-Full/MotorControl/MCSDK/MCLib/Any/Inc -I../../Drivers/CMSIS/Device/ST/STM32F0xx/Include -I../../Drivers/CMSIS/Include -Os -ffunction-sections -fdata-sections -Wall -fstack-usage -fcyclomatic-complexity -MMD -MP -MF"Application/User/main.d" -MT"Application/User/main.o" --specs=nano.specs -mfloat-abi=soft -mthumb -o "Application/User/main.o"
arm-none-eabi-gcc "C:/Users/tarak/OneDrive/Documents/ThunderBots/EVSPIN_OL_NEW_MOTOR/EVSPIN_OL_NEW_MOTOR/Src/mc_config.c" -mcpu=cortex-m0 -std=gnu11 -g3 -DDEBUG -DARM_MATH_CM0 -DUSE_HAL_DRIVER -DSTM32F031x6 -c -I../../Inc -I../../Drivers/STM32F0xx_HAL_Driver/Inc -I../../Drivers/STM32F0xx_HAL_Driver/Inc/Legacy -I../../MCSDK_v6.3.2-Full/MotorControl/MCSDK/MCLib/Any/Inc -I../../Drivers/CMSIS/Device/ST/STM32F0xx/Include -I../../Drivers/CMSIS/Include -Os -ffunction-sections -fdata-sections -Wall -fstack-usage -fcyclomatic-complexity -MMD -MP -MF"Application/User/mc_config.d" -MT"Application/User/mc_config.o" --specs=nano.specs -mfloat-abi=soft -mthumb -o "Application/User/mc_config.o"
arm-none-eabi-gcc "C:/Users/tarak/OneDrive/Documents/ThunderBots/EVSPIN_OL_NEW_MOTOR/EVSPIN_OL_NEW_MOTOR/Src/mc_config_common.c" -mcpu=cortex-m0 -std=gnu11 -g3 -DDEBUG -DARM_MATH_CM0 -DUSE_HAL_DRIVER -DSTM32F031x6 -c -I../../Inc -I../../Drivers/STM32F0xx_HAL_Driver/Inc -I../../Drivers/STM32F0xx_HAL_Driver/Inc/Legacy -I../../MCSDK_v6.3.2-Full/MotorControl/MCSDK/MCLib/Any/Inc -I../../Drivers/CMSIS/Device/ST/STM32F0xx/Include -I../../Drivers/CMSIS/Include -Os -ffunction-sections -fdata-sections -Wall -fstack-usage -fcyclomatic-complexity -MMD -MP -MF"Application/User/mc_config_common.d" -MT"Application/User/mc_config_common.o" --specs=nano.specs -mfloat-abi=soft -mthumb -o "Application/User/mc_config_common.o"
arm-none-eabi-gcc "C:/Users/tarak/OneDrive/Documents/ThunderBots/EVSPIN_OL_NEW_MOTOR/EVSPIN_OL_NEW_MOTOR/Src/mc_configuration_registers.c" -mcpu=cortex-m0 -std=gnu11 -g3 -DDEBUG -DARM_MATH_CM0 -DUSE_HAL_DRIVER -DSTM32F031x6 -c -I../../Inc -I../../Drivers/STM32F0xx_HAL_Driver/Inc -I../../Drivers/STM32F0xx_HAL_Driver/Inc/Legacy -I../../MCSDK_v6.3.2-Full/MotorControl/MCSDK/MCLib/Any/Inc -I../../Drivers/CMSIS/Device/ST/STM32F0xx/Include -I../../Drivers/CMSIS/Include -Os -ffunction-sections -fdata-sections -Wall -fstack-usage -fcyclomatic-complexity -MMD -MP -MF"Application/User/mc_configuration_registers.d" -MT"Application/User/mc_configuration_registers.o" --specs=nano.specs -mfloat-abi=soft -mthumb -o "Application/User/mc_configuration_registers.o"
arm-none-eabi-gcc "C:/Users/tarak/OneDrive/Documents/ThunderBots/EVSPIN_OL_NEW_MOTOR/EVSPIN_OL_NEW_MOTOR/Src/mc_interface.c" -mcpu=cortex-m0 -std=gnu11 -g3 -DDEBUG -DARM_MATH_CM0 -DUSE_HAL_DRIVER -DSTM32F031x6 -c -I../../Inc -I../../Drivers/STM32F0xx_HAL_Driver/Inc -I../../Drivers/STM32F0xx_HAL_Driver/Inc/Legacy -I../../MCSDK_v6.3.2-Full/MotorControl/MCSDK/MCLib/Any/Inc -I../../Drivers/CMSIS/Device/ST/STM32F0xx/Include -I../../Drivers/CMSIS/Include -Os -ffunction-sections -fdata-sections -Wall -fstack-usage -fcyclomatic-complexity -MMD -MP -MF"Application/User/mc_interface.d" -MT"Application/User/mc_interface.o" --specs=nano.specs -mfloat-abi=soft -mthumb -o "Application/User/mc_interface.o"
arm-none-eabi-gcc "C:/Users/tarak/OneDrive/Documents/ThunderBots/EVSPIN_OL_NEW_MOTOR/EVSPIN_OL_NEW_MOTOR/Src/mc_parameters.c" -mcpu=cortex-m0 -std=gnu11 -g3 -DDEBUG -DARM_MATH_CM0 -DUSE_HAL_DRIVER -DSTM32F031x6 -c -I../../Inc -I../../Drivers/STM32F0xx_HAL_Driver/Inc -I../../Drivers/STM32F0xx_HAL_Driver/Inc/Legacy -I../../MCSDK_v6.3.2-Full/MotorControl/MCSDK/MCLib/Any/Inc -I../../Drivers/CMSIS/Device/ST/STM32F0xx/Include -I../../Drivers/CMSIS/Include -Os -ffunction-sections -fdata-sections -Wall -fstack-usage -fcyclomatic-complexity -MMD -MP -MF"Application/User/mc_parameters.d" -MT"Application/User/mc_parameters.o" --specs=nano.specs -mfloat-abi=soft -mthumb -o "Application/User/mc_parameters.o"
arm-none-eabi-gcc "C:/Users/tarak/OneDrive/Documents/ThunderBots/EVSPIN_OL_NEW_MOTOR/EVSPIN_OL_NEW_MOTOR/Src/mc_tasks.c" -mcpu=cortex-m0 -std=gnu11 -g3 -DDEBUG -DARM_MATH_CM0 -DUSE_HAL_DRIVER -DSTM32F031x6 -c -I../../Inc -I../../Drivers/STM32F0xx_HAL_Driver/Inc -I../../Drivers/STM32F0xx_HAL_Driver/Inc/Legacy -I../../MCSDK_v6.3.2-Full/MotorControl/MCSDK/MCLib/Any/Inc -I../../Drivers/CMSIS/Device/ST/STM32F0xx/Include -I../../Drivers/CMSIS/Include -Os -ffunction-sections -fdata-sections -Wall -fstack-usage -fcyclomatic-complexity -MMD -MP -MF"Application/User/mc_tasks.d" -MT"Application/User/mc_tasks.o" --specs=nano.specs -mfloat-abi=soft -mthumb -o "Application/User/mc_tasks.o"
arm-none-eabi-gcc "C:/Users/tarak/OneDrive/Documents/ThunderBots/EVSPIN_OL_NEW_MOTOR/EVSPIN_OL_NEW_MOTOR/Src/mc_tasks_foc.c" -mcpu=cortex-m0 -std=gnu11 -g3 -DDEBUG -DARM_MATH_CM0 -DUSE_HAL_DRIVER -DSTM32F031x6 -c -I../../Inc -I../../Drivers/STM32F0xx_HAL_Driver/Inc -I../../Drivers/STM32F0xx_HAL_Driver/Inc/Legacy -I../../MCSDK_v6.3.2-Full/MotorControl/MCSDK/MCLib/Any/Inc -I../../Drivers/CMSIS/Device/ST/STM32F0xx/Include -I../../Drivers/CMSIS/Include -Os -ffunction-sections -fdata-sections -Wall -fstack-usage -fcyclomatic-complexity -MMD -MP -MF"Application/User/mc_tasks_foc.d" -MT"Application/User/mc_tasks_foc.o" --specs=nano.specs -mfloat-abi=soft -mthumb -o "Application/User/mc_tasks_foc.o"
arm-none-eabi-gcc "C:/Users/tarak/OneDrive/Documents/ThunderBots/EVSPIN_OL_NEW_MOTOR/EVSPIN_OL_NEW_MOTOR/Src/mcp.c" -mcpu=cortex-m0 -std=gnu11 -g3 -DDEBUG -DARM_MATH_CM0 -DUSE_HAL_DRIVER -DSTM32F031x6 -c -I../../Inc -I../../Drivers/STM32F0xx_HAL_Driver/Inc -I../../Drivers/STM32F0xx_HAL_Driver/Inc/Legacy -I../../MCSDK_v6.3.2-Full/MotorControl/MCSDK/MCLib/Any/Inc -I../../Drivers/CMSIS/Device/ST/STM32F0xx/Include -I../../Drivers/CMSIS/Include -Os -ffunction-sections -fdata-sections -Wall -fstack-usage -fcyclomatic-complexity -MMD -MP -MF"Application/User/mcp.d" -MT"Application/User/mcp.o" --specs=nano.specs -mfloat-abi=soft -mthumb -o "Application/User/mcp.o"
arm-none-eabi-gcc "C:/Users/tarak/OneDrive/Documents/ThunderBots/EVSPIN_OL_NEW_MOTOR/EVSPIN_OL_NEW_MOTOR/Src/mcp_config.c" -mcpu=cortex-m0 -std=gnu11 -g3 -DDEBUG -DARM_MATH_CM0 -DUSE_HAL_DRIVER -DSTM32F031x6 -c -I../../Inc -I../../Drivers/STM32F0xx_HAL_Driver/Inc -I../../Drivers/STM32F0xx_HAL_Driver/Inc/Legacy -I../../MCSDK_v6.3.2-Full/MotorControl/MCSDK/MCLib/Any/Inc -I../../Drivers/CMSIS/Device/ST/STM32F0xx/Include -I../../Drivers/CMSIS/Include -Os -ffunction-sections -fdata-sections -Wall -fstack-usage -fcyclomatic-complexity -MMD -MP -MF"Application/User/mcp_config.d" -MT"Application/User/mcp_config.o" --specs=nano.specs -mfloat-abi=soft -mthumb -o "Application/User/mcp_config.o"
arm-none-eabi-gcc "C:/Users/tarak/OneDrive/Documents/ThunderBots/EVSPIN_OL_NEW_MOTOR/EVSPIN_OL_NEW_MOTOR/Src/motorcontrol.c" -mcpu=cortex-m0 -std=gnu11 -g3 -DDEBUG -DARM_MATH_CM0 -DUSE_HAL_DRIVER -DSTM32F031x6 -c -I../../Inc -I../../Drivers/STM32F0xx_HAL_Driver/Inc -I../../Drivers/STM32F0xx_HAL_Driver/Inc/Legacy -I../../MCSDK_v6.3.2-Full/MotorControl/MCSDK/MCLib/Any/Inc -I../../Drivers/CMSIS/Device/ST/STM32F0xx/Include -I../../Drivers/CMSIS/Include -Os -ffunction-sections -fdata-sections -Wall -fstack-usage -fcyclomatic-complexity -MMD -MP -MF"Application/User/motorcontrol.d" -MT"Application/User/motorcontrol.o" --specs=nano.specs -mfloat-abi=soft -mthumb -o "Application/User/motorcontrol.o"
arm-none-eabi-gcc "C:/Users/tarak/OneDrive/Documents/ThunderBots/EVSPIN_OL_NEW_MOTOR/EVSPIN_OL_NEW_MOTOR/Src/register_interface.c" -mcpu=cortex-m0 -std=gnu11 -g3 -DDEBUG -DARM_MATH_CM0 -DUSE_HAL_DRIVER -DSTM32F031x6 -c -I../../Inc -I../../Drivers/STM32F0xx_HAL_Driver/Inc -I../../Drivers/STM32F0xx_HAL_Driver/Inc/Legacy -I../../MCSDK_v6.3.2-Full/MotorControl/MCSDK/MCLib/Any/Inc -I../../Drivers/CMSIS/Device/ST/STM32F0xx/Include -I../../Drivers/CMSIS/Include -Os -ffunction-sections -fdata-sections -Wall -fstack-usage -fcyclomatic-complexity -MMD -MP -MF"Application/User/register_interface.d" -MT"Application/User/register_interface.o" --specs=nano.specs -mfloat-abi=soft -mthumb -o "Application/User/register_interface.o"
arm-none-eabi-gcc "C:/Users/tarak/OneDrive/Documents/ThunderBots/EVSPIN_OL_NEW_MOTOR/EVSPIN_OL_NEW_MOTOR/Src/stm32_mc_common_it.c" -mcpu=cortex-m0 -std=gnu11 -g3 -DDEBUG -DARM_MATH_CM0 -DUSE_HAL_DRIVER -DSTM32F031x6 -c -I../../Inc -I../../Drivers/STM32F0xx_HAL_Driver/Inc -I../../Drivers/STM32F0xx_HAL_Driver/Inc/Legacy -I../../MCSDK_v6.3.2-Full/MotorControl/MCSDK/MCLib/Any/Inc -I../../Drivers/CMSIS/Device/ST/STM32F0xx/Include -I../../Drivers/CMSIS/Include -Os -ffunction-sections -fdata-sections -Wall -fstack-usage -fcyclomatic-complexity -MMD -MP -MF"Application/User/stm32_mc_common_it.d" -MT"Application/User/stm32_mc_common_it.o" --specs=nano.specs -mfloat-abi=soft -mthumb -o "Application/User/stm32_mc_common_it.o"
arm-none-eabi-gcc "C:/Users/tarak/OneDrive/Documents/ThunderBots/EVSPIN_OL_NEW_MOTOR/EVSPIN_OL_NEW_MOTOR/Src/stm32f0xx_hal_msp.c" -mcpu=cortex-m0 -std=gnu11 -g3 -DDEBUG -DARM_MATH_CM0 -DUSE_HAL_DRIVER -DSTM32F031x6 -c -I../../Inc -I../../Drivers/STM32F0xx_HAL_Driver/Inc -I../../Drivers/STM32F0xx_HAL_Driver/Inc/Legacy -I../../MCSDK_v6.3.2-Full/MotorControl/MCSDK/MCLib/Any/Inc -I../../Drivers/CMSIS/Device/ST/STM32F0xx/Include -I../../Drivers/CMSIS/Include -Os -ffunction-sections -fdata-sections -Wall -fstack-usage -fcyclomatic-complexity -MMD -MP -MF"Application/User/stm32f0xx_hal_msp.d" -MT"Application/User/stm32f0xx_hal_msp.o" --specs=nano.specs -mfloat-abi=soft -mthumb -o "Application/User/stm32f0xx_hal_msp.o"
arm-none-eabi-gcc "C:/Users/tarak/OneDrive/Documents/ThunderBots/EVSPIN_OL_NEW_MOTOR/EVSPIN_OL_NEW_MOTOR/Src/stm32f0xx_it.c" -mcpu=cortex-m0 -std=gnu11 -g3 -DDEBUG -DARM_MATH_CM0 -DUSE_HAL_DRIVER -DSTM32F031x6 -c -I../../Inc -I../../Drivers/STM32F0xx_HAL_Driver/Inc -I../../Drivers/STM32F0xx_HAL_Driver/Inc/Legacy -I../../MCSDK_v6.3.2-Full/MotorControl/MCSDK/MCLib/Any/Inc -I../../Drivers/CMSIS/Device/ST/STM32F0xx/Include -I../../Drivers/CMSIS/Include -Os -ffunction-sections -fdata-sections -Wall -fstack-usage -fcyclomatic-complexity -MMD -MP -MF"Application/User/stm32f0xx_it.d" -MT"Application/User/stm32f0xx_it.o" --specs=nano.specs -mfloat-abi=soft -mthumb -o "Application/User/stm32f0xx_it.o"
arm-none-eabi-gcc "C:/Users/tarak/OneDrive/Documents/ThunderBots/EVSPIN_OL_NEW_MOTOR/EVSPIN_OL_NEW_MOTOR/Src/stm32f0xx_mc_it.c" -mcpu=cortex-m0 -std=gnu11 -g3 -DDEBUG -DARM_MATH_CM0 -DUSE_HAL_DRIVER -DSTM32F031x6 -c -I../../Inc -I../../Drivers/STM32F0xx_HAL_Driver/Inc -I../../Drivers/STM32F0xx_HAL_Driver/Inc/Legacy -I../../MCSDK_v6.3.2-Full/MotorControl/MCSDK/MCLib/Any/Inc -I../../Drivers/CMSIS/Device/ST/STM32F0xx/Include -I../../Drivers/CMSIS/Include -Os -ffunction-sections -fdata-sections -Wall -fstack-usage -fcyclomatic-complexity -MMD -MP -MF"Application/User/stm32f0xx_mc_it.d" -MT"Application/User/stm32f0xx_mc_it.o" --specs=nano.specs -mfloat-abi=soft -mthumb -o "Application/User/stm32f0xx_mc_it.o"
arm-none-eabi-gcc "C:/Users/tarak/OneDrive/Documents/ThunderBots/EVSPIN_OL_NEW_MOTOR/EVSPIN_OL_NEW_MOTOR/Src/usart_aspep_driver.c" -mcpu=cortex-m0 -std=gnu11 -g3 -DDEBUG -DARM_MATH_CM0 -DUSE_HAL_DRIVER -DSTM32F031x6 -c -I../../Inc -I../../Drivers/STM32F0xx_HAL_Driver/Inc -I../../Drivers/STM32F0xx_HAL_Driver/Inc/Legacy -I../../MCSDK_v6.3.2-Full/MotorControl/MCSDK/MCLib/Any/Inc -I../../Drivers/CMSIS/Device/ST/STM32F0xx/Include -I../../Drivers/CMSIS/Include -Os -ffunction-sections -fdata-sections -Wall -fstack-usage -fcyclomatic-complexity -MMD -MP -MF"Application/User/usart_aspep_driver.d" -MT"Application/User/usart_aspep_driver.o" --specs=nano.specs -mfloat-abi=soft -mthumb -o "Application/User/usart_aspep_driver.o"
arm-none-eabi-gcc -o "EVSPIN_OL_NEW_MOTOR.elf" @"objects.list"   -mcpu=cortex-m0 -T"C:\Users\tarak\OneDrive\Documents\ThunderBots\EVSPIN_OL_NEW_MOTOR\EVSPIN_OL_NEW_MOTOR\STM32CubeIDE\STM32F031C6TX_FLASH.ld" --specs=nosys.specs -Wl,-Map="EVSPIN_OL_NEW_MOTOR.map" -Wl,--gc-sections -static --specs=nano.specs -mfloat-abi=soft -mthumb -Wl,--start-group -lc -lm -Wl,--end-group
Finished building target: EVSPIN_OL_NEW_MOTOR.elf
 
arm-none-eabi-size   EVSPIN_OL_NEW_MOTOR.elf 
arm-none-eabi-objdump -h -S  EVSPIN_OL_NEW_MOTOR.elf  > "EVSPIN_OL_NEW_MOTOR.list"
   text	   data	    bss	    dec	    hex	filename
  30128	   1028	   2316	  33472	   82c0	EVSPIN_OL_NEW_MOTOR.elf
Finished building: default.size.stdout
 
Finished building: EVSPIN_OL_NEW_MOTOR.list
 
16:30:52 **** Incremental Build of configuration Debug for project EVSPIN_OL_NEW_MOTOR ****
make -j8 all 
arm-none-eabi-gcc "C:/Users/tarak/OneDrive/Documents/ThunderBots/EVSPIN_OL_NEW_MOTOR/EVSPIN_OL_NEW_MOTOR/MCSDK_v6.3.2-Full/MotorControl/MCSDK/MCLib/Any/Src/bus_voltage_sensor.c" -mcpu=cortex-m0 -std=gnu11 -g3 -DDEBUG -DARM_MATH_CM0 -DUSE_HAL_DRIVER -DSTM32F031x6 -c -I../../Inc -I../../Drivers/STM32F0xx_HAL_Driver/Inc -I../../Drivers/STM32F0xx_HAL_Driver/Inc/Legacy -I../../MCSDK_v6.3.2-Full/MotorControl/MCSDK/MCLib/Any/Inc -I../../Drivers/CMSIS/Device/ST/STM32F0xx/Include -I../../Drivers/CMSIS/Include -I../../Drivers/CMSIS/DSP/Include -Ofast -ffunction-sections -fdata-sections -Wall -fstack-usage -fcyclomatic-complexity -MMD -MP -MF"Middlewares/MotorControl/bus_voltage_sensor.d" -MT"Middlewares/MotorControl/bus_voltage_sensor.o" --specs=nano.specs -mfloat-abi=soft -mthumb -o "Middlewares/MotorControl/bus_voltage_sensor.o"
arm-none-eabi-gcc "C:/Users/tarak/OneDrive/Documents/ThunderBots/EVSPIN_OL_NEW_MOTOR/EVSPIN_OL_NEW_MOTOR/MCSDK_v6.3.2-Full/MotorControl/MCSDK/MCLib/Any/Src/circle_limitation.c" -mcpu=cortex-m0 -std=gnu11 -g3 -DDEBUG -DARM_MATH_CM0 -DUSE_HAL_DRIVER -DSTM32F031x6 -c -I../../Inc -I../../Drivers/STM32F0xx_HAL_Driver/Inc -I../../Drivers/STM32F0xx_HAL_Driver/Inc/Legacy -I../../MCSDK_v6.3.2-Full/MotorControl/MCSDK/MCLib/Any/Inc -I../../Drivers/CMSIS/Device/ST/STM32F0xx/Include -I../../Drivers/CMSIS/Include -I../../Drivers/CMSIS/DSP/Include -Ofast -ffunction-sections -fdata-sections -Wall -fstack-usage -fcyclomatic-complexity -MMD -MP -MF"Middlewares/MotorControl/circle_limitation.d" -MT"Middlewares/MotorControl/circle_limitation.o" --specs=nano.specs -mfloat-abi=soft -mthumb -o "Middlewares/MotorControl/circle_limitation.o"
arm-none-eabi-gcc "C:/Users/tarak/OneDrive/Documents/ThunderBots/EVSPIN_OL_NEW_MOTOR/EVSPIN_OL_NEW_MOTOR/MCSDK_v6.3.2-Full/MotorControl/MCSDK/MCLib/Any/Src/digital_output.c" -mcpu=cortex-m0 -std=gnu11 -g3 -DDEBUG -DARM_MATH_CM0 -DUSE_HAL_DRIVER -DSTM32F031x6 -c -I../../Inc -I../../Drivers/STM32F0xx_HAL_Driver/Inc -I../../Drivers/STM32F0xx_HAL_Driver/Inc/Legacy -I../../MCSDK_v6.3.2-Full/MotorControl/MCSDK/MCLib/Any/Inc -I../../Drivers/CMSIS/Device/ST/STM32F0xx/Include -I../../Drivers/CMSIS/Include -I../../Drivers/CMSIS/DSP/Include -Ofast -ffunction-sections -fdata-sections -Wall -fstack-usage -fcyclomatic-complexity -MMD -MP -MF"Middlewares/MotorControl/digital_output.d" -MT"Middlewares/MotorControl/digital_output.o" --specs=nano.specs -mfloat-abi=soft -mthumb -o "Middlewares/MotorControl/digital_output.o"
arm-none-eabi-gcc "C:/Users/tarak/OneDrive/Documents/ThunderBots/EVSPIN_OL_NEW_MOTOR/EVSPIN_OL_NEW_MOTOR/MCSDK_v6.3.2-Full/MotorControl/MCSDK/MCLib/Any/Src/ntc_temperature_sensor.c" -mcpu=cortex-m0 -std=gnu11 -g3 -DDEBUG -DARM_MATH_CM0 -DUSE_HAL_DRIVER -DSTM32F031x6 -c -I../../Inc -I../../Drivers/STM32F0xx_HAL_Driver/Inc -I../../Drivers/STM32F0xx_HAL_Driver/Inc/Legacy -I../../MCSDK_v6.3.2-Full/MotorControl/MCSDK/MCLib/Any/Inc -I../../Drivers/CMSIS/Device/ST/STM32F0xx/Include -I../../Drivers/CMSIS/Include -I../../Drivers/CMSIS/DSP/Include -Ofast -ffunction-sections -fdata-sections -Wall -fstack-usage -fcyclomatic-complexity -MMD -MP -MF"Middlewares/MotorControl/ntc_temperature_sensor.d" -MT"Middlewares/MotorControl/ntc_temperature_sensor.o" --specs=nano.specs -mfloat-abi=soft -mthumb -o "Middlewares/MotorControl/ntc_temperature_sensor.o"
arm-none-eabi-gcc "C:/Users/tarak/OneDrive/Documents/ThunderBots/EVSPIN_OL_NEW_MOTOR/EVSPIN_OL_NEW_MOTOR/MCSDK_v6.3.2-Full/MotorControl/MCSDK/MCLib/Any/Src/open_loop.c" -mcpu=cortex-m0 -std=gnu11 -g3 -DDEBUG -DARM_MATH_CM0 -DUSE_HAL_DRIVER -DSTM32F031x6 -c -I../../Inc -I../../Drivers/STM32F0xx_HAL_Driver/Inc -I../../Drivers/STM32F0xx_HAL_Driver/Inc/Legacy -I../../MCSDK_v6.3.2-Full/MotorControl/MCSDK/MCLib/Any/Inc -I../../Drivers/CMSIS/Device/ST/STM32F0xx/Include -I../../Drivers/CMSIS/Include -I../../Drivers/CMSIS/DSP/Include -Ofast -ffunction-sections -fdata-sections -Wall -fstack-usage -fcyclomatic-complexity -MMD -MP -MF"Middlewares/MotorControl/open_loop.d" -MT"Middlewares/MotorControl/open_loop.o" --specs=nano.specs -mfloat-abi=soft -mthumb -o "Middlewares/MotorControl/open_loop.o"
arm-none-eabi-gcc "C:/Users/tarak/OneDrive/Documents/ThunderBots/EVSPIN_OL_NEW_MOTOR/EVSPIN_OL_NEW_MOTOR/MCSDK_v6.3.2-Full/MotorControl/MCSDK/MCLib/Any/Src/pid_regulator.c" -mcpu=cortex-m0 -std=gnu11 -g3 -DDEBUG -DARM_MATH_CM0 -DUSE_HAL_DRIVER -DSTM32F031x6 -c -I../../Inc -I../../Drivers/STM32F0xx_HAL_Driver/Inc -I../../Drivers/STM32F0xx_HAL_Driver/Inc/Legacy -I../../MCSDK_v6.3.2-Full/MotorControl/MCSDK/MCLib/Any/Inc -I../../Drivers/CMSIS/Device/ST/STM32F0xx/Include -I../../Drivers/CMSIS/Include -I../../Drivers/CMSIS/DSP/Include -Ofast -ffunction-sections -fdata-sections -Wall -fstack-usage -fcyclomatic-complexity -MMD -MP -MF"Middlewares/MotorControl/pid_regulator.d" -MT"Middlewares/MotorControl/pid_regulator.o" --specs=nano.specs -mfloat-abi=soft -mthumb -o "Middlewares/MotorControl/pid_regulator.o"
arm-none-eabi-gcc "C:/Users/tarak/OneDrive/Documents/ThunderBots/EVSPIN_OL_NEW_MOTOR/EVSPIN_OL_NEW_MOTOR/MCSDK_v6.3.2-Full/MotorControl/MCSDK/MCLib/Any/Src/pqd_motor_power_measurement.c" -mcpu=cortex-m0 -std=gnu11 -g3 -DDEBUG -DARM_MATH_CM0 -DUSE_HAL_DRIVER -DSTM32F031x6 -c -I../../Inc -I../../Drivers/STM32F0xx_HAL_Driver/Inc -I../../Drivers/STM32F0xx_HAL_Driver/Inc/Legacy -I../../MCSDK_v6.3.2-Full/MotorControl/MCSDK/MCLib/Any/Inc -I../../Drivers/CMSIS/Device/ST/STM32F0xx/Include -I../../Drivers/CMSIS/Include -I../../Drivers/CMSIS/DSP/Include -Ofast -ffunction-sections -fdata-sections -Wall -fstack-usage -fcyclomatic-complexity -MMD -MP -MF"Middlewares/MotorControl/pqd_motor_power_measurement.d" -MT"Middlewares/MotorControl/pqd_motor_power_measurement.o" --specs=nano.specs -mfloat-abi=soft -mthumb -o "Middlewares/MotorControl/pqd_motor_power_measurement.o"
arm-none-eabi-gcc "C:/Users/tarak/OneDrive/Documents/ThunderBots/EVSPIN_OL_NEW_MOTOR/EVSPIN_OL_NEW_MOTOR/MCSDK_v6.3.2-Full/MotorControl/MCSDK/MCLib/Any/Src/r_divider_bus_voltage_sensor.c" -mcpu=cortex-m0 -std=gnu11 -g3 -DDEBUG -DARM_MATH_CM0 -DUSE_HAL_DRIVER -DSTM32F031x6 -c -I../../Inc -I../../Drivers/STM32F0xx_HAL_Driver/Inc -I../../Drivers/STM32F0xx_HAL_Driver/Inc/Legacy -I../../MCSDK_v6.3.2-Full/MotorControl/MCSDK/MCLib/Any/Inc -I../../Drivers/CMSIS/Device/ST/STM32F0xx/Include -I../../Drivers/CMSIS/Include -I../../Drivers/CMSIS/DSP/Include -Ofast -ffunction-sections -fdata-sections -Wall -fstack-usage -fcyclomatic-complexity -MMD -MP -MF"Middlewares/MotorControl/r_divider_bus_voltage_sensor.d" -MT"Middlewares/MotorControl/r_divider_bus_voltage_sensor.o" --specs=nano.specs -mfloat-abi=soft -mthumb -o "Middlewares/MotorControl/r_divider_bus_voltage_sensor.o"
arm-none-eabi-gcc "C:/Users/tarak/OneDrive/Documents/ThunderBots/EVSPIN_OL_NEW_MOTOR/EVSPIN_OL_NEW_MOTOR/MCSDK_v6.3.2-Full/MotorControl/MCSDK/MCLib/Any/Src/ramp_ext_mngr.c" -mcpu=cortex-m0 -std=gnu11 -g3 -DDEBUG -DARM_MATH_CM0 -DUSE_HAL_DRIVER -DSTM32F031x6 -c -I../../Inc -I../../Drivers/STM32F0xx_HAL_Driver/Inc -I../../Drivers/STM32F0xx_HAL_Driver/Inc/Legacy -I../../MCSDK_v6.3.2-Full/MotorControl/MCSDK/MCLib/Any/Inc -I../../Drivers/CMSIS/Device/ST/STM32F0xx/Include -I../../Drivers/CMSIS/Include -I../../Drivers/CMSIS/DSP/Include -Ofast -ffunction-sections -fdata-sections -Wall -fstack-usage -fcyclomatic-complexity -MMD -MP -MF"Middlewares/MotorControl/ramp_ext_mngr.d" -MT"Middlewares/MotorControl/ramp_ext_mngr.o" --specs=nano.specs -mfloat-abi=soft -mthumb -o "Middlewares/MotorControl/ramp_ext_mngr.o"
arm-none-eabi-gcc "C:/Users/tarak/OneDrive/Documents/ThunderBots/EVSPIN_OL_NEW_MOTOR/EVSPIN_OL_NEW_MOTOR/MCSDK_v6.3.2-Full/MotorControl/MCSDK/MCLib/Any/Src/revup_ctrl.c" -mcpu=cortex-m0 -std=gnu11 -g3 -DDEBUG -DARM_MATH_CM0 -DUSE_HAL_DRIVER -DSTM32F031x6 -c -I../../Inc -I../../Drivers/STM32F0xx_HAL_Driver/Inc -I../../Drivers/STM32F0xx_HAL_Driver/Inc/Legacy -I../../MCSDK_v6.3.2-Full/MotorControl/MCSDK/MCLib/Any/Inc -I../../Drivers/CMSIS/Device/ST/STM32F0xx/Include -I../../Drivers/CMSIS/Include -I../../Drivers/CMSIS/DSP/Include -Ofast -ffunction-sections -fdata-sections -Wall -fstack-usage -fcyclomatic-complexity -MMD -MP -MF"Middlewares/MotorControl/revup_ctrl.d" -MT"Middlewares/MotorControl/revup_ctrl.o" --specs=nano.specs -mfloat-abi=soft -mthumb -o "Middlewares/MotorControl/revup_ctrl.o"
arm-none-eabi-gcc "C:/Users/tarak/OneDrive/Documents/ThunderBots/EVSPIN_OL_NEW_MOTOR/EVSPIN_OL_NEW_MOTOR/MCSDK_v6.3.2-Full/MotorControl/MCSDK/MCLib/Any/Src/speed_pos_fdbk.c" -mcpu=cortex-m0 -std=gnu11 -g3 -DDEBUG -DARM_MATH_CM0 -DUSE_HAL_DRIVER -DSTM32F031x6 -c -I../../Inc -I../../Drivers/STM32F0xx_HAL_Driver/Inc -I../../Drivers/STM32F0xx_HAL_Driver/Inc/Legacy -I../../MCSDK_v6.3.2-Full/MotorControl/MCSDK/MCLib/Any/Inc -I../../Drivers/CMSIS/Device/ST/STM32F0xx/Include -I../../Drivers/CMSIS/Include -I../../Drivers/CMSIS/DSP/Include -Ofast -ffunction-sections -fdata-sections -Wall -fstack-usage -fcyclomatic-complexity -MMD -MP -MF"Middlewares/MotorControl/speed_pos_fdbk.d" -MT"Middlewares/MotorControl/speed_pos_fdbk.o" --specs=nano.specs -mfloat-abi=soft -mthumb -o "Middlewares/MotorControl/speed_pos_fdbk.o"
arm-none-eabi-gcc "C:/Users/tarak/OneDrive/Documents/ThunderBots/EVSPIN_OL_NEW_MOTOR/EVSPIN_OL_NEW_MOTOR/MCSDK_v6.3.2-Full/MotorControl/MCSDK/MCLib/Any/Src/speed_torq_ctrl.c" -mcpu=cortex-m0 -std=gnu11 -g3 -DDEBUG -DARM_MATH_CM0 -DUSE_HAL_DRIVER -DSTM32F031x6 -c -I../../Inc -I../../Drivers/STM32F0xx_HAL_Driver/Inc -I../../Drivers/STM32F0xx_HAL_Driver/Inc/Legacy -I../../MCSDK_v6.3.2-Full/MotorControl/MCSDK/MCLib/Any/Inc -I../../Drivers/CMSIS/Device/ST/STM32F0xx/Include -I../../Drivers/CMSIS/Include -I../../Drivers/CMSIS/DSP/Include -Ofast -ffunction-sections -fdata-sections -Wall -fstack-usage -fcyclomatic-complexity -MMD -MP -MF"Middlewares/MotorControl/speed_torq_ctrl.d" -MT"Middlewares/MotorControl/speed_torq_ctrl.o" --specs=nano.specs -mfloat-abi=soft -mthumb -o "Middlewares/MotorControl/speed_torq_ctrl.o"
arm-none-eabi-gcc "C:/Users/tarak/OneDrive/Documents/ThunderBots/EVSPIN_OL_NEW_MOTOR/EVSPIN_OL_NEW_MOTOR/MCSDK_v6.3.2-Full/MotorControl/MCSDK/MCLib/Any/Src/virtual_speed_sensor.c" -mcpu=cortex-m0 -std=gnu11 -g3 -DDEBUG -DARM_MATH_CM0 -DUSE_HAL_DRIVER -DSTM32F031x6 -c -I../../Inc -I../../Drivers/STM32F0xx_HAL_Driver/Inc -I../../Drivers/STM32F0xx_HAL_Driver/Inc/Legacy -I../../MCSDK_v6.3.2-Full/MotorControl/MCSDK/MCLib/Any/Inc -I../../Drivers/CMSIS/Device/ST/STM32F0xx/Include -I../../Drivers/CMSIS/Include -I../../Drivers/CMSIS/DSP/Include -Ofast -ffunction-sections -fdata-sections -Wall -fstack-usage -fcyclomatic-complexity -MMD -MP -MF"Middlewares/MotorControl/virtual_speed_sensor.d" -MT"Middlewares/MotorControl/virtual_speed_sensor.o" --specs=nano.specs -mfloat-abi=soft -mthumb -o "Middlewares/MotorControl/virtual_speed_sensor.o"
arm-none-eabi-gcc "C:/Users/tarak/OneDrive/Documents/ThunderBots/EVSPIN_OL_NEW_MOTOR/EVSPIN_OL_NEW_MOTOR/Drivers/STM32F0xx_HAL_Driver/Src/stm32f0xx_hal.c" -mcpu=cortex-m0 -std=gnu11 -g3 -DDEBUG -DARM_MATH_CM0 -DUSE_HAL_DRIVER -DSTM32F031x6 -c -I../../Inc -I../../Drivers/STM32F0xx_HAL_Driver/Inc -I../../Drivers/STM32F0xx_HAL_Driver/Inc/Legacy -I../../MCSDK_v6.3.2-Full/MotorControl/MCSDK/MCLib/Any/Inc -I../../Drivers/CMSIS/Device/ST/STM32F0xx/Include -I../../Drivers/CMSIS/Include -I../../Drivers/CMSIS/DSP/Include -Ofast -ffunction-sections -fdata-sections -Wall -fstack-usage -fcyclomatic-complexity -MMD -MP -MF"Drivers/STM32F0xx_HAL_Driver/stm32f0xx_hal.d" -MT"Drivers/STM32F0xx_HAL_Driver/stm32f0xx_hal.o" --specs=nano.specs -mfloat-abi=soft -mthumb -o "Drivers/STM32F0xx_HAL_Driver/stm32f0xx_hal.o"
arm-none-eabi-gcc "C:/Users/tarak/OneDrive/Documents/ThunderBots/EVSPIN_OL_NEW_MOTOR/EVSPIN_OL_NEW_MOTOR/Drivers/STM32F0xx_HAL_Driver/Src/stm32f0xx_hal_adc.c" -mcpu=cortex-m0 -std=gnu11 -g3 -DDEBUG -DARM_MATH_CM0 -DUSE_HAL_DRIVER -DSTM32F031x6 -c -I../../Inc -I../../Drivers/STM32F0xx_HAL_Driver/Inc -I../../Drivers/STM32F0xx_HAL_Driver/Inc/Legacy -I../../MCSDK_v6.3.2-Full/MotorControl/MCSDK/MCLib/Any/Inc -I../../Drivers/CMSIS/Device/ST/STM32F0xx/Include -I../../Drivers/CMSIS/Include -I../../Drivers/CMSIS/DSP/Include -Ofast -ffunction-sections -fdata-sections -Wall -fstack-usage -fcyclomatic-complexity -MMD -MP -MF"Drivers/STM32F0xx_HAL_Driver/stm32f0xx_hal_adc.d" -MT"Drivers/STM32F0xx_HAL_Driver/stm32f0xx_hal_adc.o" --specs=nano.specs -mfloat-abi=soft -mthumb -o "Drivers/STM32F0xx_HAL_Driver/stm32f0xx_hal_adc.o"
arm-none-eabi-gcc "C:/Users/tarak/OneDrive/Documents/ThunderBots/EVSPIN_OL_NEW_MOTOR/EVSPIN_OL_NEW_MOTOR/Drivers/STM32F0xx_HAL_Driver/Src/stm32f0xx_hal_adc_ex.c" -mcpu=cortex-m0 -std=gnu11 -g3 -DDEBUG -DARM_MATH_CM0 -DUSE_HAL_DRIVER -DSTM32F031x6 -c -I../../Inc -I../../Drivers/STM32F0xx_HAL_Driver/Inc -I../../Drivers/STM32F0xx_HAL_Driver/Inc/Legacy -I../../MCSDK_v6.3.2-Full/MotorControl/MCSDK/MCLib/Any/Inc -I../../Drivers/CMSIS/Device/ST/STM32F0xx/Include -I../../Drivers/CMSIS/Include -I../../Drivers/CMSIS/DSP/Include -Ofast -ffunction-sections -fdata-sections -Wall -fstack-usage -fcyclomatic-complexity -MMD -MP -MF"Drivers/STM32F0xx_HAL_Driver/stm32f0xx_hal_adc_ex.d" -MT"Drivers/STM32F0xx_HAL_Driver/stm32f0xx_hal_adc_ex.o" --specs=nano.specs -mfloat-abi=soft -mthumb -o "Drivers/STM32F0xx_HAL_Driver/stm32f0xx_hal_adc_ex.o"
arm-none-eabi-gcc "C:/Users/tarak/OneDrive/Documents/ThunderBots/EVSPIN_OL_NEW_MOTOR/EVSPIN_OL_NEW_MOTOR/Drivers/STM32F0xx_HAL_Driver/Src/stm32f0xx_hal_cortex.c" -mcpu=cortex-m0 -std=gnu11 -g3 -DDEBUG -DARM_MATH_CM0 -DUSE_HAL_DRIVER -DSTM32F031x6 -c -I../../Inc -I../../Drivers/STM32F0xx_HAL_Driver/Inc -I../../Drivers/STM32F0xx_HAL_Driver/Inc/Legacy -I../../MCSDK_v6.3.2-Full/MotorControl/MCSDK/MCLib/Any/Inc -I../../Drivers/CMSIS/Device/ST/STM32F0xx/Include -I../../Drivers/CMSIS/Include -I../../Drivers/CMSIS/DSP/Include -Ofast -ffunction-sections -fdata-sections -Wall -fstack-usage -fcyclomatic-complexity -MMD -MP -MF"Drivers/STM32F0xx_HAL_Driver/stm32f0xx_hal_cortex.d" -MT"Drivers/STM32F0xx_HAL_Driver/stm32f0xx_hal_cortex.o" --specs=nano.specs -mfloat-abi=soft -mthumb -o "Drivers/STM32F0xx_HAL_Driver/stm32f0xx_hal_cortex.o"
arm-none-eabi-gcc "C:/Users/tarak/OneDrive/Documents/ThunderBots/EVSPIN_OL_NEW_MOTOR/EVSPIN_OL_NEW_MOTOR/Drivers/STM32F0xx_HAL_Driver/Src/stm32f0xx_hal_dma.c" -mcpu=cortex-m0 -std=gnu11 -g3 -DDEBUG -DARM_MATH_CM0 -DUSE_HAL_DRIVER -DSTM32F031x6 -c -I../../Inc -I../../Drivers/STM32F0xx_HAL_Driver/Inc -I../../Drivers/STM32F0xx_HAL_Driver/Inc/Legacy -I../../MCSDK_v6.3.2-Full/MotorControl/MCSDK/MCLib/Any/Inc -I../../Drivers/CMSIS/Device/ST/STM32F0xx/Include -I../../Drivers/CMSIS/Include -I../../Drivers/CMSIS/DSP/Include -Ofast -ffunction-sections -fdata-sections -Wall -fstack-usage -fcyclomatic-complexity -MMD -MP -MF"Drivers/STM32F0xx_HAL_Driver/stm32f0xx_hal_dma.d" -MT"Drivers/STM32F0xx_HAL_Driver/stm32f0xx_hal_dma.o" --specs=nano.specs -mfloat-abi=soft -mthumb -o "Drivers/STM32F0xx_HAL_Driver/stm32f0xx_hal_dma.o"
arm-none-eabi-gcc "C:/Users/tarak/OneDrive/Documents/ThunderBots/EVSPIN_OL_NEW_MOTOR/EVSPIN_OL_NEW_MOTOR/Drivers/STM32F0xx_HAL_Driver/Src/stm32f0xx_hal_exti.c" -mcpu=cortex-m0 -std=gnu11 -g3 -DDEBUG -DARM_MATH_CM0 -DUSE_HAL_DRIVER -DSTM32F031x6 -c -I../../Inc -I../../Drivers/STM32F0xx_HAL_Driver/Inc -I../../Drivers/STM32F0xx_HAL_Driver/Inc/Legacy -I../../MCSDK_v6.3.2-Full/MotorControl/MCSDK/MCLib/Any/Inc -I../../Drivers/CMSIS/Device/ST/STM32F0xx/Include -I../../Drivers/CMSIS/Include -I../../Drivers/CMSIS/DSP/Include -Ofast -ffunction-sections -fdata-sections -Wall -fstack-usage -fcyclomatic-complexity -MMD -MP -MF"Drivers/STM32F0xx_HAL_Driver/stm32f0xx_hal_exti.d" -MT"Drivers/STM32F0xx_HAL_Driver/stm32f0xx_hal_exti.o" --specs=nano.specs -mfloat-abi=soft -mthumb -o "Drivers/STM32F0xx_HAL_Driver/stm32f0xx_hal_exti.o"
arm-none-eabi-gcc "C:/Users/tarak/OneDrive/Documents/ThunderBots/EVSPIN_OL_NEW_MOTOR/EVSPIN_OL_NEW_MOTOR/Drivers/STM32F0xx_HAL_Driver/Src/stm32f0xx_hal_flash.c" -mcpu=cortex-m0 -std=gnu11 -g3 -DDEBUG -DARM_MATH_CM0 -DUSE_HAL_DRIVER -DSTM32F031x6 -c -I../../Inc -I../../Drivers/STM32F0xx_HAL_Driver/Inc -I../../Drivers/STM32F0xx_HAL_Driver/Inc/Legacy -I../../MCSDK_v6.3.2-Full/MotorControl/MCSDK/MCLib/Any/Inc -I../../Drivers/CMSIS/Device/ST/STM32F0xx/Include -I../../Drivers/CMSIS/Include -I../../Drivers/CMSIS/DSP/Include -Ofast -ffunction-sections -fdata-sections -Wall -fstack-usage -fcyclomatic-complexity -MMD -MP -MF"Drivers/STM32F0xx_HAL_Driver/stm32f0xx_hal_flash.d" -MT"Drivers/STM32F0xx_HAL_Driver/stm32f0xx_hal_flash.o" --specs=nano.specs -mfloat-abi=soft -mthumb -o "Drivers/STM32F0xx_HAL_Driver/stm32f0xx_hal_flash.o"
arm-none-eabi-gcc "C:/Users/tarak/OneDrive/Documents/ThunderBots/EVSPIN_OL_NEW_MOTOR/EVSPIN_OL_NEW_MOTOR/Drivers/STM32F0xx_HAL_Driver/Src/stm32f0xx_hal_flash_ex.c" -mcpu=cortex-m0 -std=gnu11 -g3 -DDEBUG -DARM_MATH_CM0 -DUSE_HAL_DRIVER -DSTM32F031x6 -c -I../../Inc -I../../Drivers/STM32F0xx_HAL_Driver/Inc -I../../Drivers/STM32F0xx_HAL_Driver/Inc/Legacy -I../../MCSDK_v6.3.2-Full/MotorControl/MCSDK/MCLib/Any/Inc -I../../Drivers/CMSIS/Device/ST/STM32F0xx/Include -I../../Drivers/CMSIS/Include -I../../Drivers/CMSIS/DSP/Include -Ofast -ffunction-sections -fdata-sections -Wall -fstack-usage -fcyclomatic-complexity -MMD -MP -MF"Drivers/STM32F0xx_HAL_Driver/stm32f0xx_hal_flash_ex.d" -MT"Drivers/STM32F0xx_HAL_Driver/stm32f0xx_hal_flash_ex.o" --specs=nano.specs -mfloat-abi=soft -mthumb -o "Drivers/STM32F0xx_HAL_Driver/stm32f0xx_hal_flash_ex.o"
arm-none-eabi-gcc "C:/Users/tarak/OneDrive/Documents/ThunderBots/EVSPIN_OL_NEW_MOTOR/EVSPIN_OL_NEW_MOTOR/Drivers/STM32F0xx_HAL_Driver/Src/stm32f0xx_hal_gpio.c" -mcpu=cortex-m0 -std=gnu11 -g3 -DDEBUG -DARM_MATH_CM0 -DUSE_HAL_DRIVER -DSTM32F031x6 -c -I../../Inc -I../../Drivers/STM32F0xx_HAL_Driver/Inc -I../../Drivers/STM32F0xx_HAL_Driver/Inc/Legacy -I../../MCSDK_v6.3.2-Full/MotorControl/MCSDK/MCLib/Any/Inc -I../../Drivers/CMSIS/Device/ST/STM32F0xx/Include -I../../Drivers/CMSIS/Include -I../../Drivers/CMSIS/DSP/Include -Ofast -ffunction-sections -fdata-sections -Wall -fstack-usage -fcyclomatic-complexity -MMD -MP -MF"Drivers/STM32F0xx_HAL_Driver/stm32f0xx_hal_gpio.d" -MT"Drivers/STM32F0xx_HAL_Driver/stm32f0xx_hal_gpio.o" --specs=nano.specs -mfloat-abi=soft -mthumb -o "Drivers/STM32F0xx_HAL_Driver/stm32f0xx_hal_gpio.o"
arm-none-eabi-gcc "C:/Users/tarak/OneDrive/Documents/ThunderBots/EVSPIN_OL_NEW_MOTOR/EVSPIN_OL_NEW_MOTOR/Drivers/STM32F0xx_HAL_Driver/Src/stm32f0xx_hal_i2c.c" -mcpu=cortex-m0 -std=gnu11 -g3 -DDEBUG -DARM_MATH_CM0 -DUSE_HAL_DRIVER -DSTM32F031x6 -c -I../../Inc -I../../Drivers/STM32F0xx_HAL_Driver/Inc -I../../Drivers/STM32F0xx_HAL_Driver/Inc/Legacy -I../../MCSDK_v6.3.2-Full/MotorControl/MCSDK/MCLib/Any/Inc -I../../Drivers/CMSIS/Device/ST/STM32F0xx/Include -I../../Drivers/CMSIS/Include -I../../Drivers/CMSIS/DSP/Include -Ofast -ffunction-sections -fdata-sections -Wall -fstack-usage -fcyclomatic-complexity -MMD -MP -MF"Drivers/STM32F0xx_HAL_Driver/stm32f0xx_hal_i2c.d" -MT"Drivers/STM32F0xx_HAL_Driver/stm32f0xx_hal_i2c.o" --specs=nano.specs -mfloat-abi=soft -mthumb -o "Drivers/STM32F0xx_HAL_Driver/stm32f0xx_hal_i2c.o"
arm-none-eabi-gcc "C:/Users/tarak/OneDrive/Documents/ThunderBots/EVSPIN_OL_NEW_MOTOR/EVSPIN_OL_NEW_MOTOR/Drivers/STM32F0xx_HAL_Driver/Src/stm32f0xx_hal_i2c_ex.c" -mcpu=cortex-m0 -std=gnu11 -g3 -DDEBUG -DARM_MATH_CM0 -DUSE_HAL_DRIVER -DSTM32F031x6 -c -I../../Inc -I../../Drivers/STM32F0xx_HAL_Driver/Inc -I../../Drivers/STM32F0xx_HAL_Driver/Inc/Legacy -I../../MCSDK_v6.3.2-Full/MotorControl/MCSDK/MCLib/Any/Inc -I../../Drivers/CMSIS/Device/ST/STM32F0xx/Include -I../../Drivers/CMSIS/Include -I../../Drivers/CMSIS/DSP/Include -Ofast -ffunction-sections -fdata-sections -Wall -fstack-usage -fcyclomatic-complexity -MMD -MP -MF"Drivers/STM32F0xx_HAL_Driver/stm32f0xx_hal_i2c_ex.d" -MT"Drivers/STM32F0xx_HAL_Driver/stm32f0xx_hal_i2c_ex.o" --specs=nano.specs -mfloat-abi=soft -mthumb -o "Drivers/STM32F0xx_HAL_Driver/stm32f0xx_hal_i2c_ex.o"
arm-none-eabi-gcc "C:/Users/tarak/OneDrive/Documents/ThunderBots/EVSPIN_OL_NEW_MOTOR/EVSPIN_OL_NEW_MOTOR/Drivers/STM32F0xx_HAL_Driver/Src/stm32f0xx_hal_pwr.c" -mcpu=cortex-m0 -std=gnu11 -g3 -DDEBUG -DARM_MATH_CM0 -DUSE_HAL_DRIVER -DSTM32F031x6 -c -I../../Inc -I../../Drivers/STM32F0xx_HAL_Driver/Inc -I../../Drivers/STM32F0xx_HAL_Driver/Inc/Legacy -I../../MCSDK_v6.3.2-Full/MotorControl/MCSDK/MCLib/Any/Inc -I../../Drivers/CMSIS/Device/ST/STM32F0xx/Include -I../../Drivers/CMSIS/Include -I../../Drivers/CMSIS/DSP/Include -Ofast -ffunction-sections -fdata-sections -Wall -fstack-usage -fcyclomatic-complexity -MMD -MP -MF"Drivers/STM32F0xx_HAL_Driver/stm32f0xx_hal_pwr.d" -MT"Drivers/STM32F0xx_HAL_Driver/stm32f0xx_hal_pwr.o" --specs=nano.specs -mfloat-abi=soft -mthumb -o "Drivers/STM32F0xx_HAL_Driver/stm32f0xx_hal_pwr.o"
arm-none-eabi-gcc "C:/Users/tarak/OneDrive/Documents/ThunderBots/EVSPIN_OL_NEW_MOTOR/EVSPIN_OL_NEW_MOTOR/Drivers/STM32F0xx_HAL_Driver/Src/stm32f0xx_hal_pwr_ex.c" -mcpu=cortex-m0 -std=gnu11 -g3 -DDEBUG -DARM_MATH_CM0 -DUSE_HAL_DRIVER -DSTM32F031x6 -c -I../../Inc -I../../Drivers/STM32F0xx_HAL_Driver/Inc -I../../Drivers/STM32F0xx_HAL_Driver/Inc/Legacy -I../../MCSDK_v6.3.2-Full/MotorControl/MCSDK/MCLib/Any/Inc -I../../Drivers/CMSIS/Device/ST/STM32F0xx/Include -I../../Drivers/CMSIS/Include -I../../Drivers/CMSIS/DSP/Include -Ofast -ffunction-sections -fdata-sections -Wall -fstack-usage -fcyclomatic-complexity -MMD -MP -MF"Drivers/STM32F0xx_HAL_Driver/stm32f0xx_hal_pwr_ex.d" -MT"Drivers/STM32F0xx_HAL_Driver/stm32f0xx_hal_pwr_ex.o" --specs=nano.specs -mfloat-abi=soft -mthumb -o "Drivers/STM32F0xx_HAL_Driver/stm32f0xx_hal_pwr_ex.o"
arm-none-eabi-gcc "C:/Users/tarak/OneDrive/Documents/ThunderBots/EVSPIN_OL_NEW_MOTOR/EVSPIN_OL_NEW_MOTOR/Drivers/STM32F0xx_HAL_Driver/Src/stm32f0xx_hal_rcc.c" -mcpu=cortex-m0 -std=gnu11 -g3 -DDEBUG -DARM_MATH_CM0 -DUSE_HAL_DRIVER -DSTM32F031x6 -c -I../../Inc -I../../Drivers/STM32F0xx_HAL_Driver/Inc -I../../Drivers/STM32F0xx_HAL_Driver/Inc/Legacy -I../../MCSDK_v6.3.2-Full/MotorControl/MCSDK/MCLib/Any/Inc -I../../Drivers/CMSIS/Device/ST/STM32F0xx/Include -I../../Drivers/CMSIS/Include -I../../Drivers/CMSIS/DSP/Include -Ofast -ffunction-sections -fdata-sections -Wall -fstack-usage -fcyclomatic-complexity -MMD -MP -MF"Drivers/STM32F0xx_HAL_Driver/stm32f0xx_hal_rcc.d" -MT"Drivers/STM32F0xx_HAL_Driver/stm32f0xx_hal_rcc.o" --specs=nano.specs -mfloat-abi=soft -mthumb -o "Drivers/STM32F0xx_HAL_Driver/stm32f0xx_hal_rcc.o"
arm-none-eabi-gcc "C:/Users/tarak/OneDrive/Documents/ThunderBots/EVSPIN_OL_NEW_MOTOR/EVSPIN_OL_NEW_MOTOR/Drivers/STM32F0xx_HAL_Driver/Src/stm32f0xx_hal_rcc_ex.c" -mcpu=cortex-m0 -std=gnu11 -g3 -DDEBUG -DARM_MATH_CM0 -DUSE_HAL_DRIVER -DSTM32F031x6 -c -I../../Inc -I../../Drivers/STM32F0xx_HAL_Driver/Inc -I../../Drivers/STM32F0xx_HAL_Driver/Inc/Legacy -I../../MCSDK_v6.3.2-Full/MotorControl/MCSDK/MCLib/Any/Inc -I../../Drivers/CMSIS/Device/ST/STM32F0xx/Include -I../../Drivers/CMSIS/Include -I../../Drivers/CMSIS/DSP/Include -Ofast -ffunction-sections -fdata-sections -Wall -fstack-usage -fcyclomatic-complexity -MMD -MP -MF"Drivers/STM32F0xx_HAL_Driver/stm32f0xx_hal_rcc_ex.d" -MT"Drivers/STM32F0xx_HAL_Driver/stm32f0xx_hal_rcc_ex.o" --specs=nano.specs -mfloat-abi=soft -mthumb -o "Drivers/STM32F0xx_HAL_Driver/stm32f0xx_hal_rcc_ex.o"
arm-none-eabi-gcc "C:/Users/tarak/OneDrive/Documents/ThunderBots/EVSPIN_OL_NEW_MOTOR/EVSPIN_OL_NEW_MOTOR/Drivers/STM32F0xx_HAL_Driver/Src/stm32f0xx_hal_tim.c" -mcpu=cortex-m0 -std=gnu11 -g3 -DDEBUG -DARM_MATH_CM0 -DUSE_HAL_DRIVER -DSTM32F031x6 -c -I../../Inc -I../../Drivers/STM32F0xx_HAL_Driver/Inc -I../../Drivers/STM32F0xx_HAL_Driver/Inc/Legacy -I../../MCSDK_v6.3.2-Full/MotorControl/MCSDK/MCLib/Any/Inc -I../../Drivers/CMSIS/Device/ST/STM32F0xx/Include -I../../Drivers/CMSIS/Include -I../../Drivers/CMSIS/DSP/Include -Ofast -ffunction-sections -fdata-sections -Wall -fstack-usage -fcyclomatic-complexity -MMD -MP -MF"Drivers/STM32F0xx_HAL_Driver/stm32f0xx_hal_tim.d" -MT"Drivers/STM32F0xx_HAL_Driver/stm32f0xx_hal_tim.o" --specs=nano.specs -mfloat-abi=soft -mthumb -o "Drivers/STM32F0xx_HAL_Driver/stm32f0xx_hal_tim.o"
arm-none-eabi-gcc "C:/Users/tarak/OneDrive/Documents/ThunderBots/EVSPIN_OL_NEW_MOTOR/EVSPIN_OL_NEW_MOTOR/Drivers/STM32F0xx_HAL_Driver/Src/stm32f0xx_hal_tim_ex.c" -mcpu=cortex-m0 -std=gnu11 -g3 -DDEBUG -DARM_MATH_CM0 -DUSE_HAL_DRIVER -DSTM32F031x6 -c -I../../Inc -I../../Drivers/STM32F0xx_HAL_Driver/Inc -I../../Drivers/STM32F0xx_HAL_Driver/Inc/Legacy -I../../MCSDK_v6.3.2-Full/MotorControl/MCSDK/MCLib/Any/Inc -I../../Drivers/CMSIS/Device/ST/STM32F0xx/Include -I../../Drivers/CMSIS/Include -I../../Drivers/CMSIS/DSP/Include -Ofast -ffunction-sections -fdata-sections -Wall -fstack-usage -fcyclomatic-complexity -MMD -MP -MF"Drivers/STM32F0xx_HAL_Driver/stm32f0xx_hal_tim_ex.d" -MT"Drivers/STM32F0xx_HAL_Driver/stm32f0xx_hal_tim_ex.o" --specs=nano.specs -mfloat-abi=soft -mthumb -o "Drivers/STM32F0xx_HAL_Driver/stm32f0xx_hal_tim_ex.o"
arm-none-eabi-gcc "C:/Users/tarak/OneDrive/Documents/ThunderBots/EVSPIN_OL_NEW_MOTOR/EVSPIN_OL_NEW_MOTOR/Drivers/STM32F0xx_HAL_Driver/Src/stm32f0xx_hal_uart.c" -mcpu=cortex-m0 -std=gnu11 -g3 -DDEBUG -DARM_MATH_CM0 -DUSE_HAL_DRIVER -DSTM32F031x6 -c -I../../Inc -I../../Drivers/STM32F0xx_HAL_Driver/Inc -I../../Drivers/STM32F0xx_HAL_Driver/Inc/Legacy -I../../MCSDK_v6.3.2-Full/MotorControl/MCSDK/MCLib/Any/Inc -I../../Drivers/CMSIS/Device/ST/STM32F0xx/Include -I../../Drivers/CMSIS/Include -I../../Drivers/CMSIS/DSP/Include -Ofast -ffunction-sections -fdata-sections -Wall -fstack-usage -fcyclomatic-complexity -MMD -MP -MF"Drivers/STM32F0xx_HAL_Driver/stm32f0xx_hal_uart.d" -MT"Drivers/STM32F0xx_HAL_Driver/stm32f0xx_hal_uart.o" --specs=nano.specs -mfloat-abi=soft -mthumb -o "Drivers/STM32F0xx_HAL_Driver/stm32f0xx_hal_uart.o"
arm-none-eabi-gcc "C:/Users/tarak/OneDrive/Documents/ThunderBots/EVSPIN_OL_NEW_MOTOR/EVSPIN_OL_NEW_MOTOR/Drivers/STM32F0xx_HAL_Driver/Src/stm32f0xx_hal_uart_ex.c" -mcpu=cortex-m0 -std=gnu11 -g3 -DDEBUG -DARM_MATH_CM0 -DUSE_HAL_DRIVER -DSTM32F031x6 -c -I../../Inc -I../../Drivers/STM32F0xx_HAL_Driver/Inc -I../../Drivers/STM32F0xx_HAL_Driver/Inc/Legacy -I../../MCSDK_v6.3.2-Full/MotorControl/MCSDK/MCLib/Any/Inc -I../../Drivers/CMSIS/Device/ST/STM32F0xx/Include -I../../Drivers/CMSIS/Include -I../../Drivers/CMSIS/DSP/Include -Ofast -ffunction-sections -fdata-sections -Wall -fstack-usage -fcyclomatic-complexity -MMD -MP -MF"Drivers/STM32F0xx_HAL_Driver/stm32f0xx_hal_uart_ex.d" -MT"Drivers/STM32F0xx_HAL_Driver/stm32f0xx_hal_uart_ex.o" --specs=nano.specs -mfloat-abi=soft -mthumb -o "Drivers/STM32F0xx_HAL_Driver/stm32f0xx_hal_uart_ex.o"
arm-none-eabi-gcc "C:/Users/tarak/OneDrive/Documents/ThunderBots/EVSPIN_OL_NEW_MOTOR/EVSPIN_OL_NEW_MOTOR/Src/system_stm32f0xx.c" -mcpu=cortex-m0 -std=gnu11 -g3 -DDEBUG -DARM_MATH_CM0 -DUSE_HAL_DRIVER -DSTM32F031x6 -c -I../../Inc -I../../Drivers/STM32F0xx_HAL_Driver/Inc -I../../Drivers/STM32F0xx_HAL_Driver/Inc/Legacy -I../../MCSDK_v6.3.2-Full/MotorControl/MCSDK/MCLib/Any/Inc -I../../Drivers/CMSIS/Device/ST/STM32F0xx/Include -I../../Drivers/CMSIS/Include -I../../Drivers/CMSIS/DSP/Include -Ofast -ffunction-sections -fdata-sections -Wall -fstack-usage -fcyclomatic-complexity -MMD -MP -MF"Drivers/CMSIS/system_stm32f0xx.d" -MT"Drivers/CMSIS/system_stm32f0xx.o" --specs=nano.specs -mfloat-abi=soft -mthumb -o "Drivers/CMSIS/system_stm32f0xx.o"
arm-none-eabi-gcc "C:/Users/tarak/OneDrive/Documents/ThunderBots/EVSPIN_OL_NEW_MOTOR/EVSPIN_OL_NEW_MOTOR/Src/aspep.c" -mcpu=cortex-m0 -std=gnu11 -g3 -DDEBUG -DARM_MATH_CM0 -DUSE_HAL_DRIVER -DSTM32F031x6 -c -I../../Inc -I../../Drivers/STM32F0xx_HAL_Driver/Inc -I../../Drivers/STM32F0xx_HAL_Driver/Inc/Legacy -I../../MCSDK_v6.3.2-Full/MotorControl/MCSDK/MCLib/Any/Inc -I../../Drivers/CMSIS/Device/ST/STM32F0xx/Include -I../../Drivers/CMSIS/Include -I../../Drivers/CMSIS/DSP/Include -Ofast -ffunction-sections -fdata-sections -Wall -fstack-usage -fcyclomatic-complexity -MMD -MP -MF"Application/User/aspep.d" -MT"Application/User/aspep.o" --specs=nano.specs -mfloat-abi=soft -mthumb -o "Application/User/aspep.o"
arm-none-eabi-gcc "C:/Users/tarak/OneDrive/Documents/ThunderBots/EVSPIN_OL_NEW_MOTOR/EVSPIN_OL_NEW_MOTOR/Src/hall_speed_pos_fdbk.c" -mcpu=cortex-m0 -std=gnu11 -g3 -DDEBUG -DARM_MATH_CM0 -DUSE_HAL_DRIVER -DSTM32F031x6 -c -I../../Inc -I../../Drivers/STM32F0xx_HAL_Driver/Inc -I../../Drivers/STM32F0xx_HAL_Driver/Inc/Legacy -I../../MCSDK_v6.3.2-Full/MotorControl/MCSDK/MCLib/Any/Inc -I../../Drivers/CMSIS/Device/ST/STM32F0xx/Include -I../../Drivers/CMSIS/Include -I../../Drivers/CMSIS/DSP/Include -Ofast -ffunction-sections -fdata-sections -Wall -fstack-usage -fcyclomatic-complexity -MMD -MP -MF"Application/User/hall_speed_pos_fdbk.d" -MT"Application/User/hall_speed_pos_fdbk.o" --specs=nano.specs -mfloat-abi=soft -mthumb -o "Application/User/hall_speed_pos_fdbk.o"
arm-none-eabi-gcc "C:/Users/tarak/OneDrive/Documents/ThunderBots/EVSPIN_OL_NEW_MOTOR/EVSPIN_OL_NEW_MOTOR/Src/main.c" -mcpu=cortex-m0 -std=gnu11 -g3 -DDEBUG -DARM_MATH_CM0 -DUSE_HAL_DRIVER -DSTM32F031x6 -c -I../../Inc -I../../Drivers/STM32F0xx_HAL_Driver/Inc -I../../Drivers/STM32F0xx_HAL_Driver/Inc/Legacy -I../../MCSDK_v6.3.2-Full/MotorControl/MCSDK/MCLib/Any/Inc -I../../Drivers/CMSIS/Device/ST/STM32F0xx/Include -I../../Drivers/CMSIS/Include -I../../Drivers/CMSIS/DSP/Include -Ofast -ffunction-sections -fdata-sections -Wall -fstack-usage -fcyclomatic-complexity -MMD -MP -MF"Application/User/main.d" -MT"Application/User/main.o" --specs=nano.specs -mfloat-abi=soft -mthumb -o "Application/User/main.o"
arm-none-eabi-gcc "C:/Users/tarak/OneDrive/Documents/ThunderBots/EVSPIN_OL_NEW_MOTOR/EVSPIN_OL_NEW_MOTOR/Src/mc_api.c" -mcpu=cortex-m0 -std=gnu11 -g3 -DDEBUG -DARM_MATH_CM0 -DUSE_HAL_DRIVER -DSTM32F031x6 -c -I../../Inc -I../../Drivers/STM32F0xx_HAL_Driver/Inc -I../../Drivers/STM32F0xx_HAL_Driver/Inc/Legacy -I../../MCSDK_v6.3.2-Full/MotorControl/MCSDK/MCLib/Any/Inc -I../../Drivers/CMSIS/Device/ST/STM32F0xx/Include -I../../Drivers/CMSIS/Include -I../../Drivers/CMSIS/DSP/Include -Ofast -ffunction-sections -fdata-sections -Wall -fstack-usage -fcyclomatic-complexity -MMD -MP -MF"Application/User/mc_api.d" -MT"Application/User/mc_api.o" --specs=nano.specs -mfloat-abi=soft -mthumb -o "Application/User/mc_api.o"
arm-none-eabi-gcc "C:/Users/tarak/OneDrive/Documents/ThunderBots/EVSPIN_OL_NEW_MOTOR/EVSPIN_OL_NEW_MOTOR/Src/mc_app_hooks.c" -mcpu=cortex-m0 -std=gnu11 -g3 -DDEBUG -DARM_MATH_CM0 -DUSE_HAL_DRIVER -DSTM32F031x6 -c -I../../Inc -I../../Drivers/STM32F0xx_HAL_Driver/Inc -I../../Drivers/STM32F0xx_HAL_Driver/Inc/Legacy -I../../MCSDK_v6.3.2-Full/MotorControl/MCSDK/MCLib/Any/Inc -I../../Drivers/CMSIS/Device/ST/STM32F0xx/Include -I../../Drivers/CMSIS/Include -I../../Drivers/CMSIS/DSP/Include -Ofast -ffunction-sections -fdata-sections -Wall -fstack-usage -fcyclomatic-complexity -MMD -MP -MF"Application/User/mc_app_hooks.d" -MT"Application/User/mc_app_hooks.o" --specs=nano.specs -mfloat-abi=soft -mthumb -o "Application/User/mc_app_hooks.o"
arm-none-eabi-gcc "C:/Users/tarak/OneDrive/Documents/ThunderBots/EVSPIN_OL_NEW_MOTOR/EVSPIN_OL_NEW_MOTOR/Src/mc_config.c" -mcpu=cortex-m0 -std=gnu11 -g3 -DDEBUG -DARM_MATH_CM0 -DUSE_HAL_DRIVER -DSTM32F031x6 -c -I../../Inc -I../../Drivers/STM32F0xx_HAL_Driver/Inc -I../../Drivers/STM32F0xx_HAL_Driver/Inc/Legacy -I../../MCSDK_v6.3.2-Full/MotorControl/MCSDK/MCLib/Any/Inc -I../../Drivers/CMSIS/Device/ST/STM32F0xx/Include -I../../Drivers/CMSIS/Include -I../../Drivers/CMSIS/DSP/Include -Ofast -ffunction-sections -fdata-sections -Wall -fstack-usage -fcyclomatic-complexity -MMD -MP -MF"Application/User/mc_config.d" -MT"Application/User/mc_config.o" --specs=nano.specs -mfloat-abi=soft -mthumb -o "Application/User/mc_config.o"
arm-none-eabi-gcc "C:/Users/tarak/OneDrive/Documents/ThunderBots/EVSPIN_OL_NEW_MOTOR/EVSPIN_OL_NEW_MOTOR/Src/mc_config_common.c" -mcpu=cortex-m0 -std=gnu11 -g3 -DDEBUG -DARM_MATH_CM0 -DUSE_HAL_DRIVER -DSTM32F031x6 -c -I../../Inc -I../../Drivers/STM32F0xx_HAL_Driver/Inc -I../../Drivers/STM32F0xx_HAL_Driver/Inc/Legacy -I../../MCSDK_v6.3.2-Full/MotorControl/MCSDK/MCLib/Any/Inc -I../../Drivers/CMSIS/Device/ST/STM32F0xx/Include -I../../Drivers/CMSIS/Include -I../../Drivers/CMSIS/DSP/Include -Ofast -ffunction-sections -fdata-sections -Wall -fstack-usage -fcyclomatic-complexity -MMD -MP -MF"Application/User/mc_config_common.d" -MT"Application/User/mc_config_common.o" --specs=nano.specs -mfloat-abi=soft -mthumb -o "Application/User/mc_config_common.o"
arm-none-eabi-gcc "C:/Users/tarak/OneDrive/Documents/ThunderBots/EVSPIN_OL_NEW_MOTOR/EVSPIN_OL_NEW_MOTOR/Src/mc_configuration_registers.c" -mcpu=cortex-m0 -std=gnu11 -g3 -DDEBUG -DARM_MATH_CM0 -DUSE_HAL_DRIVER -DSTM32F031x6 -c -I../../Inc -I../../Drivers/STM32F0xx_HAL_Driver/Inc -I../../Drivers/STM32F0xx_HAL_Driver/Inc/Legacy -I../../MCSDK_v6.3.2-Full/MotorControl/MCSDK/MCLib/Any/Inc -I../../Drivers/CMSIS/Device/ST/STM32F0xx/Include -I../../Drivers/CMSIS/Include -I../../Drivers/CMSIS/DSP/Include -Ofast -ffunction-sections -fdata-sections -Wall -fstack-usage -fcyclomatic-complexity -MMD -MP -MF"Application/User/mc_configuration_registers.d" -MT"Application/User/mc_configuration_registers.o" --specs=nano.specs -mfloat-abi=soft -mthumb -o "Application/User/mc_configuration_registers.o"
arm-none-eabi-gcc "C:/Users/tarak/OneDrive/Documents/ThunderBots/EVSPIN_OL_NEW_MOTOR/EVSPIN_OL_NEW_MOTOR/Src/mc_interface.c" -mcpu=cortex-m0 -std=gnu11 -g3 -DDEBUG -DARM_MATH_CM0 -DUSE_HAL_DRIVER -DSTM32F031x6 -c -I../../Inc -I../../Drivers/STM32F0xx_HAL_Driver/Inc -I../../Drivers/STM32F0xx_HAL_Driver/Inc/Legacy -I../../MCSDK_v6.3.2-Full/MotorControl/MCSDK/MCLib/Any/Inc -I../../Drivers/CMSIS/Device/ST/STM32F0xx/Include -I../../Drivers/CMSIS/Include -I../../Drivers/CMSIS/DSP/Include -Ofast -ffunction-sections -fdata-sections -Wall -fstack-usage -fcyclomatic-complexity -MMD -MP -MF"Application/User/mc_interface.d" -MT"Application/User/mc_interface.o" --specs=nano.specs -mfloat-abi=soft -mthumb -o "Application/User/mc_interface.o"
arm-none-eabi-gcc "C:/Users/tarak/OneDrive/Documents/ThunderBots/EVSPIN_OL_NEW_MOTOR/EVSPIN_OL_NEW_MOTOR/Src/mc_math.c" -mcpu=cortex-m0 -std=gnu11 -g3 -DDEBUG -DARM_MATH_CM0 -DUSE_HAL_DRIVER -DSTM32F031x6 -c -I../../Inc -I../../Drivers/STM32F0xx_HAL_Driver/Inc -I../../Drivers/STM32F0xx_HAL_Driver/Inc/Legacy -I../../MCSDK_v6.3.2-Full/MotorControl/MCSDK/MCLib/Any/Inc -I../../Drivers/CMSIS/Device/ST/STM32F0xx/Include -I../../Drivers/CMSIS/Include -I../../Drivers/CMSIS/DSP/Include -Ofast -ffunction-sections -fdata-sections -Wall -fstack-usage -fcyclomatic-complexity -MMD -MP -MF"Application/User/mc_math.d" -MT"Application/User/mc_math.o" --specs=nano.specs -mfloat-abi=soft -mthumb -o "Application/User/mc_math.o"
arm-none-eabi-gcc "C:/Users/tarak/OneDrive/Documents/ThunderBots/EVSPIN_OL_NEW_MOTOR/EVSPIN_OL_NEW_MOTOR/Src/mc_parameters.c" -mcpu=cortex-m0 -std=gnu11 -g3 -DDEBUG -DARM_MATH_CM0 -DUSE_HAL_DRIVER -DSTM32F031x6 -c -I../../Inc -I../../Drivers/STM32F0xx_HAL_Driver/Inc -I../../Drivers/STM32F0xx_HAL_Driver/Inc/Legacy -I../../MCSDK_v6.3.2-Full/MotorControl/MCSDK/MCLib/Any/Inc -I../../Drivers/CMSIS/Device/ST/STM32F0xx/Include -I../../Drivers/CMSIS/Include -I../../Drivers/CMSIS/DSP/Include -Ofast -ffunction-sections -fdata-sections -Wall -fstack-usage -fcyclomatic-complexity -MMD -MP -MF"Application/User/mc_parameters.d" -MT"Application/User/mc_parameters.o" --specs=nano.specs -mfloat-abi=soft -mthumb -o "Application/User/mc_parameters.o"
arm-none-eabi-gcc "C:/Users/tarak/OneDrive/Documents/ThunderBots/EVSPIN_OL_NEW_MOTOR/EVSPIN_OL_NEW_MOTOR/Src/mc_tasks.c" -mcpu=cortex-m0 -std=gnu11 -g3 -DDEBUG -DARM_MATH_CM0 -DUSE_HAL_DRIVER -DSTM32F031x6 -c -I../../Inc -I../../Drivers/STM32F0xx_HAL_Driver/Inc -I../../Drivers/STM32F0xx_HAL_Driver/Inc/Legacy -I../../MCSDK_v6.3.2-Full/MotorControl/MCSDK/MCLib/Any/Inc -I../../Drivers/CMSIS/Device/ST/STM32F0xx/Include -I../../Drivers/CMSIS/Include -I../../Drivers/CMSIS/DSP/Include -Ofast -ffunction-sections -fdata-sections -Wall -fstack-usage -fcyclomatic-complexity -MMD -MP -MF"Application/User/mc_tasks.d" -MT"Application/User/mc_tasks.o" --specs=nano.specs -mfloat-abi=soft -mthumb -o "Application/User/mc_tasks.o"
arm-none-eabi-gcc "C:/Users/tarak/OneDrive/Documents/ThunderBots/EVSPIN_OL_NEW_MOTOR/EVSPIN_OL_NEW_MOTOR/Src/mc_tasks_foc.c" -mcpu=cortex-m0 -std=gnu11 -g3 -DDEBUG -DARM_MATH_CM0 -DUSE_HAL_DRIVER -DSTM32F031x6 -c -I../../Inc -I../../Drivers/STM32F0xx_HAL_Driver/Inc -I../../Drivers/STM32F0xx_HAL_Driver/Inc/Legacy -I../../MCSDK_v6.3.2-Full/MotorControl/MCSDK/MCLib/Any/Inc -I../../Drivers/CMSIS/Device/ST/STM32F0xx/Include -I../../Drivers/CMSIS/Include -I../../Drivers/CMSIS/DSP/Include -Ofast -ffunction-sections -fdata-sections -Wall -fstack-usage -fcyclomatic-complexity -MMD -MP -MF"Application/User/mc_tasks_foc.d" -MT"Application/User/mc_tasks_foc.o" --specs=nano.specs -mfloat-abi=soft -mthumb -o "Application/User/mc_tasks_foc.o"
arm-none-eabi-gcc "C:/Users/tarak/OneDrive/Documents/ThunderBots/EVSPIN_OL_NEW_MOTOR/EVSPIN_OL_NEW_MOTOR/Src/mcp.c" -mcpu=cortex-m0 -std=gnu11 -g3 -DDEBUG -DARM_MATH_CM0 -DUSE_HAL_DRIVER -DSTM32F031x6 -c -I../../Inc -I../../Drivers/STM32F0xx_HAL_Driver/Inc -I../../Drivers/STM32F0xx_HAL_Driver/Inc/Legacy -I../../MCSDK_v6.3.2-Full/MotorControl/MCSDK/MCLib/Any/Inc -I../../Drivers/CMSIS/Device/ST/STM32F0xx/Include -I../../Drivers/CMSIS/Include -I../../Drivers/CMSIS/DSP/Include -Ofast -ffunction-sections -fdata-sections -Wall -fstack-usage -fcyclomatic-complexity -MMD -MP -MF"Application/User/mcp.d" -MT"Application/User/mcp.o" --specs=nano.specs -mfloat-abi=soft -mthumb -o "Application/User/mcp.o"
arm-none-eabi-gcc "C:/Users/tarak/OneDrive/Documents/ThunderBots/EVSPIN_OL_NEW_MOTOR/EVSPIN_OL_NEW_MOTOR/Src/mcp_config.c" -mcpu=cortex-m0 -std=gnu11 -g3 -DDEBUG -DARM_MATH_CM0 -DUSE_HAL_DRIVER -DSTM32F031x6 -c -I../../Inc -I../../Drivers/STM32F0xx_HAL_Driver/Inc -I../../Drivers/STM32F0xx_HAL_Driver/Inc/Legacy -I../../MCSDK_v6.3.2-Full/MotorControl/MCSDK/MCLib/Any/Inc -I../../Drivers/CMSIS/Device/ST/STM32F0xx/Include -I../../Drivers/CMSIS/Include -I../../Drivers/CMSIS/DSP/Include -Ofast -ffunction-sections -fdata-sections -Wall -fstack-usage -fcyclomatic-complexity -MMD -MP -MF"Application/User/mcp_config.d" -MT"Application/User/mcp_config.o" --specs=nano.specs -mfloat-abi=soft -mthumb -o "Application/User/mcp_config.o"
arm-none-eabi-gcc "C:/Users/tarak/OneDrive/Documents/ThunderBots/EVSPIN_OL_NEW_MOTOR/EVSPIN_OL_NEW_MOTOR/Src/motorcontrol.c" -mcpu=cortex-m0 -std=gnu11 -g3 -DDEBUG -DARM_MATH_CM0 -DUSE_HAL_DRIVER -DSTM32F031x6 -c -I../../Inc -I../../Drivers/STM32F0xx_HAL_Driver/Inc -I../../Drivers/STM32F0xx_HAL_Driver/Inc/Legacy -I../../MCSDK_v6.3.2-Full/MotorControl/MCSDK/MCLib/Any/Inc -I../../Drivers/CMSIS/Device/ST/STM32F0xx/Include -I../../Drivers/CMSIS/Include -I../../Drivers/CMSIS/DSP/Include -Ofast -ffunction-sections -fdata-sections -Wall -fstack-usage -fcyclomatic-complexity -MMD -MP -MF"Application/User/motorcontrol.d" -MT"Application/User/motorcontrol.o" --specs=nano.specs -mfloat-abi=soft -mthumb -o "Application/User/motorcontrol.o"
arm-none-eabi-gcc "C:/Users/tarak/OneDrive/Documents/ThunderBots/EVSPIN_OL_NEW_MOTOR/EVSPIN_OL_NEW_MOTOR/Src/pwm_common.c" -mcpu=cortex-m0 -std=gnu11 -g3 -DDEBUG -DARM_MATH_CM0 -DUSE_HAL_DRIVER -DSTM32F031x6 -c -I../../Inc -I../../Drivers/STM32F0xx_HAL_Driver/Inc -I../../Drivers/STM32F0xx_HAL_Driver/Inc/Legacy -I../../MCSDK_v6.3.2-Full/MotorControl/MCSDK/MCLib/Any/Inc -I../../Drivers/CMSIS/Device/ST/STM32F0xx/Include -I../../Drivers/CMSIS/Include -I../../Drivers/CMSIS/DSP/Include -Ofast -ffunction-sections -fdata-sections -Wall -fstack-usage -fcyclomatic-complexity -MMD -MP -MF"Application/User/pwm_common.d" -MT"Application/User/pwm_common.o" --specs=nano.specs -mfloat-abi=soft -mthumb -o "Application/User/pwm_common.o"
arm-none-eabi-gcc "C:/Users/tarak/OneDrive/Documents/ThunderBots/EVSPIN_OL_NEW_MOTOR/EVSPIN_OL_NEW_MOTOR/Src/pwm_curr_fdbk.c" -mcpu=cortex-m0 -std=gnu11 -g3 -DDEBUG -DARM_MATH_CM0 -DUSE_HAL_DRIVER -DSTM32F031x6 -c -I../../Inc -I../../Drivers/STM32F0xx_HAL_Driver/Inc -I../../Drivers/STM32F0xx_HAL_Driver/Inc/Legacy -I../../MCSDK_v6.3.2-Full/MotorControl/MCSDK/MCLib/Any/Inc -I../../Drivers/CMSIS/Device/ST/STM32F0xx/Include -I../../Drivers/CMSIS/Include -I../../Drivers/CMSIS/DSP/Include -Ofast -ffunction-sections -fdata-sections -Wall -fstack-usage -fcyclomatic-complexity -MMD -MP -MF"Application/User/pwm_curr_fdbk.d" -MT"Application/User/pwm_curr_fdbk.o" --specs=nano.specs -mfloat-abi=soft -mthumb -o "Application/User/pwm_curr_fdbk.o"
arm-none-eabi-gcc "C:/Users/tarak/OneDrive/Documents/ThunderBots/EVSPIN_OL_NEW_MOTOR/EVSPIN_OL_NEW_MOTOR/Src/r1_ps_pwm_curr_fdbk.c" -mcpu=cortex-m0 -std=gnu11 -g3 -DDEBUG -DARM_MATH_CM0 -DUSE_HAL_DRIVER -DSTM32F031x6 -c -I../../Inc -I../../Drivers/STM32F0xx_HAL_Driver/Inc -I../../Drivers/STM32F0xx_HAL_Driver/Inc/Legacy -I../../MCSDK_v6.3.2-Full/MotorControl/MCSDK/MCLib/Any/Inc -I../../Drivers/CMSIS/Device/ST/STM32F0xx/Include -I../../Drivers/CMSIS/Include -I../../Drivers/CMSIS/DSP/Include -Ofast -ffunction-sections -fdata-sections -Wall -fstack-usage -fcyclomatic-complexity -MMD -MP -MF"Application/User/r1_ps_pwm_curr_fdbk.d" -MT"Application/User/r1_ps_pwm_curr_fdbk.o" --specs=nano.specs -mfloat-abi=soft -mthumb -o "Application/User/r1_ps_pwm_curr_fdbk.o"
arm-none-eabi-gcc "C:/Users/tarak/OneDrive/Documents/ThunderBots/EVSPIN_OL_NEW_MOTOR/EVSPIN_OL_NEW_MOTOR/Src/register_interface.c" -mcpu=cortex-m0 -std=gnu11 -g3 -DDEBUG -DARM_MATH_CM0 -DUSE_HAL_DRIVER -DSTM32F031x6 -c -I../../Inc -I../../Drivers/STM32F0xx_HAL_Driver/Inc -I../../Drivers/STM32F0xx_HAL_Driver/Inc/Legacy -I../../MCSDK_v6.3.2-Full/MotorControl/MCSDK/MCLib/Any/Inc -I../../Drivers/CMSIS/Device/ST/STM32F0xx/Include -I../../Drivers/CMSIS/Include -I../../Drivers/CMSIS/DSP/Include -Ofast -ffunction-sections -fdata-sections -Wall -fstack-usage -fcyclomatic-complexity -MMD -MP -MF"Application/User/register_interface.d" -MT"Application/User/register_interface.o" --specs=nano.specs -mfloat-abi=soft -mthumb -o "Application/User/register_interface.o"
arm-none-eabi-gcc "C:/Users/tarak/OneDrive/Documents/ThunderBots/EVSPIN_OL_NEW_MOTOR/EVSPIN_OL_NEW_MOTOR/Src/regular_conversion_manager.c" -mcpu=cortex-m0 -std=gnu11 -g3 -DDEBUG -DARM_MATH_CM0 -DUSE_HAL_DRIVER -DSTM32F031x6 -c -I../../Inc -I../../Drivers/STM32F0xx_HAL_Driver/Inc -I../../Drivers/STM32F0xx_HAL_Driver/Inc/Legacy -I../../MCSDK_v6.3.2-Full/MotorControl/MCSDK/MCLib/Any/Inc -I../../Drivers/CMSIS/Device/ST/STM32F0xx/Include -I../../Drivers/CMSIS/Include -I../../Drivers/CMSIS/DSP/Include -Ofast -ffunction-sections -fdata-sections -Wall -fstack-usage -fcyclomatic-complexity -MMD -MP -MF"Application/User/regular_conversion_manager.d" -MT"Application/User/regular_conversion_manager.o" --specs=nano.specs -mfloat-abi=soft -mthumb -o "Application/User/regular_conversion_manager.o"
arm-none-eabi-gcc "C:/Users/tarak/OneDrive/Documents/ThunderBots/EVSPIN_OL_NEW_MOTOR/EVSPIN_OL_NEW_MOTOR/Src/stm32_mc_common_it.c" -mcpu=cortex-m0 -std=gnu11 -g3 -DDEBUG -DARM_MATH_CM0 -DUSE_HAL_DRIVER -DSTM32F031x6 -c -I../../Inc -I../../Drivers/STM32F0xx_HAL_Driver/Inc -I../../Drivers/STM32F0xx_HAL_Driver/Inc/Legacy -I../../MCSDK_v6.3.2-Full/MotorControl/MCSDK/MCLib/Any/Inc -I../../Drivers/CMSIS/Device/ST/STM32F0xx/Include -I../../Drivers/CMSIS/Include -I../../Drivers/CMSIS/DSP/Include -Ofast -ffunction-sections -fdata-sections -Wall -fstack-usage -fcyclomatic-complexity -MMD -MP -MF"Application/User/stm32_mc_common_it.d" -MT"Application/User/stm32_mc_common_it.o" --specs=nano.specs -mfloat-abi=soft -mthumb -o "Application/User/stm32_mc_common_it.o"
arm-none-eabi-gcc "C:/Users/tarak/OneDrive/Documents/ThunderBots/EVSPIN_OL_NEW_MOTOR/EVSPIN_OL_NEW_MOTOR/Src/stm32f0xx_hal_msp.c" -mcpu=cortex-m0 -std=gnu11 -g3 -DDEBUG -DARM_MATH_CM0 -DUSE_HAL_DRIVER -DSTM32F031x6 -c -I../../Inc -I../../Drivers/STM32F0xx_HAL_Driver/Inc -I../../Drivers/STM32F0xx_HAL_Driver/Inc/Legacy -I../../MCSDK_v6.3.2-Full/MotorControl/MCSDK/MCLib/Any/Inc -I../../Drivers/CMSIS/Device/ST/STM32F0xx/Include -I../../Drivers/CMSIS/Include -I../../Drivers/CMSIS/DSP/Include -Ofast -ffunction-sections -fdata-sections -Wall -fstack-usage -fcyclomatic-complexity -MMD -MP -MF"Application/User/stm32f0xx_hal_msp.d" -MT"Application/User/stm32f0xx_hal_msp.o" --specs=nano.specs -mfloat-abi=soft -mthumb -o "Application/User/stm32f0xx_hal_msp.o"
arm-none-eabi-gcc "C:/Users/tarak/OneDrive/Documents/ThunderBots/EVSPIN_OL_NEW_MOTOR/EVSPIN_OL_NEW_MOTOR/Src/stm32f0xx_it.c" -mcpu=cortex-m0 -std=gnu11 -g3 -DDEBUG -DARM_MATH_CM0 -DUSE_HAL_DRIVER -DSTM32F031x6 -c -I../../Inc -I../../Drivers/STM32F0xx_HAL_Driver/Inc -I../../Drivers/STM32F0xx_HAL_Driver/Inc/Legacy -I../../MCSDK_v6.3.2-Full/MotorControl/MCSDK/MCLib/Any/Inc -I../../Drivers/CMSIS/Device/ST/STM32F0xx/Include -I../../Drivers/CMSIS/Include -I../../Drivers/CMSIS/DSP/Include -Ofast -ffunction-sections -fdata-sections -Wall -fstack-usage -fcyclomatic-complexity -MMD -MP -MF"Application/User/stm32f0xx_it.d" -MT"Application/User/stm32f0xx_it.o" --specs=nano.specs -mfloat-abi=soft -mthumb -o "Application/User/stm32f0xx_it.o"
arm-none-eabi-gcc "C:/Users/tarak/OneDrive/Documents/ThunderBots/EVSPIN_OL_NEW_MOTOR/EVSPIN_OL_NEW_MOTOR/Src/stm32f0xx_mc_it.c" -mcpu=cortex-m0 -std=gnu11 -g3 -DDEBUG -DARM_MATH_CM0 -DUSE_HAL_DRIVER -DSTM32F031x6 -c -I../../Inc -I../../Drivers/STM32F0xx_HAL_Driver/Inc -I../../Drivers/STM32F0xx_HAL_Driver/Inc/Legacy -I../../MCSDK_v6.3.2-Full/MotorControl/MCSDK/MCLib/Any/Inc -I../../Drivers/CMSIS/Device/ST/STM32F0xx/Include -I../../Drivers/CMSIS/Include -I../../Drivers/CMSIS/DSP/Include -Ofast -ffunction-sections -fdata-sections -Wall -fstack-usage -fcyclomatic-complexity -MMD -MP -MF"Application/User/stm32f0xx_mc_it.d" -MT"Application/User/stm32f0xx_mc_it.o" --specs=nano.specs -mfloat-abi=soft -mthumb -o "Application/User/stm32f0xx_mc_it.o"
arm-none-eabi-gcc "../Application/User/syscalls.c" -mcpu=cortex-m0 -std=gnu11 -g3 -DDEBUG -DARM_MATH_CM0 -DUSE_HAL_DRIVER -DSTM32F031x6 -c -I../../Inc -I../../Drivers/STM32F0xx_HAL_Driver/Inc -I../../Drivers/STM32F0xx_HAL_Driver/Inc/Legacy -I../../MCSDK_v6.3.2-Full/MotorControl/MCSDK/MCLib/Any/Inc -I../../Drivers/CMSIS/Device/ST/STM32F0xx/Include -I../../Drivers/CMSIS/Include -I../../Drivers/CMSIS/DSP/Include -Ofast -ffunction-sections -fdata-sections -Wall -fstack-usage -fcyclomatic-complexity -MMD -MP -MF"Application/User/syscalls.d" -MT"Application/User/syscalls.o" --specs=nano.specs -mfloat-abi=soft -mthumb -o "Application/User/syscalls.o"
arm-none-eabi-gcc "../Application/User/sysmem.c" -mcpu=cortex-m0 -std=gnu11 -g3 -DDEBUG -DARM_MATH_CM0 -DUSE_HAL_DRIVER -DSTM32F031x6 -c -I../../Inc -I../../Drivers/STM32F0xx_HAL_Driver/Inc -I../../Drivers/STM32F0xx_HAL_Driver/Inc/Legacy -I../../MCSDK_v6.3.2-Full/MotorControl/MCSDK/MCLib/Any/Inc -I../../Drivers/CMSIS/Device/ST/STM32F0xx/Include -I../../Drivers/CMSIS/Include -I../../Drivers/CMSIS/DSP/Include -Ofast -ffunction-sections -fdata-sections -Wall -fstack-usage -fcyclomatic-complexity -MMD -MP -MF"Application/User/sysmem.d" -MT"Application/User/sysmem.o" --specs=nano.specs -mfloat-abi=soft -mthumb -o "Application/User/sysmem.o"
arm-none-eabi-gcc "C:/Users/tarak/OneDrive/Documents/ThunderBots/EVSPIN_OL_NEW_MOTOR/EVSPIN_OL_NEW_MOTOR/Src/usart_aspep_driver.c" -mcpu=cortex-m0 -std=gnu11 -g3 -DDEBUG -DARM_MATH_CM0 -DUSE_HAL_DRIVER -DSTM32F031x6 -c -I../../Inc -I../../Drivers/STM32F0xx_HAL_Driver/Inc -I../../Drivers/STM32F0xx_HAL_Driver/Inc/Legacy -I../../MCSDK_v6.3.2-Full/MotorControl/MCSDK/MCLib/Any/Inc -I../../Drivers/CMSIS/Device/ST/STM32F0xx/Include -I../../Drivers/CMSIS/Include -I../../Drivers/CMSIS/DSP/Include -Ofast -ffunction-sections -fdata-sections -Wall -fstack-usage -fcyclomatic-complexity -MMD -MP -MF"Application/User/usart_aspep_driver.d" -MT"Application/User/usart_aspep_driver.o" --specs=nano.specs -mfloat-abi=soft -mthumb -o "Application/User/usart_aspep_driver.o"
arm-none-eabi-gcc -o "EVSPIN_OL_NEW_MOTOR.elf" @"objects.list"   -mcpu=cortex-m0 -T"C:\Users\tarak\OneDrive\Documents\ThunderBots\EVSPIN_OL_NEW_MOTOR\EVSPIN_OL_NEW_MOTOR\STM32CubeIDE\STM32F031C6TX_FLASH.ld" --specs=nosys.specs -Wl,-Map="EVSPIN_OL_NEW_MOTOR.map" -Wl,--gc-sections -static --specs=nano.specs -mfloat-abi=soft -mthumb -Wl,--start-group -lc -lm -Wl,--end-group
C:/ST/STM32CubeIDE_1.13.2/STM32CubeIDE/plugins/com.st.stm32cube.ide.mcu.externaltools.gnu-tools-for-stm32.11.3.rel1.win32_1.1.1.202309131626/tools/bin/../lib/gcc/arm-none-eabi/11.3.1/../../../../arm-none-eabi/bin/ld.exe: EVSPIN_OL_NEW_MOTOR.elf section `.rodata' will not fit in region `FLASH'
C:/ST/STM32CubeIDE_1.13.2/STM32CubeIDE/plugins/com.st.stm32cube.ide.mcu.externaltools.gnu-tools-for-stm32.11.3.rel1.win32_1.1.1.202309131626/tools/bin/../lib/gcc/arm-none-eabi/11.3.1/../../../../arm-none-eabi/bin/ld.exe: region `FLASH' overflowed by 3660 bytes
collect2.exe: error: ld returned 1 exit status
make: *** [makefile:66: EVSPIN_OL_NEW_MOTOR.elf] Error 1
"make -j8 all" terminated with exit code 2. Build might be incomplete.
16:31:37 **** Incremental Build of configuration Debug for project EVSPIN_OL_NEW_MOTOR ****
make -j8 all 
arm-none-eabi-gcc "C:/Users/tarak/OneDrive/Documents/ThunderBots/EVSPIN_OL_NEW_MOTOR/EVSPIN_OL_NEW_MOTOR/MCSDK_v6.3.2-Full/MotorControl/MCSDK/MCLib/Any/Src/bus_voltage_sensor.c" -mcpu=cortex-m0 -std=gnu11 -g3 -DDEBUG -DARM_MATH_CM0 -DUSE_HAL_DRIVER -DSTM32F031x6 -c -I../../Inc -I../../Drivers/STM32F0xx_HAL_Driver/Inc -I../../Drivers/STM32F0xx_HAL_Driver/Inc/Legacy -I../../MCSDK_v6.3.2-Full/MotorControl/MCSDK/MCLib/Any/Inc -I../../Drivers/CMSIS/Device/ST/STM32F0xx/Include -I../../Drivers/CMSIS/Include -I../../Drivers/CMSIS/DSP/Include -Os -ffunction-sections -fdata-sections -Wall -fstack-usage -fcyclomatic-complexity -MMD -MP -MF"Middlewares/MotorControl/bus_voltage_sensor.d" -MT"Middlewares/MotorControl/bus_voltage_sensor.o" --specs=nano.specs -mfloat-abi=soft -mthumb -o "Middlewares/MotorControl/bus_voltage_sensor.o"
arm-none-eabi-gcc "C:/Users/tarak/OneDrive/Documents/ThunderBots/EVSPIN_OL_NEW_MOTOR/EVSPIN_OL_NEW_MOTOR/MCSDK_v6.3.2-Full/MotorControl/MCSDK/MCLib/Any/Src/circle_limitation.c" -mcpu=cortex-m0 -std=gnu11 -g3 -DDEBUG -DARM_MATH_CM0 -DUSE_HAL_DRIVER -DSTM32F031x6 -c -I../../Inc -I../../Drivers/STM32F0xx_HAL_Driver/Inc -I../../Drivers/STM32F0xx_HAL_Driver/Inc/Legacy -I../../MCSDK_v6.3.2-Full/MotorControl/MCSDK/MCLib/Any/Inc -I../../Drivers/CMSIS/Device/ST/STM32F0xx/Include -I../../Drivers/CMSIS/Include -I../../Drivers/CMSIS/DSP/Include -Os -ffunction-sections -fdata-sections -Wall -fstack-usage -fcyclomatic-complexity -MMD -MP -MF"Middlewares/MotorControl/circle_limitation.d" -MT"Middlewares/MotorControl/circle_limitation.o" --specs=nano.specs -mfloat-abi=soft -mthumb -o "Middlewares/MotorControl/circle_limitation.o"
arm-none-eabi-gcc "C:/Users/tarak/OneDrive/Documents/ThunderBots/EVSPIN_OL_NEW_MOTOR/EVSPIN_OL_NEW_MOTOR/MCSDK_v6.3.2-Full/MotorControl/MCSDK/MCLib/Any/Src/digital_output.c" -mcpu=cortex-m0 -std=gnu11 -g3 -DDEBUG -DARM_MATH_CM0 -DUSE_HAL_DRIVER -DSTM32F031x6 -c -I../../Inc -I../../Drivers/STM32F0xx_HAL_Driver/Inc -I../../Drivers/STM32F0xx_HAL_Driver/Inc/Legacy -I../../MCSDK_v6.3.2-Full/MotorControl/MCSDK/MCLib/Any/Inc -I../../Drivers/CMSIS/Device/ST/STM32F0xx/Include -I../../Drivers/CMSIS/Include -I../../Drivers/CMSIS/DSP/Include -Os -ffunction-sections -fdata-sections -Wall -fstack-usage -fcyclomatic-complexity -MMD -MP -MF"Middlewares/MotorControl/digital_output.d" -MT"Middlewares/MotorControl/digital_output.o" --specs=nano.specs -mfloat-abi=soft -mthumb -o "Middlewares/MotorControl/digital_output.o"
arm-none-eabi-gcc "C:/Users/tarak/OneDrive/Documents/ThunderBots/EVSPIN_OL_NEW_MOTOR/EVSPIN_OL_NEW_MOTOR/MCSDK_v6.3.2-Full/MotorControl/MCSDK/MCLib/Any/Src/ntc_temperature_sensor.c" -mcpu=cortex-m0 -std=gnu11 -g3 -DDEBUG -DARM_MATH_CM0 -DUSE_HAL_DRIVER -DSTM32F031x6 -c -I../../Inc -I../../Drivers/STM32F0xx_HAL_Driver/Inc -I../../Drivers/STM32F0xx_HAL_Driver/Inc/Legacy -I../../MCSDK_v6.3.2-Full/MotorControl/MCSDK/MCLib/Any/Inc -I../../Drivers/CMSIS/Device/ST/STM32F0xx/Include -I../../Drivers/CMSIS/Include -I../../Drivers/CMSIS/DSP/Include -Os -ffunction-sections -fdata-sections -Wall -fstack-usage -fcyclomatic-complexity -MMD -MP -MF"Middlewares/MotorControl/ntc_temperature_sensor.d" -MT"Middlewares/MotorControl/ntc_temperature_sensor.o" --specs=nano.specs -mfloat-abi=soft -mthumb -o "Middlewares/MotorControl/ntc_temperature_sensor.o"
arm-none-eabi-gcc "C:/Users/tarak/OneDrive/Documents/ThunderBots/EVSPIN_OL_NEW_MOTOR/EVSPIN_OL_NEW_MOTOR/MCSDK_v6.3.2-Full/MotorControl/MCSDK/MCLib/Any/Src/open_loop.c" -mcpu=cortex-m0 -std=gnu11 -g3 -DDEBUG -DARM_MATH_CM0 -DUSE_HAL_DRIVER -DSTM32F031x6 -c -I../../Inc -I../../Drivers/STM32F0xx_HAL_Driver/Inc -I../../Drivers/STM32F0xx_HAL_Driver/Inc/Legacy -I../../MCSDK_v6.3.2-Full/MotorControl/MCSDK/MCLib/Any/Inc -I../../Drivers/CMSIS/Device/ST/STM32F0xx/Include -I../../Drivers/CMSIS/Include -I../../Drivers/CMSIS/DSP/Include -Os -ffunction-sections -fdata-sections -Wall -fstack-usage -fcyclomatic-complexity -MMD -MP -MF"Middlewares/MotorControl/open_loop.d" -MT"Middlewares/MotorControl/open_loop.o" --specs=nano.specs -mfloat-abi=soft -mthumb -o "Middlewares/MotorControl/open_loop.o"
arm-none-eabi-gcc "C:/Users/tarak/OneDrive/Documents/ThunderBots/EVSPIN_OL_NEW_MOTOR/EVSPIN_OL_NEW_MOTOR/MCSDK_v6.3.2-Full/MotorControl/MCSDK/MCLib/Any/Src/pid_regulator.c" -mcpu=cortex-m0 -std=gnu11 -g3 -DDEBUG -DARM_MATH_CM0 -DUSE_HAL_DRIVER -DSTM32F031x6 -c -I../../Inc -I../../Drivers/STM32F0xx_HAL_Driver/Inc -I../../Drivers/STM32F0xx_HAL_Driver/Inc/Legacy -I../../MCSDK_v6.3.2-Full/MotorControl/MCSDK/MCLib/Any/Inc -I../../Drivers/CMSIS/Device/ST/STM32F0xx/Include -I../../Drivers/CMSIS/Include -I../../Drivers/CMSIS/DSP/Include -Os -ffunction-sections -fdata-sections -Wall -fstack-usage -fcyclomatic-complexity -MMD -MP -MF"Middlewares/MotorControl/pid_regulator.d" -MT"Middlewares/MotorControl/pid_regulator.o" --specs=nano.specs -mfloat-abi=soft -mthumb -o "Middlewares/MotorControl/pid_regulator.o"
arm-none-eabi-gcc "C:/Users/tarak/OneDrive/Documents/ThunderBots/EVSPIN_OL_NEW_MOTOR/EVSPIN_OL_NEW_MOTOR/MCSDK_v6.3.2-Full/MotorControl/MCSDK/MCLib/Any/Src/pqd_motor_power_measurement.c" -mcpu=cortex-m0 -std=gnu11 -g3 -DDEBUG -DARM_MATH_CM0 -DUSE_HAL_DRIVER -DSTM32F031x6 -c -I../../Inc -I../../Drivers/STM32F0xx_HAL_Driver/Inc -I../../Drivers/STM32F0xx_HAL_Driver/Inc/Legacy -I../../MCSDK_v6.3.2-Full/MotorControl/MCSDK/MCLib/Any/Inc -I../../Drivers/CMSIS/Device/ST/STM32F0xx/Include -I../../Drivers/CMSIS/Include -I../../Drivers/CMSIS/DSP/Include -Os -ffunction-sections -fdata-sections -Wall -fstack-usage -fcyclomatic-complexity -MMD -MP -MF"Middlewares/MotorControl/pqd_motor_power_measurement.d" -MT"Middlewares/MotorControl/pqd_motor_power_measurement.o" --specs=nano.specs -mfloat-abi=soft -mthumb -o "Middlewares/MotorControl/pqd_motor_power_measurement.o"
arm-none-eabi-gcc "C:/Users/tarak/OneDrive/Documents/ThunderBots/EVSPIN_OL_NEW_MOTOR/EVSPIN_OL_NEW_MOTOR/MCSDK_v6.3.2-Full/MotorControl/MCSDK/MCLib/Any/Src/r_divider_bus_voltage_sensor.c" -mcpu=cortex-m0 -std=gnu11 -g3 -DDEBUG -DARM_MATH_CM0 -DUSE_HAL_DRIVER -DSTM32F031x6 -c -I../../Inc -I../../Drivers/STM32F0xx_HAL_Driver/Inc -I../../Drivers/STM32F0xx_HAL_Driver/Inc/Legacy -I../../MCSDK_v6.3.2-Full/MotorControl/MCSDK/MCLib/Any/Inc -I../../Drivers/CMSIS/Device/ST/STM32F0xx/Include -I../../Drivers/CMSIS/Include -I../../Drivers/CMSIS/DSP/Include -Os -ffunction-sections -fdata-sections -Wall -fstack-usage -fcyclomatic-complexity -MMD -MP -MF"Middlewares/MotorControl/r_divider_bus_voltage_sensor.d" -MT"Middlewares/MotorControl/r_divider_bus_voltage_sensor.o" --specs=nano.specs -mfloat-abi=soft -mthumb -o "Middlewares/MotorControl/r_divider_bus_voltage_sensor.o"
arm-none-eabi-gcc "C:/Users/tarak/OneDrive/Documents/ThunderBots/EVSPIN_OL_NEW_MOTOR/EVSPIN_OL_NEW_MOTOR/MCSDK_v6.3.2-Full/MotorControl/MCSDK/MCLib/Any/Src/ramp_ext_mngr.c" -mcpu=cortex-m0 -std=gnu11 -g3 -DDEBUG -DARM_MATH_CM0 -DUSE_HAL_DRIVER -DSTM32F031x6 -c -I../../Inc -I../../Drivers/STM32F0xx_HAL_Driver/Inc -I../../Drivers/STM32F0xx_HAL_Driver/Inc/Legacy -I../../MCSDK_v6.3.2-Full/MotorControl/MCSDK/MCLib/Any/Inc -I../../Drivers/CMSIS/Device/ST/STM32F0xx/Include -I../../Drivers/CMSIS/Include -I../../Drivers/CMSIS/DSP/Include -Os -ffunction-sections -fdata-sections -Wall -fstack-usage -fcyclomatic-complexity -MMD -MP -MF"Middlewares/MotorControl/ramp_ext_mngr.d" -MT"Middlewares/MotorControl/ramp_ext_mngr.o" --specs=nano.specs -mfloat-abi=soft -mthumb -o "Middlewares/MotorControl/ramp_ext_mngr.o"
arm-none-eabi-gcc "C:/Users/tarak/OneDrive/Documents/ThunderBots/EVSPIN_OL_NEW_MOTOR/EVSPIN_OL_NEW_MOTOR/MCSDK_v6.3.2-Full/MotorControl/MCSDK/MCLib/Any/Src/revup_ctrl.c" -mcpu=cortex-m0 -std=gnu11 -g3 -DDEBUG -DARM_MATH_CM0 -DUSE_HAL_DRIVER -DSTM32F031x6 -c -I../../Inc -I../../Drivers/STM32F0xx_HAL_Driver/Inc -I../../Drivers/STM32F0xx_HAL_Driver/Inc/Legacy -I../../MCSDK_v6.3.2-Full/MotorControl/MCSDK/MCLib/Any/Inc -I../../Drivers/CMSIS/Device/ST/STM32F0xx/Include -I../../Drivers/CMSIS/Include -I../../Drivers/CMSIS/DSP/Include -Os -ffunction-sections -fdata-sections -Wall -fstack-usage -fcyclomatic-complexity -MMD -MP -MF"Middlewares/MotorControl/revup_ctrl.d" -MT"Middlewares/MotorControl/revup_ctrl.o" --specs=nano.specs -mfloat-abi=soft -mthumb -o "Middlewares/MotorControl/revup_ctrl.o"
arm-none-eabi-gcc "C:/Users/tarak/OneDrive/Documents/ThunderBots/EVSPIN_OL_NEW_MOTOR/EVSPIN_OL_NEW_MOTOR/MCSDK_v6.3.2-Full/MotorControl/MCSDK/MCLib/Any/Src/speed_pos_fdbk.c" -mcpu=cortex-m0 -std=gnu11 -g3 -DDEBUG -DARM_MATH_CM0 -DUSE_HAL_DRIVER -DSTM32F031x6 -c -I../../Inc -I../../Drivers/STM32F0xx_HAL_Driver/Inc -I../../Drivers/STM32F0xx_HAL_Driver/Inc/Legacy -I../../MCSDK_v6.3.2-Full/MotorControl/MCSDK/MCLib/Any/Inc -I../../Drivers/CMSIS/Device/ST/STM32F0xx/Include -I../../Drivers/CMSIS/Include -I../../Drivers/CMSIS/DSP/Include -Os -ffunction-sections -fdata-sections -Wall -fstack-usage -fcyclomatic-complexity -MMD -MP -MF"Middlewares/MotorControl/speed_pos_fdbk.d" -MT"Middlewares/MotorControl/speed_pos_fdbk.o" --specs=nano.specs -mfloat-abi=soft -mthumb -o "Middlewares/MotorControl/speed_pos_fdbk.o"
arm-none-eabi-gcc "C:/Users/tarak/OneDrive/Documents/ThunderBots/EVSPIN_OL_NEW_MOTOR/EVSPIN_OL_NEW_MOTOR/MCSDK_v6.3.2-Full/MotorControl/MCSDK/MCLib/Any/Src/speed_torq_ctrl.c" -mcpu=cortex-m0 -std=gnu11 -g3 -DDEBUG -DARM_MATH_CM0 -DUSE_HAL_DRIVER -DSTM32F031x6 -c -I../../Inc -I../../Drivers/STM32F0xx_HAL_Driver/Inc -I../../Drivers/STM32F0xx_HAL_Driver/Inc/Legacy -I../../MCSDK_v6.3.2-Full/MotorControl/MCSDK/MCLib/Any/Inc -I../../Drivers/CMSIS/Device/ST/STM32F0xx/Include -I../../Drivers/CMSIS/Include -I../../Drivers/CMSIS/DSP/Include -Os -ffunction-sections -fdata-sections -Wall -fstack-usage -fcyclomatic-complexity -MMD -MP -MF"Middlewares/MotorControl/speed_torq_ctrl.d" -MT"Middlewares/MotorControl/speed_torq_ctrl.o" --specs=nano.specs -mfloat-abi=soft -mthumb -o "Middlewares/MotorControl/speed_torq_ctrl.o"
arm-none-eabi-gcc "C:/Users/tarak/OneDrive/Documents/ThunderBots/EVSPIN_OL_NEW_MOTOR/EVSPIN_OL_NEW_MOTOR/MCSDK_v6.3.2-Full/MotorControl/MCSDK/MCLib/Any/Src/virtual_speed_sensor.c" -mcpu=cortex-m0 -std=gnu11 -g3 -DDEBUG -DARM_MATH_CM0 -DUSE_HAL_DRIVER -DSTM32F031x6 -c -I../../Inc -I../../Drivers/STM32F0xx_HAL_Driver/Inc -I../../Drivers/STM32F0xx_HAL_Driver/Inc/Legacy -I../../MCSDK_v6.3.2-Full/MotorControl/MCSDK/MCLib/Any/Inc -I../../Drivers/CMSIS/Device/ST/STM32F0xx/Include -I../../Drivers/CMSIS/Include -I../../Drivers/CMSIS/DSP/Include -Os -ffunction-sections -fdata-sections -Wall -fstack-usage -fcyclomatic-complexity -MMD -MP -MF"Middlewares/MotorControl/virtual_speed_sensor.d" -MT"Middlewares/MotorControl/virtual_speed_sensor.o" --specs=nano.specs -mfloat-abi=soft -mthumb -o "Middlewares/MotorControl/virtual_speed_sensor.o"
arm-none-eabi-gcc "C:/Users/tarak/OneDrive/Documents/ThunderBots/EVSPIN_OL_NEW_MOTOR/EVSPIN_OL_NEW_MOTOR/Drivers/STM32F0xx_HAL_Driver/Src/stm32f0xx_hal.c" -mcpu=cortex-m0 -std=gnu11 -g3 -DDEBUG -DARM_MATH_CM0 -DUSE_HAL_DRIVER -DSTM32F031x6 -c -I../../Inc -I../../Drivers/STM32F0xx_HAL_Driver/Inc -I../../Drivers/STM32F0xx_HAL_Driver/Inc/Legacy -I../../MCSDK_v6.3.2-Full/MotorControl/MCSDK/MCLib/Any/Inc -I../../Drivers/CMSIS/Device/ST/STM32F0xx/Include -I../../Drivers/CMSIS/Include -I../../Drivers/CMSIS/DSP/Include -Os -ffunction-sections -fdata-sections -Wall -fstack-usage -fcyclomatic-complexity -MMD -MP -MF"Drivers/STM32F0xx_HAL_Driver/stm32f0xx_hal.d" -MT"Drivers/STM32F0xx_HAL_Driver/stm32f0xx_hal.o" --specs=nano.specs -mfloat-abi=soft -mthumb -o "Drivers/STM32F0xx_HAL_Driver/stm32f0xx_hal.o"
arm-none-eabi-gcc "C:/Users/tarak/OneDrive/Documents/ThunderBots/EVSPIN_OL_NEW_MOTOR/EVSPIN_OL_NEW_MOTOR/Drivers/STM32F0xx_HAL_Driver/Src/stm32f0xx_hal_adc.c" -mcpu=cortex-m0 -std=gnu11 -g3 -DDEBUG -DARM_MATH_CM0 -DUSE_HAL_DRIVER -DSTM32F031x6 -c -I../../Inc -I../../Drivers/STM32F0xx_HAL_Driver/Inc -I../../Drivers/STM32F0xx_HAL_Driver/Inc/Legacy -I../../MCSDK_v6.3.2-Full/MotorControl/MCSDK/MCLib/Any/Inc -I../../Drivers/CMSIS/Device/ST/STM32F0xx/Include -I../../Drivers/CMSIS/Include -I../../Drivers/CMSIS/DSP/Include -Os -ffunction-sections -fdata-sections -Wall -fstack-usage -fcyclomatic-complexity -MMD -MP -MF"Drivers/STM32F0xx_HAL_Driver/stm32f0xx_hal_adc.d" -MT"Drivers/STM32F0xx_HAL_Driver/stm32f0xx_hal_adc.o" --specs=nano.specs -mfloat-abi=soft -mthumb -o "Drivers/STM32F0xx_HAL_Driver/stm32f0xx_hal_adc.o"
arm-none-eabi-gcc "C:/Users/tarak/OneDrive/Documents/ThunderBots/EVSPIN_OL_NEW_MOTOR/EVSPIN_OL_NEW_MOTOR/Drivers/STM32F0xx_HAL_Driver/Src/stm32f0xx_hal_adc_ex.c" -mcpu=cortex-m0 -std=gnu11 -g3 -DDEBUG -DARM_MATH_CM0 -DUSE_HAL_DRIVER -DSTM32F031x6 -c -I../../Inc -I../../Drivers/STM32F0xx_HAL_Driver/Inc -I../../Drivers/STM32F0xx_HAL_Driver/Inc/Legacy -I../../MCSDK_v6.3.2-Full/MotorControl/MCSDK/MCLib/Any/Inc -I../../Drivers/CMSIS/Device/ST/STM32F0xx/Include -I../../Drivers/CMSIS/Include -I../../Drivers/CMSIS/DSP/Include -Os -ffunction-sections -fdata-sections -Wall -fstack-usage -fcyclomatic-complexity -MMD -MP -MF"Drivers/STM32F0xx_HAL_Driver/stm32f0xx_hal_adc_ex.d" -MT"Drivers/STM32F0xx_HAL_Driver/stm32f0xx_hal_adc_ex.o" --specs=nano.specs -mfloat-abi=soft -mthumb -o "Drivers/STM32F0xx_HAL_Driver/stm32f0xx_hal_adc_ex.o"
arm-none-eabi-gcc "C:/Users/tarak/OneDrive/Documents/ThunderBots/EVSPIN_OL_NEW_MOTOR/EVSPIN_OL_NEW_MOTOR/Drivers/STM32F0xx_HAL_Driver/Src/stm32f0xx_hal_cortex.c" -mcpu=cortex-m0 -std=gnu11 -g3 -DDEBUG -DARM_MATH_CM0 -DUSE_HAL_DRIVER -DSTM32F031x6 -c -I../../Inc -I../../Drivers/STM32F0xx_HAL_Driver/Inc -I../../Drivers/STM32F0xx_HAL_Driver/Inc/Legacy -I../../MCSDK_v6.3.2-Full/MotorControl/MCSDK/MCLib/Any/Inc -I../../Drivers/CMSIS/Device/ST/STM32F0xx/Include -I../../Drivers/CMSIS/Include -I../../Drivers/CMSIS/DSP/Include -Os -ffunction-sections -fdata-sections -Wall -fstack-usage -fcyclomatic-complexity -MMD -MP -MF"Drivers/STM32F0xx_HAL_Driver/stm32f0xx_hal_cortex.d" -MT"Drivers/STM32F0xx_HAL_Driver/stm32f0xx_hal_cortex.o" --specs=nano.specs -mfloat-abi=soft -mthumb -o "Drivers/STM32F0xx_HAL_Driver/stm32f0xx_hal_cortex.o"
arm-none-eabi-gcc "C:/Users/tarak/OneDrive/Documents/ThunderBots/EVSPIN_OL_NEW_MOTOR/EVSPIN_OL_NEW_MOTOR/Drivers/STM32F0xx_HAL_Driver/Src/stm32f0xx_hal_dma.c" -mcpu=cortex-m0 -std=gnu11 -g3 -DDEBUG -DARM_MATH_CM0 -DUSE_HAL_DRIVER -DSTM32F031x6 -c -I../../Inc -I../../Drivers/STM32F0xx_HAL_Driver/Inc -I../../Drivers/STM32F0xx_HAL_Driver/Inc/Legacy -I../../MCSDK_v6.3.2-Full/MotorControl/MCSDK/MCLib/Any/Inc -I../../Drivers/CMSIS/Device/ST/STM32F0xx/Include -I../../Drivers/CMSIS/Include -I../../Drivers/CMSIS/DSP/Include -Os -ffunction-sections -fdata-sections -Wall -fstack-usage -fcyclomatic-complexity -MMD -MP -MF"Drivers/STM32F0xx_HAL_Driver/stm32f0xx_hal_dma.d" -MT"Drivers/STM32F0xx_HAL_Driver/stm32f0xx_hal_dma.o" --specs=nano.specs -mfloat-abi=soft -mthumb -o "Drivers/STM32F0xx_HAL_Driver/stm32f0xx_hal_dma.o"
arm-none-eabi-gcc "C:/Users/tarak/OneDrive/Documents/ThunderBots/EVSPIN_OL_NEW_MOTOR/EVSPIN_OL_NEW_MOTOR/Drivers/STM32F0xx_HAL_Driver/Src/stm32f0xx_hal_exti.c" -mcpu=cortex-m0 -std=gnu11 -g3 -DDEBUG -DARM_MATH_CM0 -DUSE_HAL_DRIVER -DSTM32F031x6 -c -I../../Inc -I../../Drivers/STM32F0xx_HAL_Driver/Inc -I../../Drivers/STM32F0xx_HAL_Driver/Inc/Legacy -I../../MCSDK_v6.3.2-Full/MotorControl/MCSDK/MCLib/Any/Inc -I../../Drivers/CMSIS/Device/ST/STM32F0xx/Include -I../../Drivers/CMSIS/Include -I../../Drivers/CMSIS/DSP/Include -Os -ffunction-sections -fdata-sections -Wall -fstack-usage -fcyclomatic-complexity -MMD -MP -MF"Drivers/STM32F0xx_HAL_Driver/stm32f0xx_hal_exti.d" -MT"Drivers/STM32F0xx_HAL_Driver/stm32f0xx_hal_exti.o" --specs=nano.specs -mfloat-abi=soft -mthumb -o "Drivers/STM32F0xx_HAL_Driver/stm32f0xx_hal_exti.o"
arm-none-eabi-gcc "C:/Users/tarak/OneDrive/Documents/ThunderBots/EVSPIN_OL_NEW_MOTOR/EVSPIN_OL_NEW_MOTOR/Drivers/STM32F0xx_HAL_Driver/Src/stm32f0xx_hal_flash.c" -mcpu=cortex-m0 -std=gnu11 -g3 -DDEBUG -DARM_MATH_CM0 -DUSE_HAL_DRIVER -DSTM32F031x6 -c -I../../Inc -I../../Drivers/STM32F0xx_HAL_Driver/Inc -I../../Drivers/STM32F0xx_HAL_Driver/Inc/Legacy -I../../MCSDK_v6.3.2-Full/MotorControl/MCSDK/MCLib/Any/Inc -I../../Drivers/CMSIS/Device/ST/STM32F0xx/Include -I../../Drivers/CMSIS/Include -I../../Drivers/CMSIS/DSP/Include -Os -ffunction-sections -fdata-sections -Wall -fstack-usage -fcyclomatic-complexity -MMD -MP -MF"Drivers/STM32F0xx_HAL_Driver/stm32f0xx_hal_flash.d" -MT"Drivers/STM32F0xx_HAL_Driver/stm32f0xx_hal_flash.o" --specs=nano.specs -mfloat-abi=soft -mthumb -o "Drivers/STM32F0xx_HAL_Driver/stm32f0xx_hal_flash.o"
[...]
arm-none-eabi-gcc "C:/Users/tarak/OneDrive/Documents/ThunderBots/EVSPIN_OL_NEW_MOTOR/EVSPIN_OL_NEW_MOTOR/Src/stm32f0xx_it.c" -mcpu=cortex-m0 -std=gnu11 -g3 -DDEBUG -DARM_MATH_CM0 -DUSE_HAL_DRIVER -DSTM32F031x6 -c -I../../Inc -I../../Drivers/STM32F0xx_HAL_Driver/Inc -I../../Drivers/STM32F0xx_HAL_Driver/Inc/Legacy -I../../MCSDK_v6.3.2-Full/MotorControl/MCSDK/MCLib/Any/Inc -I../../Drivers/CMSIS/Device/ST/STM32F0xx/Include -I../../Drivers/CMSIS/Include -I../../Drivers/CMSIS/DSP/Include -Os -ffunction-sections -fdata-sections -Wall -fstack-usage -fcyclomatic-complexity -MMD -MP -MF"Application/User/stm32f0xx_it.d" -MT"Application/User/stm32f0xx_it.o" --specs=nano.specs -mfloat-abi=soft -mthumb -o "Application/User/stm32f0xx_it.o"
arm-none-eabi-gcc "C:/Users/tarak/OneDrive/Documents/ThunderBots/EVSPIN_OL_NEW_MOTOR/EVSPIN_OL_NEW_MOTOR/Src/stm32f0xx_mc_it.c" -mcpu=cortex-m0 -std=gnu11 -g3 -DDEBUG -DARM_MATH_CM0 -DUSE_HAL_DRIVER -DSTM32F031x6 -c -I../../Inc -I../../Drivers/STM32F0xx_HAL_Driver/Inc -I../../Drivers/STM32F0xx_HAL_Driver/Inc/Legacy -I../../MCSDK_v6.3.2-Full/MotorControl/MCSDK/MCLib/Any/Inc -I../../Drivers/CMSIS/Device/ST/STM32F0xx/Include -I../../Drivers/CMSIS/Include -I../../Drivers/CMSIS/DSP/Include -Os -ffunction-sections -fdata-sections -Wall -fstack-usage -fcyclomatic-complexity -MMD -MP -MF"Application/User/stm32f0xx_mc_it.d" -MT"Application/User/stm32f0xx_mc_it.o" --specs=nano.specs -mfloat-abi=soft -mthumb -o "Application/User/stm32f0xx_mc_it.o"
arm-none-eabi-gcc "../Application/User/syscalls.c" -mcpu=cortex-m0 -std=gnu11 -g3 -DDEBUG -DARM_MATH_CM0 -DUSE_HAL_DRIVER -DSTM32F031x6 -c -I../../Inc -I../../Drivers/STM32F0xx_HAL_Driver/Inc -I../../Drivers/STM32F0xx_HAL_Driver/Inc/Legacy -I../../MCSDK_v6.3.2-Full/MotorControl/MCSDK/MCLib/Any/Inc -I../../Drivers/CMSIS/Device/ST/STM32F0xx/Include -I../../Drivers/CMSIS/Include -I../../Drivers/CMSIS/DSP/Include -Os -ffunction-sections -fdata-sections -Wall -fstack-usage -fcyclomatic-complexity -MMD -MP -MF"Application/User/syscalls.d" -MT"Application/User/syscalls.o" --specs=nano.specs -mfloat-abi=soft -mthumb -o "Application/User/syscalls.o"
arm-none-eabi-gcc "../Application/User/sysmem.c" -mcpu=cortex-m0 -std=gnu11 -g3 -DDEBUG -DARM_MATH_CM0 -DUSE_HAL_DRIVER -DSTM32F031x6 -c -I../../Inc -I../../Drivers/STM32F0xx_HAL_Driver/Inc -I../../Drivers/STM32F0xx_HAL_Driver/Inc/Legacy -I../../MCSDK_v6.3.2-Full/MotorControl/MCSDK/MCLib/Any/Inc -I../../Drivers/CMSIS/Device/ST/STM32F0xx/Include -I../../Drivers/CMSIS/Include -I../../Drivers/CMSIS/DSP/Include -Os -ffunction-sections -fdata-sections -Wall -fstack-usage -fcyclomatic-complexity -MMD -MP -MF"Application/User/sysmem.d" -MT"Application/User/sysmem.o" --specs=nano.specs -mfloat-abi=soft -mthumb -o "Application/User/sysmem.o"
arm-none-eabi-gcc "C:/Users/tarak/OneDrive/Documents/ThunderBots/EVSPIN_OL_NEW_MOTOR/EVSPIN_OL_NEW_MOTOR/Src/usart_aspep_driver.c" -mcpu=cortex-m0 -std=gnu11 -g3 -DDEBUG -DARM_MATH_CM0 -DUSE_HAL_DRIVER -DSTM32F031x6 -c -I../../Inc -I../../Drivers/STM32F0xx_HAL_Driver/Inc -I../../Drivers/STM32F0xx_HAL_Driver/Inc/Legacy -I../../MCSDK_v6.3.2-Full/MotorControl/MCSDK/MCLib/Any/Inc -I../../Drivers/CMSIS/Device/ST/STM32F0xx/Include -I../../Drivers/CMSIS/Include -I../../Drivers/CMSIS/DSP/Include -Os -ffunction-sections -fdata-sections -Wall -fstack-usage -fcyclomatic-complexity -MMD -MP -MF"Application/User/usart_aspep_driver.d" -MT"Application/User/usart_aspep_driver.o" --specs=nano.specs -mfloat-abi=soft -mthumb -o "Application/User/usart_aspep_driver.o"
arm-none-eabi-gcc -o "EVSPIN_OL_NEW_MOTOR.elf" @"objects.list"   -mcpu=cortex-m0 -T"C:\Users\tarak\OneDrive\Documents\ThunderBots\EVSPIN_OL_NEW_MOTOR\EVSPIN_OL_NEW_MOTOR\STM32CubeIDE\STM32F031C6TX_FLASH.ld" --specs=nosys.specs -Wl,-Map="EVSPIN_OL_NEW_MOTOR.map" -Wl,--gc-sections -static --specs=nano.specs -mfloat-abi=soft -mthumb -Wl,--start-group -lc -lm -Wl,--end-group
Finished building target: EVSPIN_OL_NEW_MOTOR.elf
 
arm-none-eabi-size   EVSPIN_OL_NEW_MOTOR.elf 
arm-none-eabi-objdump -h -S  EVSPIN_OL_NEW_MOTOR.elf  > "EVSPIN_OL_NEW_MOTOR.list"
   text	   data	    bss	    dec	    hex	filename
  30128	   1028	   2316	  33472	   82c0	EVSPIN_OL_NEW_MOTOR.elf
Finished building: default.size.stdout
 
Finished building: EVSPIN_OL_NEW_MOTOR.list
 
16:34:31 **** Incremental Build of configuration Debug for project EVSPIN_OL_NEW_MOTOR ****
make -j8 all 
arm-none-eabi-gcc "C:/Users/tarak/OneDrive/Documents/ThunderBots/EVSPIN_OL_NEW_MOTOR/EVSPIN_OL_NEW_MOTOR/Src/aspep.c" -mcpu=cortex-m0 -std=gnu11 -g3 -DDEBUG -DARM_MATH_CM0 -DUSE_HAL_DRIVER -DSTM32F031x6 -c -I../../Inc -I../../Drivers/STM32F0xx_HAL_Driver/Inc -I../../Drivers/STM32F0xx_HAL_Driver/Inc/Legacy -I../../MCSDK_v6.3.2-Full/MotorControl/MCSDK/MCLib/Any/Inc -I../../Drivers/CMSIS/Device/ST/STM32F0xx/Include -I../../Drivers/CMSIS/Include -I../../Drivers/CMSIS/DSP/Include -Os -ffunction-sections -fdata-sections -Wall -fstack-usage -fcyclomatic-complexity -MMD -MP -MF"Application/User/aspep.d" -MT"Application/User/aspep.o" --specs=nano.specs -mfloat-abi=soft -mthumb -o "Application/User/aspep.o"
arm-none-eabi-gcc "C:/Users/tarak/OneDrive/Documents/ThunderBots/EVSPIN_OL_NEW_MOTOR/EVSPIN_OL_NEW_MOTOR/Src/main.c" -mcpu=cortex-m0 -std=gnu11 -g3 -DDEBUG -DARM_MATH_CM0 -DUSE_HAL_DRIVER -DSTM32F031x6 -c -I../../Inc -I../../Drivers/STM32F0xx_HAL_Driver/Inc -I../../Drivers/STM32F0xx_HAL_Driver/Inc/Legacy -I../../MCSDK_v6.3.2-Full/MotorControl/MCSDK/MCLib/Any/Inc -I../../Drivers/CMSIS/Device/ST/STM32F0xx/Include -I../../Drivers/CMSIS/Include -I../../Drivers/CMSIS/DSP/Include -Os -ffunction-sections -fdata-sections -Wall -fstack-usage -fcyclomatic-complexity -MMD -MP -MF"Application/User/main.d" -MT"Application/User/main.o" --specs=nano.specs -mfloat-abi=soft -mthumb -o "Application/User/main.o"
arm-none-eabi-gcc "C:/Users/tarak/OneDrive/Documents/ThunderBots/EVSPIN_OL_NEW_MOTOR/EVSPIN_OL_NEW_MOTOR/Src/mc_config.c" -mcpu=cortex-m0 -std=gnu11 -g3 -DDEBUG -DARM_MATH_CM0 -DUSE_HAL_DRIVER -DSTM32F031x6 -c -I../../Inc -I../../Drivers/STM32F0xx_HAL_Driver/Inc -I../../Drivers/STM32F0xx_HAL_Driver/Inc/Legacy -I../../MCSDK_v6.3.2-Full/MotorControl/MCSDK/MCLib/Any/Inc -I../../Drivers/CMSIS/Device/ST/STM32F0xx/Include -I../../Drivers/CMSIS/Include -I../../Drivers/CMSIS/DSP/Include -Os -ffunction-sections -fdata-sections -Wall -fstack-usage -fcyclomatic-complexity -MMD -MP -MF"Application/User/mc_config.d" -MT"Application/User/mc_config.o" --specs=nano.specs -mfloat-abi=soft -mthumb -o "Application/User/mc_config.o"
arm-none-eabi-gcc "C:/Users/tarak/OneDrive/Documents/ThunderBots/EVSPIN_OL_NEW_MOTOR/EVSPIN_OL_NEW_MOTOR/Src/mc_config_common.c" -mcpu=cortex-m0 -std=gnu11 -g3 -DDEBUG -DARM_MATH_CM0 -DUSE_HAL_DRIVER -DSTM32F031x6 -c -I../../Inc -I../../Drivers/STM32F0xx_HAL_Driver/Inc -I../../Drivers/STM32F0xx_HAL_Driver/Inc/Legacy -I../../MCSDK_v6.3.2-Full/MotorControl/MCSDK/MCLib/Any/Inc -I../../Drivers/CMSIS/Device/ST/STM32F0xx/Include -I../../Drivers/CMSIS/Include -I../../Drivers/CMSIS/DSP/Include -Os -ffunction-sections -fdata-sections -Wall -fstack-usage -fcyclomatic-complexity -MMD -MP -MF"Application/User/mc_config_common.d" -MT"Application/User/mc_config_common.o" --specs=nano.specs -mfloat-abi=soft -mthumb -o "Application/User/mc_config_common.o"
arm-none-eabi-gcc "C:/Users/tarak/OneDrive/Documents/ThunderBots/EVSPIN_OL_NEW_MOTOR/EVSPIN_OL_NEW_MOTOR/Src/mc_configuration_registers.c" -mcpu=cortex-m0 -std=gnu11 -g3 -DDEBUG -DARM_MATH_CM0 -DUSE_HAL_DRIVER -DSTM32F031x6 -c -I../../Inc -I../../Drivers/STM32F0xx_HAL_Driver/Inc -I../../Drivers/STM32F0xx_HAL_Driver/Inc/Legacy -I../../MCSDK_v6.3.2-Full/MotorControl/MCSDK/MCLib/Any/Inc -I../../Drivers/CMSIS/Device/ST/STM32F0xx/Include -I../../Drivers/CMSIS/Include -I../../Drivers/CMSIS/DSP/Include -Os -ffunction-sections -fdata-sections -Wall -fstack-usage -fcyclomatic-complexity -MMD -MP -MF"Application/User/mc_configuration_registers.d" -MT"Application/User/mc_configuration_registers.o" --specs=nano.specs -mfloat-abi=soft -mthumb -o "Application/User/mc_configuration_registers.o"
arm-none-eabi-gcc "C:/Users/tarak/OneDrive/Documents/ThunderBots/EVSPIN_OL_NEW_MOTOR/EVSPIN_OL_NEW_MOTOR/Src/mc_interface.c" -mcpu=cortex-m0 -std=gnu11 -g3 -DDEBUG -DARM_MATH_CM0 -DUSE_HAL_DRIVER -DSTM32F031x6 -c -I../../Inc -I../../Drivers/STM32F0xx_HAL_Driver/Inc -I../../Drivers/STM32F0xx_HAL_Driver/Inc/Legacy -I../../MCSDK_v6.3.2-Full/MotorControl/MCSDK/MCLib/Any/Inc -I../../Drivers/CMSIS/Device/ST/STM32F0xx/Include -I../../Drivers/CMSIS/Include -I../../Drivers/CMSIS/DSP/Include -Os -ffunction-sections -fdata-sections -Wall -fstack-usage -fcyclomatic-complexity -MMD -MP -MF"Application/User/mc_interface.d" -MT"Application/User/mc_interface.o" --specs=nano.specs -mfloat-abi=soft -mthumb -o "Application/User/mc_interface.o"
arm-none-eabi-gcc "C:/Users/tarak/OneDrive/Documents/ThunderBots/EVSPIN_OL_NEW_MOTOR/EVSPIN_OL_NEW_MOTOR/Src/mc_parameters.c" -mcpu=cortex-m0 -std=gnu11 -g3 -DDEBUG -DARM_MATH_CM0 -DUSE_HAL_DRIVER -DSTM32F031x6 -c -I../../Inc -I../../Drivers/STM32F0xx_HAL_Driver/Inc -I../../Drivers/STM32F0xx_HAL_Driver/Inc/Legacy -I../../MCSDK_v6.3.2-Full/MotorControl/MCSDK/MCLib/Any/Inc -I../../Drivers/CMSIS/Device/ST/STM32F0xx/Include -I../../Drivers/CMSIS/Include -I../../Drivers/CMSIS/DSP/Include -Os -ffunction-sections -fdata-sections -Wall -fstack-usage -fcyclomatic-complexity -MMD -MP -MF"Application/User/mc_parameters.d" -MT"Application/User/mc_parameters.o" --specs=nano.specs -mfloat-abi=soft -mthumb -o "Application/User/mc_parameters.o"
arm-none-eabi-gcc "C:/Users/tarak/OneDrive/Documents/ThunderBots/EVSPIN_OL_NEW_MOTOR/EVSPIN_OL_NEW_MOTOR/Src/mc_tasks.c" -mcpu=cortex-m0 -std=gnu11 -g3 -DDEBUG -DARM_MATH_CM0 -DUSE_HAL_DRIVER -DSTM32F031x6 -c -I../../Inc -I../../Drivers/STM32F0xx_HAL_Driver/Inc -I../../Drivers/STM32F0xx_HAL_Driver/Inc/Legacy -I../../MCSDK_v6.3.2-Full/MotorControl/MCSDK/MCLib/Any/Inc -I../../Drivers/CMSIS/Device/ST/STM32F0xx/Include -I../../Drivers/CMSIS/Include -I../../Drivers/CMSIS/DSP/Include -Os -ffunction-sections -fdata-sections -Wall -fstack-usage -fcyclomatic-complexity -MMD -MP -MF"Application/User/mc_tasks.d" -MT"Application/User/mc_tasks.o" --specs=nano.specs -mfloat-abi=soft -mthumb -o "Application/User/mc_tasks.o"
arm-none-eabi-gcc "C:/Users/tarak/OneDrive/Documents/ThunderBots/EVSPIN_OL_NEW_MOTOR/EVSPIN_OL_NEW_MOTOR/Src/mc_tasks_foc.c" -mcpu=cortex-m0 -std=gnu11 -g3 -DDEBUG -DARM_MATH_CM0 -DUSE_HAL_DRIVER -DSTM32F031x6 -c -I../../Inc -I../../Drivers/STM32F0xx_HAL_Driver/Inc -I../../Drivers/STM32F0xx_HAL_Driver/Inc/Legacy -I../../MCSDK_v6.3.2-Full/MotorControl/MCSDK/MCLib/Any/Inc -I../../Drivers/CMSIS/Device/ST/STM32F0xx/Include -I../../Drivers/CMSIS/Include -I../../Drivers/CMSIS/DSP/Include -Os -ffunction-sections -fdata-sections -Wall -fstack-usage -fcyclomatic-complexity -MMD -MP -MF"Application/User/mc_tasks_foc.d" -MT"Application/User/mc_tasks_foc.o" --specs=nano.specs -mfloat-abi=soft -mthumb -o "Application/User/mc_tasks_foc.o"
arm-none-eabi-gcc "C:/Users/tarak/OneDrive/Documents/ThunderBots/EVSPIN_OL_NEW_MOTOR/EVSPIN_OL_NEW_MOTOR/Src/mcp.c" -mcpu=cortex-m0 -std=gnu11 -g3 -DDEBUG -DARM_MATH_CM0 -DUSE_HAL_DRIVER -DSTM32F031x6 -c -I../../Inc -I../../Drivers/STM32F0xx_HAL_Driver/Inc -I../../Drivers/STM32F0xx_HAL_Driver/Inc/Legacy -I../../MCSDK_v6.3.2-Full/MotorControl/MCSDK/MCLib/Any/Inc -I../../Drivers/CMSIS/Device/ST/STM32F0xx/Include -I../../Drivers/CMSIS/Include -I../../Drivers/CMSIS/DSP/Include -Os -ffunction-sections -fdata-sections -Wall -fstack-usage -fcyclomatic-complexity -MMD -MP -MF"Application/User/mcp.d" -MT"Application/User/mcp.o" --specs=nano.specs -mfloat-abi=soft -mthumb -o "Application/User/mcp.o"
arm-none-eabi-gcc "C:/Users/tarak/OneDrive/Documents/ThunderBots/EVSPIN_OL_NEW_MOTOR/EVSPIN_OL_NEW_MOTOR/Src/mcp_config.c" -mcpu=cortex-m0 -std=gnu11 -g3 -DDEBUG -DARM_MATH_CM0 -DUSE_HAL_DRIVER -DSTM32F031x6 -c -I../../Inc -I../../Drivers/STM32F0xx_HAL_Driver/Inc -I../../Drivers/STM32F0xx_HAL_Driver/Inc/Legacy -I../../MCSDK_v6.3.2-Full/MotorControl/MCSDK/MCLib/Any/Inc -I../../Drivers/CMSIS/Device/ST/STM32F0xx/Include -I../../Drivers/CMSIS/Include -I../../Drivers/CMSIS/DSP/Include -Os -ffunction-sections -fdata-sections -Wall -fstack-usage -fcyclomatic-complexity -MMD -MP -MF"Application/User/mcp_config.d" -MT"Application/User/mcp_config.o" --specs=nano.specs -mfloat-abi=soft -mthumb -o "Application/User/mcp_config.o"
arm-none-eabi-gcc "C:/Users/tarak/OneDrive/Documents/ThunderBots/EVSPIN_OL_NEW_MOTOR/EVSPIN_OL_NEW_MOTOR/Src/motorcontrol.c" -mcpu=cortex-m0 -std=gnu11 -g3 -DDEBUG -DARM_MATH_CM0 -DUSE_HAL_DRIVER -DSTM32F031x6 -c -I../../Inc -I../../Drivers/STM32F0xx_HAL_Driver/Inc -I../../Drivers/STM32F0xx_HAL_Driver/Inc/Legacy -I../../MCSDK_v6.3.2-Full/MotorControl/MCSDK/MCLib/Any/Inc -I../../Drivers/CMSIS/Device/ST/STM32F0xx/Include -I../../Drivers/CMSIS/Include -I../../Drivers/CMSIS/DSP/Include -Os -ffunction-sections -fdata-sections -Wall -fstack-usage -fcyclomatic-complexity -MMD -MP -MF"Application/User/motorcontrol.d" -MT"Application/User/motorcontrol.o" --specs=nano.specs -mfloat-abi=soft -mthumb -o "Application/User/motorcontrol.o"
arm-none-eabi-gcc "C:/Users/tarak/OneDrive/Documents/ThunderBots/EVSPIN_OL_NEW_MOTOR/EVSPIN_OL_NEW_MOTOR/Src/register_interface.c" -mcpu=cortex-m0 -std=gnu11 -g3 -DDEBUG -DARM_MATH_CM0 -DUSE_HAL_DRIVER -DSTM32F031x6 -c -I../../Inc -I../../Drivers/STM32F0xx_HAL_Driver/Inc -I../../Drivers/STM32F0xx_HAL_Driver/Inc/Legacy -I../../MCSDK_v6.3.2-Full/MotorControl/MCSDK/MCLib/Any/Inc -I../../Drivers/CMSIS/Device/ST/STM32F0xx/Include -I../../Drivers/CMSIS/Include -I../../Drivers/CMSIS/DSP/Include -Os -ffunction-sections -fdata-sections -Wall -fstack-usage -fcyclomatic-complexity -MMD -MP -MF"Application/User/register_interface.d" -MT"Application/User/register_interface.o" --specs=nano.specs -mfloat-abi=soft -mthumb -o "Application/User/register_interface.o"
arm-none-eabi-gcc "C:/Users/tarak/OneDrive/Documents/ThunderBots/EVSPIN_OL_NEW_MOTOR/EVSPIN_OL_NEW_MOTOR/Src/stm32_mc_common_it.c" -mcpu=cortex-m0 -std=gnu11 -g3 -DDEBUG -DARM_MATH_CM0 -DUSE_HAL_DRIVER -DSTM32F031x6 -c -I../../Inc -I../../Drivers/STM32F0xx_HAL_Driver/Inc -I../../Drivers/STM32F0xx_HAL_Driver/Inc/Legacy -I../../MCSDK_v6.3.2-Full/MotorControl/MCSDK/MCLib/Any/Inc -I../../Drivers/CMSIS/Device/ST/STM32F0xx/Include -I../../Drivers/CMSIS/Include -I../../Drivers/CMSIS/DSP/Include -Os -ffunction-sections -fdata-sections -Wall -fstack-usage -fcyclomatic-complexity -MMD -MP -MF"Application/User/stm32_mc_common_it.d" -MT"Application/User/stm32_mc_common_it.o" --specs=nano.specs -mfloat-abi=soft -mthumb -o "Application/User/stm32_mc_common_it.o"
arm-none-eabi-gcc "C:/Users/tarak/OneDrive/Documents/ThunderBots/EVSPIN_OL_NEW_MOTOR/EVSPIN_OL_NEW_MOTOR/Src/stm32f0xx_hal_msp.c" -mcpu=cortex-m0 -std=gnu11 -g3 -DDEBUG -DARM_MATH_CM0 -DUSE_HAL_DRIVER -DSTM32F031x6 -c -I../../Inc -I../../Drivers/STM32F0xx_HAL_Driver/Inc -I../../Drivers/STM32F0xx_HAL_Driver/Inc/Legacy -I../../MCSDK_v6.3.2-Full/MotorControl/MCSDK/MCLib/Any/Inc -I../../Drivers/CMSIS/Device/ST/STM32F0xx/Include -I../../Drivers/CMSIS/Include -I../../Drivers/CMSIS/DSP/Include -Os -ffunction-sections -fdata-sections -Wall -fstack-usage -fcyclomatic-complexity -MMD -MP -MF"Application/User/stm32f0xx_hal_msp.d" -MT"Application/User/stm32f0xx_hal_msp.o" --specs=nano.specs -mfloat-abi=soft -mthumb -o "Application/User/stm32f0xx_hal_msp.o"
arm-none-eabi-gcc "C:/Users/tarak/OneDrive/Documents/ThunderBots/EVSPIN_OL_NEW_MOTOR/EVSPIN_OL_NEW_MOTOR/Src/stm32f0xx_it.c" -mcpu=cortex-m0 -std=gnu11 -g3 -DDEBUG -DARM_MATH_CM0 -DUSE_HAL_DRIVER -DSTM32F031x6 -c -I../../Inc -I../../Drivers/STM32F0xx_HAL_Driver/Inc -I../../Drivers/STM32F0xx_HAL_Driver/Inc/Legacy -I../../MCSDK_v6.3.2-Full/MotorControl/MCSDK/MCLib/Any/Inc -I../../Drivers/CMSIS/Device/ST/STM32F0xx/Include -I../../Drivers/CMSIS/Include -I../../Drivers/CMSIS/DSP/Include -Os -ffunction-sections -fdata-sections -Wall -fstack-usage -fcyclomatic-complexity -MMD -MP -MF"Application/User/stm32f0xx_it.d" -MT"Application/User/stm32f0xx_it.o" --specs=nano.specs -mfloat-abi=soft -mthumb -o "Application/User/stm32f0xx_it.o"
arm-none-eabi-gcc "C:/Users/tarak/OneDrive/Documents/ThunderBots/EVSPIN_OL_NEW_MOTOR/EVSPIN_OL_NEW_MOTOR/Src/stm32f0xx_mc_it.c" -mcpu=cortex-m0 -std=gnu11 -g3 -DDEBUG -DARM_MATH_CM0 -DUSE_HAL_DRIVER -DSTM32F031x6 -c -I../../Inc -I../../Drivers/STM32F0xx_HAL_Driver/Inc -I../../Drivers/STM32F0xx_HAL_Driver/Inc/Legacy -I../../MCSDK_v6.3.2-Full/MotorControl/MCSDK/MCLib/Any/Inc -I../../Drivers/CMSIS/Device/ST/STM32F0xx/Include -I../../Drivers/CMSIS/Include -I../../Drivers/CMSIS/DSP/Include -Os -ffunction-sections -fdata-sections -Wall -fstack-usage -fcyclomatic-complexity -MMD -MP -MF"Application/User/stm32f0xx_mc_it.d" -MT"Application/User/stm32f0xx_mc_it.o" --specs=nano.specs -mfloat-abi=soft -mthumb -o "Application/User/stm32f0xx_mc_it.o"
arm-none-eabi-gcc "C:/Users/tarak/OneDrive/Documents/ThunderBots/EVSPIN_OL_NEW_MOTOR/EVSPIN_OL_NEW_MOTOR/Src/usart_aspep_driver.c" -mcpu=cortex-m0 -std=gnu11 -g3 -DDEBUG -DARM_MATH_CM0 -DUSE_HAL_DRIVER -DSTM32F031x6 -c -I../../Inc -I../../Drivers/STM32F0xx_HAL_Driver/Inc -I../../Drivers/STM32F0xx_HAL_Driver/Inc/Legacy -I../../MCSDK_v6.3.2-Full/MotorControl/MCSDK/MCLib/Any/Inc -I../../Drivers/CMSIS/Device/ST/STM32F0xx/Include -I../../Drivers/CMSIS/Include -I../../Drivers/CMSIS/DSP/Include -Os -ffunction-sections -fdata-sections -Wall -fstack-usage -fcyclomatic-complexity -MMD -MP -MF"Application/User/usart_aspep_driver.d" -MT"Application/User/usart_aspep_driver.o" --specs=nano.specs -mfloat-abi=soft -mthumb -o "Application/User/usart_aspep_driver.o"
arm-none-eabi-gcc -o "EVSPIN_OL_NEW_MOTOR.elf" @"objects.list"   -mcpu=cortex-m0 -T"C:\Users\tarak\OneDrive\Documents\ThunderBots\EVSPIN_OL_NEW_MOTOR\EVSPIN_OL_NEW_MOTOR\STM32CubeIDE\STM32F031C6TX_FLASH.ld" --specs=nosys.specs -Wl,-Map="EVSPIN_OL_NEW_MOTOR.map" -Wl,--gc-sections -static --specs=nano.specs -mfloat-abi=soft -mthumb -Wl,--start-group -lc -lm -Wl,--end-group
Finished building target: EVSPIN_OL_NEW_MOTOR.elf
 
arm-none-eabi-size   EVSPIN_OL_NEW_MOTOR.elf 
arm-none-eabi-objdump -h -S  EVSPIN_OL_NEW_MOTOR.elf  > "EVSPIN_OL_NEW_MOTOR.list"
   text	   data	    bss	    dec	    hex	filename
  30128	   1028	   2316	  33472	   82c0	EVSPIN_OL_NEW_MOTOR.elf
Finished building: default.size.stdout
 
Finished building: EVSPIN_OL_NEW_MOTOR.list
 
16:43:23 **** Incremental Build of configuration Debug for project EVSPIN_OL_NEW_MOTOR ****
make -j8 all 
arm-none-eabi-gcc "C:/Users/tarak/OneDrive/Documents/ThunderBots/EVSPIN_OL_NEW_MOTOR/EVSPIN_OL_NEW_MOTOR/Src/main.c" -mcpu=cortex-m0 -std=gnu11 -g3 -DDEBUG -DARM_MATH_CM0 -DUSE_HAL_DRIVER -DSTM32F031x6 -c -I../../Inc -I../../Drivers/STM32F0xx_HAL_Driver/Inc -I../../Drivers/STM32F0xx_HAL_Driver/Inc/Legacy -I../../MCSDK_v6.3.2-Full/MotorControl/MCSDK/MCLib/Any/Inc -I../../Drivers/CMSIS/Device/ST/STM32F0xx/Include -I../../Drivers/CMSIS/Include -I../../Drivers/CMSIS/DSP/Include -Os -ffunction-sections -fdata-sections -Wall -fstack-usage -fcyclomatic-complexity -MMD -MP -MF"Application/User/main.d" -MT"Application/User/main.o" --specs=nano.specs -mfloat-abi=soft -mthumb -o "Application/User/main.o"
arm-none-eabi-gcc -o "EVSPIN_OL_NEW_MOTOR.elf" @"objects.list"   -mcpu=cortex-m0 -T"C:\Users\tarak\OneDrive\Documents\ThunderBots\EVSPIN_OL_NEW_MOTOR\EVSPIN_OL_NEW_MOTOR\STM32CubeIDE\STM32F031C6TX_FLASH.ld" --specs=nosys.specs -Wl,-Map="EVSPIN_OL_NEW_MOTOR.map" -Wl,--gc-sections -static --specs=nano.specs -mfloat-abi=soft -mthumb -Wl,--start-group -lc -lm -Wl,--end-group
Finished building target: EVSPIN_OL_NEW_MOTOR.elf
 
arm-none-eabi-size   EVSPIN_OL_NEW_MOTOR.elf 
arm-none-eabi-objdump -h -S  EVSPIN_OL_NEW_MOTOR.elf  > "EVSPIN_OL_NEW_MOTOR.list"
   text	   data	    bss	    dec	    hex	filename
  30228	   1028	   2316	  33572	   8324	EVSPIN_OL_NEW_MOTOR.elf
Finished building: default.size.stdout
 
Finished building: EVSPIN_OL_NEW_MOTOR.list
 
